

     FOREST VEGETATION SIMULATOR     VERSION FS2025.3 -- INLAND EMPIRE EXPANDED                 RV:20250701    11-21-2025  14:32:55

----------------------------------------------------------------------------------------------------------------------------------

                                                OPTIONS SELECTED BY INPUT

KEYWORD FILE NAME: ../../data/fvs_runFiles/Nov212025_14.32\file6018324c59c5
----------------------------------------------------------------------------------------------------------------------------------
KEYWORD    PARAMETERS:
--------   -----------------------------------------------------------------------------------------------------------------------

STDIDENT
           STAND ID= FVSProjection                                                                                             

RANNSEED   RANDOM SEED IS:        2025.0

           HABITAT TYPE WILL BE MAPPED TO 260 FOR THIS PROJECTION.

STDINFO    FOREST-LOCATION CODE=     116; HABITAT TYPE=260; AGE=   82; ASPECT AZIMUTH IN DEGREES= 218.; SLOPE=  12.%
           ELEVATION(100'S FEET)= 35.0; REFERENCE CODE=     

 CARD NUM =    5; KEYWORD FIELD = 'SITECODE'
      PARAMETERS ARE:     0.0000000     0.0000000     1.0000000     0.0000000     0.0000000     0.0000000     0.0000000
      COL 11 TO 80 ='        NA        NA         1                                        '

********   FVS04 ERROR:  A REQUIRED PARAMETER IS MISSING OR A PARAMETER IS INCORRECT; KEYWORD IGNORED.

TREELIST   DATE/CYCLE=    0; DATA SET REFERENCE NUMBER =  3.; HEADING SUPPRESSION CODE = 0.
           (0=WITH HEADING, OTHER VALUES=SUPPRESS HEADING).

TREEFMT 
          (I4,I4,F8.3,I1,A3,F5.1,F5.1,2F5.1,F5.1,I1,6I2,2I1,I2,2I3,2I1,F3.0)              
                                                                                          

DESIGN     BASAL AREA FACTOR=   -1.0; INVERSE OF FIXED PLOT AREA=    0.0; BREAK DBH=    0.0
           NUMBER OF PLOTS=     4; NON-STOCKABLE PLOTS=     0; STAND SAMPLING WEIGHT=     4.00000
           PROPORTION OF STAND CONSIDERED STOCKABLE=  1.000
           SEE "OPTIONS SELECTED BY DEFAULT" FOR FINAL DESIGN VALUES.

INVYEAR    INVENTORY YEAR= 2006

CYCLEAT    REQUESTED YEAR FOR A CYCLE =2017

NOTRIPLE

NOAUTOES   TALLIES AND INGROWTH WILL NOT BE ADDED AUTOMATICALLY.
           STOCKADJ IS SET TO ZERO, AND NO SPROUTING WILL BE SIMULATED.


            

NOCALIB    CALIBRATION USING GROWTH DATA FROM TREE RECORDS HAS BEEN SUPPRESSED FOR ALL SPECIES

NOHTDREG   CALIBRATION OF HEIGHT-DIAMETER RELATIONSHIP WILL BE SUPPRESSED FOR ALL SPECIES

NUMCYCLE   NUMBER OF CYCLES=  2

PROCESS    PROCESS THE STAND.
----------------------------------------------------------------------------------------------------------------------------------

                                                OPTIONS SELECTED BY DEFAULT

----------------------------------------------------------------------------------------------------------------------------------

DESIGN     BASAL AREA FACTOR=   -1.0; INVERSE OF FIXED PLOT AREA=    0.0; BREAK DBH=    0.0
           NUMBER OF PLOTS=     4; NON-STOCKABLE PLOTS=     0; STAND SAMPLING WEIGHT=     4.00000
           PROPORTION OF STAND CONSIDERED STOCKABLE=  1.000

STDINFO    FOREST-LOCATION CODE=     116; HABITAT TYPE=260; AGE=   82; ASPECT AZIMUTH IN DEGREES= 218.; SLOPE=  12.%
           ELEVATION(100'S FEET)= 35.0;  REFERENCE CODE=     

SPECIES      WP      WL      DF      GF      WH      RC      LP      ES      AF      PP
SDI MAX     669.    669.    669.    669.    669.    669.    669.    669.    669.    669.

SPECIES      MH      WB      LM      LL      PM      RM      PY      AS      CO      MM
SDI MAX     669.    669.    669.    669.    669.    669.    669.    669.    669.    669.

SPECIES      PB      OH      OS
SDI MAX     669.    669.    669.

                                  NATIONAL VOLUME ESTIMATOR LIBRARY EQUATION NUMBERS
SPECIES CUBIC FOOT BOARD FOOT SPECIES CUBIC FOOT BOARD FOOT SPECIES CUBIC FOOT BOARD FOOT SPECIES CUBIC FOOT BOARD FOOT 
------- ---------- ---------- ------- ---------- ---------- ------- ---------- ---------- ------- ---------- ---------- 
  WP    I00FW2W119 I00FW2W119   WL    I00FW2W073 I00FW2W073   DF    I00FW2W202 I00FW2W202   GF    I00FW2W017 I00FW2W017
  WH    I00FW2W260 I00FW2W260   RC    I00FW2W242 I00FW2W242   LP    I00FW2W108 I00FW2W108   ES    I00FW2W093 I00FW2W093
  AF    I00FW2W019 I00FW2W019   PP    I00FW2W122 I00FW2W122   MH    I00FW2W260 I00FW2W260   WB    I00FW2W012 I00FW2W012
  LM    I00FW2W073 I00FW2W073   LL    I00FW2W019 I00FW2W019   PM    102DVEW106 102DVEW106   RM    102DVEW106 102DVEW106
  PY    616BEHW231 616BEHW231   AS    102DVEW746 102DVEW746   CO    102DVEW740 102DVEW740   MM    200DVEW746 200DVEW746
  PB    101DVEW375 101DVEW375   OH    200DVEW746 200DVEW746   OS    I00FW2W260 I00FW2W260

SITECODE   SITE INDEX INFORMATION:
            WP=    0.;  WL=    0.;  DF=    0.;  GF=    0.;  WH=    0.;  RC=    0.;  LP=    0.;  ES=    0.; AF=    0.
            PP=    0.;  MH=    0.;  WB=    0.;  LM=   35.;  LL=    0.;  PM=   12.;  RM=   10.;  PY=   35.; AS=   50.
            CO=   62.;  MM=   50.;  PB=   50.;  OH=   62.;  OS=    0.
           SITE SPECIES=DF CODE=    3

INVENTORY POINT CROSS REFERENCE (FVS SEQUENTIAL POINT NUMBER = POINT NUMBER AS ENTERED IN THE INPUT DATA):
  1=       1;   2=       2;   3=       3;   4=       4
----------------------------------------------------------------------------------------------------------------------------------


                                                     ACTIVITY SCHEDULE

STAND ID= FVSProjection                 MGMT ID= NONE                                                                            

----------------------------------------------------------------------------------------------------------------------------------

CYCLE  DATE  EXTENSION  KEYWORD   DATE  PARAMETERS:
-----  ----  ---------  --------  ----  ------------------------------------------------------------------------------------------

   1   2006
               BASE     TREELIST  2006       3.0000     0.0000     0.0000

   2   2016
               BASE     TREELIST  2016       3.0000     0.0000     0.0000

   3   2017
               BASE     TREELIST  2017       3.0000     0.0000     0.0000
----------------------------------------------------------------------------------------------------------------------------------


CALIBRATION STATISTICS:


                                                 WL    DF    PP
                                                ----  ----  ----

NUMBER OF RECORDS PER SPECIES                      4    14     3

NUMBER OF RECORDS WITH MISSING HEIGHTS             0     2     0

NUMBER OF RECORDS WITH BROKEN OR DEAD TOPS         0     0     0

NUMBER OF RECORDS WITH MISSING CROWN RATIOS        0     2     0

NUMBER OF RECORDS AVAILABLE FOR SCALING
THE DIAMETER INCREMENT MODEL                       0     0     0

RATIO OF STANDARD ERRORS
(INPUT DBH GROWTH DATA : MODEL)                 1.00  1.00  1.00

WEIGHT GIVEN TO THE INPUT GROWTH DATA WHEN
DBH GROWTH MODEL SCALE FACTORS WERE COMPUTED    0.00  0.00  0.00

INITIAL SCALE FACTORS FOR THE
DBH INCREMENT MODEL                             1.00  1.00  1.00

NUMBER OF RECORDS AVAILABLE FOR SCALING
THE SMALL TREE HEIGHT INCREMENT MODEL             0     0     0

INITIAL SCALE FACTORS FOR THE SMALL TREE
HEIGHT INCREMENT MODEL                          1.00  1.00  1.00

NUMBER OF RECORDS WITH MISTLETOE                   0     0     0


     FOREST VEGETATION SIMULATOR     VERSION FS2025.3 -- INLAND EMPIRE EXPANDED                 RV:20250701    11-21-2025  14:32:55

STAND ID: FVSProjection                 MGMT ID: NONE     


                                        STAND COMPOSITION (BASED ON STOCKABLE AREA)
--------------------------------------------------------------------------------------------------------------------------
                            PERCENTILE POINTS IN THE
                     DISTRIBUTION OF STAND ATTRIBUTES BY DBH      TOTAL/ACRE
        STAND       -----------------------------------------      OF STAND         DISTRIBUTION OF STAND ATTRIBUTES BY
YEAR  ATTRIBUTES      10     30     50     70     90    100       ATTRIBUTES       SPECIES AND 3 USER-DEFINED SUBCLASSES
----  -----------   ------ ------ ------ ------ ------ ------   --------------  ------------------------------------------
                                 (DBH IN INCHES)



2006  TREES           0.1    0.1    6.7   12.4   17.8    19.8       7. TREES     75.% DF1,  14.% WL1,  11.% PP1,   0.% ---
      VOLUME:  
        TOTAL        12.0   12.7   17.7   17.8   19.8    19.8     120. CUFT      68.% DF1,  25.% WL1,   6.% PP1,   0.% ---
        MERCH        12.4   15.4   17.7   17.8   19.8    19.8     104. CUFT      70.% DF1,  25.% WL1,   5.% PP1,   0.% ---
        MERCH        12.4   15.4   17.7   17.8   19.8    19.8     550. BDFT      70.% DF1,  25.% WL1,   5.% PP1,   0.% ---


      ACCRETION       6.7   12.4   15.4   17.7   19.8    19.8       3. CUFT/YR   69.% DF1,  20.% WL1,  12.% PP1,   0.% ---
      MORTALITY      11.6   12.7   17.7   17.8   18.8    19.8       0. CUFT/YR   59.% DF1,  34.% WL1,   6.% PP1,   0.% ---



2016  TREES           0.3    2.7    8.3   14.0   18.9    21.1       7. TREES     74.% DF1,  15.% WL1,  11.% PP1,   0.% ---
      VOLUME:  
        TOTAL        12.5   14.3   18.6   18.9   21.1    21.1     147. CUFT      68.% DF1,  24.% WL1,   7.% PP1,   0.% ---
        MERCH        13.2   14.3   18.8   18.9   21.1    21.1     132. CUFT      68.% DF1,  24.% WL1,   7.% PP1,   0.% ---
        MERCH        12.5   14.3   18.8   18.9   21.1    21.1     704. BDFT      67.% DF1,  25.% WL1,   7.% PP1,   0.% ---


      ACCRETION       7.7   13.2   14.3   18.8   19.7    21.1       3. CUFT/YR   68.% DF1,  19.% WL1,  13.% PP1,   0.% ---
      MORTALITY      12.5   14.0   18.8   18.9   19.7    21.1       0. CUFT/YR   59.% DF1,  34.% WL1,   7.% PP1,   0.% ---



2017  TREES           0.5    3.4    8.4   14.1   18.9    21.2       7. TREES     74.% DF1,  15.% WL1,  11.% PP1,   0.% ---
      VOLUME:  
        TOTAL        12.6   14.1   18.7   18.9   21.2    21.2     149. CUFT      68.% DF1,  24.% WL1,   8.% PP1,   0.% ---
        MERCH        12.6   14.4   18.7   18.9   21.2    21.2     134. CUFT      69.% DF1,  24.% WL1,   7.% PP1,   0.% ---
        MERCH        12.6   14.4   18.9   18.9   21.2    21.2     721. BDFT      68.% DF1,  25.% WL1,   8.% PP1,   0.% ---


      ACCRETION       7.7   13.3   14.4   18.9   21.2    21.2       3. CUFT/YR   69.% DF1,  17.% WL1,  14.% PP1,   0.% ---
      MORTALITY      12.6   14.4   18.9   18.9   19.8    21.2       0. CUFT/YR   52.% DF1,  41.% WL1,   7.% PP1,   0.% ---



2026  TREES           1.9    4.7    9.8   15.0   19.7    22.5       6. TREES     73.% DF1,  15.% WL1,  12.% PP1,   0.% ---
      VOLUME:  
        TOTAL        13.1   15.0   19.3   19.7   22.5    22.5     171. CUFT      69.% DF1,  23.% WL1,   8.% PP1,   0.% ---
        MERCH        13.1   15.0   19.3   19.7   22.5    22.5     152. CUFT      69.% DF1,  23.% WL1,   8.% PP1,   0.% ---
        MERCH        13.1   15.0   19.3   19.7   22.5    22.5     829. BDFT      68.% DF1,  24.% WL1,   8.% PP1,   0.% ---


     FOREST VEGETATION SIMULATOR     VERSION FS2025.3 -- INLAND EMPIRE EXPANDED                 RV:20250701    11-21-2025  14:32:55

STAND ID: FVSProjection                 MGMT ID: NONE     


------------------------------------------------------------------------------------------------------------------------------
                     ATTRIBUTES OF SELECTED SAMPLE TREES                 ADDITIONAL STAND ATTRIBUTES (BASED ON STOCKABLE AREA)
      -----------------------------------------------------------------  -----------------------------------------------------
      INITIAL                           LIVE   PAST DBH  BASAL   TREES          QUADRATIC   TREES    BASAL  TOP HEIGHT  CROWN
      TREES/A            DBH    HEIGHT  CROWN   GROWTH   AREA     PER    STAND   MEAN DBH    PER     AREA     LARGEST   COMP
YEAR   %TILE  SPECIES (INCHES)  (FEET)  RATIO  (INCHES)  %TILE    ACRE   AGE     (INCHES)    ACRE   (SQFT/A) 40/A (FT)  FACTOR
----  ------- ------- -------- -------- ------ --------- ------- ------  -----  ---------   ------ --------- --------- -------

2006                                          ( 10 YRS)

        10     DF1       0.10     1.01    69     0.00      0.0    0.75
        30     DF1       0.10     1.01    77     0.00      0.0    1.50
        50     WL1       6.70    56.00    25     1.09      3.2    0.25
        70     DF1      12.40    64.00    45     1.14     26.2    0.25
        90     WL1      17.80   110.00    35     0.30     75.1    0.25
       100     DF1      19.80    92.00    55     1.12    100.0    0.25
                                                                          82      10.3        7.       4.       43.1      3.8

2016                                          ( 10 YRS)

        10     DF1       0.11     4.11    69     0.00      0.0    0.63
        30     DF1       0.33     5.69    77     0.20      0.0    1.26
        50     WL1       7.62    64.78    24     0.79      2.8    0.24
        70     DF1      14.28    72.25    48     1.63     39.7    0.25
        90     WL1      18.83   113.94    34     0.87     66.5    0.25
       100     DF1      21.14    96.55    55     1.16    100.0    0.25
                                                                          92      11.6        7.       5.       52.3      4.3

2017                                          (  1 YRS)

        10     DF1       0.15     4.87    69     0.03      0.0    0.62
        30     DF1       0.45     6.78    77     0.11      0.0    1.24
        50     WL1       7.74    65.57    24     0.10      3.0    0.24
        70     DF1      14.41    72.75    48     0.11     40.0    0.25
        90     WL1      18.90   114.22    34     0.07     66.7    0.25
       100     DF1      21.24    96.88    55     0.09    100.0    0.25
                                                                          93      11.7        7.       5.       53.3      4.4

2026                                          (  9 YRS)

        10     DF1       0.82    10.64    69     0.59      0.0    0.53
        30     DF1       1.88    17.24    77     1.24      0.5    1.22
        50     WL1       9.04    76.78    26     1.11      6.7    0.23
        70     DF1      15.51    77.30    48     0.96     42.4    0.25
        90     WL1      19.35   116.05    33     0.38     58.2    0.24
       100     DF1      22.54   101.06    55     1.13    100.0    0.25
                                                                         102      12.5        6.       5.       61.2      4.8


     FOREST VEGETATION SIMULATOR     VERSION FS2025.3 -- INLAND EMPIRE EXPANDED                 RV:20250701    11-21-2025  14:32:55

STAND ID: FVSProjection                 MGMT ID: NONE    



                                SUMMARY STATISTICS (PER ACRE OR STAND BASED ON TOTAL STAND AREA)
--------------------------------------------------------------------------------------------------------------------------------------
               START OF SIMULATION PERIOD                     REMOVALS             AFTER TREATMENT    GROWTH THIS PERIOD
         --------------------------------------------- ----------------------- ---------------------  ------------------   MAI  ------
         NO OF              TOP      TOTAL MERCH MERCH NO OF TOTAL MERCH MERCH              TOP  RES  PERIOD ACCRE MORT   MERCH FOR SS
YEAR AGE TREES  BA  SDI CCF HT  QMD  CU FT CU FT BD FT TREES CU FT CU FT BD FT  BA  SDI CCF HT   QMD  YEARS   PER  YEAR   CU FT TYP ZT
---- --- ----- --- ---- --- --- ---- ----- ----- ----- ----- ----- ----- ----- --- ---- --- --- ----  ------ ---- -----   ----- ------
2006  82     7   4    7   4  43 10.3   120   104   550     0     0     0     0   4    7   4  43 10.3      10    3     0     1.3 999 55
2016  92     7   5    8   4  52 11.6   147   132   704     0     0     0     0   5    8   4  52 11.6       1    3     0     1.4 999 55
2017  93     7   5    8   4  53 11.7   149   134   721     0     0     0     0   5    8   4  53 11.7       9    3     0     1.4 999 55
2026 102     6   5    9   5  61 12.5   171   152   829     0     0     0     0   5    9   5  61 12.5       0    0     0     1.5 999 55




                                                     ACTIVITY SUMMARY 

STAND ID= FVSProjection                 MGMT ID= NONE                                                                            

----------------------------------------------------------------------------------------------------------------------------------

CYCLE  DATE  EXTENSION  KEYWORD   DATE  ACTIVITY DISPOSITION  PARAMETERS:
-----  ----  ---------  --------  ----  --------------------  --------------------------------------------------------------------

   1   2006
               BASE     TREELIST  2006  DONE IN 2015               3.0000     0.0000     0.0000

   2   2016
               BASE     TREELIST  2016  DONE IN 2016               3.0000     0.0000     0.0000

   3   2017
               BASE     TREELIST  2017  DONE IN 2025               3.0000     0.0000     0.0000
----------------------------------------------------------------------------------------------------------------------------------
