

     FOREST VEGETATION SIMULATOR     VERSION FS2025.3 -- INLAND EMPIRE EXPANDED                 RV:20250701    11-21-2025  14:32:56

----------------------------------------------------------------------------------------------------------------------------------

                                                OPTIONS SELECTED BY INPUT

KEYWORD FILE NAME: ../../data/fvs_runFiles/Nov212025_14.32\file60181db67a9a
----------------------------------------------------------------------------------------------------------------------------------
KEYWORD    PARAMETERS:
--------   -----------------------------------------------------------------------------------------------------------------------

STDIDENT
           STAND ID= FVSProjection                                                                                             

RANNSEED   RANDOM SEED IS:        2025.0

           HABITAT TYPE WILL BE MAPPED TO 290 FOR THIS PROJECTION.

STDINFO    FOREST-LOCATION CODE=     116; HABITAT TYPE=290; AGE=  139; ASPECT AZIMUTH IN DEGREES= 360.; SLOPE=  30.%
           ELEVATION(100'S FEET)= 52.0; REFERENCE CODE=     

 CARD NUM =    5; KEYWORD FIELD = 'SITECODE'
      PARAMETERS ARE:     0.0000000     0.0000000     1.0000000     0.0000000     0.0000000     0.0000000     0.0000000
      COL 11 TO 80 ='        NA        NA         1                                        '

********   FVS04 ERROR:  A REQUIRED PARAMETER IS MISSING OR A PARAMETER IS INCORRECT; KEYWORD IGNORED.

TREELIST   DATE/CYCLE=    0; DATA SET REFERENCE NUMBER =  3.; HEADING SUPPRESSION CODE = 0.
           (0=WITH HEADING, OTHER VALUES=SUPPRESS HEADING).

TREEFMT 
          (I4,I4,F8.3,I1,A3,F5.1,F5.1,2F5.1,F5.1,I1,6I2,2I1,I2,2I3,2I1,F3.0)              
                                                                                          

DESIGN     BASAL AREA FACTOR=   -1.0; INVERSE OF FIXED PLOT AREA=    0.0; BREAK DBH=    0.0
           NUMBER OF PLOTS=     4; NON-STOCKABLE PLOTS=     0; STAND SAMPLING WEIGHT=     4.00000
           PROPORTION OF STAND CONSIDERED STOCKABLE=  1.000
           SEE "OPTIONS SELECTED BY DEFAULT" FOR FINAL DESIGN VALUES.

INVYEAR    INVENTORY YEAR= 2006

CYCLEAT    REQUESTED YEAR FOR A CYCLE =2017

NOTRIPLE

NOAUTOES   TALLIES AND INGROWTH WILL NOT BE ADDED AUTOMATICALLY.
           STOCKADJ IS SET TO ZERO, AND NO SPROUTING WILL BE SIMULATED.


            

NOCALIB    CALIBRATION USING GROWTH DATA FROM TREE RECORDS HAS BEEN SUPPRESSED FOR ALL SPECIES

NOHTDREG   CALIBRATION OF HEIGHT-DIAMETER RELATIONSHIP WILL BE SUPPRESSED FOR ALL SPECIES

NUMCYCLE   NUMBER OF CYCLES=  2

PROCESS    PROCESS THE STAND.
----------------------------------------------------------------------------------------------------------------------------------

                                                OPTIONS SELECTED BY DEFAULT

----------------------------------------------------------------------------------------------------------------------------------

DESIGN     BASAL AREA FACTOR=   -1.0; INVERSE OF FIXED PLOT AREA=    0.0; BREAK DBH=    0.0
           NUMBER OF PLOTS=     4; NON-STOCKABLE PLOTS=     0; STAND SAMPLING WEIGHT=     4.00000
           PROPORTION OF STAND CONSIDERED STOCKABLE=  1.000

STDINFO    FOREST-LOCATION CODE=     116; HABITAT TYPE=290; AGE=  139; ASPECT AZIMUTH IN DEGREES= 360.; SLOPE=  30.%
           ELEVATION(100'S FEET)= 52.0;  REFERENCE CODE=     

SPECIES      WP      WL      DF      GF      WH      RC      LP      ES      AF      PP
SDI MAX     582.    582.    582.    582.    582.    582.    582.    582.    582.    582.

SPECIES      MH      WB      LM      LL      PM      RM      PY      AS      CO      MM
SDI MAX     582.    582.    582.    582.    582.    582.    582.    582.    582.    582.

SPECIES      PB      OH      OS
SDI MAX     582.    582.    582.

                                  NATIONAL VOLUME ESTIMATOR LIBRARY EQUATION NUMBERS
SPECIES CUBIC FOOT BOARD FOOT SPECIES CUBIC FOOT BOARD FOOT SPECIES CUBIC FOOT BOARD FOOT SPECIES CUBIC FOOT BOARD FOOT 
------- ---------- ---------- ------- ---------- ---------- ------- ---------- ---------- ------- ---------- ---------- 
  WP    I00FW2W119 I00FW2W119   WL    I00FW2W073 I00FW2W073   DF    I00FW2W202 I00FW2W202   GF    I00FW2W017 I00FW2W017
  WH    I00FW2W260 I00FW2W260   RC    I00FW2W242 I00FW2W242   LP    I00FW2W108 I00FW2W108   ES    I00FW2W093 I00FW2W093
  AF    I00FW2W019 I00FW2W019   PP    I00FW2W122 I00FW2W122   MH    I00FW2W260 I00FW2W260   WB    I00FW2W012 I00FW2W012
  LM    I00FW2W073 I00FW2W073   LL    I00FW2W019 I00FW2W019   PM    102DVEW106 102DVEW106   RM    102DVEW106 102DVEW106
  PY    616BEHW231 616BEHW231   AS    102DVEW746 102DVEW746   CO    102DVEW740 102DVEW740   MM    200DVEW746 200DVEW746
  PB    101DVEW375 101DVEW375   OH    200DVEW746 200DVEW746   OS    I00FW2W260 I00FW2W260

SITECODE   SITE INDEX INFORMATION:
            WP=    0.;  WL=    0.;  DF=    0.;  GF=    0.;  WH=    0.;  RC=    0.;  LP=    0.;  ES=    0.; AF=    0.
            PP=    0.;  MH=    0.;  WB=    0.;  LM=   34.;  LL=    0.;  PM=   12.;  RM=   10.;  PY=   34.; AS=   49.
            CO=   72.;  MM=   49.;  PB=   49.;  OH=   72.;  OS=    0.
           SITE SPECIES=DF CODE=    3

INVENTORY POINT CROSS REFERENCE (FVS SEQUENTIAL POINT NUMBER = POINT NUMBER AS ENTERED IN THE INPUT DATA):
  1=       1;   2=       2;   3=       3;   4=       4
----------------------------------------------------------------------------------------------------------------------------------


                                                     ACTIVITY SCHEDULE

STAND ID= FVSProjection                 MGMT ID= NONE                                                                            

----------------------------------------------------------------------------------------------------------------------------------

CYCLE  DATE  EXTENSION  KEYWORD   DATE  PARAMETERS:
-----  ----  ---------  --------  ----  ------------------------------------------------------------------------------------------

   1   2006
               BASE     TREELIST  2006       3.0000     0.0000     0.0000

   2   2016
               BASE     TREELIST  2016       3.0000     0.0000     0.0000

   3   2017
               BASE     TREELIST  2017       3.0000     0.0000     0.0000
----------------------------------------------------------------------------------------------------------------------------------


CALIBRATION STATISTICS:


                                                 LP    DF
                                                ----  ----

NUMBER OF RECORDS PER SPECIES                     23    39

NUMBER OF RECORDS CODED AS RECENT MORTALITY        3     0

NUMBER OF RECORDS WITH MISSING HEIGHTS             1     3

NUMBER OF RECORDS WITH BROKEN OR DEAD TOPS         0     1

NUMBER OF RECORDS WITH MISSING CROWN RATIOS        1     3

NUMBER OF RECORDS AVAILABLE FOR SCALING
THE DIAMETER INCREMENT MODEL                       0     0

RATIO OF STANDARD ERRORS
(INPUT DBH GROWTH DATA : MODEL)                 1.00  1.00

WEIGHT GIVEN TO THE INPUT GROWTH DATA WHEN
DBH GROWTH MODEL SCALE FACTORS WERE COMPUTED    0.00  0.00

INITIAL SCALE FACTORS FOR THE
DBH INCREMENT MODEL                             1.00  1.00

NUMBER OF RECORDS AVAILABLE FOR SCALING
THE SMALL TREE HEIGHT INCREMENT MODEL             0     0

INITIAL SCALE FACTORS FOR THE SMALL TREE
HEIGHT INCREMENT MODEL                          1.00  1.00

NUMBER OF RECORDS WITH MISTLETOE                   0     0


     FOREST VEGETATION SIMULATOR     VERSION FS2025.3 -- INLAND EMPIRE EXPANDED                 RV:20250701    11-21-2025  14:32:56

STAND ID: FVSProjection                 MGMT ID: NONE     


                                        STAND COMPOSITION (BASED ON STOCKABLE AREA)
--------------------------------------------------------------------------------------------------------------------------
                            PERCENTILE POINTS IN THE
                     DISTRIBUTION OF STAND ATTRIBUTES BY DBH      TOTAL/ACRE
        STAND       -----------------------------------------      OF STAND         DISTRIBUTION OF STAND ATTRIBUTES BY
YEAR  ATTRIBUTES      10     30     50     70     90    100       ATTRIBUTES       SPECIES AND 3 USER-DEFINED SUBCLASSES
----  -----------   ------ ------ ------ ------ ------ ------   --------------  ------------------------------------------
                                 (DBH IN INCHES)



2006  TREES           0.1    5.4    7.4    8.7   11.8    15.2      15. TREES     70.% DF1,  30.% LP1,   0.% ---,   0.% ---
      VOLUME:  
        TOTAL         6.5    9.1   10.6   11.8   13.3    15.2     139. CUFT      55.% LP1,  45.% DF1,   0.% ---,   0.% ---
        MERCH         7.7    9.9   10.7   11.9   13.3    15.2     108. CUFT      59.% LP1,  41.% DF1,   0.% ---,   0.% ---
        MERCH         7.7    9.5   10.7   11.9   13.3    15.2     552. BDFT      60.% LP1,  40.% DF1,   0.% ---,   0.% ---


      ACCRETION       5.2    7.4    8.3   10.6   12.6    15.2       4. CUFT/YR   64.% DF1,  36.% LP1,   0.% ---,   0.% ---
      MORTALITY       6.2    9.1   11.2   11.8   12.7    15.2       0. CUFT/YR   70.% LP1,  30.% DF1,   0.% ---,   0.% ---



2016  TREES           0.4    6.6    8.4   10.1   12.7    16.1      14. TREES     70.% DF1,  30.% LP1,   0.% ---,   0.% ---
      VOLUME:  
        TOTAL         7.3    9.1   11.6   12.6   14.2    16.1     178. CUFT      50.% DF1,  50.% LP1,   0.% ---,   0.% ---
        MERCH         8.2   10.1   11.7   12.6   14.2    16.1     145. CUFT      53.% LP1,  47.% DF1,   0.% ---,   0.% ---
        MERCH         8.2    9.6   11.7   12.6   14.2    16.1     766. BDFT      52.% LP1,  48.% DF1,   0.% ---,   0.% ---


      ACCRETION       6.6    8.2    9.1   11.7   13.3    16.1       4. CUFT/YR   63.% DF1,  37.% LP1,   0.% ---,   0.% ---
      MORTALITY       7.1    9.1   11.7   11.9   13.3    16.1       1. CUFT/YR   66.% LP1,  34.% DF1,   0.% ---,   0.% ---



2017  TREES           3.4    6.7    8.5   10.2   12.8    16.1      14. TREES     70.% DF1,  30.% LP1,   0.% ---,   0.% ---
      VOLUME:  
        TOTAL         7.4    9.2   11.4   12.7   14.3    16.1     182. CUFT      51.% DF1,  49.% LP1,   0.% ---,   0.% ---
        MERCH         8.3   10.2   11.8   12.7   14.3    16.1     149. CUFT      52.% LP1,  48.% DF1,   0.% ---,   0.% ---
        MERCH         8.2    9.7   11.6   12.7   14.3    16.1     783. BDFT      51.% LP1,  49.% DF1,   0.% ---,   0.% ---


      ACCRETION       6.7    8.2    9.2   11.8   13.1    16.1       5. CUFT/YR   63.% DF1,  37.% LP1,   0.% ---,   0.% ---
      MORTALITY       7.2    9.2   11.6   12.0   14.3    16.1       1. CUFT/YR   64.% LP1,  36.% DF1,   0.% ---,   0.% ---



2026  TREES           4.2    7.8    9.3   10.8   13.7    16.8      14. TREES     71.% DF1,  29.% LP1,   0.% ---,   0.% ---
      VOLUME:  
        TOTAL         8.0    9.9   11.8   12.9   14.3    16.8     220. CUFT      53.% DF1,  47.% LP1,   0.% ---,   0.% ---
        MERCH         8.5   10.0   12.0   13.6   15.3    16.8     186. CUFT      52.% DF1,  48.% LP1,   0.% ---,   0.% ---
        MERCH         8.0    9.9   12.0   12.9   15.3    16.8     992. BDFT      52.% DF1,  48.% LP1,   0.% ---,   0.% ---


     FOREST VEGETATION SIMULATOR     VERSION FS2025.3 -- INLAND EMPIRE EXPANDED                 RV:20250701    11-21-2025  14:32:56

STAND ID: FVSProjection                 MGMT ID: NONE     


------------------------------------------------------------------------------------------------------------------------------
                     ATTRIBUTES OF SELECTED SAMPLE TREES                 ADDITIONAL STAND ATTRIBUTES (BASED ON STOCKABLE AREA)
      -----------------------------------------------------------------  -----------------------------------------------------
      INITIAL                           LIVE   PAST DBH  BASAL   TREES          QUADRATIC   TREES    BASAL  TOP HEIGHT  CROWN
      TREES/A            DBH    HEIGHT  CROWN   GROWTH   AREA     PER    STAND   MEAN DBH    PER     AREA     LARGEST   COMP
YEAR   %TILE  SPECIES (INCHES)  (FEET)  RATIO  (INCHES)  %TILE    ACRE   AGE     (INCHES)    ACRE   (SQFT/A) 40/A (FT)  FACTOR
----  ------- ------- -------- -------- ------ --------- ------- ------  -----  ---------   ------ --------- --------- -------

2006                                          ( 10 YRS)

        10     DF1       0.10     1.01    76     0.00      0.0    0.50
        30     DF1       5.40    47.00    25     1.12      6.4    0.25
        50     DF1       7.40    52.00    35     1.52     20.0    0.25
        70     DF1       8.70    58.00    25     0.73     38.2    0.25
        90     LP1      11.80    69.00    25     0.56     72.9    0.25
       100     DF1      15.20    72.00    35     0.33    100.0    0.25
                                                                         139       7.9       15.       5.       47.8      5.8

2016                                          ( 10 YRS)

        10     DF1       0.33     5.38    76     0.20      0.0    0.42
        30     DF1       6.04    56.97    23     0.56      3.8    0.24
        50     DF1       9.13    65.20    37     1.50     36.1    0.25
        70     DF1       9.61    68.43    23     0.79     41.7    0.24
        90     LP1      12.58    72.29    25     0.75     74.8    0.24
       100     DF1      16.07    75.63    34     0.75    100.0    0.25
                                                                         149       8.9       14.       6.       57.3      6.8

2017                                          (  1 YRS)

        10     DF1       0.46     6.57    76     0.11      0.0    0.42
        30     DF1       6.13    58.47    23     0.07      3.8    0.24
        50     DF1       9.25    66.00    37     0.10     40.0    0.25
        70     DF1       9.69    68.99    23     0.07     42.0    0.24
        90     LP1      12.66    72.61    25     0.08     75.0    0.24
       100     DF1      16.14    75.92    34     0.06    100.0    0.25
                                                                         150       8.9       14.       6.       58.1      6.9

2026                                          (  9 YRS)

        10     DF1       1.94    17.43    76     1.29      0.3    0.41
        30     DF1       6.53    70.31    21     0.35      3.6    0.23
        50     DF1       9.71    70.84    34     0.41     31.3    0.25
        70     DF1      10.80    75.60    23     0.96     46.6    0.24
        90     LP1      13.71    76.79    26     1.02     83.4    0.23
       100     DF1      16.76    78.53    34     0.54    100.0    0.24
                                                                         159       9.7       14.       7.       65.1      7.7


     FOREST VEGETATION SIMULATOR     VERSION FS2025.3 -- INLAND EMPIRE EXPANDED                 RV:20250701    11-21-2025  14:32:56

STAND ID: FVSProjection                 MGMT ID: NONE    



                                SUMMARY STATISTICS (PER ACRE OR STAND BASED ON TOTAL STAND AREA)
--------------------------------------------------------------------------------------------------------------------------------------
               START OF SIMULATION PERIOD                     REMOVALS             AFTER TREATMENT    GROWTH THIS PERIOD
         --------------------------------------------- ----------------------- ---------------------  ------------------   MAI  ------
         NO OF              TOP      TOTAL MERCH MERCH NO OF TOTAL MERCH MERCH              TOP  RES  PERIOD ACCRE MORT   MERCH FOR SS
YEAR AGE TREES  BA  SDI CCF HT  QMD  CU FT CU FT BD FT TREES CU FT CU FT BD FT  BA  SDI CCF HT   QMD  YEARS   PER  YEAR   CU FT TYP ZT
---- --- ----- --- ---- --- --- ---- ----- ----- ----- ----- ----- ----- ----- --- ---- --- --- ----  ------ ---- -----   ----- ------
2006 139    15   5   10   6  48  7.9   139   108   553     0     0     0     0   5   10   6  48  7.9      10    4     0     0.8 999 55
2016 149    14   6   12   7  57  8.9   178   145   766     0     0     0     0   6   12   7  57  8.9       1    4     1     1.0 999 55
2017 150    14   6   12   7  58  8.9   182   149   783     0     0     0     0   6   12   7  58  8.9       9    5     1     1.0 999 55
2026 159    14   7   13   8  65  9.7   220   186   992     0     0     0     0   7   13   8  65  9.7       0    0     0     1.2 999 55




                                                     ACTIVITY SUMMARY 

STAND ID= FVSProjection                 MGMT ID= NONE                                                                            

----------------------------------------------------------------------------------------------------------------------------------

CYCLE  DATE  EXTENSION  KEYWORD   DATE  ACTIVITY DISPOSITION  PARAMETERS:
-----  ----  ---------  --------  ----  --------------------  --------------------------------------------------------------------

   1   2006
               BASE     TREELIST  2006  DONE IN 2015               3.0000     0.0000     0.0000

   2   2016
               BASE     TREELIST  2016  DONE IN 2016               3.0000     0.0000     0.0000

   3   2017
               BASE     TREELIST  2017  DONE IN 2025               3.0000     0.0000     0.0000
----------------------------------------------------------------------------------------------------------------------------------
