

     FOREST VEGETATION SIMULATOR     VERSION FS2025.3 -- INLAND EMPIRE EXPANDED                 RV:20250701    11-29-2025  10:14:41

----------------------------------------------------------------------------------------------------------------------------------

                                                OPTIONS SELECTED BY INPUT

KEYWORD FILE NAME: ../../data/fvs_runFiles/sc_Nov292025_10.14/selfcalib_stand3
----------------------------------------------------------------------------------------------------------------------------------
KEYWORD    PARAMETERS:
--------   -----------------------------------------------------------------------------------------------------------------------

STDIDENT
           STAND ID= SELFCALB3                                                                                                 

RANNSEED   RANDOM SEED IS:        2025.0

********   FVS03 WARNING:  FOREST CODE INDICATES THE GEOGRAPHIC LOCATION IS OUTSIDE THE RANGE OF THE MODEL.  DEFAULT CODE IS USED.

********   FOREST CODE USED IN THIS PROJECTION IS 118

           HABITAT TYPE WILL BE MAPPED TO 830 FOR THIS PROJECTION.

STDINFO    FOREST-LOCATION CODE=     118; HABITAT TYPE=830; AGE=  113; ASPECT AZIMUTH IN DEGREES= 245.; SLOPE=  70.%
           ELEVATION(100'S FEET)= 71.0; REFERENCE CODE=     

TREELIST   DATE/CYCLE=    0; DATA SET REFERENCE NUMBER =  3.; HEADING SUPPRESSION CODE = 0.
           (0=WITH HEADING, OTHER VALUES=SUPPRESS HEADING).

TREEFMT 
          (I4,I4,F8.3,I1,A3,F5.1,F5.1,2F5.1,F5.1,I1,6I2,2I1,I2,2I3,2I1,F3.0)              
                                                                                          

DESIGN     BASAL AREA FACTOR=   -1.0; INVERSE OF FIXED PLOT AREA=    0.0; BREAK DBH=    0.0
           NUMBER OF PLOTS=     4; NON-STOCKABLE PLOTS=     0; STAND SAMPLING WEIGHT=     4.00000
           PROPORTION OF STAND CONSIDERED STOCKABLE=  1.000
           SEE "OPTIONS SELECTED BY DEFAULT" FOR FINAL DESIGN VALUES.

INVYEAR    INVENTORY YEAR= 2021

CYCLEAT    REQUESTED YEAR FOR A CYCLE =2032

NOTRIPLE

NOAUTOES   TALLIES AND INGROWTH WILL NOT BE ADDED AUTOMATICALLY.
           STOCKADJ IS SET TO ZERO, AND NO SPROUTING WILL BE SIMULATED.

CYCLEAT    REQUESTED YEAR FOR A CYCLE =2032

GROWTH     DIAMETER GROWTH DATA TYPE CODE= 1, 10.0 YEAR MEASUREMENT PERIOD;
           HEIGHT GROWTH DATA TYPE CODE  = 1, 10.0 YEAR MEASUREMENT PERIOD;
           MORTALITY MEASUREMENT PERIOD  =10.0


            

DATABASE   DATABASE KEYWORDS:

********   FVS16 ERROR:  KEYWORD ENTERED IS USED IN WRONG CONTEXT AND WAS IGNORED.  RECORDS READ=  18

           DSNOUT DATA BASE CAN NOT BE REDEFINED. DSN FOR OUTPUT REMAINS: FVSOut.db

CALBSTDB   CALIBRATION STATISTICS TABLE SENT TO SPECIFIED DATABASE.

INVSTATS   INVENTORY STATISTICS TABLES SENT TO SPECIFIED DATABASE.

END        END OF DATA BASE OPTIONS.


            

NUMCYCLE   NUMBER OF CYCLES=  2

PROCESS    PROCESS THE STAND.
----------------------------------------------------------------------------------------------------------------------------------

                                                OPTIONS SELECTED BY DEFAULT

----------------------------------------------------------------------------------------------------------------------------------

DESIGN     BASAL AREA FACTOR=   -1.0; INVERSE OF FIXED PLOT AREA=    0.0; BREAK DBH=    0.0
           NUMBER OF PLOTS=     4; NON-STOCKABLE PLOTS=     0; STAND SAMPLING WEIGHT=     4.00000
           PROPORTION OF STAND CONSIDERED STOCKABLE=  1.000

STDINFO    FOREST-LOCATION CODE=     118; HABITAT TYPE=830; AGE=  113; ASPECT AZIMUTH IN DEGREES= 245.; SLOPE=  70.%
           ELEVATION(100'S FEET)= 71.0;  REFERENCE CODE=     

SPECIES      WP      WL      DF      GF      WH      RC      LP      ES      AF      PP
SDI MAX     475.    475.    475.    475.    475.    475.    475.    475.    475.    475.

SPECIES      MH      WB      LM      LL      PM      RM      PY      AS      CO      MM
SDI MAX     475.    475.    475.    475.    475.    475.    475.    475.    475.    475.

SPECIES      PB      OH      OS
SDI MAX     475.    475.    475.

                                  NATIONAL VOLUME ESTIMATOR LIBRARY EQUATION NUMBERS
SPECIES CUBIC FOOT BOARD FOOT SPECIES CUBIC FOOT BOARD FOOT SPECIES CUBIC FOOT BOARD FOOT SPECIES CUBIC FOOT BOARD FOOT 
------- ---------- ---------- ------- ---------- ---------- ------- ---------- ---------- ------- ---------- ---------- 
  WP    I00FW2W119 I00FW2W119   WL    I00FW2W073 I00FW2W073   DF    I00FW2W202 I00FW2W202   GF    I00FW2W017 I00FW2W017
  WH    I00FW2W260 I00FW2W260   RC    I00FW2W242 I00FW2W242   LP    I00FW2W108 I00FW2W108   ES    I00FW2W093 I00FW2W093
  AF    I00FW2W019 I00FW2W019   PP    I00FW2W122 I00FW2W122   MH    I00FW2W260 I00FW2W260   WB    I00FW2W012 I00FW2W012
  LM    I00FW2W073 I00FW2W073   LL    I00FW2W019 I00FW2W019   PM    102DVEW106 102DVEW106   RM    102DVEW106 102DVEW106
  PY    616BEHW231 616BEHW231   AS    102DVEW746 102DVEW746   CO    102DVEW740 102DVEW740   MM    200DVEW746 200DVEW746
  PB    101DVEW375 101DVEW375   OH    200DVEW746 200DVEW746   OS    I00FW2W260 I00FW2W260

SITECODE   SITE INDEX INFORMATION:
            WP=    0.;  WL=    0.;  DF=    0.;  GF=    0.;  WH=    0.;  RC=    0.;  LP=    0.;  ES=    0.; AF=    0.
            PP=    0.;  MH=    0.;  WB=    0.;  LM=   26.;  LL=    0.;  PM=    8.;  RM=    7.;  PY=   26.; AS=   38.
            CO=   49.;  MM=   38.;  PB=   38.;  OH=   49.;  OS=    0.
           SITE SPECIES=DF CODE=    3

INVENTORY POINT CROSS REFERENCE (FVS SEQUENTIAL POINT NUMBER = POINT NUMBER AS ENTERED IN THE INPUT DATA):
  1=       1;   2=       2;   3=       3;   4=       4
----------------------------------------------------------------------------------------------------------------------------------


                                                     ACTIVITY SCHEDULE

STAND ID= SELFCALB3                     MGMT ID= NONE                                                                            

----------------------------------------------------------------------------------------------------------------------------------

CYCLE  DATE  EXTENSION  KEYWORD   DATE  PARAMETERS:
-----  ----  ---------  --------  ----  ------------------------------------------------------------------------------------------

   1   2021
               BASE     TREELIST  2021       3.0000     0.0000     0.0000

   2   2031
               BASE     TREELIST  2031       3.0000     0.0000     0.0000

   3   2032
               BASE     TREELIST  2032       3.0000     0.0000     0.0000
----------------------------------------------------------------------------------------------------------------------------------


CALIBRATION STATISTICS:


                                                 WB    AF
                                                ----  ----

NUMBER OF RECORDS PER SPECIES                     18    57

NUMBER OF RECORDS CODED AS RECENT MORTALITY        1     1

NUMBER OF RECORDS WITH MISSING HEIGHTS             2     4

NUMBER OF RECORDS WITH BROKEN OR DEAD TOPS         0     0

NUMBER OF RECORDS WITH MISSING CROWN RATIOS        2     4

NUMBER OF RECORDS AVAILABLE FOR SCALING
THE DIAMETER INCREMENT MODEL                       0    27

RATIO OF STANDARD ERRORS
(INPUT DBH GROWTH DATA : MODEL)                 1.00  1.31

WEIGHT GIVEN TO THE INPUT GROWTH DATA WHEN
DBH GROWTH MODEL SCALE FACTORS WERE COMPUTED    0.00  0.92

INITIAL SCALE FACTORS FOR THE
DBH INCREMENT MODEL                             1.00  0.62

NUMBER OF RECORDS AVAILABLE FOR SCALING
THE SMALL TREE HEIGHT INCREMENT MODEL             2    11

INITIAL SCALE FACTORS FOR THE SMALL TREE
HEIGHT INCREMENT MODEL                          1.00  0.45

NUMBER OF RECORDS WITH MISTLETOE                   0     0


     FOREST VEGETATION SIMULATOR     VERSION FS2025.3 -- INLAND EMPIRE EXPANDED                 RV:20250701    11-29-2025  10:14:41

STAND ID: SELFCALB3                     MGMT ID: NONE     


                                        STAND COMPOSITION (BASED ON STOCKABLE AREA)
--------------------------------------------------------------------------------------------------------------------------
                            PERCENTILE POINTS IN THE
                     DISTRIBUTION OF STAND ATTRIBUTES BY DBH      TOTAL/ACRE
        STAND       -----------------------------------------      OF STAND         DISTRIBUTION OF STAND ATTRIBUTES BY
YEAR  ATTRIBUTES      10     30     50     70     90    100       ATTRIBUTES       SPECIES AND 3 USER-DEFINED SUBCLASSES
----  -----------   ------ ------ ------ ------ ------ ------   --------------  ------------------------------------------
                                 (DBH IN INCHES)



2021  TREES           0.1    0.1    3.0    5.5    9.7    14.6      22. TREES     87.% AF1,  13.% WB1,   0.% ---,   0.% ---
      VOLUME:  
        TOTAL         5.4    7.8    9.9   11.9   13.1    14.6      55. CUFT     100.% AF1,   0.% WB1,   0.% ---,   0.% ---
        MERCH         8.0    9.9   11.1   12.8   14.6    14.6      32. CUFT     100.% AF1,   0.% ---,   0.% ---,   0.% ---
        MERCH         8.0    9.7   10.6   12.8   14.6    14.6     138. BDFT     100.% AF1,   0.% ---,   0.% ---,   0.% ---


      ACCRETION       5.0    5.8    8.0    9.9   12.8    14.6       2. CUFT/YR   96.% AF1,   4.% WB1,   0.% ---,   0.% ---
      MORTALITY       5.0    5.8    7.7    9.7   12.8    14.6       0. CUFT/YR  100.% AF1,   0.% WB1,   0.% ---,   0.% ---



2031  TREES           0.1    0.3    4.6    6.8   10.6    14.9      19. TREES     89.% AF1,  11.% WB1,   0.% ---,   0.% ---
      VOLUME:  
        TOTAL         5.9    8.3   10.5   12.1   14.3    14.9      70. CUFT      99.% AF1,   1.% WB1,   0.% ---,   0.% ---
        MERCH         8.3   10.0   11.3   12.7   14.9    14.9      44. CUFT     100.% AF1,   0.% ---,   0.% ---,   0.% ---
        MERCH         8.3   10.0   11.3   12.7   14.9    14.9     183. BDFT     100.% AF1,   0.% ---,   0.% ---,   0.% ---


      ACCRETION       5.6    6.8    8.8   10.6   13.2    14.9       2. CUFT/YR   97.% AF1,   3.% WB1,   0.% ---,   0.% ---
      MORTALITY       5.6    6.8    9.2   11.3   14.9    14.9       0. CUFT/YR  100.% AF1,   0.% WB1,   0.% ---,   0.% ---



2032  TREES           0.1    0.4    5.2    6.8   10.6    14.9      18. TREES     89.% AF1,  11.% WB1,   0.% ---,   0.% ---
      VOLUME:  
        TOTAL         6.0    8.4   10.6   12.2   14.4    14.9      72. CUFT      99.% AF1,   1.% WB1,   0.% ---,   0.% ---
        MERCH         8.4   10.1   11.3   12.7   14.9    14.9      45. CUFT     100.% AF1,   0.% ---,   0.% ---,   0.% ---
        MERCH         8.4   10.1   11.3   12.7   14.9    14.9     188. BDFT     100.% AF1,   0.% ---,   0.% ---,   0.% ---


      ACCRETION       4.7    6.5    7.4   10.6   13.3    14.9       2. CUFT/YR   93.% AF1,   7.% WB1,   0.% ---,   0.% ---
      MORTALITY       5.7    6.9    9.5   11.3   14.4    14.9       0. CUFT/YR   99.% AF1,   1.% WB1,   0.% ---,   0.% ---



2041  TREES           0.3    2.4    6.3    7.6   11.4    15.4      17. TREES     88.% AF1,  12.% WB1,   0.% ---,   0.% ---
      VOLUME:  
        TOTAL         6.6    8.2   10.8   12.9   14.9    15.4      88. CUFT      97.% AF1,   3.% WB1,   0.% ---,   0.% ---
        MERCH         7.6    9.6   11.4   13.2   14.9    15.4      60. CUFT     100.% AF1,   0.% ---,   0.% ---,   0.% ---
        MERCH         7.6    9.6   11.0   13.2   14.9    15.4     277. BDFT     100.% AF1,   0.% ---,   0.% ---,   0.% ---


     FOREST VEGETATION SIMULATOR     VERSION FS2025.3 -- INLAND EMPIRE EXPANDED                 RV:20250701    11-29-2025  10:14:41

STAND ID: SELFCALB3                     MGMT ID: NONE     


------------------------------------------------------------------------------------------------------------------------------
                     ATTRIBUTES OF SELECTED SAMPLE TREES                 ADDITIONAL STAND ATTRIBUTES (BASED ON STOCKABLE AREA)
      -----------------------------------------------------------------  -----------------------------------------------------
      INITIAL                           LIVE   PAST DBH  BASAL   TREES          QUADRATIC   TREES    BASAL  TOP HEIGHT  CROWN
      TREES/A            DBH    HEIGHT  CROWN   GROWTH   AREA     PER    STAND   MEAN DBH    PER     AREA     LARGEST   COMP
YEAR   %TILE  SPECIES (INCHES)  (FEET)  RATIO  (INCHES)  %TILE    ACRE   AGE     (INCHES)    ACRE   (SQFT/A) 40/A (FT)  FACTOR
----  ------- ------- -------- -------- ------ --------- ------- ------  -----  ---------   ------ --------- --------- -------

2021                                          ( 10 YRS)

        10     AF1       0.10     1.01    70     0.00      0.0    4.00
        30     AF1       0.10     1.01    77     0.00      0.0    1.75
        50     AF1       3.00    20.00    65     0.56      1.5    0.25
        70     AF1       5.50    25.00    75     0.42     16.6    0.25
        90     AF1       9.70    46.00    75     1.78     54.6    0.25
       100     AF1      14.60    50.00    35     0.47    100.0    0.25
                                                                         113       5.3       22.       3.       18.0      4.1

2031                                          ( 10 YRS)

        10     AF1       0.11     2.15    70     0.00      0.0    3.01
        30     AF1       0.11     2.82    77     0.00      0.0    1.32
        50     AF1       3.89    24.24    65     0.84      2.2    0.23
        70     AF1       6.66    32.99    74     1.09     20.1    0.25
        90     AF1      10.55    51.14    75     0.80     60.7    0.25
       100     AF1      14.89    52.52    34     0.27    100.0    0.24
                                                                         123       6.2       19.       4.       24.5      4.7

2032                                          (  1 YRS)

        10     AF1       0.11     2.38    70     0.00      0.0    2.93
        30     AF1       0.11     3.15    77     0.00      0.0    1.28
        50     AF1       3.97    24.85    65     0.08      2.3    0.23
        70     AF1       6.76    33.48    74     0.09     20.4    0.25
        90     AF1      10.63    51.57    75     0.07     61.0    0.24
       100     AF1      14.92    52.79    34     0.03    100.0    0.24
                                                                         124       6.3       18.       4.       25.1      4.8

2041                                          (  9 YRS)

        10     AF1       0.30     5.25    70     0.18      0.0    2.26
        30     AF1       0.30     5.65    77     0.18      0.0    0.99
        50     AF1       4.37    31.13    63     0.37      2.5    0.21
        70     AF1       7.64    40.26    74     0.83     31.2    0.24
        90     AF1      11.00    54.41    75     0.35     63.5    0.24
       100     AF1      15.35    55.66    33     0.41    100.0    0.24
                                                                         133       7.1       17.       5.       31.7      5.4


     FOREST VEGETATION SIMULATOR     VERSION FS2025.3 -- INLAND EMPIRE EXPANDED                 RV:20250701    11-29-2025  10:14:41

STAND ID: SELFCALB3                     MGMT ID: NONE    



                                SUMMARY STATISTICS (PER ACRE OR STAND BASED ON TOTAL STAND AREA)
--------------------------------------------------------------------------------------------------------------------------------------
               START OF SIMULATION PERIOD                     REMOVALS             AFTER TREATMENT    GROWTH THIS PERIOD
         --------------------------------------------- ----------------------- ---------------------  ------------------   MAI  ------
         NO OF              TOP      TOTAL MERCH MERCH NO OF TOTAL MERCH MERCH              TOP  RES  PERIOD ACCRE MORT   MERCH FOR SS
YEAR AGE TREES  BA  SDI CCF HT  QMD  CU FT CU FT BD FT TREES CU FT CU FT BD FT  BA  SDI CCF HT   QMD  YEARS   PER  YEAR   CU FT TYP ZT
---- --- ----- --- ---- --- --- ---- ----- ----- ----- ----- ----- ----- ----- --- ---- --- --- ----  ------ ---- -----   ----- ------
2021 113    22   3    8   4  18  5.3    55    32   138     0     0     0     0   3    8   4  18  5.3      10    2     0     0.3 999 55
2031 123    19   4    9   5  24  6.2    70    44   183     0     0     0     0   4    9   5  24  6.2       1    2     0     0.4 999 55
2032 124    18   4    9   5  25  6.3    72    45   188     0     0     0     0   4    9   5  25  6.3       9    2     0     0.4 999 55
2041 133    17   5   10   5  32  7.1    88    60   277     0     0     0     0   5   10   5  32  7.1       0    0     0     0.5 999 55




                                                     ACTIVITY SUMMARY 

STAND ID= SELFCALB3                     MGMT ID= NONE                                                                            

----------------------------------------------------------------------------------------------------------------------------------

CYCLE  DATE  EXTENSION  KEYWORD   DATE  ACTIVITY DISPOSITION  PARAMETERS:
-----  ----  ---------  --------  ----  --------------------  --------------------------------------------------------------------

   1   2021
               BASE     TREELIST  2021  DONE IN 2030               3.0000     0.0000     0.0000

   2   2031
               BASE     TREELIST  2031  DONE IN 2031               3.0000     0.0000     0.0000

   3   2032
               BASE     TREELIST  2032  DONE IN 2040               3.0000     0.0000     0.0000
----------------------------------------------------------------------------------------------------------------------------------
