

     FOREST VEGETATION SIMULATOR     VERSION FS2025.3 -- INLAND EMPIRE EXPANDED                 RV:20250701    11-29-2025  11:33:31

----------------------------------------------------------------------------------------------------------------------------------

                                                OPTIONS SELECTED BY INPUT

KEYWORD FILE NAME: ../../data/fvs_runFiles/mult_Nov292025_11.33/mult_stand159
----------------------------------------------------------------------------------------------------------------------------------
KEYWORD    PARAMETERS:
--------   -----------------------------------------------------------------------------------------------------------------------

STDIDENT
           STAND ID= MULT159                                                                                                   

RANNSEED   RANDOM SEED IS:        2025.0

********   FVS03 WARNING:  FOREST CODE INDICATES THE GEOGRAPHIC LOCATION IS OUTSIDE THE RANGE OF THE MODEL.  DEFAULT CODE IS USED.

********   FOREST CODE USED IN THIS PROJECTION IS 118

           HABITAT TYPE WILL BE MAPPED TO 830 FOR THIS PROJECTION.

STDINFO    FOREST-LOCATION CODE=     118; HABITAT TYPE=830; AGE=  173; ASPECT AZIMUTH IN DEGREES= 136.; SLOPE=  32.%
           ELEVATION(100'S FEET)= 76.0; REFERENCE CODE=     

TREELIST   DATE/CYCLE=    0; DATA SET REFERENCE NUMBER =  3.; HEADING SUPPRESSION CODE = 0.
           (0=WITH HEADING, OTHER VALUES=SUPPRESS HEADING).

TREEFMT 
          (I4,I4,F8.3,I1,A3,F5.1,F5.1,2F5.1,F5.1,I1,6I2,2I1,I2,2I3,2I1,F3.0)              
                                                                                          

DESIGN     BASAL AREA FACTOR=   -1.0; INVERSE OF FIXED PLOT AREA=    0.0; BREAK DBH=    0.0
           NUMBER OF PLOTS=     4; NON-STOCKABLE PLOTS=     0; STAND SAMPLING WEIGHT=     4.00000
           PROPORTION OF STAND CONSIDERED STOCKABLE=  1.000
           SEE "OPTIONS SELECTED BY DEFAULT" FOR FINAL DESIGN VALUES.

INVYEAR    INVENTORY YEAR= 2009

CYCLEAT    REQUESTED YEAR FOR A CYCLE =2020

NOTRIPLE

NOAUTOES   TALLIES AND INGROWTH WILL NOT BE ADDED AUTOMATICALLY.
           STOCKADJ IS SET TO ZERO, AND NO SPROUTING WILL BE SIMULATED.

CYCLEAT    REQUESTED YEAR FOR A CYCLE =2020

NOCALIB    CALIBRATION USING GROWTH DATA FROM TREE RECORDS HAS BEEN SUPPRESSED FOR ALL SPECIES

NOHTDREG   CALIBRATION OF HEIGHT-DIAMETER RELATIONSHIP WILL BE SUPPRESSED FOR ALL SPECIES

READCORD   LARGE TREE DIAMETER GROWTH MODELS ARE MODIFIED WITH CORRECTION TERMS PRIOR TO CALIBRATION.
           LARGE TREE DIAMETER GROWTH MODEL CORRECTION TERMS BY SPECIES:
           WP = 1.00; WL = 1.00; DF = 0.22; GF = 1.00; WH = 1.00; RC = 1.00; LP = 0.24; ES = 0.55
           AF = 0.58; PP = 0.33; MH = 1.00; WB = 1.00; LM = 1.00; LL = 1.00; PM = 1.00; RM = 1.00
           PY = 1.00; AS = 1.00; CO = 1.00; MM = 1.00; PB = 1.00; OH = 1.00; OS = 1.00


            

READCORR   SMALL TREE HEIGHT GROWTH MODELS ARE MODIFIED WITH CORRECTION TERMS PRIOR TO CALIBRATION.
           SMALL TREE HEIGHT GROWTH MODEL CORRECTION TERMS BY SPECIES:
           WP = 1.00; WL = 1.00; DF = 1.00; GF = 1.00; WH = 1.00; RC = 1.00; LP = 1.00; ES = 1.00
           AF = 0.45; PP = 1.00; MH = 1.00; WB = 1.00; LM = 1.00; LL = 1.00; PM = 1.00; RM = 1.00
           PY = 1.00; AS = 1.00; CO = 1.00; MM = 1.00; PB = 1.00; OH = 1.00; OS = 1.00


            
            

NUMCYCLE   NUMBER OF CYCLES=  2

PROCESS    PROCESS THE STAND.
----------------------------------------------------------------------------------------------------------------------------------

                                                OPTIONS SELECTED BY DEFAULT

----------------------------------------------------------------------------------------------------------------------------------

DESIGN     BASAL AREA FACTOR=   -1.0; INVERSE OF FIXED PLOT AREA=    0.0; BREAK DBH=    0.0
           NUMBER OF PLOTS=     4; NON-STOCKABLE PLOTS=     0; STAND SAMPLING WEIGHT=     4.00000
           PROPORTION OF STAND CONSIDERED STOCKABLE=  1.000

STDINFO    FOREST-LOCATION CODE=     118; HABITAT TYPE=830; AGE=  173; ASPECT AZIMUTH IN DEGREES= 136.; SLOPE=  32.%
           ELEVATION(100'S FEET)= 76.0;  REFERENCE CODE=     

SPECIES      WP      WL      DF      GF      WH      RC      LP      ES      AF      PP
SDI MAX     475.    475.    475.    475.    475.    475.    475.    475.    475.    475.

SPECIES      MH      WB      LM      LL      PM      RM      PY      AS      CO      MM
SDI MAX     475.    475.    475.    475.    475.    475.    475.    475.    475.    475.

SPECIES      PB      OH      OS
SDI MAX     475.    475.    475.

                                  NATIONAL VOLUME ESTIMATOR LIBRARY EQUATION NUMBERS
SPECIES CUBIC FOOT BOARD FOOT SPECIES CUBIC FOOT BOARD FOOT SPECIES CUBIC FOOT BOARD FOOT SPECIES CUBIC FOOT BOARD FOOT 
------- ---------- ---------- ------- ---------- ---------- ------- ---------- ---------- ------- ---------- ---------- 
  WP    I00FW2W119 I00FW2W119   WL    I00FW2W073 I00FW2W073   DF    I00FW2W202 I00FW2W202   GF    I00FW2W017 I00FW2W017
  WH    I00FW2W260 I00FW2W260   RC    I00FW2W242 I00FW2W242   LP    I00FW2W108 I00FW2W108   ES    I00FW2W093 I00FW2W093
  AF    I00FW2W019 I00FW2W019   PP    I00FW2W122 I00FW2W122   MH    I00FW2W260 I00FW2W260   WB    I00FW2W012 I00FW2W012
  LM    I00FW2W073 I00FW2W073   LL    I00FW2W019 I00FW2W019   PM    102DVEW106 102DVEW106   RM    102DVEW106 102DVEW106
  PY    616BEHW231 616BEHW231   AS    102DVEW746 102DVEW746   CO    102DVEW740 102DVEW740   MM    200DVEW746 200DVEW746
  PB    101DVEW375 101DVEW375   OH    200DVEW746 200DVEW746   OS    I00FW2W260 I00FW2W260

SITECODE   SITE INDEX INFORMATION:
            WP=    0.;  WL=    0.;  DF=    0.;  GF=    0.;  WH=    0.;  RC=    0.;  LP=    0.;  ES=    0.; AF=    0.
            PP=    0.;  MH=    0.;  WB=    0.;  LM=   26.;  LL=    0.;  PM=    8.;  RM=    7.;  PY=   26.; AS=   38.
            CO=   49.;  MM=   38.;  PB=   38.;  OH=   49.;  OS=    0.
           SITE SPECIES=DF CODE=    3

INVENTORY POINT CROSS REFERENCE (FVS SEQUENTIAL POINT NUMBER = POINT NUMBER AS ENTERED IN THE INPUT DATA):
  1=       1;   2=       2;   3=       3;   4=       4
----------------------------------------------------------------------------------------------------------------------------------


                                                     ACTIVITY SCHEDULE

STAND ID= MULT159                       MGMT ID= NONE                                                                            

----------------------------------------------------------------------------------------------------------------------------------

CYCLE  DATE  EXTENSION  KEYWORD   DATE  PARAMETERS:
-----  ----  ---------  --------  ----  ------------------------------------------------------------------------------------------

   1   2009
               BASE     TREELIST  2009       3.0000     0.0000     0.0000

   2   2019
               BASE     TREELIST  2019       3.0000     0.0000     0.0000

   3   2020
               BASE     TREELIST  2020       3.0000     0.0000     0.0000
----------------------------------------------------------------------------------------------------------------------------------


CALIBRATION STATISTICS:


                                                 AF    LP    ES
                                                ----  ----  ----

NUMBER OF RECORDS PER SPECIES                     36    19     1

NUMBER OF RECORDS CODED AS RECENT MORTALITY        0     0     0

NUMBER OF RECORDS WITH MISSING HEIGHTS             4     1     0

NUMBER OF RECORDS WITH BROKEN OR DEAD TOPS         0     0     0

NUMBER OF RECORDS WITH MISSING CROWN RATIOS        4     1     0

NUMBER OF RECORDS AVAILABLE FOR SCALING
THE DIAMETER INCREMENT MODEL                       0     0     0

RATIO OF STANDARD ERRORS
(INPUT DBH GROWTH DATA : MODEL)                 1.00  1.00  1.00

WEIGHT GIVEN TO THE INPUT GROWTH DATA WHEN
DBH GROWTH MODEL SCALE FACTORS WERE COMPUTED    0.00  0.00  0.00

INITIAL SCALE FACTORS FOR THE
DBH INCREMENT MODEL                             1.00  1.00  1.00

NUMBER OF RECORDS AVAILABLE FOR SCALING
THE SMALL TREE HEIGHT INCREMENT MODEL             0     0     0

INITIAL SCALE FACTORS FOR THE SMALL TREE
HEIGHT INCREMENT MODEL                          1.00  1.00  1.00

NUMBER OF RECORDS WITH MISTLETOE                   0     0     0


     FOREST VEGETATION SIMULATOR     VERSION FS2025.3 -- INLAND EMPIRE EXPANDED                 RV:20250701    11-29-2025  11:33:31

STAND ID: MULT159                       MGMT ID: NONE     


                                        STAND COMPOSITION (BASED ON STOCKABLE AREA)
--------------------------------------------------------------------------------------------------------------------------
                            PERCENTILE POINTS IN THE
                     DISTRIBUTION OF STAND ATTRIBUTES BY DBH      TOTAL/ACRE
        STAND       -----------------------------------------      OF STAND         DISTRIBUTION OF STAND ATTRIBUTES BY
YEAR  ATTRIBUTES      10     30     50     70     90    100       ATTRIBUTES       SPECIES AND 3 USER-DEFINED SUBCLASSES
----  -----------   ------ ------ ------ ------ ------ ------   --------------  ------------------------------------------
                                 (DBH IN INCHES)



2009  TREES           0.1    0.1    5.5    6.8   11.0    14.4      19. TREES     74.% AF1,  25.% LP1,   1.% ES1,   0.% ---
      VOLUME:  
        TOTAL         5.9    7.7   10.0   12.1   14.3    14.4      98. CUFT      58.% LP1,  41.% AF1,   0.% ES1,   0.% ---
        MERCH         7.5    9.2   11.3   13.7   14.4    14.4      68. CUFT      67.% LP1,  33.% AF1,   0.% ---,   0.% ---
        MERCH         7.5    9.2   11.2   13.7   14.4    14.4     328. BDFT      68.% LP1,  32.% AF1,   0.% ---,   0.% ---


      ACCRETION       5.3    6.7    7.5    9.4   13.7    14.4       1. CUFT/YR   70.% AF1,  29.% LP1,   1.% ES1,   0.% ---
      MORTALITY       5.9    7.6    9.4   11.3   14.3    14.4       1. CUFT/YR   78.% LP1,  21.% AF1,   0.% ES1,   0.% ---



2019  TREES           0.1    0.4    6.0    7.8   11.1    14.7      17. TREES     73.% AF1,  25.% LP1,   1.% ES1,   0.% ---
      VOLUME:  
        TOTAL         6.4    7.9    9.7   12.3   14.5    14.7     103. CUFT      53.% LP1,  46.% AF1,   0.% ES1,   0.% ---
        MERCH         7.8    9.4   11.1   12.9   14.5    14.7      75. CUFT      60.% LP1,  40.% AF1,   0.% ---,   0.% ---
        MERCH         7.8    9.4   11.1   12.9   14.5    14.7     366. BDFT      63.% LP1,  37.% AF1,   0.% ---,   0.% ---


      ACCRETION       5.7    6.7    7.9    9.6   13.8    14.7       1. CUFT/YR   74.% AF1,  24.% LP1,   2.% ES1,   0.% ---
      MORTALITY       6.1    7.8    9.6   11.6   14.5    14.7       1. CUFT/YR   72.% LP1,  28.% AF1,   0.% ES1,   0.% ---



2020  TREES           0.1    0.5    6.1    7.8   11.2    14.8      16. TREES     73.% AF1,  25.% LP1,   1.% ES1,   0.% ---
      VOLUME:  
        TOTAL         6.4    8.0    9.7   12.4   14.6    14.8     104. CUFT      53.% LP1,  47.% AF1,   0.% ES1,   0.% ---
        MERCH         7.8    9.4   11.5   12.9   14.6    14.8      76. CUFT      60.% LP1,  40.% AF1,   0.% ---,   0.% ---
        MERCH         7.8    9.4   11.5   12.9   14.6    14.8     372. BDFT      63.% LP1,  37.% AF1,   0.% ---,   0.% ---


      ACCRETION       5.7    6.6    8.0    9.7   13.8    14.8       1. CUFT/YR   72.% AF1,  26.% LP1,   2.% ES1,   0.% ---
      MORTALITY       6.1    7.8    9.6   11.6   14.6    14.8       1. CUFT/YR   73.% LP1,  27.% AF1,   0.% ES1,   0.% ---



2029  TREES           0.1    3.1    6.8    8.2   11.7    15.3      14. TREES     73.% AF1,  25.% LP1,   2.% ES1,   0.% ---
      VOLUME:  
        TOTAL         6.8    8.5   10.1   12.6   14.7    15.3     109. CUFT      51.% AF1,  49.% LP1,   1.% ES1,   0.% ---
        MERCH         7.5    9.0   11.3   13.2   14.7    15.3      81. CUFT      54.% LP1,  46.% AF1,   0.% ---,   0.% ---
        MERCH         7.5    9.0   11.3   13.2   14.7    15.3     399. BDFT      57.% LP1,  43.% AF1,   0.% ---,   0.% ---


     FOREST VEGETATION SIMULATOR     VERSION FS2025.3 -- INLAND EMPIRE EXPANDED                 RV:20250701    11-29-2025  11:33:31

STAND ID: MULT159                       MGMT ID: NONE     


------------------------------------------------------------------------------------------------------------------------------
                     ATTRIBUTES OF SELECTED SAMPLE TREES                 ADDITIONAL STAND ATTRIBUTES (BASED ON STOCKABLE AREA)
      -----------------------------------------------------------------  -----------------------------------------------------
      INITIAL                           LIVE   PAST DBH  BASAL   TREES          QUADRATIC   TREES    BASAL  TOP HEIGHT  CROWN
      TREES/A            DBH    HEIGHT  CROWN   GROWTH   AREA     PER    STAND   MEAN DBH    PER     AREA     LARGEST   COMP
YEAR   %TILE  SPECIES (INCHES)  (FEET)  RATIO  (INCHES)  %TILE    ACRE   AGE     (INCHES)    ACRE   (SQFT/A) 40/A (FT)  FACTOR
----  ------- ------- -------- -------- ------ --------- ------- ------  -----  ---------   ------ --------- --------- -------

2009                                          ( 10 YRS)

        10     AF1       0.10     1.01    58     0.00      0.0    2.25
        30     AF1       0.10     1.01    55     0.00      0.0    0.25
        50     AF1       5.50    30.00    65     1.05      6.7    0.25
        70     LP1       6.80    55.00    55     0.22     24.9    0.25
        90     LP1      11.00    60.00    35     0.09     62.0    0.25
       100     LP1      14.40    67.00    35     0.13    100.0    0.25
                                                                         173       6.3       19.       4.       27.9      4.6

2019                                          ( 10 YRS)

        10     AF1       0.11     2.78    58     0.00      0.0    1.69
        30     AF1       0.10     1.91    55     0.00      0.0    0.19
        50     AF1       5.94    35.77    63     0.41      9.5    0.25
        70     LP1       7.14    57.72    54     0.33     24.8    0.22
        90     LP1      11.14    61.55    34     0.13     63.7    0.22
       100     LP1      14.55    68.44    32     0.14     93.3    0.23
                                                                         183       6.9       17.       4.       32.9      4.7

2020                                          (  1 YRS)

        10     AF1       0.11     2.99    58     0.00      0.0    1.64
        30     AF1       0.11     2.05    55     0.00      0.0    0.18
        50     AF1       5.99    36.12    63     0.05      9.6    0.24
        70     LP1       7.17    57.95    54     0.02     25.0    0.22
        90     LP1      11.15    61.70    34     0.01     63.9    0.22
       100     LP1      14.56    68.58    32     0.01     93.2    0.23
                                                                         184       6.9       16.       4.       33.5      4.7

2029                                          (  9 YRS)

        10     AF1       0.30     5.28    58     0.18      0.0    1.27
        30     AF1       0.30     4.97    55     0.18      0.0    0.14
        50     AF1       6.62    41.30    63     0.59     12.8    0.23
        70     LP1       7.37    59.86    53     0.20     23.4    0.19
        90     LP1      11.32    63.26    33     0.16     65.1    0.20
       100     LP1      14.70    69.85    31     0.13     93.0    0.21
                                                                         193       7.4       14.       4.       38.0      4.8


     FOREST VEGETATION SIMULATOR     VERSION FS2025.3 -- INLAND EMPIRE EXPANDED                 RV:20250701    11-29-2025  11:33:31

STAND ID: MULT159                       MGMT ID: NONE    



                                SUMMARY STATISTICS (PER ACRE OR STAND BASED ON TOTAL STAND AREA)
--------------------------------------------------------------------------------------------------------------------------------------
               START OF SIMULATION PERIOD                     REMOVALS             AFTER TREATMENT    GROWTH THIS PERIOD
         --------------------------------------------- ----------------------- ---------------------  ------------------   MAI  ------
         NO OF              TOP      TOTAL MERCH MERCH NO OF TOTAL MERCH MERCH              TOP  RES  PERIOD ACCRE MORT   MERCH FOR SS
YEAR AGE TREES  BA  SDI CCF HT  QMD  CU FT CU FT BD FT TREES CU FT CU FT BD FT  BA  SDI CCF HT   QMD  YEARS   PER  YEAR   CU FT TYP ZT
---- --- ----- --- ---- --- --- ---- ----- ----- ----- ----- ----- ----- ----- --- ---- --- --- ----  ------ ---- -----   ----- ------
2009 173    19   4    9   5  28  6.3    98    68   328     0     0     0     0   4    9   5  28  6.3      10    1     1     0.4 999 55
2019 183    17   4    9   5  33  6.9   103    75   366     0     0     0     0   4    9   5  33  6.9       1    1     1     0.4 999 55
2020 184    16   4    9   5  33  6.9   104    76   372     0     0     0     0   4    9   5  33  6.9       9    1     1     0.4 999 55
2029 193    14   4    9   5  38  7.4   109    81   399     0     0     0     0   4    9   5  38  7.4       0    0     0     0.4 999 55




                                                     ACTIVITY SUMMARY 

STAND ID= MULT159                       MGMT ID= NONE                                                                            

----------------------------------------------------------------------------------------------------------------------------------

CYCLE  DATE  EXTENSION  KEYWORD   DATE  ACTIVITY DISPOSITION  PARAMETERS:
-----  ----  ---------  --------  ----  --------------------  --------------------------------------------------------------------

   1   2009
               BASE     TREELIST  2009  DONE IN 2018               3.0000     0.0000     0.0000

   2   2019
               BASE     TREELIST  2019  DONE IN 2019               3.0000     0.0000     0.0000

   3   2020
               BASE     TREELIST  2020  DONE IN 2028               3.0000     0.0000     0.0000
----------------------------------------------------------------------------------------------------------------------------------
