

     FOREST VEGETATION SIMULATOR     VERSION FS2025.3 -- INLAND EMPIRE EXPANDED                 RV:20250701    11-29-2025  11:33:33

----------------------------------------------------------------------------------------------------------------------------------

                                                OPTIONS SELECTED BY INPUT

KEYWORD FILE NAME: ../../data/fvs_runFiles/mult_Nov292025_11.33/mult_stand213
----------------------------------------------------------------------------------------------------------------------------------
KEYWORD    PARAMETERS:
--------   -----------------------------------------------------------------------------------------------------------------------

STDIDENT
           STAND ID= MULT213                                                                                                   

RANNSEED   RANDOM SEED IS:        2025.0

********   FVS03 WARNING:  FOREST CODE INDICATES THE GEOGRAPHIC LOCATION IS OUTSIDE THE RANGE OF THE MODEL.  DEFAULT CODE IS USED.

********   FOREST CODE USED IN THIS PROJECTION IS 118

           HABITAT TYPE WILL BE MAPPED TO 660 FOR THIS PROJECTION.

STDINFO    FOREST-LOCATION CODE=     118; HABITAT TYPE=660; AGE=  209; ASPECT AZIMUTH IN DEGREES= 251.; SLOPE=  34.%
           ELEVATION(100'S FEET)= 65.0; REFERENCE CODE=     

TREELIST   DATE/CYCLE=    0; DATA SET REFERENCE NUMBER =  3.; HEADING SUPPRESSION CODE = 0.
           (0=WITH HEADING, OTHER VALUES=SUPPRESS HEADING).

TREEFMT 
          (I4,I4,F8.3,I1,A3,F5.1,F5.1,2F5.1,F5.1,I1,6I2,2I1,I2,2I3,2I1,F3.0)              
                                                                                          

DESIGN     BASAL AREA FACTOR=   -1.0; INVERSE OF FIXED PLOT AREA=    0.0; BREAK DBH=    0.0
           NUMBER OF PLOTS=     4; NON-STOCKABLE PLOTS=     0; STAND SAMPLING WEIGHT=     4.00000
           PROPORTION OF STAND CONSIDERED STOCKABLE=  1.000
           SEE "OPTIONS SELECTED BY DEFAULT" FOR FINAL DESIGN VALUES.

INVYEAR    INVENTORY YEAR= 2011

CYCLEAT    REQUESTED YEAR FOR A CYCLE =2022

NOTRIPLE

NOAUTOES   TALLIES AND INGROWTH WILL NOT BE ADDED AUTOMATICALLY.
           STOCKADJ IS SET TO ZERO, AND NO SPROUTING WILL BE SIMULATED.

CYCLEAT    REQUESTED YEAR FOR A CYCLE =2022

NOCALIB    CALIBRATION USING GROWTH DATA FROM TREE RECORDS HAS BEEN SUPPRESSED FOR ALL SPECIES

NOHTDREG   CALIBRATION OF HEIGHT-DIAMETER RELATIONSHIP WILL BE SUPPRESSED FOR ALL SPECIES

READCORD   LARGE TREE DIAMETER GROWTH MODELS ARE MODIFIED WITH CORRECTION TERMS PRIOR TO CALIBRATION.
           LARGE TREE DIAMETER GROWTH MODEL CORRECTION TERMS BY SPECIES:
           WP = 1.00; WL = 1.00; DF = 0.22; GF = 1.00; WH = 1.00; RC = 1.00; LP = 0.24; ES = 0.55
           AF = 0.58; PP = 0.33; MH = 1.00; WB = 1.00; LM = 1.00; LL = 1.00; PM = 1.00; RM = 1.00
           PY = 1.00; AS = 1.00; CO = 1.00; MM = 1.00; PB = 1.00; OH = 1.00; OS = 1.00


            

READCORR   SMALL TREE HEIGHT GROWTH MODELS ARE MODIFIED WITH CORRECTION TERMS PRIOR TO CALIBRATION.
           SMALL TREE HEIGHT GROWTH MODEL CORRECTION TERMS BY SPECIES:
           WP = 1.00; WL = 1.00; DF = 1.00; GF = 1.00; WH = 1.00; RC = 1.00; LP = 1.00; ES = 1.00
           AF = 0.45; PP = 1.00; MH = 1.00; WB = 1.00; LM = 1.00; LL = 1.00; PM = 1.00; RM = 1.00
           PY = 1.00; AS = 1.00; CO = 1.00; MM = 1.00; PB = 1.00; OH = 1.00; OS = 1.00


            
            

NUMCYCLE   NUMBER OF CYCLES=  2

PROCESS    PROCESS THE STAND.
----------------------------------------------------------------------------------------------------------------------------------

                                                OPTIONS SELECTED BY DEFAULT

----------------------------------------------------------------------------------------------------------------------------------

DESIGN     BASAL AREA FACTOR=   -1.0; INVERSE OF FIXED PLOT AREA=    0.0; BREAK DBH=    0.0
           NUMBER OF PLOTS=     4; NON-STOCKABLE PLOTS=     0; STAND SAMPLING WEIGHT=     4.00000
           PROPORTION OF STAND CONSIDERED STOCKABLE=  1.000

STDINFO    FOREST-LOCATION CODE=     118; HABITAT TYPE=660; AGE=  209; ASPECT AZIMUTH IN DEGREES= 251.; SLOPE=  34.%
           ELEVATION(100'S FEET)= 65.0;  REFERENCE CODE=     

SPECIES      WP      WL      DF      GF      WH      RC      LP      ES      AF      PP
SDI MAX     626.    626.    626.    626.    626.    626.    626.    626.    626.    626.

SPECIES      MH      WB      LM      LL      PM      RM      PY      AS      CO      MM
SDI MAX     626.    626.    626.    626.    626.    626.    626.    626.    626.    626.

SPECIES      PB      OH      OS
SDI MAX     626.    626.    626.

                                  NATIONAL VOLUME ESTIMATOR LIBRARY EQUATION NUMBERS
SPECIES CUBIC FOOT BOARD FOOT SPECIES CUBIC FOOT BOARD FOOT SPECIES CUBIC FOOT BOARD FOOT SPECIES CUBIC FOOT BOARD FOOT 
------- ---------- ---------- ------- ---------- ---------- ------- ---------- ---------- ------- ---------- ---------- 
  WP    I00FW2W119 I00FW2W119   WL    I00FW2W073 I00FW2W073   DF    I00FW2W202 I00FW2W202   GF    I00FW2W017 I00FW2W017
  WH    I00FW2W260 I00FW2W260   RC    I00FW2W242 I00FW2W242   LP    I00FW2W108 I00FW2W108   ES    I00FW2W093 I00FW2W093
  AF    I00FW2W019 I00FW2W019   PP    I00FW2W122 I00FW2W122   MH    I00FW2W260 I00FW2W260   WB    I00FW2W012 I00FW2W012
  LM    I00FW2W073 I00FW2W073   LL    I00FW2W019 I00FW2W019   PM    102DVEW106 102DVEW106   RM    102DVEW106 102DVEW106
  PY    616BEHW231 616BEHW231   AS    102DVEW746 102DVEW746   CO    102DVEW740 102DVEW740   MM    200DVEW746 200DVEW746
  PB    101DVEW375 101DVEW375   OH    200DVEW746 200DVEW746   OS    I00FW2W260 I00FW2W260

SITECODE   SITE INDEX INFORMATION:
            WP=    0.;  WL=    0.;  DF=    0.;  GF=    0.;  WH=    0.;  RC=    0.;  LP=    0.;  ES=    0.; AF=    0.
            PP=    0.;  MH=    0.;  WB=    0.;  LM=   36.;  LL=    0.;  PM=   12.;  RM=   10.;  PY=   36.; AS=   49.
            CO=   73.;  MM=   49.;  PB=   49.;  OH=   73.;  OS=    0.
           SITE SPECIES=DF CODE=    3

INVENTORY POINT CROSS REFERENCE (FVS SEQUENTIAL POINT NUMBER = POINT NUMBER AS ENTERED IN THE INPUT DATA):
  1=       2;   2=       3;   3=       4;   4=       1
----------------------------------------------------------------------------------------------------------------------------------


                                                     ACTIVITY SCHEDULE

STAND ID= MULT213                       MGMT ID= NONE                                                                            

----------------------------------------------------------------------------------------------------------------------------------

CYCLE  DATE  EXTENSION  KEYWORD   DATE  PARAMETERS:
-----  ----  ---------  --------  ----  ------------------------------------------------------------------------------------------

   1   2011
               BASE     TREELIST  2011       3.0000     0.0000     0.0000

   2   2021
               BASE     TREELIST  2021       3.0000     0.0000     0.0000

   3   2022
               BASE     TREELIST  2022       3.0000     0.0000     0.0000
----------------------------------------------------------------------------------------------------------------------------------


CALIBRATION STATISTICS:


                                                 DF    AF    ES    LP
                                                ----  ----  ----  ----

NUMBER OF RECORDS PER SPECIES                     27     8     1    14

NUMBER OF RECORDS CODED AS RECENT MORTALITY        0     0     0     0

NUMBER OF RECORDS WITH MISSING HEIGHTS             4     4     1     0

NUMBER OF RECORDS WITH BROKEN OR DEAD TOPS         1     0     0     0

NUMBER OF RECORDS WITH MISSING CROWN RATIOS        4     4     1     0

NUMBER OF RECORDS AVAILABLE FOR SCALING
THE DIAMETER INCREMENT MODEL                       0     0     0     0

RATIO OF STANDARD ERRORS
(INPUT DBH GROWTH DATA : MODEL)                 1.00  1.00  1.00  1.00

WEIGHT GIVEN TO THE INPUT GROWTH DATA WHEN
DBH GROWTH MODEL SCALE FACTORS WERE COMPUTED    0.00  0.00  0.00  0.00

INITIAL SCALE FACTORS FOR THE
DBH INCREMENT MODEL                             1.00  1.00  1.00  1.00

NUMBER OF RECORDS AVAILABLE FOR SCALING
THE SMALL TREE HEIGHT INCREMENT MODEL             0     0     0     0

INITIAL SCALE FACTORS FOR THE SMALL TREE
HEIGHT INCREMENT MODEL                          1.00  1.00  1.00  1.00

NUMBER OF RECORDS WITH MISTLETOE                   0     0     0     0


     FOREST VEGETATION SIMULATOR     VERSION FS2025.3 -- INLAND EMPIRE EXPANDED                 RV:20250701    11-29-2025  11:33:33

STAND ID: MULT213                       MGMT ID: NONE     


                                        STAND COMPOSITION (BASED ON STOCKABLE AREA)
--------------------------------------------------------------------------------------------------------------------------
                            PERCENTILE POINTS IN THE
                     DISTRIBUTION OF STAND ATTRIBUTES BY DBH      TOTAL/ACRE
        STAND       -----------------------------------------      OF STAND         DISTRIBUTION OF STAND ATTRIBUTES BY
YEAR  ATTRIBUTES      10     30     50     70     90    100       ATTRIBUTES       SPECIES AND 3 USER-DEFINED SUBCLASSES
----  -----------   ------ ------ ------ ------ ------ ------   --------------  ------------------------------------------
                                 (DBH IN INCHES)



2011  TREES           0.1    0.1    6.2    8.3   12.9    18.8      12. TREES     55.% DF1,  24.% LP1,  18.% AF1,   2.% ES1
      VOLUME:  
        TOTAL         7.8    9.3   12.6   13.7   18.8    18.8      96. CUFT      51.% LP1,  45.% DF1,   4.% AF1,   0.% ---
        MERCH         7.9    9.8   12.8   13.7   18.8    18.8      79. CUFT      53.% LP1,  44.% DF1,   3.% AF1,   0.% ---
        MERCH         7.9    9.8   12.8   13.7   18.8    18.8     388. BDFT      54.% LP1,  43.% DF1,   3.% AF1,   0.% ---


      ACCRETION       2.4    7.4    8.2   11.0   13.7    18.8       1. CUFT/YR   61.% DF1,  25.% LP1,  13.% AF1,   0.% ---
      MORTALITY       7.4    8.5   11.0   12.8   13.7    18.8       1. CUFT/YR   69.% LP1,  29.% DF1,   3.% AF1,   0.% ---



2021  TREES           0.1    3.4    6.9    8.6   13.2    19.1      10. TREES     56.% DF1,  24.% LP1,  18.% AF1,   2.% ES1
      VOLUME:  
        TOTAL         8.1    9.1   12.9   13.9   19.1    19.1      97. CUFT      48.% DF1,  46.% LP1,   6.% AF1,   0.% ---
        MERCH         8.2    9.6   12.9   13.9   19.1    19.1      79. CUFT      49.% LP1,  47.% DF1,   4.% AF1,   0.% ---
        MERCH         8.2    9.6   12.9   13.9   19.1    19.1     385. BDFT      50.% LP1,  46.% DF1,   5.% AF1,   0.% ---


      ACCRETION       6.0    8.1    8.6   11.2   13.9    19.1       1. CUFT/YR   57.% DF1,  29.% LP1,  14.% AF1,   0.% ---
      MORTALITY       7.6    8.7   12.0   12.9   16.9    19.1       1. CUFT/YR   65.% LP1,  31.% DF1,   3.% AF1,   0.% ---



2022  TREES           0.1    3.5    6.9    8.7   13.3    19.1      10. TREES     56.% DF1,  24.% LP1,  18.% AF1,   2.% ES1
      VOLUME:  
        TOTAL         7.7    9.1   12.9   13.9   19.1    19.1      97. CUFT      48.% DF1,  46.% LP1,   6.% AF1,   0.% ---
        MERCH         8.2    9.6   12.9   13.9   19.1    19.1      79. CUFT      49.% LP1,  47.% DF1,   5.% AF1,   0.% ---
        MERCH         8.2    9.1   12.9   13.9   19.1    19.1     388. BDFT      48.% LP1,  47.% DF1,   5.% AF1,   0.% ---


      ACCRETION       5.5    7.7    8.5   10.3   16.9    19.1       1. CUFT/YR   58.% DF1,  22.% LP1,  19.% AF1,   0.% ES1
      MORTALITY       7.6    8.7   11.2   12.9   16.9    19.1       1. CUFT/YR   62.% LP1,  34.% DF1,   3.% AF1,   0.% ---



2031  TREES           0.3    4.2    7.8    9.1   13.4    19.4       9. TREES     57.% DF1,  24.% LP1,  17.% AF1,   2.% ES1
      VOLUME:  
        TOTAL         7.8    9.1   13.0   14.0   19.4    19.4      97. CUFT      51.% DF1,  42.% LP1,   7.% AF1,   0.% ES1
        MERCH         8.5    9.7   13.0   14.1   19.4    19.4      81. CUFT      50.% DF1,  44.% LP1,   7.% AF1,   0.% ---
        MERCH         8.5    9.7   13.0   14.1   19.4    19.4     401. BDFT      51.% DF1,  42.% LP1,   7.% AF1,   0.% ---


     FOREST VEGETATION SIMULATOR     VERSION FS2025.3 -- INLAND EMPIRE EXPANDED                 RV:20250701    11-29-2025  11:33:33

STAND ID: MULT213                       MGMT ID: NONE     


------------------------------------------------------------------------------------------------------------------------------
                     ATTRIBUTES OF SELECTED SAMPLE TREES                 ADDITIONAL STAND ATTRIBUTES (BASED ON STOCKABLE AREA)
      -----------------------------------------------------------------  -----------------------------------------------------
      INITIAL                           LIVE   PAST DBH  BASAL   TREES          QUADRATIC   TREES    BASAL  TOP HEIGHT  CROWN
      TREES/A            DBH    HEIGHT  CROWN   GROWTH   AREA     PER    STAND   MEAN DBH    PER     AREA     LARGEST   COMP
YEAR   %TILE  SPECIES (INCHES)  (FEET)  RATIO  (INCHES)  %TILE    ACRE   AGE     (INCHES)    ACRE   (SQFT/A) 40/A (FT)  FACTOR
----  ------- ------- -------- -------- ------ --------- ------- ------  -----  ---------   ------ --------- --------- -------

2011                                          ( 10 YRS)

        10     DF1       0.10     1.01    69     0.00      0.0    0.25
        30     DF1       0.10     1.01    57     0.00      0.0    0.25
        50     LP1       6.20    38.00    45     0.29      5.4    0.25
        70     LP1       8.30    59.00    45     0.12     26.1    0.25
        90     DF1      12.90    37.00    45     0.18     65.7    0.25
       100     DF1      18.80    81.00    55     0.36    100.0    0.25
                                                                         209       7.7       12.       4.       31.9      4.1

2021                                          ( 10 YRS)

        10     DF1       0.11     4.45    69     0.00      0.0    0.19
        30     DF1       0.33     5.29    57     0.20      0.0    0.19
        50     LP1       6.59    41.29    43     0.38      6.6    0.21
        70     LP1       8.51    61.00    44     0.21     26.0    0.21
        90     DF1      13.23    39.93    41     0.28     65.9    0.23
       100     DF1      19.08    82.61    54     0.24    100.0    0.24
                                                                         219       8.2       10.       4.       38.7      4.1

2022                                          (  1 YRS)

        10     DF1       0.15     5.19    69     0.03      0.0    0.19
        30     DF1       0.43     6.17    57     0.08      0.0    0.19
        50     LP1       6.62    41.54    43     0.02      6.7    0.20
        70     LP1       8.54    61.20    44     0.02     26.1    0.20
        90     DF1      13.25    40.18    41     0.02     65.9    0.23
       100     DF1      19.10    82.76    54     0.02    100.0    0.24
                                                                         220       8.3       10.       4.       39.5      4.1

2031                                          (  9 YRS)

        10     DF1       1.72    17.09    69     1.36      0.3    0.15
        30     DF1       2.26    19.45    57     1.59      0.5    0.17
        50     LP1       6.77    43.46    41     0.15      6.0    0.17
        70     LP1       8.72    62.91    42     0.18     22.4    0.17
        90     DF1      13.37    41.87    39     0.11     65.8    0.21
       100     DF1      19.37    84.19    54     0.23    100.0    0.23
                                                                         229       8.7        9.       4.       45.4      3.9


     FOREST VEGETATION SIMULATOR     VERSION FS2025.3 -- INLAND EMPIRE EXPANDED                 RV:20250701    11-29-2025  11:33:33

STAND ID: MULT213                       MGMT ID: NONE    



                                SUMMARY STATISTICS (PER ACRE OR STAND BASED ON TOTAL STAND AREA)
--------------------------------------------------------------------------------------------------------------------------------------
               START OF SIMULATION PERIOD                     REMOVALS             AFTER TREATMENT    GROWTH THIS PERIOD
         --------------------------------------------- ----------------------- ---------------------  ------------------   MAI  ------
         NO OF              TOP      TOTAL MERCH MERCH NO OF TOTAL MERCH MERCH              TOP  RES  PERIOD ACCRE MORT   MERCH FOR SS
YEAR AGE TREES  BA  SDI CCF HT  QMD  CU FT CU FT BD FT TREES CU FT CU FT BD FT  BA  SDI CCF HT   QMD  YEARS   PER  YEAR   CU FT TYP ZT
---- --- ----- --- ---- --- --- ---- ----- ----- ----- ----- ----- ----- ----- --- ---- --- --- ----  ------ ---- -----   ----- ------
2011 209    12   4    8   4  32  7.7    96    79   388     0     0     0     0   4    8   4  32  7.7      10    1     1     0.4 999 55
2021 219    10   4    8   4  39  8.2    97    79   385     0     0     0     0   4    8   4  39  8.2       1    1     1     0.4 999 55
2022 220    10   4    8   4  40  8.3    97    79   388     0     0     0     0   4    8   4  40  8.3       9    1     1     0.4 999 55
2031 229     9   4    7   4  45  8.7    97    81   401     0     0     0     0   4    7   4  45  8.7       0    0     0     0.4 999 55




                                                     ACTIVITY SUMMARY 

STAND ID= MULT213                       MGMT ID= NONE                                                                            

----------------------------------------------------------------------------------------------------------------------------------

CYCLE  DATE  EXTENSION  KEYWORD   DATE  ACTIVITY DISPOSITION  PARAMETERS:
-----  ----  ---------  --------  ----  --------------------  --------------------------------------------------------------------

   1   2011
               BASE     TREELIST  2011  DONE IN 2020               3.0000     0.0000     0.0000

   2   2021
               BASE     TREELIST  2021  DONE IN 2021               3.0000     0.0000     0.0000

   3   2022
               BASE     TREELIST  2022  DONE IN 2030               3.0000     0.0000     0.0000
----------------------------------------------------------------------------------------------------------------------------------
