

     FOREST VEGETATION SIMULATOR     VERSION FS2025.3 -- INLAND EMPIRE EXPANDED                 RV:20250701    11-29-2025  11:33:25

----------------------------------------------------------------------------------------------------------------------------------

                                                OPTIONS SELECTED BY INPUT

KEYWORD FILE NAME: ../../data/fvs_runFiles/mult_Nov292025_11.33/mult_stand19
----------------------------------------------------------------------------------------------------------------------------------
KEYWORD    PARAMETERS:
--------   -----------------------------------------------------------------------------------------------------------------------

STDIDENT
           STAND ID= MULT19                                                                                                    

RANNSEED   RANDOM SEED IS:        2025.0

********   FVS03 WARNING:  FOREST CODE INDICATES THE GEOGRAPHIC LOCATION IS OUTSIDE THE RANGE OF THE MODEL.  DEFAULT CODE IS USED.

********   FOREST CODE USED IN THIS PROJECTION IS 118

           HABITAT TYPE WILL BE MAPPED TO 850 FOR THIS PROJECTION.

STDINFO    FOREST-LOCATION CODE=     118; HABITAT TYPE=850; AGE=  132; ASPECT AZIMUTH IN DEGREES= 135.; SLOPE=  54.%
           ELEVATION(100'S FEET)= 80.0; REFERENCE CODE=     

TREELIST   DATE/CYCLE=    0; DATA SET REFERENCE NUMBER =  3.; HEADING SUPPRESSION CODE = 0.
           (0=WITH HEADING, OTHER VALUES=SUPPRESS HEADING).

TREEFMT 
          (I4,I4,F8.3,I1,A3,F5.1,F5.1,2F5.1,F5.1,I1,6I2,2I1,I2,2I3,2I1,F3.0)              
                                                                                          

DESIGN     BASAL AREA FACTOR=   -1.0; INVERSE OF FIXED PLOT AREA=    0.0; BREAK DBH=    0.0
           NUMBER OF PLOTS=     4; NON-STOCKABLE PLOTS=     0; STAND SAMPLING WEIGHT=     4.00000
           PROPORTION OF STAND CONSIDERED STOCKABLE=  1.000
           SEE "OPTIONS SELECTED BY DEFAULT" FOR FINAL DESIGN VALUES.

INVYEAR    INVENTORY YEAR= 2005

CYCLEAT    REQUESTED YEAR FOR A CYCLE =2016

NOTRIPLE

NOAUTOES   TALLIES AND INGROWTH WILL NOT BE ADDED AUTOMATICALLY.
           STOCKADJ IS SET TO ZERO, AND NO SPROUTING WILL BE SIMULATED.

CYCLEAT    REQUESTED YEAR FOR A CYCLE =2016

NOCALIB    CALIBRATION USING GROWTH DATA FROM TREE RECORDS HAS BEEN SUPPRESSED FOR ALL SPECIES

NOHTDREG   CALIBRATION OF HEIGHT-DIAMETER RELATIONSHIP WILL BE SUPPRESSED FOR ALL SPECIES

READCORD   LARGE TREE DIAMETER GROWTH MODELS ARE MODIFIED WITH CORRECTION TERMS PRIOR TO CALIBRATION.
           LARGE TREE DIAMETER GROWTH MODEL CORRECTION TERMS BY SPECIES:
           WP = 1.00; WL = 1.00; DF = 0.22; GF = 1.00; WH = 1.00; RC = 1.00; LP = 0.24; ES = 0.55
           AF = 0.58; PP = 0.33; MH = 1.00; WB = 1.00; LM = 1.00; LL = 1.00; PM = 1.00; RM = 1.00
           PY = 1.00; AS = 1.00; CO = 1.00; MM = 1.00; PB = 1.00; OH = 1.00; OS = 1.00


            

READCORR   SMALL TREE HEIGHT GROWTH MODELS ARE MODIFIED WITH CORRECTION TERMS PRIOR TO CALIBRATION.
           SMALL TREE HEIGHT GROWTH MODEL CORRECTION TERMS BY SPECIES:
           WP = 1.00; WL = 1.00; DF = 1.00; GF = 1.00; WH = 1.00; RC = 1.00; LP = 1.00; ES = 1.00
           AF = 0.45; PP = 1.00; MH = 1.00; WB = 1.00; LM = 1.00; LL = 1.00; PM = 1.00; RM = 1.00
           PY = 1.00; AS = 1.00; CO = 1.00; MM = 1.00; PB = 1.00; OH = 1.00; OS = 1.00


            
            

NUMCYCLE   NUMBER OF CYCLES=  2

PROCESS    PROCESS THE STAND.

********   FVS09 WARNING:  PLOT COUNTS DO NOT MATCH DATA ON THE DESIGN RECORD; DESIGN RECORD DATA USED.
                            PLOT COUNT=   3; NONSTOCKABLE COUNT=   0
----------------------------------------------------------------------------------------------------------------------------------

                                                OPTIONS SELECTED BY DEFAULT

----------------------------------------------------------------------------------------------------------------------------------

DESIGN     BASAL AREA FACTOR=   -1.0; INVERSE OF FIXED PLOT AREA=    0.0; BREAK DBH=    0.0
           NUMBER OF PLOTS=     4; NON-STOCKABLE PLOTS=     0; STAND SAMPLING WEIGHT=     4.00000
           PROPORTION OF STAND CONSIDERED STOCKABLE=  1.000

STDINFO    FOREST-LOCATION CODE=     118; HABITAT TYPE=850; AGE=  132; ASPECT AZIMUTH IN DEGREES= 135.; SLOPE=  54.%
           ELEVATION(100'S FEET)= 80.0;  REFERENCE CODE=     

SPECIES      WP      WL      DF      GF      WH      RC      LP      ES      AF      PP
SDI MAX     345.    345.    345.    345.    345.    345.    345.    345.    345.    345.

SPECIES      MH      WB      LM      LL      PM      RM      PY      AS      CO      MM
SDI MAX     345.    345.    345.    345.    345.    345.    345.    345.    345.    345.

SPECIES      PB      OH      OS
SDI MAX     345.    345.    345.

                                  NATIONAL VOLUME ESTIMATOR LIBRARY EQUATION NUMBERS
SPECIES CUBIC FOOT BOARD FOOT SPECIES CUBIC FOOT BOARD FOOT SPECIES CUBIC FOOT BOARD FOOT SPECIES CUBIC FOOT BOARD FOOT 
------- ---------- ---------- ------- ---------- ---------- ------- ---------- ---------- ------- ---------- ---------- 
  WP    I00FW2W119 I00FW2W119   WL    I00FW2W073 I00FW2W073   DF    I00FW2W202 I00FW2W202   GF    I00FW2W017 I00FW2W017
  WH    I00FW2W260 I00FW2W260   RC    I00FW2W242 I00FW2W242   LP    I00FW2W108 I00FW2W108   ES    I00FW2W093 I00FW2W093
  AF    I00FW2W019 I00FW2W019   PP    I00FW2W122 I00FW2W122   MH    I00FW2W260 I00FW2W260   WB    I00FW2W012 I00FW2W012
  LM    I00FW2W073 I00FW2W073   LL    I00FW2W019 I00FW2W019   PM    102DVEW106 102DVEW106   RM    102DVEW106 102DVEW106
  PY    616BEHW231 616BEHW231   AS    102DVEW746 102DVEW746   CO    102DVEW740 102DVEW740   MM    200DVEW746 200DVEW746
  PB    101DVEW375 101DVEW375   OH    200DVEW746 200DVEW746   OS    I00FW2W260 I00FW2W260

SITECODE   SITE INDEX INFORMATION:
            WP=    0.;  WL=    0.;  DF=    0.;  GF=    0.;  WH=    0.;  RC=    0.;  LP=    0.;  ES=    0.; AF=    0.
            PP=    0.;  MH=    0.;  WB=    0.;  LM=   22.;  LL=    0.;  PM=    6.;  RM=    6.;  PY=   22.; AS=   33.
            CO=   36.;  MM=   33.;  PB=   33.;  OH=   36.;  OS=    0.
           SITE SPECIES=DF CODE=    3

INVENTORY POINT CROSS REFERENCE (FVS SEQUENTIAL POINT NUMBER = POINT NUMBER AS ENTERED IN THE INPUT DATA):
  1=       1;   2=       2;   3=       4;   4=       0
----------------------------------------------------------------------------------------------------------------------------------


                                                     ACTIVITY SCHEDULE

STAND ID= MULT19                        MGMT ID= NONE                                                                            

----------------------------------------------------------------------------------------------------------------------------------

CYCLE  DATE  EXTENSION  KEYWORD   DATE  PARAMETERS:
-----  ----  ---------  --------  ----  ------------------------------------------------------------------------------------------

   1   2005
               BASE     TREELIST  2005       3.0000     0.0000     0.0000

   2   2015
               BASE     TREELIST  2015       3.0000     0.0000     0.0000

   3   2016
               BASE     TREELIST  2016       3.0000     0.0000     0.0000
----------------------------------------------------------------------------------------------------------------------------------


CALIBRATION STATISTICS:


                                                 LP    AF
                                                ----  ----

NUMBER OF RECORDS PER SPECIES                      7    11

NUMBER OF RECORDS CODED AS RECENT MORTALITY        0     0

NUMBER OF RECORDS WITH MISSING HEIGHTS             1     2

NUMBER OF RECORDS WITH BROKEN OR DEAD TOPS         0     0

NUMBER OF RECORDS WITH MISSING CROWN RATIOS        1     2

NUMBER OF RECORDS AVAILABLE FOR SCALING
THE DIAMETER INCREMENT MODEL                       0     0

RATIO OF STANDARD ERRORS
(INPUT DBH GROWTH DATA : MODEL)                 1.00  1.00

WEIGHT GIVEN TO THE INPUT GROWTH DATA WHEN
DBH GROWTH MODEL SCALE FACTORS WERE COMPUTED    0.00  0.00

INITIAL SCALE FACTORS FOR THE
DBH INCREMENT MODEL                             1.00  1.00

NUMBER OF RECORDS AVAILABLE FOR SCALING
THE SMALL TREE HEIGHT INCREMENT MODEL             0     0

INITIAL SCALE FACTORS FOR THE SMALL TREE
HEIGHT INCREMENT MODEL                          1.00  1.00

NUMBER OF RECORDS WITH MISTLETOE                   0     0


     FOREST VEGETATION SIMULATOR     VERSION FS2025.3 -- INLAND EMPIRE EXPANDED                 RV:20250701    11-29-2025  11:33:25

STAND ID: MULT19                        MGMT ID: NONE     


                                        STAND COMPOSITION (BASED ON STOCKABLE AREA)
--------------------------------------------------------------------------------------------------------------------------
                            PERCENTILE POINTS IN THE
                     DISTRIBUTION OF STAND ATTRIBUTES BY DBH      TOTAL/ACRE
        STAND       -----------------------------------------      OF STAND         DISTRIBUTION OF STAND ATTRIBUTES BY
YEAR  ATTRIBUTES      10     30     50     70     90    100       ATTRIBUTES       SPECIES AND 3 USER-DEFINED SUBCLASSES
----  -----------   ------ ------ ------ ------ ------ ------   --------------  ------------------------------------------
                                 (DBH IN INCHES)



2005  TREES           0.1    0.1    0.1    5.3    6.5    10.6       7. TREES     75.% AF1,  25.% LP1,   0.% ---,   0.% ---
      VOLUME:  
        TOTAL         5.1    6.2    6.5    8.9   10.6    10.6      11. CUFT      57.% LP1,  43.% AF1,   0.% ---,   0.% ---
        MERCH         6.2    6.5    8.9   10.6   10.6    10.6       5. CUFT      67.% LP1,  33.% AF1,   0.% ---,   0.% ---
        MERCH         6.2    6.5    8.9   10.6   10.6    10.6      22. BDFT      67.% LP1,  33.% AF1,   0.% ---,   0.% ---


      ACCRETION       3.5    5.3    6.3    6.5   10.6    10.6       0. CUFT/YR   63.% AF1,  37.% LP1,   0.% ---,   0.% ---
      MORTALITY       5.1    6.2    6.5    8.9   10.6    10.6       0. CUFT/YR   71.% LP1,  29.% AF1,   0.% ---,   0.% ---



2015  TREES           0.1    0.1    4.6    6.5    7.2    10.9       6. TREES     74.% AF1,  26.% LP1,   0.% ---,   0.% ---
      VOLUME:  
        TOTAL         5.5    6.5    6.9    9.0   10.9    10.9      12. CUFT      51.% LP1,  49.% AF1,   0.% ---,   0.% ---
        MERCH         6.5    6.8    7.2    9.0   10.9    10.9       7. CUFT      64.% LP1,  36.% AF1,   0.% ---,   0.% ---
        MERCH         6.5    6.8    7.2    9.0   10.9    10.9      32. BDFT      63.% LP1,  37.% AF1,   0.% ---,   0.% ---


      ACCRETION       2.3    5.3    6.5    7.2   10.9    10.9       0. CUFT/YR   90.% AF1,  10.% LP1,   0.% ---,   0.% ---
      MORTALITY       5.5    6.5    6.8    9.0   10.9    10.9       0. CUFT/YR   71.% LP1,  29.% AF1,   0.% ---,   0.% ---



2016  TREES           0.1    0.1    4.6    6.6    7.3    11.0       6. TREES     74.% AF1,  26.% LP1,   0.% ---,   0.% ---
      VOLUME:  
        TOTAL         5.5    6.6    7.0    9.0   11.0    11.0      13. CUFT      51.% LP1,  49.% AF1,   0.% ---,   0.% ---
        MERCH         6.6    6.8    7.3    9.0   11.0    11.0       7. CUFT      65.% LP1,  35.% AF1,   0.% ---,   0.% ---
        MERCH         6.6    6.8    7.3    9.0   11.0    11.0      34. BDFT      65.% LP1,  35.% AF1,   0.% ---,   0.% ---


      ACCRETION       4.7    6.6    6.8    7.3   11.0    11.0       0. CUFT/YR   62.% AF1,  38.% LP1,   0.% ---,   0.% ---
      MORTALITY       5.5    6.6    6.8    9.0    9.0    11.0       0. CUFT/YR   68.% LP1,  32.% AF1,   0.% ---,   0.% ---



2025  TREES           0.1    0.3    5.3    6.8    7.9    11.3       5. TREES     73.% AF1,  27.% LP1,   0.% ---,   0.% ---
      VOLUME:  
        TOTAL         5.7    6.8    7.7    9.2   11.3    11.3      14. CUFT      53.% AF1,  47.% LP1,   0.% ---,   0.% ---
        MERCH         6.8    7.2    7.9    9.2   11.3    11.3       8. CUFT      53.% LP1,  47.% AF1,   0.% ---,   0.% ---
        MERCH         6.8    7.2    7.7    9.2   11.3    11.3      39. BDFT      60.% LP1,  40.% AF1,   0.% ---,   0.% ---


     FOREST VEGETATION SIMULATOR     VERSION FS2025.3 -- INLAND EMPIRE EXPANDED                 RV:20250701    11-29-2025  11:33:25

STAND ID: MULT19                        MGMT ID: NONE     


------------------------------------------------------------------------------------------------------------------------------
                     ATTRIBUTES OF SELECTED SAMPLE TREES                 ADDITIONAL STAND ATTRIBUTES (BASED ON STOCKABLE AREA)
      -----------------------------------------------------------------  -----------------------------------------------------
      INITIAL                           LIVE   PAST DBH  BASAL   TREES          QUADRATIC   TREES    BASAL  TOP HEIGHT  CROWN
      TREES/A            DBH    HEIGHT  CROWN   GROWTH   AREA     PER    STAND   MEAN DBH    PER     AREA     LARGEST   COMP
YEAR   %TILE  SPECIES (INCHES)  (FEET)  RATIO  (INCHES)  %TILE    ACRE   AGE     (INCHES)    ACRE   (SQFT/A) 40/A (FT)  FACTOR
----  ------- ------- -------- -------- ------ --------- ------- ------  -----  ---------   ------ --------- --------- -------

2005                                          ( 10 YRS)

        10     AF1       0.10     1.01    77     0.00      0.0    1.00
        30     AF1       0.10     1.01    85     0.00      0.0    2.25
        50     LP1       0.10     1.01    57     0.00      0.0    0.25
        70     AF1       5.30    24.00    85     0.82     19.7    0.25
        90     LP1       6.50    36.00    65     0.28     64.1    0.25
       100     AF1      10.60    33.00    55     0.15    100.0    0.25
                                                                         132       4.4        7.       1.       14.8      0.9

2015                                          ( 10 YRS)

        10     AF1       0.11     3.05    77     0.00      0.0    0.75
        30     AF1       0.10     1.79    85     0.00      0.0    1.70
        50     LP1       0.41     5.79    57     0.30      0.0    0.17
        70     AF1       6.47    28.90    86     1.10     29.7    0.24
        90     LP1       6.78    38.76    59     0.27     50.8    0.22
       100     AF1      10.95    36.15    54     0.32    100.0    0.23
                                                                         142       4.9        6.       1.       18.9      0.9

2016                                          (  1 YRS)

        10     AF1       0.11     3.18    77     0.00      0.0    0.73
        30     AF1       0.10     1.96    85     0.00      0.0    1.65
        50     LP1       0.55     6.96    57     0.13      0.1    0.16
        70     AF1       6.55    29.33    86     0.07     30.0    0.24
        90     LP1       6.81    39.01    59     0.02     50.9    0.22
       100     AF1      10.98    36.46    54     0.03    100.0    0.23
                                                                         143       5.0        6.       1.       19.3      0.9

2025                                          (  9 YRS)

        10     AF1       0.30     5.08    77     0.18      0.0    0.57
        30     AF1       0.11     2.87    85     0.00      0.0    1.28
        50     LP1       1.32    13.20    57     0.75      0.2    0.15
        70     AF1       6.84    32.08    86     0.27     36.6    0.23
        90     LP1       7.20    42.08    56     0.38     50.5    0.19
       100     AF1      11.26    39.11    53     0.26    100.0    0.22
                                                                         152       5.4        5.       1.       22.8      0.9


     FOREST VEGETATION SIMULATOR     VERSION FS2025.3 -- INLAND EMPIRE EXPANDED                 RV:20250701    11-29-2025  11:33:25

STAND ID: MULT19                        MGMT ID: NONE    



                                SUMMARY STATISTICS (PER ACRE OR STAND BASED ON TOTAL STAND AREA)
--------------------------------------------------------------------------------------------------------------------------------------
               START OF SIMULATION PERIOD                     REMOVALS             AFTER TREATMENT    GROWTH THIS PERIOD
         --------------------------------------------- ----------------------- ---------------------  ------------------   MAI  ------
         NO OF              TOP      TOTAL MERCH MERCH NO OF TOTAL MERCH MERCH              TOP  RES  PERIOD ACCRE MORT   MERCH FOR SS
YEAR AGE TREES  BA  SDI CCF HT  QMD  CU FT CU FT BD FT TREES CU FT CU FT BD FT  BA  SDI CCF HT   QMD  YEARS   PER  YEAR   CU FT TYP ZT
---- --- ----- --- ---- --- --- ---- ----- ----- ----- ----- ----- ----- ----- --- ---- --- --- ----  ------ ---- -----   ----- ------
2005 132     7   1    2   1  15  4.4    11     5    23     0     0     0     0   1    2   1  15  4.4      10    0     0     0.0 999 55
2015 142     6   1    2   1  19  4.9    12     7    32     0     0     0     0   1    2   1  19  4.9       1    0     0     0.0 999 55
2016 143     6   1    2   1  19  5.0    13     7    34     0     0     0     0   1    2   1  19  5.0       9    0     0     0.0 999 55
2025 152     5   1    2   1  23  5.4    14     8    39     0     0     0     0   1    2   1  23  5.4       0    0     0     0.1 999 55




                                                     ACTIVITY SUMMARY 

STAND ID= MULT19                        MGMT ID= NONE                                                                            

----------------------------------------------------------------------------------------------------------------------------------

CYCLE  DATE  EXTENSION  KEYWORD   DATE  ACTIVITY DISPOSITION  PARAMETERS:
-----  ----  ---------  --------  ----  --------------------  --------------------------------------------------------------------

   1   2005
               BASE     TREELIST  2005  DONE IN 2014               3.0000     0.0000     0.0000

   2   2015
               BASE     TREELIST  2015  DONE IN 2015               3.0000     0.0000     0.0000

   3   2016
               BASE     TREELIST  2016  DONE IN 2024               3.0000     0.0000     0.0000
----------------------------------------------------------------------------------------------------------------------------------
