

     FOREST VEGETATION SIMULATOR     VERSION FS2025.3 -- INLAND EMPIRE EXPANDED                 RV:20250701    11-29-2025  11:33:27

----------------------------------------------------------------------------------------------------------------------------------

                                                OPTIONS SELECTED BY INPUT

KEYWORD FILE NAME: ../../data/fvs_runFiles/mult_Nov292025_11.33/mult_stand55
----------------------------------------------------------------------------------------------------------------------------------
KEYWORD    PARAMETERS:
--------   -----------------------------------------------------------------------------------------------------------------------

STDIDENT
           STAND ID= MULT55                                                                                                    

RANNSEED   RANDOM SEED IS:        2025.0

********   FVS03 WARNING:  FOREST CODE INDICATES THE GEOGRAPHIC LOCATION IS OUTSIDE THE RANGE OF THE MODEL.  DEFAULT CODE IS USED.

********   FOREST CODE USED IN THIS PROJECTION IS 118

           HABITAT TYPE WILL BE MAPPED TO 280 FOR THIS PROJECTION.

STDINFO    FOREST-LOCATION CODE=     118; HABITAT TYPE=280; AGE=  188; ASPECT AZIMUTH IN DEGREES= 248.; SLOPE=  55.%
           ELEVATION(100'S FEET)= 62.0; REFERENCE CODE=     

TREELIST   DATE/CYCLE=    0; DATA SET REFERENCE NUMBER =  3.; HEADING SUPPRESSION CODE = 0.
           (0=WITH HEADING, OTHER VALUES=SUPPRESS HEADING).

TREEFMT 
          (I4,I4,F8.3,I1,A3,F5.1,F5.1,2F5.1,F5.1,I1,6I2,2I1,I2,2I3,2I1,F3.0)              
                                                                                          

DESIGN     BASAL AREA FACTOR=   -1.0; INVERSE OF FIXED PLOT AREA=    0.0; BREAK DBH=    0.0
           NUMBER OF PLOTS=     4; NON-STOCKABLE PLOTS=     0; STAND SAMPLING WEIGHT=     4.00000
           PROPORTION OF STAND CONSIDERED STOCKABLE=  1.000
           SEE "OPTIONS SELECTED BY DEFAULT" FOR FINAL DESIGN VALUES.

INVYEAR    INVENTORY YEAR= 2010

CYCLEAT    REQUESTED YEAR FOR A CYCLE =2021

NOTRIPLE

NOAUTOES   TALLIES AND INGROWTH WILL NOT BE ADDED AUTOMATICALLY.
           STOCKADJ IS SET TO ZERO, AND NO SPROUTING WILL BE SIMULATED.

CYCLEAT    REQUESTED YEAR FOR A CYCLE =2021

NOCALIB    CALIBRATION USING GROWTH DATA FROM TREE RECORDS HAS BEEN SUPPRESSED FOR ALL SPECIES

NOHTDREG   CALIBRATION OF HEIGHT-DIAMETER RELATIONSHIP WILL BE SUPPRESSED FOR ALL SPECIES

READCORD   LARGE TREE DIAMETER GROWTH MODELS ARE MODIFIED WITH CORRECTION TERMS PRIOR TO CALIBRATION.
           LARGE TREE DIAMETER GROWTH MODEL CORRECTION TERMS BY SPECIES:
           WP = 1.00; WL = 1.00; DF = 0.22; GF = 1.00; WH = 1.00; RC = 1.00; LP = 0.24; ES = 0.55
           AF = 0.58; PP = 0.33; MH = 1.00; WB = 1.00; LM = 1.00; LL = 1.00; PM = 1.00; RM = 1.00
           PY = 1.00; AS = 1.00; CO = 1.00; MM = 1.00; PB = 1.00; OH = 1.00; OS = 1.00


            

READCORR   SMALL TREE HEIGHT GROWTH MODELS ARE MODIFIED WITH CORRECTION TERMS PRIOR TO CALIBRATION.
           SMALL TREE HEIGHT GROWTH MODEL CORRECTION TERMS BY SPECIES:
           WP = 1.00; WL = 1.00; DF = 1.00; GF = 1.00; WH = 1.00; RC = 1.00; LP = 1.00; ES = 1.00
           AF = 0.45; PP = 1.00; MH = 1.00; WB = 1.00; LM = 1.00; LL = 1.00; PM = 1.00; RM = 1.00
           PY = 1.00; AS = 1.00; CO = 1.00; MM = 1.00; PB = 1.00; OH = 1.00; OS = 1.00


            
            

NUMCYCLE   NUMBER OF CYCLES=  2

PROCESS    PROCESS THE STAND.

********   FVS09 WARNING:  PLOT COUNTS DO NOT MATCH DATA ON THE DESIGN RECORD; DESIGN RECORD DATA USED.
                            PLOT COUNT=   3; NONSTOCKABLE COUNT=   0
----------------------------------------------------------------------------------------------------------------------------------

                                                OPTIONS SELECTED BY DEFAULT

----------------------------------------------------------------------------------------------------------------------------------

DESIGN     BASAL AREA FACTOR=   -1.0; INVERSE OF FIXED PLOT AREA=    0.0; BREAK DBH=    0.0
           NUMBER OF PLOTS=     4; NON-STOCKABLE PLOTS=     0; STAND SAMPLING WEIGHT=     4.00000
           PROPORTION OF STAND CONSIDERED STOCKABLE=  1.000

STDINFO    FOREST-LOCATION CODE=     118; HABITAT TYPE=280; AGE=  188; ASPECT AZIMUTH IN DEGREES= 248.; SLOPE=  55.%
           ELEVATION(100'S FEET)= 62.0;  REFERENCE CODE=     

SPECIES      WP      WL      DF      GF      WH      RC      LP      ES      AF      PP
SDI MAX     518.    518.    518.    518.    518.    518.    518.    518.    518.    518.

SPECIES      MH      WB      LM      LL      PM      RM      PY      AS      CO      MM
SDI MAX     518.    518.    518.    518.    518.    518.    518.    518.    518.    518.

SPECIES      PB      OH      OS
SDI MAX     518.    518.    518.

                                  NATIONAL VOLUME ESTIMATOR LIBRARY EQUATION NUMBERS
SPECIES CUBIC FOOT BOARD FOOT SPECIES CUBIC FOOT BOARD FOOT SPECIES CUBIC FOOT BOARD FOOT SPECIES CUBIC FOOT BOARD FOOT 
------- ---------- ---------- ------- ---------- ---------- ------- ---------- ---------- ------- ---------- ---------- 
  WP    I00FW2W119 I00FW2W119   WL    I00FW2W073 I00FW2W073   DF    I00FW2W202 I00FW2W202   GF    I00FW2W017 I00FW2W017
  WH    I00FW2W260 I00FW2W260   RC    I00FW2W242 I00FW2W242   LP    I00FW2W108 I00FW2W108   ES    I00FW2W093 I00FW2W093
  AF    I00FW2W019 I00FW2W019   PP    I00FW2W122 I00FW2W122   MH    I00FW2W260 I00FW2W260   WB    I00FW2W012 I00FW2W012
  LM    I00FW2W073 I00FW2W073   LL    I00FW2W019 I00FW2W019   PM    102DVEW106 102DVEW106   RM    102DVEW106 102DVEW106
  PY    616BEHW231 616BEHW231   AS    102DVEW746 102DVEW746   CO    102DVEW740 102DVEW740   MM    200DVEW746 200DVEW746
  PB    101DVEW375 101DVEW375   OH    200DVEW746 200DVEW746   OS    I00FW2W260 I00FW2W260

SITECODE   SITE INDEX INFORMATION:
            WP=    0.;  WL=    0.;  DF=    0.;  GF=    0.;  WH=    0.;  RC=    0.;  LP=    0.;  ES=    0.; AF=    0.
            PP=    0.;  MH=    0.;  WB=    0.;  LM=   32.;  LL=    0.;  PM=   10.;  RM=    9.;  PY=   33.; AS=   44.
            CO=   72.;  MM=   44.;  PB=   44.;  OH=   72.;  OS=    0.
           SITE SPECIES=DF CODE=    3

INVENTORY POINT CROSS REFERENCE (FVS SEQUENTIAL POINT NUMBER = POINT NUMBER AS ENTERED IN THE INPUT DATA):
  1=       1;   2=       2;   3=       4;   4=       0
----------------------------------------------------------------------------------------------------------------------------------


                                                     ACTIVITY SCHEDULE

STAND ID= MULT55                        MGMT ID= NONE                                                                            

----------------------------------------------------------------------------------------------------------------------------------

CYCLE  DATE  EXTENSION  KEYWORD   DATE  PARAMETERS:
-----  ----  ---------  --------  ----  ------------------------------------------------------------------------------------------

   1   2010
               BASE     TREELIST  2010       3.0000     0.0000     0.0000

   2   2020
               BASE     TREELIST  2020       3.0000     0.0000     0.0000

   3   2021
               BASE     TREELIST  2021       3.0000     0.0000     0.0000
----------------------------------------------------------------------------------------------------------------------------------


CALIBRATION STATISTICS:


                                                 DF
                                                ----

NUMBER OF RECORDS PER SPECIES                     18

NUMBER OF RECORDS CODED AS RECENT MORTALITY        0

NUMBER OF RECORDS WITH MISSING HEIGHTS             0

NUMBER OF RECORDS WITH BROKEN OR DEAD TOPS         0

NUMBER OF RECORDS WITH MISSING CROWN RATIOS        0

NUMBER OF RECORDS AVAILABLE FOR SCALING
THE DIAMETER INCREMENT MODEL                       0

RATIO OF STANDARD ERRORS
(INPUT DBH GROWTH DATA : MODEL)                 1.00

WEIGHT GIVEN TO THE INPUT GROWTH DATA WHEN
DBH GROWTH MODEL SCALE FACTORS WERE COMPUTED    0.00

INITIAL SCALE FACTORS FOR THE
DBH INCREMENT MODEL                             1.00

NUMBER OF RECORDS AVAILABLE FOR SCALING
THE SMALL TREE HEIGHT INCREMENT MODEL             0

INITIAL SCALE FACTORS FOR THE SMALL TREE
HEIGHT INCREMENT MODEL                          1.00

NUMBER OF RECORDS WITH MISTLETOE                   0


     FOREST VEGETATION SIMULATOR     VERSION FS2025.3 -- INLAND EMPIRE EXPANDED                 RV:20250701    11-29-2025  11:33:27

STAND ID: MULT55                        MGMT ID: NONE     


                                        STAND COMPOSITION (BASED ON STOCKABLE AREA)
--------------------------------------------------------------------------------------------------------------------------
                            PERCENTILE POINTS IN THE
                     DISTRIBUTION OF STAND ATTRIBUTES BY DBH      TOTAL/ACRE
        STAND       -----------------------------------------      OF STAND         DISTRIBUTION OF STAND ATTRIBUTES BY
YEAR  ATTRIBUTES      10     30     50     70     90    100       ATTRIBUTES       SPECIES AND 3 USER-DEFINED SUBCLASSES
----  -----------   ------ ------ ------ ------ ------ ------   --------------  ------------------------------------------
                                 (DBH IN INCHES)



2010  TREES           5.9    7.0    8.7    9.1   18.1    30.6       4. TREES    100.% DF1,   0.% ---,   0.% ---,   0.% ---
      VOLUME:  
        TOTAL         8.7   14.2   18.1   30.6   30.6    30.6      58. CUFT     100.% DF1,   0.% ---,   0.% ---,   0.% ---
        MERCH         9.0   17.8   18.1   30.6   30.6    30.6      46. CUFT     100.% DF1,   0.% ---,   0.% ---,   0.% ---
        MERCH         9.0   17.8   18.1   30.6   30.6    30.6     218. BDFT     100.% DF1,   0.% ---,   0.% ---,   0.% ---


      ACCRETION       5.9    7.0    8.7   14.2   18.1    30.6       1. CUFT/YR  100.% DF1,   0.% ---,   0.% ---,   0.% ---
      MORTALITY       7.0    9.1   14.2   18.1   30.6    30.6       0. CUFT/YR  100.% DF1,   0.% ---,   0.% ---,   0.% ---



2020  TREES           6.3    7.5    9.0   11.2   18.8    30.7       4. TREES    100.% DF1,   0.% ---,   0.% ---,   0.% ---
      VOLUME:  
        TOTAL         7.8   14.5   18.8   30.7   30.7    30.7      61. CUFT     100.% DF1,   0.% ---,   0.% ---,   0.% ---
        MERCH         9.0   14.5   18.8   30.7   30.7    30.7      50. CUFT     100.% DF1,   0.% ---,   0.% ---,   0.% ---
        MERCH         9.0   14.5   18.8   30.7   30.7    30.7     231. BDFT     100.% DF1,   0.% ---,   0.% ---,   0.% ---


      ACCRETION       7.1    7.5    9.4   14.5   30.7    30.7       1. CUFT/YR  100.% DF1,   0.% ---,   0.% ---,   0.% ---
      MORTALITY       7.5    9.4   18.1   18.8   30.7    30.7       1. CUFT/YR  100.% DF1,   0.% ---,   0.% ---,   0.% ---



2021  TREES           6.4    7.6    9.1   11.2   18.8    30.7       4. TREES    100.% DF1,   0.% ---,   0.% ---,   0.% ---
      VOLUME:  
        TOTAL         7.9   14.6   18.8   30.7   30.7    30.7      61. CUFT     100.% DF1,   0.% ---,   0.% ---,   0.% ---
        MERCH         9.1   14.6   18.8   30.7   30.7    30.7      50. CUFT     100.% DF1,   0.% ---,   0.% ---,   0.% ---
        MERCH         9.1   14.6   18.8   30.7   30.7    30.7     236. BDFT     100.% DF1,   0.% ---,   0.% ---,   0.% ---


      ACCRETION       6.4    7.6    9.4   14.6   30.7    30.7       1. CUFT/YR  100.% DF1,   0.% ---,   0.% ---,   0.% ---
      MORTALITY       7.5    9.5   18.1   18.8   30.7    30.7       1. CUFT/YR  100.% DF1,   0.% ---,   0.% ---,   0.% ---



2030  TREES           6.7    8.0    9.2   11.6   19.1    30.9       3. TREES    100.% DF1,   0.% ---,   0.% ---,   0.% ---
      VOLUME:  
        TOTAL         8.0   11.6   19.1   30.9   30.9    30.9      61. CUFT     100.% DF1,   0.% ---,   0.% ---,   0.% ---
        MERCH         8.2   15.0   19.1   30.9   30.9    30.9      51. CUFT     100.% DF1,   0.% ---,   0.% ---,   0.% ---
        MERCH         8.0   15.0   19.1   30.9   30.9    30.9     257. BDFT     100.% DF1,   0.% ---,   0.% ---,   0.% ---


     FOREST VEGETATION SIMULATOR     VERSION FS2025.3 -- INLAND EMPIRE EXPANDED                 RV:20250701    11-29-2025  11:33:27

STAND ID: MULT55                        MGMT ID: NONE     


------------------------------------------------------------------------------------------------------------------------------
                     ATTRIBUTES OF SELECTED SAMPLE TREES                 ADDITIONAL STAND ATTRIBUTES (BASED ON STOCKABLE AREA)
      -----------------------------------------------------------------  -----------------------------------------------------
      INITIAL                           LIVE   PAST DBH  BASAL   TREES          QUADRATIC   TREES    BASAL  TOP HEIGHT  CROWN
      TREES/A            DBH    HEIGHT  CROWN   GROWTH   AREA     PER    STAND   MEAN DBH    PER     AREA     LARGEST   COMP
YEAR   %TILE  SPECIES (INCHES)  (FEET)  RATIO  (INCHES)  %TILE    ACRE   AGE     (INCHES)    ACRE   (SQFT/A) 40/A (FT)  FACTOR
----  ------- ------- -------- -------- ------ --------- ------- ------  -----  ---------   ------ --------- --------- -------

2010                                          ( 10 YRS)

        10     DF1       5.90    32.00    35     0.29      2.7    0.25
        30     DF1       7.00    15.00    55     0.55      9.4    0.25
        50     DF1       8.70    41.00    55     0.21     16.4    0.25
        70     DF1       9.10    40.00    45     0.28     25.7    0.25
        90     DF1      18.10    65.00    75     0.43     63.4    0.25
       100     DF1      30.60    58.00    65     0.31    100.0    0.25
                                                                         188      12.3        4.       3.       38.1      3.3

2020                                          ( 10 YRS)

        10     DF1       6.22    48.36    32     0.27      1.3    0.21
        30     DF1       7.83    23.03    50     0.72     12.0    0.23
        50     DF1       9.04    48.79    50     0.30     17.0    0.21
        70     DF1       9.42    44.22    41     0.27     23.2    0.22
        90     DF1      18.77    67.75    74     0.58     63.8    0.24
       100     DF1      30.70    58.74    64     0.09    100.0    0.24
                                                                         198      12.9        4.       3.       46.2      3.2

2021                                          (  1 YRS)

        10     DF1       6.25    49.28    32     0.03      1.3    0.20
        30     DF1       7.88    23.77    50     0.04     12.1    0.23
        50     DF1       9.08    49.41    50     0.03     17.1    0.21
        70     DF1       9.45    44.61    41     0.03     23.2    0.21
        90     DF1      18.81    67.93    74     0.04     63.9    0.23
       100     DF1      30.72    58.83    64     0.01    100.0    0.24
                                                                         199      12.9        4.       3.       46.8      3.1

2030                                          (  9 YRS)

        10     DF1       6.59    68.42    29     0.30      1.3    0.17
        30     DF1       8.46    28.66    46     0.51     14.6    0.20
        50     DF1       9.25    53.20    48     0.14     17.2    0.18
        70     DF1       9.73    47.10    38     0.24     20.2    0.19
        90     DF1      19.13    69.39    73     0.28     63.9    0.22
       100     DF1      30.90    59.74    63     0.16    100.0    0.22
                                                                         208      13.4        3.       3.       52.5      3.0


     FOREST VEGETATION SIMULATOR     VERSION FS2025.3 -- INLAND EMPIRE EXPANDED                 RV:20250701    11-29-2025  11:33:27

STAND ID: MULT55                        MGMT ID: NONE    



                                SUMMARY STATISTICS (PER ACRE OR STAND BASED ON TOTAL STAND AREA)
--------------------------------------------------------------------------------------------------------------------------------------
               START OF SIMULATION PERIOD                     REMOVALS             AFTER TREATMENT    GROWTH THIS PERIOD
         --------------------------------------------- ----------------------- ---------------------  ------------------   MAI  ------
         NO OF              TOP      TOTAL MERCH MERCH NO OF TOTAL MERCH MERCH              TOP  RES  PERIOD ACCRE MORT   MERCH FOR SS
YEAR AGE TREES  BA  SDI CCF HT  QMD  CU FT CU FT BD FT TREES CU FT CU FT BD FT  BA  SDI CCF HT   QMD  YEARS   PER  YEAR   CU FT TYP ZT
---- --- ----- --- ---- --- --- ---- ----- ----- ----- ----- ----- ----- ----- --- ---- --- --- ----  ------ ---- -----   ----- ------
2010 188     4   3    6   3  38 12.3    58    46   218     0     0     0     0   3    6   3  38 12.3      10    1     0     0.2 999 55
2020 198     4   3    6   3  46 12.9    61    50   231     0     0     0     0   3    6   3  46 12.9       1    1     1     0.3 999 55
2021 199     4   3    6   3  47 12.9    61    50   236     0     0     0     0   3    6   3  47 12.9       9    1     1     0.3 999 55
2030 208     3   3    5   3  52 13.4    61    51   257     0     0     0     0   3    5   3  52 13.4       0    0     0     0.2 999 55




                                                     ACTIVITY SUMMARY 

STAND ID= MULT55                        MGMT ID= NONE                                                                            

----------------------------------------------------------------------------------------------------------------------------------

CYCLE  DATE  EXTENSION  KEYWORD   DATE  ACTIVITY DISPOSITION  PARAMETERS:
-----  ----  ---------  --------  ----  --------------------  --------------------------------------------------------------------

   1   2010
               BASE     TREELIST  2010  DONE IN 2019               3.0000     0.0000     0.0000

   2   2020
               BASE     TREELIST  2020  DONE IN 2020               3.0000     0.0000     0.0000

   3   2021
               BASE     TREELIST  2021  DONE IN 2029               3.0000     0.0000     0.0000
----------------------------------------------------------------------------------------------------------------------------------
