

     FOREST VEGETATION SIMULATOR     VERSION FS2025.3 -- INLAND EMPIRE EXPANDED                 RV:20250701    11-25-2025  15:26:22

----------------------------------------------------------------------------------------------------------------------------------

                                                OPTIONS SELECTED BY INPUT

KEYWORD FILE NAME: ../../data/fvs_runFiles/uc_Nov252025_15.26/uncalib_stand44
----------------------------------------------------------------------------------------------------------------------------------
KEYWORD    PARAMETERS:
--------   -----------------------------------------------------------------------------------------------------------------------

STDIDENT
           STAND ID= UNCALBST44                                                                                                

RANNSEED   RANDOM SEED IS:        2025.0

           HABITAT TYPE WILL BE MAPPED TO 670 FOR THIS PROJECTION.

STDINFO    FOREST-LOCATION CODE=     116; HABITAT TYPE=670; AGE=  192; ASPECT AZIMUTH IN DEGREES=   0.; SLOPE=   2.%
           ELEVATION(100'S FEET)= 62.0; REFERENCE CODE=     

TREELIST   DATE/CYCLE=    0; DATA SET REFERENCE NUMBER =  3.; HEADING SUPPRESSION CODE = 0.
           (0=WITH HEADING, OTHER VALUES=SUPPRESS HEADING).

TREEFMT 
          (I4,I4,F8.3,I1,A3,F5.1,F5.1,2F5.1,F5.1,I1,6I2,2I1,I2,2I3,2I1,F3.0)              
                                                                                          

DESIGN     BASAL AREA FACTOR=   -1.0; INVERSE OF FIXED PLOT AREA=    0.0; BREAK DBH=    0.0
           NUMBER OF PLOTS=     4; NON-STOCKABLE PLOTS=     0; STAND SAMPLING WEIGHT=     4.00000
           PROPORTION OF STAND CONSIDERED STOCKABLE=  1.000
           SEE "OPTIONS SELECTED BY DEFAULT" FOR FINAL DESIGN VALUES.

INVYEAR    INVENTORY YEAR= 2009

CYCLEAT    REQUESTED YEAR FOR A CYCLE =2020

NOTRIPLE

NOAUTOES   TALLIES AND INGROWTH WILL NOT BE ADDED AUTOMATICALLY.
           STOCKADJ IS SET TO ZERO, AND NO SPROUTING WILL BE SIMULATED.

CYCLEAT    REQUESTED YEAR FOR A CYCLE =2020

NOCALIB    CALIBRATION USING GROWTH DATA FROM TREE RECORDS HAS BEEN SUPPRESSED FOR ALL SPECIES

NOHTDREG   CALIBRATION OF HEIGHT-DIAMETER RELATIONSHIP WILL BE SUPPRESSED FOR ALL SPECIES


            

NUMCYCLE   NUMBER OF CYCLES=  2

PROCESS    PROCESS THE STAND.
----------------------------------------------------------------------------------------------------------------------------------

                                                OPTIONS SELECTED BY DEFAULT

----------------------------------------------------------------------------------------------------------------------------------

DESIGN     BASAL AREA FACTOR=   -1.0; INVERSE OF FIXED PLOT AREA=    0.0; BREAK DBH=    0.0
           NUMBER OF PLOTS=     4; NON-STOCKABLE PLOTS=     0; STAND SAMPLING WEIGHT=     4.00000
           PROPORTION OF STAND CONSIDERED STOCKABLE=  1.000

STDINFO    FOREST-LOCATION CODE=     116; HABITAT TYPE=670; AGE=  192; ASPECT AZIMUTH IN DEGREES=   0.; SLOPE=   2.%
           ELEVATION(100'S FEET)= 62.0;  REFERENCE CODE=     

SPECIES      WP      WL      DF      GF      WH      RC      LP      ES      AF      PP
SDI MAX     863.    863.    863.    863.    863.    863.    863.    863.    863.    863.

SPECIES      MH      WB      LM      LL      PM      RM      PY      AS      CO      MM
SDI MAX     863.    863.    863.    863.    863.    863.    863.    863.    863.    863.

SPECIES      PB      OH      OS
SDI MAX     863.    863.    863.

                                  NATIONAL VOLUME ESTIMATOR LIBRARY EQUATION NUMBERS
SPECIES CUBIC FOOT BOARD FOOT SPECIES CUBIC FOOT BOARD FOOT SPECIES CUBIC FOOT BOARD FOOT SPECIES CUBIC FOOT BOARD FOOT 
------- ---------- ---------- ------- ---------- ---------- ------- ---------- ---------- ------- ---------- ---------- 
  WP    I00FW2W119 I00FW2W119   WL    I00FW2W073 I00FW2W073   DF    I00FW2W202 I00FW2W202   GF    I00FW2W017 I00FW2W017
  WH    I00FW2W260 I00FW2W260   RC    I00FW2W242 I00FW2W242   LP    I00FW2W108 I00FW2W108   ES    I00FW2W093 I00FW2W093
  AF    I00FW2W019 I00FW2W019   PP    I00FW2W122 I00FW2W122   MH    I00FW2W260 I00FW2W260   WB    I00FW2W012 I00FW2W012
  LM    I00FW2W073 I00FW2W073   LL    I00FW2W019 I00FW2W019   PM    102DVEW106 102DVEW106   RM    102DVEW106 102DVEW106
  PY    616BEHW231 616BEHW231   AS    102DVEW746 102DVEW746   CO    102DVEW740 102DVEW740   MM    200DVEW746 200DVEW746
  PB    101DVEW375 101DVEW375   OH    200DVEW746 200DVEW746   OS    I00FW2W260 I00FW2W260

SITECODE   SITE INDEX INFORMATION:
            WP=    0.;  WL=    0.;  DF=    0.;  GF=    0.;  WH=    0.;  RC=    0.;  LP=    0.;  ES=    0.; AF=    0.
            PP=    0.;  MH=    0.;  WB=    0.;  LM=   34.;  LL=    0.;  PM=   13.;  RM=   10.;  PY=   34.; AS=   52.
            CO=   80.;  MM=   52.;  PB=   52.;  OH=   80.;  OS=    0.
           SITE SPECIES=DF CODE=    3

INVENTORY POINT CROSS REFERENCE (FVS SEQUENTIAL POINT NUMBER = POINT NUMBER AS ENTERED IN THE INPUT DATA):
  1=       1;   2=       2;   3=       3;   4=       4
----------------------------------------------------------------------------------------------------------------------------------


                                                     ACTIVITY SCHEDULE

STAND ID= UNCALBST44                    MGMT ID= NONE                                                                            

----------------------------------------------------------------------------------------------------------------------------------

CYCLE  DATE  EXTENSION  KEYWORD   DATE  PARAMETERS:
-----  ----  ---------  --------  ----  ------------------------------------------------------------------------------------------

   1   2009
               BASE     TREELIST  2009       3.0000     0.0000     0.0000

   2   2019
               BASE     TREELIST  2019       3.0000     0.0000     0.0000

   3   2020
               BASE     TREELIST  2020       3.0000     0.0000     0.0000
----------------------------------------------------------------------------------------------------------------------------------


CALIBRATION STATISTICS:


                                                 ES    AF    LP
                                                ----  ----  ----

NUMBER OF RECORDS PER SPECIES                     11    24     2

NUMBER OF RECORDS CODED AS RECENT MORTALITY        0     0     0

NUMBER OF RECORDS WITH MISSING HEIGHTS             0     3     0

NUMBER OF RECORDS WITH BROKEN OR DEAD TOPS         0     0     0

NUMBER OF RECORDS WITH MISSING CROWN RATIOS        0     3     0

NUMBER OF RECORDS AVAILABLE FOR SCALING
THE DIAMETER INCREMENT MODEL                       0     0     0

RATIO OF STANDARD ERRORS
(INPUT DBH GROWTH DATA : MODEL)                 1.00  1.00  1.00

WEIGHT GIVEN TO THE INPUT GROWTH DATA WHEN
DBH GROWTH MODEL SCALE FACTORS WERE COMPUTED    0.00  0.00  0.00

INITIAL SCALE FACTORS FOR THE
DBH INCREMENT MODEL                             1.00  1.00  1.00

NUMBER OF RECORDS AVAILABLE FOR SCALING
THE SMALL TREE HEIGHT INCREMENT MODEL             0     0     0

INITIAL SCALE FACTORS FOR THE SMALL TREE
HEIGHT INCREMENT MODEL                          1.00  1.00  1.00

NUMBER OF RECORDS WITH MISTLETOE                   0     0     0


     FOREST VEGETATION SIMULATOR     VERSION FS2025.3 -- INLAND EMPIRE EXPANDED                 RV:20250701    11-25-2025  15:26:22

STAND ID: UNCALBST44                    MGMT ID: NONE     


                                        STAND COMPOSITION (BASED ON STOCKABLE AREA)
--------------------------------------------------------------------------------------------------------------------------
                            PERCENTILE POINTS IN THE
                     DISTRIBUTION OF STAND ATTRIBUTES BY DBH      TOTAL/ACRE
        STAND       -----------------------------------------      OF STAND         DISTRIBUTION OF STAND ATTRIBUTES BY
YEAR  ATTRIBUTES      10     30     50     70     90    100       ATTRIBUTES       SPECIES AND 3 USER-DEFINED SUBCLASSES
----  -----------   ------ ------ ------ ------ ------ ------   --------------  ------------------------------------------
                                 (DBH IN INCHES)



2009  TREES           0.1    0.1    8.3   11.5   18.3    26.9      11. TREES     71.% AF1,  24.% ES1,   4.% LP1,   0.% ---
      VOLUME:  
        TOTAL        10.4   13.4   18.3   24.7   26.9    26.9     282. CUFT      72.% ES1,  21.% AF1,   6.% LP1,   0.% ---
        MERCH        10.5   14.1   18.3   24.7   26.9    26.9     248. CUFT      74.% ES1,  20.% AF1,   6.% LP1,   0.% ---
        MERCH        10.9   14.1   20.4   24.7   26.9    26.9    1360. BDFT      76.% ES1,  18.% AF1,   6.% LP1,   0.% ---


      ACCRETION       8.2   10.4   13.3   18.3   26.9    26.9       5. CUFT/YR   51.% ES1,  43.% AF1,   6.% LP1,   0.% ---
      MORTALITY       9.2   11.5   13.4   15.0   24.7    26.9       0. CUFT/YR   42.% ES1,  40.% AF1,  18.% LP1,   0.% ---



2019  TREES           0.1    4.4   10.2   13.2   19.2    28.2      11. TREES     70.% AF1,  26.% ES1,   5.% LP1,   0.% ---
      VOLUME:  
        TOTAL        11.1   14.1   19.2   25.1   28.2    28.2     330. CUFT      69.% ES1,  25.% AF1,   6.% LP1,   0.% ---
        MERCH        11.6   14.1   19.2   25.1   28.2    28.2     291. CUFT      70.% ES1,  24.% AF1,   6.% LP1,   0.% ---
        MERCH        11.6   14.5   19.2   25.1   28.2    28.2    1623. BDFT      73.% ES1,  22.% AF1,   6.% LP1,   0.% ---


      ACCRETION       9.9   12.1   14.1   19.2   27.2    28.2       5. CUFT/YR   52.% ES1,  43.% AF1,   5.% LP1,   0.% ---
      MORTALITY      10.1   12.6   14.1   17.3   25.1    28.2       0. CUFT/YR   44.% ES1,  39.% AF1,  17.% LP1,   0.% ---



2020  TREES           0.1    6.1   10.4   13.3   19.3    28.3      11. TREES     70.% AF1,  26.% ES1,   5.% LP1,   0.% ---
      VOLUME:  
        TOTAL        11.2   14.2   19.3   25.2   28.3    28.3     334. CUFT      69.% ES1,  25.% AF1,   6.% LP1,   0.% ---
        MERCH        11.2   14.2   19.3   25.2   28.3    28.3     297. CUFT      70.% ES1,  24.% AF1,   6.% LP1,   0.% ---
        MERCH        11.7   14.6   19.3   25.2   28.3    28.3    1651. BDFT      73.% ES1,  22.% AF1,   6.% LP1,   0.% ---


      ACCRETION      10.3   12.3   14.6   19.3   28.3    28.3       5. CUFT/YR   56.% ES1,  39.% AF1,   5.% LP1,   0.% ---
      MORTALITY      10.3   12.3   14.2   16.1   27.2    28.3       0. CUFT/YR   38.% AF1,  37.% ES1,  25.% LP1,   0.% ---



2029  TREES           0.3    7.3   11.6   13.9   20.4    29.5      10. TREES     68.% AF1,  27.% ES1,   5.% LP1,   0.% ---
      VOLUME:  
        TOTAL        11.8   14.8   18.1   26.1   29.5    29.5     380. CUFT      68.% ES1,  27.% AF1,   6.% LP1,   0.% ---
        MERCH        11.8   14.8   18.1   26.1   29.5    29.5     342. CUFT      68.% ES1,  26.% AF1,   6.% LP1,   0.% ---
        MERCH        12.1   15.6   20.4   26.1   29.5    29.5    1947. BDFT      71.% ES1,  24.% AF1,   6.% LP1,   0.% ---


     FOREST VEGETATION SIMULATOR     VERSION FS2025.3 -- INLAND EMPIRE EXPANDED                 RV:20250701    11-25-2025  15:26:22

STAND ID: UNCALBST44                    MGMT ID: NONE     


------------------------------------------------------------------------------------------------------------------------------
                     ATTRIBUTES OF SELECTED SAMPLE TREES                 ADDITIONAL STAND ATTRIBUTES (BASED ON STOCKABLE AREA)
      -----------------------------------------------------------------  -----------------------------------------------------
      INITIAL                           LIVE   PAST DBH  BASAL   TREES          QUADRATIC   TREES    BASAL  TOP HEIGHT  CROWN
      TREES/A            DBH    HEIGHT  CROWN   GROWTH   AREA     PER    STAND   MEAN DBH    PER     AREA     LARGEST   COMP
YEAR   %TILE  SPECIES (INCHES)  (FEET)  RATIO  (INCHES)  %TILE    ACRE   AGE     (INCHES)    ACRE   (SQFT/A) 40/A (FT)  FACTOR
----  ------- ------- -------- -------- ------ --------- ------- ------  -----  ---------   ------ --------- --------- -------

2009                                          ( 10 YRS)

        10     AF1       0.10     1.01    69     0.00      0.0    1.50
        30     AF1       0.10     1.01    84     0.00      0.0    0.75
        50     AF1       8.30    59.00    85     1.07      6.9    0.25
        70     ES1      11.50    75.00    35     0.90     23.7    0.25
        90     ES1      18.30   102.00    75     0.63     57.1    0.25
       100     ES1      26.90   119.00    65     0.82    100.0    0.25
                                                                         192      11.2       11.       8.       49.9      6.3

2019                                          ( 10 YRS)

        10     AF1       0.11     3.16    69     0.00      0.0    1.27
        30     AF1       0.11     4.19    84     0.00      0.0    0.64
        50     AF1       9.78    69.73    84     1.38      5.7    0.25
        70     ES1      12.58    80.04    36     1.04     26.8    0.25
        90     ES1      19.22   105.41    75     0.88     59.1    0.25
       100     ES1      28.22   122.38    65     1.26    100.0    0.25
                                                                         202      12.3       11.       9.       57.4      7.1

2020                                          (  1 YRS)

        10     AF1       0.11     3.71    69     0.00      0.0    1.25
        30     AF1       0.14     4.70    84     0.03      0.0    0.63
        50     AF1       9.93    70.52    84     0.15      7.3    0.25
        70     ES1      12.68    80.47    36     0.09     27.0    0.25
        90     ES1      19.33   105.77    75     0.11     59.3    0.25
       100     ES1      28.32   122.65    65     0.09    100.0    0.25
                                                                         203      12.4       11.       9.       58.1      7.2

2029                                          (  9 YRS)

        10     AF1       0.30     7.43    69     0.18      0.0    1.08
        30     AF1       0.51     7.94    84     0.34      0.0    0.54
        50     AF1      10.57    74.56    84     0.59      7.8    0.25
        70     ES1      13.36    83.82    36     0.65     26.0    0.25
        90     ES1      20.41   109.27    75     1.03     60.7    0.25
       100     ES1      29.52   125.59    65     1.15    100.0    0.25
                                                                         212      13.4       10.      10.       64.9      7.9


     FOREST VEGETATION SIMULATOR     VERSION FS2025.3 -- INLAND EMPIRE EXPANDED                 RV:20250701    11-25-2025  15:26:22

STAND ID: UNCALBST44                    MGMT ID: NONE    



                                SUMMARY STATISTICS (PER ACRE OR STAND BASED ON TOTAL STAND AREA)
--------------------------------------------------------------------------------------------------------------------------------------
               START OF SIMULATION PERIOD                     REMOVALS             AFTER TREATMENT    GROWTH THIS PERIOD
         --------------------------------------------- ----------------------- ---------------------  ------------------   MAI  ------
         NO OF              TOP      TOTAL MERCH MERCH NO OF TOTAL MERCH MERCH              TOP  RES  PERIOD ACCRE MORT   MERCH FOR SS
YEAR AGE TREES  BA  SDI CCF HT  QMD  CU FT CU FT BD FT TREES CU FT CU FT BD FT  BA  SDI CCF HT   QMD  YEARS   PER  YEAR   CU FT TYP ZT
---- --- ----- --- ---- --- --- ---- ----- ----- ----- ----- ----- ----- ----- --- ---- --- --- ----  ------ ---- -----   ----- ------
2009 192    11   8   14   6  50 11.2   282   248  1360     0     0     0     0   8   14   6  50 11.2      10    5     0     1.3 999 55
2019 202    11   9   15   7  57 12.3   330   291  1623     0     0     0     0   9   15   7  57 12.3       1    5     0     1.4 999 55
2020 203    11   9   15   7  58 12.4   334   297  1651     0     0     0     0   9   15   7  58 12.4       9    5     0     1.5 999 55
2029 212    10  10   16   8  65 13.4   380   342  1947     0     0     0     0  10   16   8  65 13.4       0    0     0     1.6 999 55




                                                     ACTIVITY SUMMARY 

STAND ID= UNCALBST44                    MGMT ID= NONE                                                                            

----------------------------------------------------------------------------------------------------------------------------------

CYCLE  DATE  EXTENSION  KEYWORD   DATE  ACTIVITY DISPOSITION  PARAMETERS:
-----  ----  ---------  --------  ----  --------------------  --------------------------------------------------------------------

   1   2009
               BASE     TREELIST  2009  DONE IN 2018               3.0000     0.0000     0.0000

   2   2019
               BASE     TREELIST  2019  DONE IN 2019               3.0000     0.0000     0.0000

   3   2020
               BASE     TREELIST  2020  DONE IN 2028               3.0000     0.0000     0.0000
----------------------------------------------------------------------------------------------------------------------------------
