

     FOREST VEGETATION SIMULATOR     VERSION FS2025.3 -- INLAND EMPIRE EXPANDED                 RV:20250701    11-25-2025  15:26:22

----------------------------------------------------------------------------------------------------------------------------------

                                                OPTIONS SELECTED BY INPUT

KEYWORD FILE NAME: ../../data/fvs_runFiles/uc_Nov252025_15.26/uncalib_stand42
----------------------------------------------------------------------------------------------------------------------------------
KEYWORD    PARAMETERS:
--------   -----------------------------------------------------------------------------------------------------------------------

STDIDENT
           STAND ID= UNCALBST42                                                                                                

RANNSEED   RANDOM SEED IS:        2025.0

           HABITAT TYPE WILL BE MAPPED TO 670 FOR THIS PROJECTION.

STDINFO    FOREST-LOCATION CODE=     116; HABITAT TYPE=670; AGE=  178; ASPECT AZIMUTH IN DEGREES= 338.; SLOPE=  66.%
           ELEVATION(100'S FEET)= 58.0; REFERENCE CODE=     

TREELIST   DATE/CYCLE=    0; DATA SET REFERENCE NUMBER =  3.; HEADING SUPPRESSION CODE = 0.
           (0=WITH HEADING, OTHER VALUES=SUPPRESS HEADING).

TREEFMT 
          (I4,I4,F8.3,I1,A3,F5.1,F5.1,2F5.1,F5.1,I1,6I2,2I1,I2,2I3,2I1,F3.0)              
                                                                                          

DESIGN     BASAL AREA FACTOR=   -1.0; INVERSE OF FIXED PLOT AREA=    0.0; BREAK DBH=    0.0
           NUMBER OF PLOTS=     4; NON-STOCKABLE PLOTS=     0; STAND SAMPLING WEIGHT=     4.00000
           PROPORTION OF STAND CONSIDERED STOCKABLE=  1.000
           SEE "OPTIONS SELECTED BY DEFAULT" FOR FINAL DESIGN VALUES.

INVYEAR    INVENTORY YEAR= 2004

CYCLEAT    REQUESTED YEAR FOR A CYCLE =2015

NOTRIPLE

NOAUTOES   TALLIES AND INGROWTH WILL NOT BE ADDED AUTOMATICALLY.
           STOCKADJ IS SET TO ZERO, AND NO SPROUTING WILL BE SIMULATED.

CYCLEAT    REQUESTED YEAR FOR A CYCLE =2015

NOCALIB    CALIBRATION USING GROWTH DATA FROM TREE RECORDS HAS BEEN SUPPRESSED FOR ALL SPECIES

NOHTDREG   CALIBRATION OF HEIGHT-DIAMETER RELATIONSHIP WILL BE SUPPRESSED FOR ALL SPECIES


            

NUMCYCLE   NUMBER OF CYCLES=  2

PROCESS    PROCESS THE STAND.
----------------------------------------------------------------------------------------------------------------------------------

                                                OPTIONS SELECTED BY DEFAULT

----------------------------------------------------------------------------------------------------------------------------------

DESIGN     BASAL AREA FACTOR=   -1.0; INVERSE OF FIXED PLOT AREA=    0.0; BREAK DBH=    0.0
           NUMBER OF PLOTS=     4; NON-STOCKABLE PLOTS=     0; STAND SAMPLING WEIGHT=     4.00000
           PROPORTION OF STAND CONSIDERED STOCKABLE=  1.000

STDINFO    FOREST-LOCATION CODE=     116; HABITAT TYPE=670; AGE=  178; ASPECT AZIMUTH IN DEGREES= 338.; SLOPE=  66.%
           ELEVATION(100'S FEET)= 58.0;  REFERENCE CODE=     

SPECIES      WP      WL      DF      GF      WH      RC      LP      ES      AF      PP
SDI MAX     863.    863.    863.    863.    863.    863.    863.    863.    863.    863.

SPECIES      MH      WB      LM      LL      PM      RM      PY      AS      CO      MM
SDI MAX     863.    863.    863.    863.    863.    863.    863.    863.    863.    863.

SPECIES      PB      OH      OS
SDI MAX     863.    863.    863.

                                  NATIONAL VOLUME ESTIMATOR LIBRARY EQUATION NUMBERS
SPECIES CUBIC FOOT BOARD FOOT SPECIES CUBIC FOOT BOARD FOOT SPECIES CUBIC FOOT BOARD FOOT SPECIES CUBIC FOOT BOARD FOOT 
------- ---------- ---------- ------- ---------- ---------- ------- ---------- ---------- ------- ---------- ---------- 
  WP    I00FW2W119 I00FW2W119   WL    I00FW2W073 I00FW2W073   DF    I00FW2W202 I00FW2W202   GF    I00FW2W017 I00FW2W017
  WH    I00FW2W260 I00FW2W260   RC    I00FW2W242 I00FW2W242   LP    I00FW2W108 I00FW2W108   ES    I00FW2W093 I00FW2W093
  AF    I00FW2W019 I00FW2W019   PP    I00FW2W122 I00FW2W122   MH    I00FW2W260 I00FW2W260   WB    I00FW2W012 I00FW2W012
  LM    I00FW2W073 I00FW2W073   LL    I00FW2W019 I00FW2W019   PM    102DVEW106 102DVEW106   RM    102DVEW106 102DVEW106
  PY    616BEHW231 616BEHW231   AS    102DVEW746 102DVEW746   CO    102DVEW740 102DVEW740   MM    200DVEW746 200DVEW746
  PB    101DVEW375 101DVEW375   OH    200DVEW746 200DVEW746   OS    I00FW2W260 I00FW2W260

SITECODE   SITE INDEX INFORMATION:
            WP=    0.;  WL=    0.;  DF=    0.;  GF=    0.;  WH=    0.;  RC=    0.;  LP=    0.;  ES=    0.; AF=    0.
            PP=    0.;  MH=    0.;  WB=    0.;  LM=   34.;  LL=    0.;  PM=   13.;  RM=   10.;  PY=   34.; AS=   52.
            CO=   80.;  MM=   52.;  PB=   52.;  OH=   80.;  OS=    0.
           SITE SPECIES=DF CODE=    3

INVENTORY POINT CROSS REFERENCE (FVS SEQUENTIAL POINT NUMBER = POINT NUMBER AS ENTERED IN THE INPUT DATA):
  1=       1;   2=       2;   3=       3;   4=       4
----------------------------------------------------------------------------------------------------------------------------------


                                                     ACTIVITY SCHEDULE

STAND ID= UNCALBST42                    MGMT ID= NONE                                                                            

----------------------------------------------------------------------------------------------------------------------------------

CYCLE  DATE  EXTENSION  KEYWORD   DATE  PARAMETERS:
-----  ----  ---------  --------  ----  ------------------------------------------------------------------------------------------

   1   2004
               BASE     TREELIST  2004       3.0000     0.0000     0.0000

   2   2014
               BASE     TREELIST  2014       3.0000     0.0000     0.0000

   3   2015
               BASE     TREELIST  2015       3.0000     0.0000     0.0000
----------------------------------------------------------------------------------------------------------------------------------


CALIBRATION STATISTICS:


                                                 AF    DF    LP    ES    WB
                                                ----  ----  ----  ----  ----

NUMBER OF RECORDS PER SPECIES                     17    10    34    11     6

NUMBER OF RECORDS CODED AS RECENT MORTALITY        0     0     1     0     0

NUMBER OF RECORDS WITH MISSING HEIGHTS             4     1     0     3     3

NUMBER OF RECORDS WITH BROKEN OR DEAD TOPS         0     0     0     0     0

NUMBER OF RECORDS WITH MISSING CROWN RATIOS        4     1     0     3     3

NUMBER OF RECORDS AVAILABLE FOR SCALING
THE DIAMETER INCREMENT MODEL                       0     0     0     0     0

RATIO OF STANDARD ERRORS
(INPUT DBH GROWTH DATA : MODEL)                 1.00  1.00  1.00  1.00  1.00

WEIGHT GIVEN TO THE INPUT GROWTH DATA WHEN
DBH GROWTH MODEL SCALE FACTORS WERE COMPUTED    0.00  0.00  0.00  0.00  0.00

INITIAL SCALE FACTORS FOR THE
DBH INCREMENT MODEL                             1.00  1.00  1.00  1.00  1.00

NUMBER OF RECORDS AVAILABLE FOR SCALING
THE SMALL TREE HEIGHT INCREMENT MODEL             0     0     0     0     0

INITIAL SCALE FACTORS FOR THE SMALL TREE
HEIGHT INCREMENT MODEL                          1.00  1.00  1.00  1.00  1.00

NUMBER OF RECORDS WITH MISTLETOE                   0     0     0     0     0


     FOREST VEGETATION SIMULATOR     VERSION FS2025.3 -- INLAND EMPIRE EXPANDED                 RV:20250701    11-25-2025  15:26:22

STAND ID: UNCALBST42                    MGMT ID: NONE     


                                        STAND COMPOSITION (BASED ON STOCKABLE AREA)
--------------------------------------------------------------------------------------------------------------------------
                            PERCENTILE POINTS IN THE
                     DISTRIBUTION OF STAND ATTRIBUTES BY DBH      TOTAL/ACRE
        STAND       -----------------------------------------      OF STAND         DISTRIBUTION OF STAND ATTRIBUTES BY
YEAR  ATTRIBUTES      10     30     50     70     90    100       ATTRIBUTES       SPECIES AND 3 USER-DEFINED SUBCLASSES
----  -----------   ------ ------ ------ ------ ------ ------   --------------  ------------------------------------------
                                 (DBH IN INCHES)



2004  TREES           0.1    0.1    0.1    5.3   10.8    18.5      46. TREES     66.% AF1,  17.% LP1,   7.% ES1,   5.% DF1
      VOLUME:  
        TOTAL         7.1   10.4   12.3   15.2   18.4    18.5     255. CUFT      64.% LP1,  17.% DF1,  12.% ES1,   6.% AF1
        MERCH         8.0   10.6   12.7   15.3   18.4    18.5     214. CUFT      67.% LP1,  18.% DF1,  11.% ES1,   4.% AF1
        MERCH         7.6   10.5   12.3   15.3   18.4    18.5    1095. BDFT      68.% LP1,  17.% DF1,  11.% ES1,   3.% AF1


      ACCRETION       6.7    9.1   10.5   12.7   15.7    18.5       6. CUFT/YR   50.% LP1,  19.% ES1,  16.% DF1,  12.% AF1
      MORTALITY       6.8    8.7   10.9   13.4   15.7    18.5       0. CUFT/YR   84.% LP1,   9.% DF1,   3.% AF1,   3.% ES1



2014  TREES           0.1    0.1    0.3    7.1   12.3    19.3      41. TREES     64.% AF1,  19.% LP1,   7.% ES1,   6.% DF1
      VOLUME:  
        TOTAL         8.2   10.6   12.8   15.9   19.1    19.3     308. CUFT      62.% LP1,  17.% DF1,  14.% ES1,   7.% AF1
        MERCH         8.3   10.8   13.0   15.9   19.1    19.3     269. CUFT      63.% LP1,  17.% DF1,  13.% ES1,   6.% AF1
        MERCH         8.3   10.8   13.0   15.9   19.1    19.3    1387. BDFT      63.% LP1,  17.% DF1,  13.% ES1,   6.% AF1


      ACCRETION       7.5    9.4   11.5   13.6   16.3    19.3       6. CUFT/YR   51.% LP1,  19.% ES1,  16.% DF1,  11.% AF1
      MORTALITY       7.1    9.3   11.6   13.8   16.3    19.3       0. CUFT/YR   85.% LP1,   9.% DF1,   3.% ES1,   2.% AF1



2015  TREES           0.1    0.1    0.4    7.1   12.4    19.4      40. TREES     63.% AF1,  19.% LP1,   7.% ES1,   6.% DF1
      VOLUME:  
        TOTAL         8.2   10.7   12.8   15.9   19.2    19.4     313. CUFT      61.% LP1,  17.% DF1,  14.% ES1,   7.% AF1
        MERCH         8.3   10.9   13.1   15.9   19.2    19.4     274. CUFT      62.% LP1,  17.% DF1,  14.% ES1,   6.% AF1
        MERCH         8.3   10.9   13.1   15.9   19.2    19.4    1415. BDFT      62.% LP1,  17.% DF1,  13.% ES1,   6.% AF1


      ACCRETION       7.1    9.0   11.6   13.9   16.3    19.4       6. CUFT/YR   48.% LP1,  20.% ES1,  16.% DF1,  13.% AF1
      MORTALITY       7.6   10.0   11.7   13.9   16.3    19.4       0. CUFT/YR   84.% LP1,   9.% DF1,   4.% AF1,   2.% ES1



2024  TREES           1.2    1.2    1.3    8.3   13.5    20.0      37. TREES     61.% AF1,  20.% LP1,   8.% ES1,   6.% DF1
      VOLUME:  
        TOTAL         8.8   11.3   13.5   16.1   18.0    20.0     366. CUFT      59.% LP1,  17.% DF1,  15.% ES1,   8.% AF1
        MERCH         8.9   11.5   13.6   16.1   18.0    20.0     316. CUFT      60.% LP1,  17.% DF1,  15.% ES1,   7.% AF1
        MERCH         8.9   11.6   13.6   16.8   19.8    20.0    1636. BDFT      61.% LP1,  17.% DF1,  14.% ES1,   6.% AF1


     FOREST VEGETATION SIMULATOR     VERSION FS2025.3 -- INLAND EMPIRE EXPANDED                 RV:20250701    11-25-2025  15:26:22

STAND ID: UNCALBST42                    MGMT ID: NONE     


------------------------------------------------------------------------------------------------------------------------------
                     ATTRIBUTES OF SELECTED SAMPLE TREES                 ADDITIONAL STAND ATTRIBUTES (BASED ON STOCKABLE AREA)
      -----------------------------------------------------------------  -----------------------------------------------------
      INITIAL                           LIVE   PAST DBH  BASAL   TREES          QUADRATIC   TREES    BASAL  TOP HEIGHT  CROWN
      TREES/A            DBH    HEIGHT  CROWN   GROWTH   AREA     PER    STAND   MEAN DBH    PER     AREA     LARGEST   COMP
YEAR   %TILE  SPECIES (INCHES)  (FEET)  RATIO  (INCHES)  %TILE    ACRE   AGE     (INCHES)    ACRE   (SQFT/A) 40/A (FT)  FACTOR
----  ------- ------- -------- -------- ------ --------- ------- ------  -----  ---------   ------ --------- --------- -------

2004                                          ( 10 YRS)

        10     AF1       0.10     1.01    73     0.00      0.0   14.75
        30     AF1       0.10     1.01    73     0.00      0.0   14.75
        50     AF1       0.10     1.01    58     0.00      0.0   10.00
        70     AF1       5.30    39.00    65     0.71      1.2    0.25
        90     ES1      10.80    66.00    45     0.88     41.1    0.25
       100     LP1      18.50    73.00    45     1.16    100.0    0.25
                                                                         178       5.8       46.       8.       23.3      8.0

2014                                          ( 10 YRS)

        10     AF1       0.11     4.31    73     0.00      0.0   12.50
        30     AF1       0.11     4.31    73     0.00      0.0   12.50
        50     AF1       0.31     5.20    58     0.20      0.1    8.48
        70     AF1       6.20    44.43    65     0.84      2.2    0.25
        90     ES1      11.60    70.24    45     0.76     41.5    0.25
       100     LP1      19.14    76.19    42     0.62     94.7    0.25
                                                                         188       6.5       41.      10.       27.6      9.1

2015                                          (  1 YRS)

        10     AF1       0.14     4.64    73     0.03      0.0   12.30
        30     AF1       0.14     4.64    73     0.03      0.0   12.30
        50     AF1       0.39     5.92    58     0.07      0.1    8.34
        70     AF1       6.29    45.48    65     0.08      2.2    0.25
        90     ES1      11.71    70.73    45     0.10     41.7    0.25
       100     LP1      19.20    76.51    42     0.06     94.7    0.25
                                                                         189       6.6       40.      10.       28.1      9.2

2024                                          (  9 YRS)

        10     AF1       1.20    11.90    73     0.99      0.8   10.58
        30     AF1       1.20    11.90    73     0.99      0.8   10.58
        50     AF1       1.32    11.79    58     0.87      1.5    7.78
        70     AF1       7.15    55.17    64     0.81      3.7    0.24
        90     ES1      12.68    75.20    46     0.93     46.0    0.25
       100     LP1      19.81    79.46    41     0.59     95.1    0.25
                                                                         198       7.3       37.      11.       35.2     10.5


     FOREST VEGETATION SIMULATOR     VERSION FS2025.3 -- INLAND EMPIRE EXPANDED                 RV:20250701    11-25-2025  15:26:22

STAND ID: UNCALBST42                    MGMT ID: NONE    



                                SUMMARY STATISTICS (PER ACRE OR STAND BASED ON TOTAL STAND AREA)
--------------------------------------------------------------------------------------------------------------------------------------
               START OF SIMULATION PERIOD                     REMOVALS             AFTER TREATMENT    GROWTH THIS PERIOD
         --------------------------------------------- ----------------------- ---------------------  ------------------   MAI  ------
         NO OF              TOP      TOTAL MERCH MERCH NO OF TOTAL MERCH MERCH              TOP  RES  PERIOD ACCRE MORT   MERCH FOR SS
YEAR AGE TREES  BA  SDI CCF HT  QMD  CU FT CU FT BD FT TREES CU FT CU FT BD FT  BA  SDI CCF HT   QMD  YEARS   PER  YEAR   CU FT TYP ZT
---- --- ----- --- ---- --- --- ---- ----- ----- ----- ----- ----- ----- ----- --- ---- --- --- ----  ------ ---- -----   ----- ------
2004 178    46   8   19   8  23  5.8   255   214  1095     0     0     0     0   8   19   8  23  5.8      10    6     0     1.2 999 55
2014 188    41  10   21   9  28  6.5   308   269  1387     0     0     0     0  10   21   9  28  6.5       1    6     0     1.4 999 55
2015 189    40  10   21   9  28  6.6   313   274  1415     0     0     0     0  10   21   9  28  6.6       9    6     0     1.4 999 55
2024 198    37  11   23  10  35  7.3   366   316  1636     0     0     0     0  11   23  10  35  7.3       0    0     0     1.6 999 55




                                                     ACTIVITY SUMMARY 

STAND ID= UNCALBST42                    MGMT ID= NONE                                                                            

----------------------------------------------------------------------------------------------------------------------------------

CYCLE  DATE  EXTENSION  KEYWORD   DATE  ACTIVITY DISPOSITION  PARAMETERS:
-----  ----  ---------  --------  ----  --------------------  --------------------------------------------------------------------

   1   2004
               BASE     TREELIST  2004  DONE IN 2013               3.0000     0.0000     0.0000

   2   2014
               BASE     TREELIST  2014  DONE IN 2014               3.0000     0.0000     0.0000

   3   2015
               BASE     TREELIST  2015  DONE IN 2023               3.0000     0.0000     0.0000
----------------------------------------------------------------------------------------------------------------------------------
