

     FOREST VEGETATION SIMULATOR     VERSION FS2025.3 -- INLAND EMPIRE EXPANDED                 RV:20250701    11-25-2025  15:26:27

----------------------------------------------------------------------------------------------------------------------------------

                                                OPTIONS SELECTED BY INPUT

KEYWORD FILE NAME: ../../data/fvs_runFiles/uc_Nov252025_15.26/uncalib_stand179
----------------------------------------------------------------------------------------------------------------------------------
KEYWORD    PARAMETERS:
--------   -----------------------------------------------------------------------------------------------------------------------

STDIDENT
           STAND ID= UNCALBST179                                                                                               

RANNSEED   RANDOM SEED IS:        2025.0

********   FVS03 WARNING:  FOREST CODE INDICATES THE GEOGRAPHIC LOCATION IS OUTSIDE THE RANGE OF THE MODEL.  DEFAULT CODE IS USED.

********   FOREST CODE USED IN THIS PROJECTION IS 118

           HABITAT TYPE WILL BE MAPPED TO 660 FOR THIS PROJECTION.

STDINFO    FOREST-LOCATION CODE=     118; HABITAT TYPE=660; AGE=  102; ASPECT AZIMUTH IN DEGREES= 296.; SLOPE=  33.%
           ELEVATION(100'S FEET)= 64.0; REFERENCE CODE=     

TREELIST   DATE/CYCLE=    0; DATA SET REFERENCE NUMBER =  3.; HEADING SUPPRESSION CODE = 0.
           (0=WITH HEADING, OTHER VALUES=SUPPRESS HEADING).

TREEFMT 
          (I4,I4,F8.3,I1,A3,F5.1,F5.1,2F5.1,F5.1,I1,6I2,2I1,I2,2I3,2I1,F3.0)              
                                                                                          

DESIGN     BASAL AREA FACTOR=   -1.0; INVERSE OF FIXED PLOT AREA=    0.0; BREAK DBH=    0.0
           NUMBER OF PLOTS=     4; NON-STOCKABLE PLOTS=     0; STAND SAMPLING WEIGHT=     4.00000
           PROPORTION OF STAND CONSIDERED STOCKABLE=  1.000
           SEE "OPTIONS SELECTED BY DEFAULT" FOR FINAL DESIGN VALUES.

INVYEAR    INVENTORY YEAR= 2010

CYCLEAT    REQUESTED YEAR FOR A CYCLE =2021

NOTRIPLE

NOAUTOES   TALLIES AND INGROWTH WILL NOT BE ADDED AUTOMATICALLY.
           STOCKADJ IS SET TO ZERO, AND NO SPROUTING WILL BE SIMULATED.

CYCLEAT    REQUESTED YEAR FOR A CYCLE =2021

NOCALIB    CALIBRATION USING GROWTH DATA FROM TREE RECORDS HAS BEEN SUPPRESSED FOR ALL SPECIES

NOHTDREG   CALIBRATION OF HEIGHT-DIAMETER RELATIONSHIP WILL BE SUPPRESSED FOR ALL SPECIES


            

NUMCYCLE   NUMBER OF CYCLES=  2

PROCESS    PROCESS THE STAND.
----------------------------------------------------------------------------------------------------------------------------------

                                                OPTIONS SELECTED BY DEFAULT

----------------------------------------------------------------------------------------------------------------------------------

DESIGN     BASAL AREA FACTOR=   -1.0; INVERSE OF FIXED PLOT AREA=    0.0; BREAK DBH=    0.0
           NUMBER OF PLOTS=     4; NON-STOCKABLE PLOTS=     0; STAND SAMPLING WEIGHT=     4.00000
           PROPORTION OF STAND CONSIDERED STOCKABLE=  1.000

STDINFO    FOREST-LOCATION CODE=     118; HABITAT TYPE=660; AGE=  102; ASPECT AZIMUTH IN DEGREES= 296.; SLOPE=  33.%
           ELEVATION(100'S FEET)= 64.0;  REFERENCE CODE=     

SPECIES      WP      WL      DF      GF      WH      RC      LP      ES      AF      PP
SDI MAX     626.    626.    626.    626.    626.    626.    626.    626.    626.    626.

SPECIES      MH      WB      LM      LL      PM      RM      PY      AS      CO      MM
SDI MAX     626.    626.    626.    626.    626.    626.    626.    626.    626.    626.

SPECIES      PB      OH      OS
SDI MAX     626.    626.    626.

                                  NATIONAL VOLUME ESTIMATOR LIBRARY EQUATION NUMBERS
SPECIES CUBIC FOOT BOARD FOOT SPECIES CUBIC FOOT BOARD FOOT SPECIES CUBIC FOOT BOARD FOOT SPECIES CUBIC FOOT BOARD FOOT 
------- ---------- ---------- ------- ---------- ---------- ------- ---------- ---------- ------- ---------- ---------- 
  WP    I00FW2W119 I00FW2W119   WL    I00FW2W073 I00FW2W073   DF    I00FW2W202 I00FW2W202   GF    I00FW2W017 I00FW2W017
  WH    I00FW2W260 I00FW2W260   RC    I00FW2W242 I00FW2W242   LP    I00FW2W108 I00FW2W108   ES    I00FW2W093 I00FW2W093
  AF    I00FW2W019 I00FW2W019   PP    I00FW2W122 I00FW2W122   MH    I00FW2W260 I00FW2W260   WB    I00FW2W012 I00FW2W012
  LM    I00FW2W073 I00FW2W073   LL    I00FW2W019 I00FW2W019   PM    102DVEW106 102DVEW106   RM    102DVEW106 102DVEW106
  PY    616BEHW231 616BEHW231   AS    102DVEW746 102DVEW746   CO    102DVEW740 102DVEW740   MM    200DVEW746 200DVEW746
  PB    101DVEW375 101DVEW375   OH    200DVEW746 200DVEW746   OS    I00FW2W260 I00FW2W260

SITECODE   SITE INDEX INFORMATION:
            WP=    0.;  WL=    0.;  DF=    0.;  GF=    0.;  WH=    0.;  RC=    0.;  LP=    0.;  ES=    0.; AF=    0.
            PP=    0.;  MH=    0.;  WB=    0.;  LM=   36.;  LL=    0.;  PM=   12.;  RM=   10.;  PY=   36.; AS=   49.
            CO=   73.;  MM=   49.;  PB=   49.;  OH=   73.;  OS=    0.
           SITE SPECIES=DF CODE=    3

INVENTORY POINT CROSS REFERENCE (FVS SEQUENTIAL POINT NUMBER = POINT NUMBER AS ENTERED IN THE INPUT DATA):
  1=       1;   2=       2;   3=       3;   4=       4
----------------------------------------------------------------------------------------------------------------------------------


                                                     ACTIVITY SCHEDULE

STAND ID= UNCALBST179                   MGMT ID= NONE                                                                            

----------------------------------------------------------------------------------------------------------------------------------

CYCLE  DATE  EXTENSION  KEYWORD   DATE  PARAMETERS:
-----  ----  ---------  --------  ----  ------------------------------------------------------------------------------------------

   1   2010
               BASE     TREELIST  2010       3.0000     0.0000     0.0000

   2   2020
               BASE     TREELIST  2020       3.0000     0.0000     0.0000

   3   2021
               BASE     TREELIST  2021       3.0000     0.0000     0.0000
----------------------------------------------------------------------------------------------------------------------------------


CALIBRATION STATISTICS:


                                                 LP    ES    DF    AF
                                                ----  ----  ----  ----

NUMBER OF RECORDS PER SPECIES                     48    16     8    24

NUMBER OF RECORDS CODED AS RECENT MORTALITY        0     0     0     0

NUMBER OF RECORDS WITH MISSING HEIGHTS             0     0     0     0

NUMBER OF RECORDS WITH BROKEN OR DEAD TOPS         0     0     0     1

NUMBER OF RECORDS WITH MISSING CROWN RATIOS        0     0     0     0

NUMBER OF RECORDS AVAILABLE FOR SCALING
THE DIAMETER INCREMENT MODEL                       0     0     0     0

RATIO OF STANDARD ERRORS
(INPUT DBH GROWTH DATA : MODEL)                 1.00  1.00  1.00  1.00

WEIGHT GIVEN TO THE INPUT GROWTH DATA WHEN
DBH GROWTH MODEL SCALE FACTORS WERE COMPUTED    0.00  0.00  0.00  0.00

INITIAL SCALE FACTORS FOR THE
DBH INCREMENT MODEL                             1.00  1.00  1.00  1.00

NUMBER OF RECORDS AVAILABLE FOR SCALING
THE SMALL TREE HEIGHT INCREMENT MODEL             0     0     0     0

INITIAL SCALE FACTORS FOR THE SMALL TREE
HEIGHT INCREMENT MODEL                          1.00  1.00  1.00  1.00

NUMBER OF RECORDS WITH MISTLETOE                   0     0     0     0


     FOREST VEGETATION SIMULATOR     VERSION FS2025.3 -- INLAND EMPIRE EXPANDED                 RV:20250701    11-25-2025  15:26:27

STAND ID: UNCALBST179                   MGMT ID: NONE     


                                        STAND COMPOSITION (BASED ON STOCKABLE AREA)
--------------------------------------------------------------------------------------------------------------------------
                            PERCENTILE POINTS IN THE
                     DISTRIBUTION OF STAND ATTRIBUTES BY DBH      TOTAL/ACRE
        STAND       -----------------------------------------      OF STAND         DISTRIBUTION OF STAND ATTRIBUTES BY
YEAR  ATTRIBUTES      10     30     50     70     90    100       ATTRIBUTES       SPECIES AND 3 USER-DEFINED SUBCLASSES
----  -----------   ------ ------ ------ ------ ------ ------   --------------  ------------------------------------------
                                 (DBH IN INCHES)



2010  TREES           5.1    6.5    7.9    9.8   11.6    12.8      22. TREES     47.% LP1,  25.% AF1,  18.% ES1,   9.% DF1
      VOLUME:  
        TOTAL         6.6    8.7   10.3   11.3   12.3    12.8     289. CUFT      71.% LP1,  11.% AF1,  11.% ES1,   7.% DF1
        MERCH         7.7    9.2   10.5   11.4   12.5    12.8     230. CUFT      78.% LP1,   9.% ES1,   7.% AF1,   6.% DF1
        MERCH         7.5    9.1   10.5   11.4   12.5    12.8    1212. BDFT      78.% LP1,   9.% ES1,   7.% AF1,   6.% DF1


      ACCRETION       5.7    7.0    8.6   10.3   11.7    12.8       7. CUFT/YR   41.% LP1,  25.% AF1,  23.% ES1,  10.% DF1
      MORTALITY       6.6    9.0   10.3   11.4   12.3    12.8       2. CUFT/YR   87.% LP1,   7.% AF1,   4.% DF1,   2.% ES1



2020  TREES           5.9    7.4    8.7   10.6   12.1    13.6      20. TREES     46.% LP1,  26.% AF1,  19.% ES1,   9.% DF1
      VOLUME:  
        TOTAL         7.3    9.3   10.8   11.8   12.9    13.6     337. CUFT      64.% LP1,  14.% AF1,  14.% ES1,   8.% DF1
        MERCH         7.9    9.6   11.2   11.9   12.9    13.6     277. CUFT      68.% LP1,  12.% ES1,  12.% AF1,   8.% DF1
        MERCH         7.8    9.5   11.2   11.9   12.9    13.6    1448. BDFT      69.% LP1,  12.% ES1,  11.% AF1,   8.% DF1


      ACCRETION       6.7    8.2    9.3   11.2   12.2    13.6       7. CUFT/YR   40.% LP1,  26.% AF1,  23.% ES1,  11.% DF1
      MORTALITY       7.3    9.3   10.8   12.0   12.9    13.6       2. CUFT/YR   84.% LP1,   9.% AF1,   4.% DF1,   2.% ES1



2021  TREES           5.9    7.4    8.8   10.7   12.2    13.7      20. TREES     45.% LP1,  26.% AF1,  19.% ES1,   9.% DF1
      VOLUME:  
        TOTAL         7.4    9.4   10.9   11.9   12.9    13.7     341. CUFT      63.% LP1,  15.% AF1,  14.% ES1,   8.% DF1
        MERCH         7.9    9.6   11.3   12.0   12.9    13.7     281. CUFT      67.% LP1,  13.% ES1,  12.% AF1,   8.% DF1
        MERCH         7.7    9.6   11.3   12.0   12.9    13.7    1477. BDFT      68.% LP1,  13.% AF1,  12.% ES1,   8.% DF1


      ACCRETION       6.8    8.2    9.4   11.3   12.1    13.7       7. CUFT/YR   37.% LP1,  27.% ES1,  26.% AF1,  11.% DF1
      MORTALITY       7.4    9.5   10.9   12.1   12.9    13.7       2. CUFT/YR   85.% LP1,   8.% AF1,   4.% DF1,   3.% ES1



2030  TREES           6.9    8.5    9.6   11.4   13.1    14.2      19. TREES     44.% LP1,  26.% AF1,  20.% ES1,  10.% DF1
      VOLUME:  
        TOTAL         7.9    9.7   11.4   12.7   13.3    14.2     382. CUFT      58.% LP1,  17.% AF1,  17.% ES1,   9.% DF1
        MERCH         8.5   10.0   11.7   12.7   13.5    14.2     324. CUFT      61.% LP1,  15.% AF1,  15.% ES1,   8.% DF1
        MERCH         8.5   10.0   11.4   12.7   13.5    14.2    1716. BDFT      61.% LP1,  15.% AF1,  15.% ES1,   9.% DF1


     FOREST VEGETATION SIMULATOR     VERSION FS2025.3 -- INLAND EMPIRE EXPANDED                 RV:20250701    11-25-2025  15:26:27

STAND ID: UNCALBST179                   MGMT ID: NONE     


------------------------------------------------------------------------------------------------------------------------------
                     ATTRIBUTES OF SELECTED SAMPLE TREES                 ADDITIONAL STAND ATTRIBUTES (BASED ON STOCKABLE AREA)
      -----------------------------------------------------------------  -----------------------------------------------------
      INITIAL                           LIVE   PAST DBH  BASAL   TREES          QUADRATIC   TREES    BASAL  TOP HEIGHT  CROWN
      TREES/A            DBH    HEIGHT  CROWN   GROWTH   AREA     PER    STAND   MEAN DBH    PER     AREA     LARGEST   COMP
YEAR   %TILE  SPECIES (INCHES)  (FEET)  RATIO  (INCHES)  %TILE    ACRE   AGE     (INCHES)    ACRE   (SQFT/A) 40/A (FT)  FACTOR
----  ------- ------- -------- -------- ------ --------- ------- ------  -----  ---------   ------ --------- --------- -------

2010                                          ( 10 YRS)

        10     DF1       5.10    47.00    15     0.45      2.6    0.25
        30     DF1       6.50    63.00    25     1.49     12.8    0.25
        50     LP1       7.90    79.00    15     0.41     26.5    0.25
        70     LP1       9.80    83.00    25     0.54     47.6    0.25
        90     LP1      11.60    73.00     5     0.62     80.8    0.25
       100     LP1      12.80    68.00    25     0.55    100.0    0.25
                                                                         102       8.5       22.       9.       63.9      8.9

2020                                          ( 10 YRS)

        10     DF1       5.80    71.97    14     0.61      2.7    0.23
        30     DF1       7.12    73.63    23     0.54     10.6    0.23
        50     LP1       8.42    81.45    15     0.50     24.8    0.22
        70     LP1      10.62    85.78    26     0.79     51.0    0.23
        90     LP1      12.14    75.53     5     0.52     82.8    0.23
       100     LP1      13.20    70.27    23     0.39     97.5    0.23
                                                                         112       9.3       20.      10.       70.2      9.8

2021                                          (  1 YRS)

        10     DF1       5.89    73.70    14     0.08      2.7    0.23
        30     DF1       7.23    74.90    23     0.09     11.3    0.23
        50     LP1       8.47    81.69    15     0.05     25.1    0.22
        70     LP1      10.68    86.02    26     0.06     51.2    0.23
        90     LP1      12.19    75.75     5     0.05     82.9    0.22
       100     LP1      13.25    70.51    23     0.05     97.5    0.23
                                                                         113       9.4       20.      10.       70.7      9.9

2030                                          (  9 YRS)

        10     DF1       6.86    84.61    15     0.84      4.7    0.22
        30     DF1       7.86    85.80    22     0.55     12.1    0.22
        50     LP1       8.90    83.69    15     0.41     21.9    0.19
        70     LP1      11.04    87.66    26     0.34     49.7    0.21
        90     LP1      12.60    77.75     5     0.40     70.2    0.20
       100     LP1      13.53    72.25    21     0.27     93.4    0.21
                                                                         122      10.1       19.      11.       75.4     10.6


     FOREST VEGETATION SIMULATOR     VERSION FS2025.3 -- INLAND EMPIRE EXPANDED                 RV:20250701    11-25-2025  15:26:27

STAND ID: UNCALBST179                   MGMT ID: NONE    



                                SUMMARY STATISTICS (PER ACRE OR STAND BASED ON TOTAL STAND AREA)
--------------------------------------------------------------------------------------------------------------------------------------
               START OF SIMULATION PERIOD                     REMOVALS             AFTER TREATMENT    GROWTH THIS PERIOD
         --------------------------------------------- ----------------------- ---------------------  ------------------   MAI  ------
         NO OF              TOP      TOTAL MERCH MERCH NO OF TOTAL MERCH MERCH              TOP  RES  PERIOD ACCRE MORT   MERCH FOR SS
YEAR AGE TREES  BA  SDI CCF HT  QMD  CU FT CU FT BD FT TREES CU FT CU FT BD FT  BA  SDI CCF HT   QMD  YEARS   PER  YEAR   CU FT TYP ZT
---- --- ----- --- ---- --- --- ---- ----- ----- ----- ----- ----- ----- ----- --- ---- --- --- ----  ------ ---- -----   ----- ------
2010 102    22   9   17   9  64  8.5   289   230  1213     0     0     0     0   9   17   9  64  8.5      10    7     2     2.3 999 55
2020 112    20  10   18  10  70  9.3   337   277  1448     0     0     0     0  10   18  10  70  9.3       1    7     2     2.5 999 55
2021 113    20  10   18  10  71  9.4   341   281  1477     0     0     0     0  10   18  10  71  9.4       9    7     2     2.5 999 55
2030 122    19  11   19  11  75 10.1   382   324  1716     0     0     0     0  11   19  11  75 10.1       0    0     0     2.7 999 55




                                                     ACTIVITY SUMMARY 

STAND ID= UNCALBST179                   MGMT ID= NONE                                                                            

----------------------------------------------------------------------------------------------------------------------------------

CYCLE  DATE  EXTENSION  KEYWORD   DATE  ACTIVITY DISPOSITION  PARAMETERS:
-----  ----  ---------  --------  ----  --------------------  --------------------------------------------------------------------

   1   2010
               BASE     TREELIST  2010  DONE IN 2019               3.0000     0.0000     0.0000

   2   2020
               BASE     TREELIST  2020  DONE IN 2020               3.0000     0.0000     0.0000

   3   2021
               BASE     TREELIST  2021  DONE IN 2029               3.0000     0.0000     0.0000
----------------------------------------------------------------------------------------------------------------------------------
