

     FOREST VEGETATION SIMULATOR     VERSION FS2025.3 -- INLAND EMPIRE EXPANDED                 RV:20250701    11-25-2025  15:26:22

----------------------------------------------------------------------------------------------------------------------------------

                                                OPTIONS SELECTED BY INPUT

KEYWORD FILE NAME: ../../data/fvs_runFiles/uc_Nov252025_15.26/uncalib_stand58
----------------------------------------------------------------------------------------------------------------------------------
KEYWORD    PARAMETERS:
--------   -----------------------------------------------------------------------------------------------------------------------

STDIDENT
           STAND ID= UNCALBST58                                                                                                

RANNSEED   RANDOM SEED IS:        2025.0

           HABITAT TYPE WILL BE MAPPED TO 620 FOR THIS PROJECTION.

STDINFO    FOREST-LOCATION CODE=     116; HABITAT TYPE=620; AGE=   84; ASPECT AZIMUTH IN DEGREES=   5.; SLOPE=  18.%
           ELEVATION(100'S FEET)= 48.0; REFERENCE CODE=     

TREELIST   DATE/CYCLE=    0; DATA SET REFERENCE NUMBER =  3.; HEADING SUPPRESSION CODE = 0.
           (0=WITH HEADING, OTHER VALUES=SUPPRESS HEADING).

TREEFMT 
          (I4,I4,F8.3,I1,A3,F5.1,F5.1,2F5.1,F5.1,I1,6I2,2I1,I2,2I3,2I1,F3.0)              
                                                                                          

DESIGN     BASAL AREA FACTOR=   -1.0; INVERSE OF FIXED PLOT AREA=    0.0; BREAK DBH=    0.0
           NUMBER OF PLOTS=     4; NON-STOCKABLE PLOTS=     0; STAND SAMPLING WEIGHT=     4.00000
           PROPORTION OF STAND CONSIDERED STOCKABLE=  1.000
           SEE "OPTIONS SELECTED BY DEFAULT" FOR FINAL DESIGN VALUES.

INVYEAR    INVENTORY YEAR= 2011

CYCLEAT    REQUESTED YEAR FOR A CYCLE =2022

NOTRIPLE

NOAUTOES   TALLIES AND INGROWTH WILL NOT BE ADDED AUTOMATICALLY.
           STOCKADJ IS SET TO ZERO, AND NO SPROUTING WILL BE SIMULATED.

CYCLEAT    REQUESTED YEAR FOR A CYCLE =2022

NOCALIB    CALIBRATION USING GROWTH DATA FROM TREE RECORDS HAS BEEN SUPPRESSED FOR ALL SPECIES

NOHTDREG   CALIBRATION OF HEIGHT-DIAMETER RELATIONSHIP WILL BE SUPPRESSED FOR ALL SPECIES


            

NUMCYCLE   NUMBER OF CYCLES=  2

PROCESS    PROCESS THE STAND.

********   FVS09 WARNING:  PLOT COUNTS DO NOT MATCH DATA ON THE DESIGN RECORD; DESIGN RECORD DATA USED.
                            PLOT COUNT=   3; NONSTOCKABLE COUNT=   0
----------------------------------------------------------------------------------------------------------------------------------

                                                OPTIONS SELECTED BY DEFAULT

----------------------------------------------------------------------------------------------------------------------------------

DESIGN     BASAL AREA FACTOR=   -1.0; INVERSE OF FIXED PLOT AREA=    0.0; BREAK DBH=    0.0
           NUMBER OF PLOTS=     4; NON-STOCKABLE PLOTS=     0; STAND SAMPLING WEIGHT=     4.00000
           PROPORTION OF STAND CONSIDERED STOCKABLE=  1.000

STDINFO    FOREST-LOCATION CODE=     116; HABITAT TYPE=620; AGE=   84; ASPECT AZIMUTH IN DEGREES=   5.; SLOPE=  18.%
           ELEVATION(100'S FEET)= 48.0;  REFERENCE CODE=     

SPECIES      WP      WL      DF      GF      WH      RC      LP      ES      AF      PP
SDI MAX     949.    949.    949.    949.    949.    949.    949.    949.    949.    949.

SPECIES      MH      WB      LM      LL      PM      RM      PY      AS      CO      MM
SDI MAX     949.    949.    949.    949.    949.    949.    949.    949.    949.    949.

SPECIES      PB      OH      OS
SDI MAX     949.    949.    949.

                                  NATIONAL VOLUME ESTIMATOR LIBRARY EQUATION NUMBERS
SPECIES CUBIC FOOT BOARD FOOT SPECIES CUBIC FOOT BOARD FOOT SPECIES CUBIC FOOT BOARD FOOT SPECIES CUBIC FOOT BOARD FOOT 
------- ---------- ---------- ------- ---------- ---------- ------- ---------- ---------- ------- ---------- ---------- 
  WP    I00FW2W119 I00FW2W119   WL    I00FW2W073 I00FW2W073   DF    I00FW2W202 I00FW2W202   GF    I00FW2W017 I00FW2W017
  WH    I00FW2W260 I00FW2W260   RC    I00FW2W242 I00FW2W242   LP    I00FW2W108 I00FW2W108   ES    I00FW2W093 I00FW2W093
  AF    I00FW2W019 I00FW2W019   PP    I00FW2W122 I00FW2W122   MH    I00FW2W260 I00FW2W260   WB    I00FW2W012 I00FW2W012
  LM    I00FW2W073 I00FW2W073   LL    I00FW2W019 I00FW2W019   PM    102DVEW106 102DVEW106   RM    102DVEW106 102DVEW106
  PY    616BEHW231 616BEHW231   AS    102DVEW746 102DVEW746   CO    102DVEW740 102DVEW740   MM    200DVEW746 200DVEW746
  PB    101DVEW375 101DVEW375   OH    200DVEW746 200DVEW746   OS    I00FW2W260 I00FW2W260

SITECODE   SITE INDEX INFORMATION:
            WP=    0.;  WL=    0.;  DF=    0.;  GF=    0.;  WH=    0.;  RC=    0.;  LP=    0.;  ES=    0.; AF=    0.
            PP=    0.;  MH=    0.;  WB=    0.;  LM=   39.;  LL=    0.;  PM=   14.;  RM=   11.;  PY=   39.; AS=   55.
            CO=   86.;  MM=   55.;  PB=   55.;  OH=   86.;  OS=    0.
           SITE SPECIES=DF CODE=    3

INVENTORY POINT CROSS REFERENCE (FVS SEQUENTIAL POINT NUMBER = POINT NUMBER AS ENTERED IN THE INPUT DATA):
  1=       2;   2=       3;   3=       1;   4=       0
----------------------------------------------------------------------------------------------------------------------------------


                                                     ACTIVITY SCHEDULE

STAND ID= UNCALBST58                    MGMT ID= NONE                                                                            

----------------------------------------------------------------------------------------------------------------------------------

CYCLE  DATE  EXTENSION  KEYWORD   DATE  PARAMETERS:
-----  ----  ---------  --------  ----  ------------------------------------------------------------------------------------------

   1   2011
               BASE     TREELIST  2011       3.0000     0.0000     0.0000

   2   2021
               BASE     TREELIST  2021       3.0000     0.0000     0.0000

   3   2022
               BASE     TREELIST  2022       3.0000     0.0000     0.0000
----------------------------------------------------------------------------------------------------------------------------------


CALIBRATION STATISTICS:


                                                 LP    WL    ES    AF    DF    GF
                                                ----  ----  ----  ----  ----  ----

NUMBER OF RECORDS PER SPECIES                     32    11     6     2     7     1

NUMBER OF RECORDS WITH MISSING HEIGHTS             1     0     1     1     1     1

NUMBER OF RECORDS WITH BROKEN OR DEAD TOPS         0     1     0     0     0     0

NUMBER OF RECORDS WITH MISSING CROWN RATIOS        1     0     1     1     1     1

NUMBER OF RECORDS AVAILABLE FOR SCALING
THE DIAMETER INCREMENT MODEL                       0     0     0     0     0     0

RATIO OF STANDARD ERRORS
(INPUT DBH GROWTH DATA : MODEL)                 1.00  1.00  1.00  1.00  1.00  1.00

WEIGHT GIVEN TO THE INPUT GROWTH DATA WHEN
DBH GROWTH MODEL SCALE FACTORS WERE COMPUTED    0.00  0.00  0.00  0.00  0.00  0.00

INITIAL SCALE FACTORS FOR THE
DBH INCREMENT MODEL                             1.00  1.00  1.00  1.00  1.00  1.00

NUMBER OF RECORDS AVAILABLE FOR SCALING
THE SMALL TREE HEIGHT INCREMENT MODEL             0     0     0     0     0     0

INITIAL SCALE FACTORS FOR THE SMALL TREE
HEIGHT INCREMENT MODEL                          1.00  1.00  1.00  1.00  1.00  1.00

NUMBER OF RECORDS WITH MISTLETOE                   0     0     0     0     0     0


     FOREST VEGETATION SIMULATOR     VERSION FS2025.3 -- INLAND EMPIRE EXPANDED                 RV:20250701    11-25-2025  15:26:22

STAND ID: UNCALBST58                    MGMT ID: NONE     


                                        STAND COMPOSITION (BASED ON STOCKABLE AREA)
--------------------------------------------------------------------------------------------------------------------------
                            PERCENTILE POINTS IN THE
                     DISTRIBUTION OF STAND ATTRIBUTES BY DBH      TOTAL/ACRE
        STAND       -----------------------------------------      OF STAND         DISTRIBUTION OF STAND ATTRIBUTES BY
YEAR  ATTRIBUTES      10     30     50     70     90    100       ATTRIBUTES       SPECIES AND 3 USER-DEFINED SUBCLASSES
----  -----------   ------ ------ ------ ------ ------ ------   --------------  ------------------------------------------
                                 (DBH IN INCHES)



2011  TREES           0.1    5.1    5.4    6.3    8.0    10.6      16. TREES     55.% LP1,  18.% WL1,  13.% DF1,  10.% ES1
      VOLUME:  
        TOTAL         5.3    6.0    6.8    8.0    9.9    10.6      73. CUFT      67.% LP1,  23.% WL1,   7.% DF1,   2.% ES1
        MERCH         6.3    7.6    8.0    9.1    9.9    10.6      36. CUFT      68.% LP1,  25.% WL1,   8.% DF1,   0.% ---
        MERCH         6.3    7.4    8.0    9.1   10.6    10.6     198. BDFT      66.% LP1,  27.% WL1,   8.% DF1,   0.% ---


      ACCRETION       5.1    5.9    6.4    7.8    9.9    10.6       4. CUFT/YR   52.% LP1,  31.% WL1,  11.% DF1,   5.% ES1
      MORTALITY       5.2    5.4    6.1    7.4    8.7    10.6       0. CUFT/YR   84.% LP1,  13.% WL1,   3.% DF1,   0.% ES1



2021  TREES           0.9    5.9    6.6    7.4    9.4    12.0      15. TREES     54.% LP1,  18.% WL1,  13.% DF1,  10.% ES1
      VOLUME:  
        TOTAL         6.1    6.9    8.1    9.1   11.6    12.0     106. CUFT      62.% LP1,  26.% WL1,   9.% DF1,   3.% ES1
        MERCH         6.6    7.4    8.2    9.4   11.6    12.0      75. CUFT      63.% LP1,  30.% WL1,   8.% DF1,   0.% ---
        MERCH         6.6    7.3    8.1    9.4   11.6    12.0     411. BDFT      62.% LP1,  31.% WL1,   7.% DF1,   0.% ---


      ACCRETION       5.8    6.6    7.4    8.9   10.3    12.0       4. CUFT/YR   49.% LP1,  30.% WL1,  12.% DF1,   8.% ES1
      MORTALITY       5.8    6.5    7.1    8.1    9.9    12.0       0. CUFT/YR   82.% LP1,  15.% WL1,   3.% DF1,   1.% ES1



2022  TREES           1.1    6.0    6.7    7.5    9.5    12.1      14. TREES     54.% LP1,  18.% WL1,  13.% DF1,  10.% ES1
      VOLUME:  
        TOTAL         6.2    7.0    8.2    9.2   11.7    12.1     110. CUFT      61.% LP1,  27.% WL1,   9.% DF1,   3.% ES1
        MERCH         6.7    7.5    8.3    9.5   11.7    12.1      80. CUFT      61.% LP1,  29.% WL1,   7.% DF1,   3.% ES1
        MERCH         6.6    7.3    8.2    9.2   11.7    12.1     441. BDFT      61.% LP1,  30.% WL1,   7.% DF1,   3.% ES1


      ACCRETION       5.1    6.7    7.5    9.0   10.4    12.1       5. CUFT/YR   46.% LP1,  27.% WL1,  14.% DF1,  12.% ES1
      MORTALITY       6.0    6.7    7.3    8.3   10.1    12.1       0. CUFT/YR   80.% LP1,  16.% WL1,   3.% DF1,   0.% ES1



2031  TREES           4.2    6.6    7.7    9.0   10.6    13.1      14. TREES     53.% LP1,  19.% WL1,  14.% DF1,  10.% ES1
      VOLUME:  
        TOTAL         6.6    7.8    9.1   10.2   12.2    13.1     148. CUFT      56.% LP1,  27.% WL1,  10.% DF1,   6.% ES1
        MERCH         6.9    8.2    9.3   10.4   12.8    13.1     119. CUFT      57.% LP1,  30.% WL1,   9.% DF1,   5.% ES1
        MERCH         6.9    8.1    9.1   10.2   12.8    13.1     663. BDFT      56.% LP1,  30.% WL1,   9.% DF1,   4.% ES1


     FOREST VEGETATION SIMULATOR     VERSION FS2025.3 -- INLAND EMPIRE EXPANDED                 RV:20250701    11-25-2025  15:26:22

STAND ID: UNCALBST58                    MGMT ID: NONE     


------------------------------------------------------------------------------------------------------------------------------
                     ATTRIBUTES OF SELECTED SAMPLE TREES                 ADDITIONAL STAND ATTRIBUTES (BASED ON STOCKABLE AREA)
      -----------------------------------------------------------------  -----------------------------------------------------
      INITIAL                           LIVE   PAST DBH  BASAL   TREES          QUADRATIC   TREES    BASAL  TOP HEIGHT  CROWN
      TREES/A            DBH    HEIGHT  CROWN   GROWTH   AREA     PER    STAND   MEAN DBH    PER     AREA     LARGEST   COMP
YEAR   %TILE  SPECIES (INCHES)  (FEET)  RATIO  (INCHES)  %TILE    ACRE   AGE     (INCHES)    ACRE   (SQFT/A) 40/A (FT)  FACTOR
----  ------- ------- -------- -------- ------ --------- ------- ------  -----  ---------   ------ --------- --------- -------

2011                                          ( 10 YRS)

        10     DF1       0.10     1.01    69     0.00      0.0    0.50
        30     LP1       5.10    50.00    15     0.93      5.2    0.25
        50     LP1       5.40    52.00    15     0.70     22.0    0.25
        70     LP1       6.30    52.00    15     0.80     44.8    0.25
        90     LP1       8.00    63.00    25     0.73     74.7    0.25
       100     WL1      10.60    72.00    45     1.24    100.0    0.25
                                                                          84       5.7       16.       3.       42.5      2.9

2021                                          ( 10 YRS)

        10     DF1       0.86    13.25    69     0.66      0.1    0.45
        30     LP1       6.13    55.77    16     1.00     14.5    0.24
        50     LP1       6.22    56.86    14     0.79     17.1    0.24
        70     LP1       6.69    54.89    14     0.38     30.5    0.24
        90     LP1       9.07    68.41    24     1.03     72.9    0.24
       100     WL1      11.99    80.09    44     1.18    100.0    0.25
                                                                          94       6.9       15.       4.       51.9      3.9

2022                                          (  1 YRS)

        10     DF1       1.07    14.60    69     0.18      0.1    0.44
        30     LP1       6.22    56.23    16     0.08     14.7    0.24
        50     LP1       6.29    57.28    14     0.07     17.3    0.23
        70     LP1       6.76    55.28    14     0.06     30.6    0.23
        90     LP1       9.15    68.85    24     0.08     73.1    0.24
       100     WL1      12.12    80.80    44     0.11    100.0    0.25
                                                                          95       7.0       15.       4.       52.8      3.9

2031                                          (  9 YRS)

        10     DF1       2.93    26.40    69     1.61      0.5    0.44
        30     LP1       6.76    59.69    15     0.52     15.1    0.23
        50     LP1       6.99    61.40    14     0.68     21.0    0.22
        70     LP1       7.43    59.20    13     0.65     26.2    0.22
        90     LP1      10.21    73.86    23     1.02     71.8    0.23
       100     WL1      13.08    86.47    43     0.81    100.0    0.24
                                                                         104       8.0       14.       5.       60.8      4.9


     FOREST VEGETATION SIMULATOR     VERSION FS2025.3 -- INLAND EMPIRE EXPANDED                 RV:20250701    11-25-2025  15:26:22

STAND ID: UNCALBST58                    MGMT ID: NONE    



                                SUMMARY STATISTICS (PER ACRE OR STAND BASED ON TOTAL STAND AREA)
--------------------------------------------------------------------------------------------------------------------------------------
               START OF SIMULATION PERIOD                     REMOVALS             AFTER TREATMENT    GROWTH THIS PERIOD
         --------------------------------------------- ----------------------- ---------------------  ------------------   MAI  ------
         NO OF              TOP      TOTAL MERCH MERCH NO OF TOTAL MERCH MERCH              TOP  RES  PERIOD ACCRE MORT   MERCH FOR SS
YEAR AGE TREES  BA  SDI CCF HT  QMD  CU FT CU FT BD FT TREES CU FT CU FT BD FT  BA  SDI CCF HT   QMD  YEARS   PER  YEAR   CU FT TYP ZT
---- --- ----- --- ---- --- --- ---- ----- ----- ----- ----- ----- ----- ----- --- ---- --- --- ----  ------ ---- -----   ----- ------
2011  84    16   3    6   3  42  5.7    73    36   198     0     0     0     0   3    6   3  42  5.7      10    4     0     0.4 999 55
2021  94    15   4    8   4  52  6.9   106    75   411     0     0     0     0   4    8   4  52  6.9       1    4     0     0.8 999 55
2022  95    15   4    8   4  53  7.0   110    80   441     0     0     0     0   4    8   4  53  7.0       9    5     0     0.8 999 55
2031 104    14   5   10   5  61  8.0   148   119   663     0     0     0     0   5   10   5  61  8.0       0    0     0     1.1 999 55




                                                     ACTIVITY SUMMARY 

STAND ID= UNCALBST58                    MGMT ID= NONE                                                                            

----------------------------------------------------------------------------------------------------------------------------------

CYCLE  DATE  EXTENSION  KEYWORD   DATE  ACTIVITY DISPOSITION  PARAMETERS:
-----  ----  ---------  --------  ----  --------------------  --------------------------------------------------------------------

   1   2011
               BASE     TREELIST  2011  DONE IN 2020               3.0000     0.0000     0.0000

   2   2021
               BASE     TREELIST  2021  DONE IN 2021               3.0000     0.0000     0.0000

   3   2022
               BASE     TREELIST  2022  DONE IN 2030               3.0000     0.0000     0.0000
----------------------------------------------------------------------------------------------------------------------------------
