

     FOREST VEGETATION SIMULATOR     VERSION FS2025.3 -- INLAND EMPIRE EXPANDED                 RV:20250701    11-25-2025  15:26:25

----------------------------------------------------------------------------------------------------------------------------------

                                                OPTIONS SELECTED BY INPUT

KEYWORD FILE NAME: ../../data/fvs_runFiles/uc_Nov252025_15.26/uncalib_stand138
----------------------------------------------------------------------------------------------------------------------------------
KEYWORD    PARAMETERS:
--------   -----------------------------------------------------------------------------------------------------------------------

STDIDENT
           STAND ID= UNCALBST138                                                                                               

RANNSEED   RANDOM SEED IS:        2025.0

********   FVS03 WARNING:  FOREST CODE INDICATES THE GEOGRAPHIC LOCATION IS OUTSIDE THE RANGE OF THE MODEL.  DEFAULT CODE IS USED.

********   FOREST CODE USED IN THIS PROJECTION IS 118

           HABITAT TYPE WILL BE MAPPED TO 670 FOR THIS PROJECTION.

STDINFO    FOREST-LOCATION CODE=     118; HABITAT TYPE=670; AGE=  150; ASPECT AZIMUTH IN DEGREES= 314.; SLOPE=  33.%
           ELEVATION(100'S FEET)= 66.0; REFERENCE CODE=     

TREELIST   DATE/CYCLE=    0; DATA SET REFERENCE NUMBER =  3.; HEADING SUPPRESSION CODE = 0.
           (0=WITH HEADING, OTHER VALUES=SUPPRESS HEADING).

TREEFMT 
          (I4,I4,F8.3,I1,A3,F5.1,F5.1,2F5.1,F5.1,I1,6I2,2I1,I2,2I3,2I1,F3.0)              
                                                                                          

DESIGN     BASAL AREA FACTOR=   -1.0; INVERSE OF FIXED PLOT AREA=    0.0; BREAK DBH=    0.0
           NUMBER OF PLOTS=     4; NON-STOCKABLE PLOTS=     0; STAND SAMPLING WEIGHT=     4.00000
           PROPORTION OF STAND CONSIDERED STOCKABLE=  1.000
           SEE "OPTIONS SELECTED BY DEFAULT" FOR FINAL DESIGN VALUES.

INVYEAR    INVENTORY YEAR= 2008

CYCLEAT    REQUESTED YEAR FOR A CYCLE =2019

NOTRIPLE

NOAUTOES   TALLIES AND INGROWTH WILL NOT BE ADDED AUTOMATICALLY.
           STOCKADJ IS SET TO ZERO, AND NO SPROUTING WILL BE SIMULATED.

CYCLEAT    REQUESTED YEAR FOR A CYCLE =2019

NOCALIB    CALIBRATION USING GROWTH DATA FROM TREE RECORDS HAS BEEN SUPPRESSED FOR ALL SPECIES

NOHTDREG   CALIBRATION OF HEIGHT-DIAMETER RELATIONSHIP WILL BE SUPPRESSED FOR ALL SPECIES


            

NUMCYCLE   NUMBER OF CYCLES=  2

PROCESS    PROCESS THE STAND.
----------------------------------------------------------------------------------------------------------------------------------

                                                OPTIONS SELECTED BY DEFAULT

----------------------------------------------------------------------------------------------------------------------------------

DESIGN     BASAL AREA FACTOR=   -1.0; INVERSE OF FIXED PLOT AREA=    0.0; BREAK DBH=    0.0
           NUMBER OF PLOTS=     4; NON-STOCKABLE PLOTS=     0; STAND SAMPLING WEIGHT=     4.00000
           PROPORTION OF STAND CONSIDERED STOCKABLE=  1.000

STDINFO    FOREST-LOCATION CODE=     118; HABITAT TYPE=670; AGE=  150; ASPECT AZIMUTH IN DEGREES= 314.; SLOPE=  33.%
           ELEVATION(100'S FEET)= 66.0;  REFERENCE CODE=     

SPECIES      WP      WL      DF      GF      WH      RC      LP      ES      AF      PP
SDI MAX     863.    863.    863.    863.    863.    863.    863.    863.    863.    863.

SPECIES      MH      WB      LM      LL      PM      RM      PY      AS      CO      MM
SDI MAX     863.    863.    863.    863.    863.    863.    863.    863.    863.    863.

SPECIES      PB      OH      OS
SDI MAX     863.    863.    863.

                                  NATIONAL VOLUME ESTIMATOR LIBRARY EQUATION NUMBERS
SPECIES CUBIC FOOT BOARD FOOT SPECIES CUBIC FOOT BOARD FOOT SPECIES CUBIC FOOT BOARD FOOT SPECIES CUBIC FOOT BOARD FOOT 
------- ---------- ---------- ------- ---------- ---------- ------- ---------- ---------- ------- ---------- ---------- 
  WP    I00FW2W119 I00FW2W119   WL    I00FW2W073 I00FW2W073   DF    I00FW2W202 I00FW2W202   GF    I00FW2W017 I00FW2W017
  WH    I00FW2W260 I00FW2W260   RC    I00FW2W242 I00FW2W242   LP    I00FW2W108 I00FW2W108   ES    I00FW2W093 I00FW2W093
  AF    I00FW2W019 I00FW2W019   PP    I00FW2W122 I00FW2W122   MH    I00FW2W260 I00FW2W260   WB    I00FW2W012 I00FW2W012
  LM    I00FW2W073 I00FW2W073   LL    I00FW2W019 I00FW2W019   PM    102DVEW106 102DVEW106   RM    102DVEW106 102DVEW106
  PY    616BEHW231 616BEHW231   AS    102DVEW746 102DVEW746   CO    102DVEW740 102DVEW740   MM    200DVEW746 200DVEW746
  PB    101DVEW375 101DVEW375   OH    200DVEW746 200DVEW746   OS    I00FW2W260 I00FW2W260

SITECODE   SITE INDEX INFORMATION:
            WP=    0.;  WL=    0.;  DF=    0.;  GF=    0.;  WH=    0.;  RC=    0.;  LP=    0.;  ES=    0.; AF=    0.
            PP=    0.;  MH=    0.;  WB=    0.;  LM=   34.;  LL=    0.;  PM=   13.;  RM=   10.;  PY=   34.; AS=   52.
            CO=   80.;  MM=   52.;  PB=   52.;  OH=   80.;  OS=    0.
           SITE SPECIES=DF CODE=    3

INVENTORY POINT CROSS REFERENCE (FVS SEQUENTIAL POINT NUMBER = POINT NUMBER AS ENTERED IN THE INPUT DATA):
  1=       1;   2=       2;   3=       3;   4=       4
----------------------------------------------------------------------------------------------------------------------------------


                                                     ACTIVITY SCHEDULE

STAND ID= UNCALBST138                   MGMT ID= NONE                                                                            

----------------------------------------------------------------------------------------------------------------------------------

CYCLE  DATE  EXTENSION  KEYWORD   DATE  PARAMETERS:
-----  ----  ---------  --------  ----  ------------------------------------------------------------------------------------------

   1   2008
               BASE     TREELIST  2008       3.0000     0.0000     0.0000

   2   2018
               BASE     TREELIST  2018       3.0000     0.0000     0.0000

   3   2019
               BASE     TREELIST  2019       3.0000     0.0000     0.0000
----------------------------------------------------------------------------------------------------------------------------------


CALIBRATION STATISTICS:


                                                 ES    AF    LP
                                                ----  ----  ----

NUMBER OF RECORDS PER SPECIES                      9    23     4

NUMBER OF RECORDS CODED AS RECENT MORTALITY        0     4     0

NUMBER OF RECORDS WITH MISSING HEIGHTS             2     4     0

NUMBER OF RECORDS WITH BROKEN OR DEAD TOPS         0     0     0

NUMBER OF RECORDS WITH MISSING CROWN RATIOS        2     4     0

NUMBER OF RECORDS AVAILABLE FOR SCALING
THE DIAMETER INCREMENT MODEL                       0     0     0

RATIO OF STANDARD ERRORS
(INPUT DBH GROWTH DATA : MODEL)                 1.00  1.00  1.00

WEIGHT GIVEN TO THE INPUT GROWTH DATA WHEN
DBH GROWTH MODEL SCALE FACTORS WERE COMPUTED    0.00  0.00  0.00

INITIAL SCALE FACTORS FOR THE
DBH INCREMENT MODEL                             1.00  1.00  1.00

NUMBER OF RECORDS AVAILABLE FOR SCALING
THE SMALL TREE HEIGHT INCREMENT MODEL             0     0     0

INITIAL SCALE FACTORS FOR THE SMALL TREE
HEIGHT INCREMENT MODEL                          1.00  1.00  1.00

NUMBER OF RECORDS WITH MISTLETOE                   0     0     0


     FOREST VEGETATION SIMULATOR     VERSION FS2025.3 -- INLAND EMPIRE EXPANDED                 RV:20250701    11-25-2025  15:26:25

STAND ID: UNCALBST138                   MGMT ID: NONE     


                                        STAND COMPOSITION (BASED ON STOCKABLE AREA)
--------------------------------------------------------------------------------------------------------------------------
                            PERCENTILE POINTS IN THE
                     DISTRIBUTION OF STAND ATTRIBUTES BY DBH      TOTAL/ACRE
        STAND       -----------------------------------------      OF STAND         DISTRIBUTION OF STAND ATTRIBUTES BY
YEAR  ATTRIBUTES      10     30     50     70     90    100       ATTRIBUTES       SPECIES AND 3 USER-DEFINED SUBCLASSES
----  -----------   ------ ------ ------ ------ ------ ------   --------------  ------------------------------------------
                                 (DBH IN INCHES)



2008  TREES           0.1    0.1    0.1    0.1   13.0    28.5      18. TREES     82.% AF1,  17.% ES1,   1.% LP1,   0.% ---
      VOLUME:  
        TOTAL        12.5   15.0   18.5   22.0   28.5    28.5     161. CUFT      60.% ES1,  39.% AF1,   1.% LP1,   0.% ---
        MERCH        12.5   15.0   18.5   22.0   28.5    28.5     144. CUFT      60.% ES1,  39.% AF1,   1.% LP1,   0.% ---
        MERCH        13.0   15.0   18.5   22.0   28.5    28.5     802. BDFT      61.% ES1,  38.% AF1,   1.% LP1,   0.% ---


      ACCRETION       7.2   14.2   15.0   18.5   28.5    28.5       3. CUFT/YR   51.% ES1,  47.% AF1,   2.% LP1,   0.% ---
      MORTALITY       7.7   12.5   13.0   14.3   22.0    28.5       0. CUFT/YR   72.% AF1,  23.% ES1,   6.% LP1,   0.% ---



2018  TREES           0.3    0.3    0.3    0.3   15.5    29.4      14. TREES     78.% AF1,  20.% ES1,   2.% LP1,   0.% ---
      VOLUME:  
        TOTAL        13.5   15.5   19.7   23.2   29.4    29.4     191. CUFT      59.% ES1,  40.% AF1,   1.% LP1,   0.% ---
        MERCH        13.5   15.5   19.7   23.2   29.4    29.4     173. CUFT      58.% ES1,  41.% AF1,   1.% LP1,   0.% ---
        MERCH        13.5   16.7   20.2   23.2   29.4    29.4     968. BDFT      60.% ES1,  39.% AF1,   1.% LP1,   0.% ---


      ACCRETION       8.6   15.2   16.7   20.2   29.4    29.4       3. CUFT/YR   54.% ES1,  44.% AF1,   2.% LP1,   0.% ---
      MORTALITY       8.6   13.5   13.8   16.7   23.2    29.4       0. CUFT/YR   69.% AF1,  25.% ES1,   5.% LP1,   0.% ---



2019  TREES           0.4    0.4    0.5    0.5   15.6    29.5      13. TREES     78.% AF1,  21.% ES1,   2.% LP1,   0.% ---
      VOLUME:  
        TOTAL        13.6   15.6   19.8   23.4   29.5    29.5     194. CUFT      59.% ES1,  40.% AF1,   1.% LP1,   0.% ---
        MERCH        13.6   15.6   20.3   23.4   29.5    29.5     176. CUFT      59.% ES1,  40.% AF1,   1.% LP1,   0.% ---
        MERCH        13.6   16.8   20.3   23.4   29.5    29.5     992. BDFT      61.% ES1,  38.% AF1,   1.% LP1,   0.% ---


      ACCRETION       2.7   13.6   16.8   20.3   29.5    29.5       4. CUFT/YR   56.% AF1,  43.% ES1,   1.% LP1,   0.% ---
      MORTALITY       8.8   13.6   15.6   19.8   23.4    29.5       0. CUFT/YR   73.% AF1,  21.% ES1,   6.% LP1,   0.% ---



2028  TREES           2.0    2.2    2.2    6.5   16.9    30.6      13. TREES     77.% AF1,  21.% ES1,   2.% LP1,   0.% ---
      VOLUME:  
        TOTAL        13.6   16.9   21.2   24.5   30.6    30.6     227. CUFT      57.% ES1,  42.% AF1,   1.% LP1,   0.% ---
        MERCH        14.6   16.9   21.4   24.5   30.6    30.6     203. CUFT      57.% ES1,  42.% AF1,   1.% LP1,   0.% ---
        MERCH        14.6   17.9   21.4   24.5   30.6    30.6    1170. BDFT      59.% ES1,  40.% AF1,   1.% LP1,   0.% ---


     FOREST VEGETATION SIMULATOR     VERSION FS2025.3 -- INLAND EMPIRE EXPANDED                 RV:20250701    11-25-2025  15:26:25

STAND ID: UNCALBST138                   MGMT ID: NONE     


------------------------------------------------------------------------------------------------------------------------------
                     ATTRIBUTES OF SELECTED SAMPLE TREES                 ADDITIONAL STAND ATTRIBUTES (BASED ON STOCKABLE AREA)
      -----------------------------------------------------------------  -----------------------------------------------------
      INITIAL                           LIVE   PAST DBH  BASAL   TREES          QUADRATIC   TREES    BASAL  TOP HEIGHT  CROWN
      TREES/A            DBH    HEIGHT  CROWN   GROWTH   AREA     PER    STAND   MEAN DBH    PER     AREA     LARGEST   COMP
YEAR   %TILE  SPECIES (INCHES)  (FEET)  RATIO  (INCHES)  %TILE    ACRE   AGE     (INCHES)    ACRE   (SQFT/A) 40/A (FT)  FACTOR
----  ------- ------- -------- -------- ------ --------- ------- ------  -----  ---------   ------ --------- --------- -------

2008                                          ( 10 YRS)

        10     AF1       0.10     1.01    85     0.00      0.0    2.75
        30     AF1       0.10     1.01    75     0.00      0.0    5.50
        50     AF1       0.10     1.01    75     0.00      0.0    5.50
        70     AF1       0.10     1.01    57     0.00      0.0    3.75
        90     AF1      13.00    79.00    45     0.83     20.2    0.25
       100     ES1      28.50    96.00    55     0.86    100.0    0.25
                                                                         150       6.7       18.       4.       16.2      3.6

2018                                          ( 10 YRS)

        10     AF1       0.31     8.34    85     0.20      0.1    1.87
        30     AF1       0.31     6.13    75     0.20      0.1    3.74
        50     AF1       0.31     6.13    75     0.20      0.1    3.74
        70     AF1       0.31     6.16    57     0.20      0.1    2.55
        90     AF1      13.77    83.39    44     0.72     21.8    0.24
       100     ES1      29.38    98.72    55     0.85    100.0    0.25
                                                                         160       8.3       14.       5.       26.6      4.1

2019                                          (  1 YRS)

        10     AF1       0.49     9.37    85     0.16      0.2    1.80
        30     AF1       0.41     6.89    75     0.09      0.1    3.60
        50     AF1       0.41     6.89    75     0.09      0.1    3.60
        70     AF1       0.48     7.43    57     0.16      0.1    2.46
        90     AF1      13.85    83.84    44     0.08     22.0    0.24
       100     ES1      29.50    99.04    55     0.11    100.0    0.25
                                                                         161       8.5       13.       5.       28.0      4.2

2028                                          (  9 YRS)

        10     AF1       1.97    16.58    85     1.39      0.8    1.77
        30     AF1       2.23    16.43    75     1.71      2.4    3.19
        50     AF1       2.23    16.43    75     1.71      2.4    3.19
        70     AF1       3.31    20.77    57     2.66      4.7    2.40
        90     AF1      14.63    88.05    44     0.73     22.6    0.24
       100     ES1      30.63   102.02    55     1.08    100.0    0.25
                                                                         170       9.5       13.       6.       37.5      5.1


     FOREST VEGETATION SIMULATOR     VERSION FS2025.3 -- INLAND EMPIRE EXPANDED                 RV:20250701    11-25-2025  15:26:25

STAND ID: UNCALBST138                   MGMT ID: NONE    



                                SUMMARY STATISTICS (PER ACRE OR STAND BASED ON TOTAL STAND AREA)
--------------------------------------------------------------------------------------------------------------------------------------
               START OF SIMULATION PERIOD                     REMOVALS             AFTER TREATMENT    GROWTH THIS PERIOD
         --------------------------------------------- ----------------------- ---------------------  ------------------   MAI  ------
         NO OF              TOP      TOTAL MERCH MERCH NO OF TOTAL MERCH MERCH              TOP  RES  PERIOD ACCRE MORT   MERCH FOR SS
YEAR AGE TREES  BA  SDI CCF HT  QMD  CU FT CU FT BD FT TREES CU FT CU FT BD FT  BA  SDI CCF HT   QMD  YEARS   PER  YEAR   CU FT TYP ZT
---- --- ----- --- ---- --- --- ---- ----- ----- ----- ----- ----- ----- ----- --- ---- --- --- ----  ------ ---- -----   ----- ------
2008 150    18   4   10   4  16  6.7   161   144   803     0     0     0     0   4   10   4  16  6.7      10    3     0     1.0 999 55
2018 160    14   5   10   4  27  8.3   191   173   968     0     0     0     0   5   10   4  27  8.3       1    3     0     1.1 999 55
2019 161    13   5   10   4  28  8.5   194   176   992     0     0     0     0   5   10   4  28  8.5       9    4     0     1.1 999 55
2028 170    13   6   11   5  37  9.5   227   203  1170     0     0     0     0   6   11   5  37  9.5       0    0     0     1.2 999 55




                                                     ACTIVITY SUMMARY 

STAND ID= UNCALBST138                   MGMT ID= NONE                                                                            

----------------------------------------------------------------------------------------------------------------------------------

CYCLE  DATE  EXTENSION  KEYWORD   DATE  ACTIVITY DISPOSITION  PARAMETERS:
-----  ----  ---------  --------  ----  --------------------  --------------------------------------------------------------------

   1   2008
               BASE     TREELIST  2008  DONE IN 2017               3.0000     0.0000     0.0000

   2   2018
               BASE     TREELIST  2018  DONE IN 2018               3.0000     0.0000     0.0000

   3   2019
               BASE     TREELIST  2019  DONE IN 2027               3.0000     0.0000     0.0000
----------------------------------------------------------------------------------------------------------------------------------
