

     FOREST VEGETATION SIMULATOR     VERSION FS2025.3 -- INLAND EMPIRE EXPANDED                 RV:20250701    11-25-2025  15:26:23

----------------------------------------------------------------------------------------------------------------------------------

                                                OPTIONS SELECTED BY INPUT

KEYWORD FILE NAME: ../../data/fvs_runFiles/uc_Nov252025_15.26/uncalib_stand91
----------------------------------------------------------------------------------------------------------------------------------
KEYWORD    PARAMETERS:
--------   -----------------------------------------------------------------------------------------------------------------------

STDIDENT
           STAND ID= UNCALBST91                                                                                                

RANNSEED   RANDOM SEED IS:        2025.0

           HABITAT TYPE WILL BE MAPPED TO 670 FOR THIS PROJECTION.

STDINFO    FOREST-LOCATION CODE=     116; HABITAT TYPE=670; AGE=  163; ASPECT AZIMUTH IN DEGREES= 245.; SLOPE=  51.%
           ELEVATION(100'S FEET)= 56.0; REFERENCE CODE=     

TREELIST   DATE/CYCLE=    0; DATA SET REFERENCE NUMBER =  3.; HEADING SUPPRESSION CODE = 0.
           (0=WITH HEADING, OTHER VALUES=SUPPRESS HEADING).

TREEFMT 
          (I4,I4,F8.3,I1,A3,F5.1,F5.1,2F5.1,F5.1,I1,6I2,2I1,I2,2I3,2I1,F3.0)              
                                                                                          

DESIGN     BASAL AREA FACTOR=   -1.0; INVERSE OF FIXED PLOT AREA=    0.0; BREAK DBH=    0.0
           NUMBER OF PLOTS=     4; NON-STOCKABLE PLOTS=     0; STAND SAMPLING WEIGHT=     4.00000
           PROPORTION OF STAND CONSIDERED STOCKABLE=  1.000
           SEE "OPTIONS SELECTED BY DEFAULT" FOR FINAL DESIGN VALUES.

INVYEAR    INVENTORY YEAR= 2005

CYCLEAT    REQUESTED YEAR FOR A CYCLE =2016

NOTRIPLE

NOAUTOES   TALLIES AND INGROWTH WILL NOT BE ADDED AUTOMATICALLY.
           STOCKADJ IS SET TO ZERO, AND NO SPROUTING WILL BE SIMULATED.

CYCLEAT    REQUESTED YEAR FOR A CYCLE =2016

NOCALIB    CALIBRATION USING GROWTH DATA FROM TREE RECORDS HAS BEEN SUPPRESSED FOR ALL SPECIES

NOHTDREG   CALIBRATION OF HEIGHT-DIAMETER RELATIONSHIP WILL BE SUPPRESSED FOR ALL SPECIES


            

NUMCYCLE   NUMBER OF CYCLES=  2

PROCESS    PROCESS THE STAND.
----------------------------------------------------------------------------------------------------------------------------------

                                                OPTIONS SELECTED BY DEFAULT

----------------------------------------------------------------------------------------------------------------------------------

DESIGN     BASAL AREA FACTOR=   -1.0; INVERSE OF FIXED PLOT AREA=    0.0; BREAK DBH=    0.0
           NUMBER OF PLOTS=     4; NON-STOCKABLE PLOTS=     0; STAND SAMPLING WEIGHT=     4.00000
           PROPORTION OF STAND CONSIDERED STOCKABLE=  1.000

STDINFO    FOREST-LOCATION CODE=     116; HABITAT TYPE=670; AGE=  163; ASPECT AZIMUTH IN DEGREES= 245.; SLOPE=  51.%
           ELEVATION(100'S FEET)= 56.0;  REFERENCE CODE=     

SPECIES      WP      WL      DF      GF      WH      RC      LP      ES      AF      PP
SDI MAX     863.    863.    863.    863.    863.    863.    863.    863.    863.    863.

SPECIES      MH      WB      LM      LL      PM      RM      PY      AS      CO      MM
SDI MAX     863.    863.    863.    863.    863.    863.    863.    863.    863.    863.

SPECIES      PB      OH      OS
SDI MAX     863.    863.    863.

                                  NATIONAL VOLUME ESTIMATOR LIBRARY EQUATION NUMBERS
SPECIES CUBIC FOOT BOARD FOOT SPECIES CUBIC FOOT BOARD FOOT SPECIES CUBIC FOOT BOARD FOOT SPECIES CUBIC FOOT BOARD FOOT 
------- ---------- ---------- ------- ---------- ---------- ------- ---------- ---------- ------- ---------- ---------- 
  WP    I00FW2W119 I00FW2W119   WL    I00FW2W073 I00FW2W073   DF    I00FW2W202 I00FW2W202   GF    I00FW2W017 I00FW2W017
  WH    I00FW2W260 I00FW2W260   RC    I00FW2W242 I00FW2W242   LP    I00FW2W108 I00FW2W108   ES    I00FW2W093 I00FW2W093
  AF    I00FW2W019 I00FW2W019   PP    I00FW2W122 I00FW2W122   MH    I00FW2W260 I00FW2W260   WB    I00FW2W012 I00FW2W012
  LM    I00FW2W073 I00FW2W073   LL    I00FW2W019 I00FW2W019   PM    102DVEW106 102DVEW106   RM    102DVEW106 102DVEW106
  PY    616BEHW231 616BEHW231   AS    102DVEW746 102DVEW746   CO    102DVEW740 102DVEW740   MM    200DVEW746 200DVEW746
  PB    101DVEW375 101DVEW375   OH    200DVEW746 200DVEW746   OS    I00FW2W260 I00FW2W260

SITECODE   SITE INDEX INFORMATION:
            WP=    0.;  WL=    0.;  DF=    0.;  GF=    0.;  WH=    0.;  RC=    0.;  LP=    0.;  ES=    0.; AF=    0.
            PP=    0.;  MH=    0.;  WB=    0.;  LM=   34.;  LL=    0.;  PM=   13.;  RM=   10.;  PY=   34.; AS=   52.
            CO=   80.;  MM=   52.;  PB=   52.;  OH=   80.;  OS=    0.
           SITE SPECIES=DF CODE=    3

INVENTORY POINT CROSS REFERENCE (FVS SEQUENTIAL POINT NUMBER = POINT NUMBER AS ENTERED IN THE INPUT DATA):
  1=       1;   2=       3;   3=       2;   4=       4
----------------------------------------------------------------------------------------------------------------------------------


                                                     ACTIVITY SCHEDULE

STAND ID= UNCALBST91                    MGMT ID= NONE                                                                            

----------------------------------------------------------------------------------------------------------------------------------

CYCLE  DATE  EXTENSION  KEYWORD   DATE  PARAMETERS:
-----  ----  ---------  --------  ----  ------------------------------------------------------------------------------------------

   1   2005
               BASE     TREELIST  2005       3.0000     0.0000     0.0000

   2   2015
               BASE     TREELIST  2015       3.0000     0.0000     0.0000

   3   2016
               BASE     TREELIST  2016       3.0000     0.0000     0.0000
----------------------------------------------------------------------------------------------------------------------------------


CALIBRATION STATISTICS:


                                                 LP    DF    AF
                                                ----  ----  ----

NUMBER OF RECORDS PER SPECIES                     67    18     4

NUMBER OF RECORDS CODED AS RECENT MORTALITY        3     0     0

NUMBER OF RECORDS WITH MISSING HEIGHTS             0     3     3

NUMBER OF RECORDS WITH BROKEN OR DEAD TOPS         1     0     0

NUMBER OF RECORDS WITH MISSING CROWN RATIOS        0     3     3

NUMBER OF RECORDS AVAILABLE FOR SCALING
THE DIAMETER INCREMENT MODEL                       0     0     0

RATIO OF STANDARD ERRORS
(INPUT DBH GROWTH DATA : MODEL)                 1.00  1.00  1.00

WEIGHT GIVEN TO THE INPUT GROWTH DATA WHEN
DBH GROWTH MODEL SCALE FACTORS WERE COMPUTED    0.00  0.00  0.00

INITIAL SCALE FACTORS FOR THE
DBH INCREMENT MODEL                             1.00  1.00  1.00

NUMBER OF RECORDS AVAILABLE FOR SCALING
THE SMALL TREE HEIGHT INCREMENT MODEL             0     0     0

INITIAL SCALE FACTORS FOR THE SMALL TREE
HEIGHT INCREMENT MODEL                          1.00  1.00  1.00

NUMBER OF RECORDS WITH MISTLETOE                   0     0     0


     FOREST VEGETATION SIMULATOR     VERSION FS2025.3 -- INLAND EMPIRE EXPANDED                 RV:20250701    11-25-2025  15:26:23

STAND ID: UNCALBST91                    MGMT ID: NONE     


                                        STAND COMPOSITION (BASED ON STOCKABLE AREA)
--------------------------------------------------------------------------------------------------------------------------
                            PERCENTILE POINTS IN THE
                     DISTRIBUTION OF STAND ATTRIBUTES BY DBH      TOTAL/ACRE
        STAND       -----------------------------------------      OF STAND         DISTRIBUTION OF STAND ATTRIBUTES BY
YEAR  ATTRIBUTES      10     30     50     70     90    100       ATTRIBUTES       SPECIES AND 3 USER-DEFINED SUBCLASSES
----  -----------   ------ ------ ------ ------ ------ ------   --------------  ------------------------------------------
                                 (DBH IN INCHES)



2005  TREES           0.1    6.1    8.7   10.0   12.0    16.3      24. TREES     56.% LP1,  25.% DF1,  19.% AF1,   0.% ---
      VOLUME:  
        TOTAL         8.3    9.4   10.6   11.8   14.8    16.3     278. CUFT      78.% LP1,  22.% DF1,   1.% AF1,   0.% ---
        MERCH         8.3    9.8   10.7   11.9   14.8    16.3     234. CUFT      78.% LP1,  21.% DF1,   1.% AF1,   0.% ---
        MERCH         8.3    9.5   10.6   11.8   14.8    16.3    1167. BDFT      79.% LP1,  20.% DF1,   1.% AF1,   0.% ---


      ACCRETION       7.8    9.1   10.0   11.1   13.0    16.3       6. CUFT/YR   74.% LP1,  24.% DF1,   2.% AF1,   0.% ---
      MORTALITY       8.0    9.1   10.4   11.3   12.8    16.3       1. CUFT/YR   91.% LP1,   9.% DF1,   0.% AF1,   0.% ---



2015  TREES           0.3    7.3    9.5   11.0   12.9    17.3      23. TREES     58.% LP1,  25.% DF1,  17.% AF1,   0.% ---
      VOLUME:  
        TOTAL         8.8   10.3   11.3   12.6   15.5    17.3     334. CUFT      77.% LP1,  22.% DF1,   1.% AF1,   0.% ---
        MERCH         8.8   10.3   11.3   12.6   15.5    17.3     292. CUFT      77.% LP1,  22.% DF1,   1.% AF1,   0.% ---
        MERCH         8.8   10.3   11.3   12.6   15.5    17.3    1458. BDFT      76.% LP1,  23.% DF1,   1.% AF1,   0.% ---


      ACCRETION       8.8   10.1   11.0   11.9   14.1    17.3       6. CUFT/YR   74.% LP1,  24.% DF1,   2.% AF1,   0.% ---
      MORTALITY       8.8    9.8   11.1   11.9   13.4    17.3       1. CUFT/YR   88.% LP1,  12.% DF1,   0.% AF1,   0.% ---



2016  TREES           0.4    7.4    9.6   11.1   13.0    17.4      23. TREES     58.% LP1,  25.% DF1,  17.% AF1,   0.% ---
      VOLUME:  
        TOTAL         8.9   10.4   11.3   12.3   15.6    17.4     340. CUFT      77.% LP1,  22.% DF1,   1.% AF1,   0.% ---
        MERCH         8.9   10.4   11.3   12.7   15.6    17.4     297. CUFT      77.% LP1,  22.% DF1,   1.% AF1,   0.% ---
        MERCH         8.9   10.4   11.4   12.7   15.6    17.4    1484. BDFT      76.% LP1,  23.% DF1,   1.% AF1,   0.% ---


      ACCRETION       8.5   10.1   11.2   12.3   15.7    17.4       7. CUFT/YR   71.% LP1,  26.% DF1,   2.% AF1,   0.% ---
      MORTALITY       8.8   10.0   11.0   11.9   13.4    17.4       1. CUFT/YR   89.% LP1,  11.% DF1,   0.% AF1,   0.% ---



2025  TREES           1.5    8.1   10.4   11.7   13.9    19.0      21. TREES     59.% LP1,  25.% DF1,  16.% AF1,   0.% ---
      VOLUME:  
        TOTAL         9.5   11.2   11.7   13.6   16.0    19.0     392. CUFT      75.% LP1,  23.% DF1,   1.% AF1,   0.% ---
        MERCH         9.5   11.2   11.8   13.6   16.0    19.0     347. CUFT      76.% LP1,  23.% DF1,   1.% AF1,   0.% ---
        MERCH         9.5   11.2   11.8   13.6   16.0    19.0    1760. BDFT      76.% LP1,  23.% DF1,   1.% AF1,   0.% ---


     FOREST VEGETATION SIMULATOR     VERSION FS2025.3 -- INLAND EMPIRE EXPANDED                 RV:20250701    11-25-2025  15:26:23

STAND ID: UNCALBST91                    MGMT ID: NONE     


------------------------------------------------------------------------------------------------------------------------------
                     ATTRIBUTES OF SELECTED SAMPLE TREES                 ADDITIONAL STAND ATTRIBUTES (BASED ON STOCKABLE AREA)
      -----------------------------------------------------------------  -----------------------------------------------------
      INITIAL                           LIVE   PAST DBH  BASAL   TREES          QUADRATIC   TREES    BASAL  TOP HEIGHT  CROWN
      TREES/A            DBH    HEIGHT  CROWN   GROWTH   AREA     PER    STAND   MEAN DBH    PER     AREA     LARGEST   COMP
YEAR   %TILE  SPECIES (INCHES)  (FEET)  RATIO  (INCHES)  %TILE    ACRE   AGE     (INCHES)    ACRE   (SQFT/A) 40/A (FT)  FACTOR
----  ------- ------- -------- -------- ------ --------- ------- ------  -----  ---------   ------ --------- --------- -------

2005                                          ( 10 YRS)

        10     AF1       0.10     1.01    54     0.00      0.0    0.50
        30     DF1       6.10    39.00    35     0.69      1.5    0.25
        50     LP1       8.70    59.00    25     0.79     17.3    0.25
        70     LP1      10.00    57.00    25     0.96     42.2    0.25
        90     LP1      12.00    75.00    35     0.64     75.1    0.25
       100     DF1      16.30    67.00    65     1.12    100.0    0.25
                                                                         163       8.5       24.      10.       45.0      9.7

2015                                          ( 10 YRS)

        10     AF1       0.11     3.79    54     0.00      0.0    0.42
        30     DF1       6.77    45.12    32     0.58      0.6    0.24
        50     LP1       9.55    63.52    24     0.82     20.2    0.24
        70     LP1      10.80    61.22    23     0.78     40.7    0.24
        90     LP1      12.59    78.31    33     0.57     71.6    0.24
       100     DF1      17.34    71.91    63     0.90    100.0    0.25
                                                                         173       9.4       23.      11.       51.0     10.8

2016                                          (  1 YRS)

        10     AF1       0.11     4.09    54     0.00      0.0    0.42
        30     DF1       6.86    46.12    32     0.08      0.6    0.24
        50     LP1       9.62    63.92    24     0.07     20.3    0.24
        70     LP1      10.87    61.59    23     0.07     40.8    0.24
        90     LP1      12.66    78.68    33     0.07     71.7    0.24
       100     DF1      17.44    72.36    63     0.09    100.0    0.25
                                                                         174       9.4       23.      11.       51.6     10.9

2025                                          (  9 YRS)

        10     AF1       0.30     7.55    54     0.18      0.0    0.36
        30     DF1       7.49    55.26    35     0.55      1.6    0.24
        50     LP1      10.13    66.96    23     0.49     18.7    0.24
        70     LP1      11.29    64.20    22     0.40     38.6    0.24
        90     LP1      13.56    82.86    32     0.87     71.7    0.24
       100     DF1      19.00    78.47    62     1.35    100.0    0.25
                                                                         183      10.2       21.      12.       57.5     11.9


     FOREST VEGETATION SIMULATOR     VERSION FS2025.3 -- INLAND EMPIRE EXPANDED                 RV:20250701    11-25-2025  15:26:23

STAND ID: UNCALBST91                    MGMT ID: NONE    



                                SUMMARY STATISTICS (PER ACRE OR STAND BASED ON TOTAL STAND AREA)
--------------------------------------------------------------------------------------------------------------------------------------
               START OF SIMULATION PERIOD                     REMOVALS             AFTER TREATMENT    GROWTH THIS PERIOD
         --------------------------------------------- ----------------------- ---------------------  ------------------   MAI  ------
         NO OF              TOP      TOTAL MERCH MERCH NO OF TOTAL MERCH MERCH              TOP  RES  PERIOD ACCRE MORT   MERCH FOR SS
YEAR AGE TREES  BA  SDI CCF HT  QMD  CU FT CU FT BD FT TREES CU FT CU FT BD FT  BA  SDI CCF HT   QMD  YEARS   PER  YEAR   CU FT TYP ZT
---- --- ----- --- ---- --- --- ---- ----- ----- ----- ----- ----- ----- ----- --- ---- --- --- ----  ------ ---- -----   ----- ------
2005 163    24  10   19  10  45  8.5   278   234  1167     0     0     0     0  10   19  10  45  8.5      10    6     1     1.4 999 55
2015 173    23  11   20  11  51  9.4   334   292  1458     0     0     0     0  11   20  11  51  9.4       1    6     1     1.7 999 55
2016 174    23  11   21  11  52  9.4   340   297  1484     0     0     0     0  11   21  11  52  9.4       9    7     1     1.7 999 55
2025 183    21  12   22  12  58 10.2   392   347  1760     0     0     0     0  12   22  12  58 10.2       0    0     0     1.9 999 55




                                                     ACTIVITY SUMMARY 

STAND ID= UNCALBST91                    MGMT ID= NONE                                                                            

----------------------------------------------------------------------------------------------------------------------------------

CYCLE  DATE  EXTENSION  KEYWORD   DATE  ACTIVITY DISPOSITION  PARAMETERS:
-----  ----  ---------  --------  ----  --------------------  --------------------------------------------------------------------

   1   2005
               BASE     TREELIST  2005  DONE IN 2014               3.0000     0.0000     0.0000

   2   2015
               BASE     TREELIST  2015  DONE IN 2015               3.0000     0.0000     0.0000

   3   2016
               BASE     TREELIST  2016  DONE IN 2024               3.0000     0.0000     0.0000
----------------------------------------------------------------------------------------------------------------------------------
