

     FOREST VEGETATION SIMULATOR     VERSION FS2025.3 -- INLAND EMPIRE EXPANDED                 RV:20250701    11-25-2025  15:26:26

----------------------------------------------------------------------------------------------------------------------------------

                                                OPTIONS SELECTED BY INPUT

KEYWORD FILE NAME: ../../data/fvs_runFiles/uc_Nov252025_15.26/uncalib_stand163
----------------------------------------------------------------------------------------------------------------------------------
KEYWORD    PARAMETERS:
--------   -----------------------------------------------------------------------------------------------------------------------

STDIDENT
           STAND ID= UNCALBST163                                                                                               

RANNSEED   RANDOM SEED IS:        2025.0

********   FVS03 WARNING:  FOREST CODE INDICATES THE GEOGRAPHIC LOCATION IS OUTSIDE THE RANGE OF THE MODEL.  DEFAULT CODE IS USED.

********   FOREST CODE USED IN THIS PROJECTION IS 118

           HABITAT TYPE WILL BE MAPPED TO 330 FOR THIS PROJECTION.

STDINFO    FOREST-LOCATION CODE=     118; HABITAT TYPE=330; AGE=  112; ASPECT AZIMUTH IN DEGREES=  80.; SLOPE=  30.%
           ELEVATION(100'S FEET)= 63.0; REFERENCE CODE=     

TREELIST   DATE/CYCLE=    0; DATA SET REFERENCE NUMBER =  3.; HEADING SUPPRESSION CODE = 0.
           (0=WITH HEADING, OTHER VALUES=SUPPRESS HEADING).

TREEFMT 
          (I4,I4,F8.3,I1,A3,F5.1,F5.1,2F5.1,F5.1,I1,6I2,2I1,I2,2I3,2I1,F3.0)              
                                                                                          

DESIGN     BASAL AREA FACTOR=   -1.0; INVERSE OF FIXED PLOT AREA=    0.0; BREAK DBH=    0.0
           NUMBER OF PLOTS=     4; NON-STOCKABLE PLOTS=     0; STAND SAMPLING WEIGHT=     4.00000
           PROPORTION OF STAND CONSIDERED STOCKABLE=  1.000
           SEE "OPTIONS SELECTED BY DEFAULT" FOR FINAL DESIGN VALUES.

INVYEAR    INVENTORY YEAR= 2006

CYCLEAT    REQUESTED YEAR FOR A CYCLE =2017

NOTRIPLE

NOAUTOES   TALLIES AND INGROWTH WILL NOT BE ADDED AUTOMATICALLY.
           STOCKADJ IS SET TO ZERO, AND NO SPROUTING WILL BE SIMULATED.

CYCLEAT    REQUESTED YEAR FOR A CYCLE =2017

NOCALIB    CALIBRATION USING GROWTH DATA FROM TREE RECORDS HAS BEEN SUPPRESSED FOR ALL SPECIES

NOHTDREG   CALIBRATION OF HEIGHT-DIAMETER RELATIONSHIP WILL BE SUPPRESSED FOR ALL SPECIES


            

NUMCYCLE   NUMBER OF CYCLES=  2

PROCESS    PROCESS THE STAND.
----------------------------------------------------------------------------------------------------------------------------------

                                                OPTIONS SELECTED BY DEFAULT

----------------------------------------------------------------------------------------------------------------------------------

DESIGN     BASAL AREA FACTOR=   -1.0; INVERSE OF FIXED PLOT AREA=    0.0; BREAK DBH=    0.0
           NUMBER OF PLOTS=     4; NON-STOCKABLE PLOTS=     0; STAND SAMPLING WEIGHT=     4.00000
           PROPORTION OF STAND CONSIDERED STOCKABLE=  1.000

STDINFO    FOREST-LOCATION CODE=     118; HABITAT TYPE=330; AGE=  112; ASPECT AZIMUTH IN DEGREES=  80.; SLOPE=  30.%
           ELEVATION(100'S FEET)= 63.0;  REFERENCE CODE=     

SPECIES      WP      WL      DF      GF      WH      RC      LP      ES      AF      PP
SDI MAX     431.    431.    431.    431.    431.    431.    431.    431.    431.    431.

SPECIES      MH      WB      LM      LL      PM      RM      PY      AS      CO      MM
SDI MAX     431.    431.    431.    431.    431.    431.    431.    431.    431.    431.

SPECIES      PB      OH      OS
SDI MAX     431.    431.    431.

                                  NATIONAL VOLUME ESTIMATOR LIBRARY EQUATION NUMBERS
SPECIES CUBIC FOOT BOARD FOOT SPECIES CUBIC FOOT BOARD FOOT SPECIES CUBIC FOOT BOARD FOOT SPECIES CUBIC FOOT BOARD FOOT 
------- ---------- ---------- ------- ---------- ---------- ------- ---------- ---------- ------- ---------- ---------- 
  WP    I00FW2W119 I00FW2W119   WL    I00FW2W073 I00FW2W073   DF    I00FW2W202 I00FW2W202   GF    I00FW2W017 I00FW2W017
  WH    I00FW2W260 I00FW2W260   RC    I00FW2W242 I00FW2W242   LP    I00FW2W108 I00FW2W108   ES    I00FW2W093 I00FW2W093
  AF    I00FW2W019 I00FW2W019   PP    I00FW2W122 I00FW2W122   MH    I00FW2W260 I00FW2W260   WB    I00FW2W012 I00FW2W012
  LM    I00FW2W073 I00FW2W073   LL    I00FW2W019 I00FW2W019   PM    102DVEW106 102DVEW106   RM    102DVEW106 102DVEW106
  PY    616BEHW231 616BEHW231   AS    102DVEW746 102DVEW746   CO    102DVEW740 102DVEW740   MM    200DVEW746 200DVEW746
  PB    101DVEW375 101DVEW375   OH    200DVEW746 200DVEW746   OS    I00FW2W260 I00FW2W260

SITECODE   SITE INDEX INFORMATION:
            WP=    0.;  WL=    0.;  DF=    0.;  GF=    0.;  WH=    0.;  RC=    0.;  LP=    0.;  ES=    0.; AF=    0.
            PP=    0.;  MH=    0.;  WB=    0.;  LM=   27.;  LL=    0.;  PM=    8.;  RM=    7.;  PY=   27.; AS=   41.
            CO=   55.;  MM=   41.;  PB=   41.;  OH=   55.;  OS=    0.
           SITE SPECIES=DF CODE=    3

INVENTORY POINT CROSS REFERENCE (FVS SEQUENTIAL POINT NUMBER = POINT NUMBER AS ENTERED IN THE INPUT DATA):
  1=       1;   2=       2;   3=       3;   4=       4
----------------------------------------------------------------------------------------------------------------------------------


                                                     ACTIVITY SCHEDULE

STAND ID= UNCALBST163                   MGMT ID= NONE                                                                            

----------------------------------------------------------------------------------------------------------------------------------

CYCLE  DATE  EXTENSION  KEYWORD   DATE  PARAMETERS:
-----  ----  ---------  --------  ----  ------------------------------------------------------------------------------------------

   1   2006
               BASE     TREELIST  2006       3.0000     0.0000     0.0000

   2   2016
               BASE     TREELIST  2016       3.0000     0.0000     0.0000

   3   2017
               BASE     TREELIST  2017       3.0000     0.0000     0.0000
----------------------------------------------------------------------------------------------------------------------------------


CALIBRATION STATISTICS:


                                                 DF    PP
                                                ----  ----

NUMBER OF RECORDS PER SPECIES                     17     4

NUMBER OF RECORDS CODED AS RECENT MORTALITY        0     0

NUMBER OF RECORDS WITH MISSING HEIGHTS             1     0

NUMBER OF RECORDS WITH BROKEN OR DEAD TOPS         0     0

NUMBER OF RECORDS WITH MISSING CROWN RATIOS        1     0

NUMBER OF RECORDS AVAILABLE FOR SCALING
THE DIAMETER INCREMENT MODEL                       0     0

RATIO OF STANDARD ERRORS
(INPUT DBH GROWTH DATA : MODEL)                 1.00  1.00

WEIGHT GIVEN TO THE INPUT GROWTH DATA WHEN
DBH GROWTH MODEL SCALE FACTORS WERE COMPUTED    0.00  0.00

INITIAL SCALE FACTORS FOR THE
DBH INCREMENT MODEL                             1.00  1.00

NUMBER OF RECORDS AVAILABLE FOR SCALING
THE SMALL TREE HEIGHT INCREMENT MODEL             0     0

INITIAL SCALE FACTORS FOR THE SMALL TREE
HEIGHT INCREMENT MODEL                          1.00  1.00

NUMBER OF RECORDS WITH MISTLETOE                   0     0


     FOREST VEGETATION SIMULATOR     VERSION FS2025.3 -- INLAND EMPIRE EXPANDED                 RV:20250701    11-25-2025  15:26:26

STAND ID: UNCALBST163                   MGMT ID: NONE     


                                        STAND COMPOSITION (BASED ON STOCKABLE AREA)
--------------------------------------------------------------------------------------------------------------------------
                            PERCENTILE POINTS IN THE
                     DISTRIBUTION OF STAND ATTRIBUTES BY DBH      TOTAL/ACRE
        STAND       -----------------------------------------      OF STAND         DISTRIBUTION OF STAND ATTRIBUTES BY
YEAR  ATTRIBUTES      10     30     50     70     90    100       ATTRIBUTES       SPECIES AND 3 USER-DEFINED SUBCLASSES
----  -----------   ------ ------ ------ ------ ------ ------   --------------  ------------------------------------------
                                 (DBH IN INCHES)



2006  TREES           0.1    6.2    8.4   11.7   17.9    21.1       6. TREES     82.% DF1,  18.% PP1,   0.% ---,   0.% ---
      VOLUME:  
        TOTAL         8.5   11.9   17.9   18.6   21.1    21.1      71. CUFT      84.% DF1,  16.% PP1,   0.% ---,   0.% ---
        MERCH         8.6   12.7   17.9   18.6   21.1    21.1      59. CUFT      84.% DF1,  16.% PP1,   0.% ---,   0.% ---
        MERCH         8.6   15.8   17.9   18.6   21.1    21.1     278. BDFT      85.% DF1,  15.% PP1,   0.% ---,   0.% ---


      ACCRETION       6.2    8.5   11.7   15.8   18.6    21.1       4. CUFT/YR   74.% DF1,  26.% PP1,   0.% ---,   0.% ---
      MORTALITY       8.6   15.8   17.9   17.9   21.1    21.1       0. CUFT/YR   86.% DF1,  14.% PP1,   0.% ---,   0.% ---



2016  TREES           0.1    9.3   10.7   13.6   18.9    22.4       5. TREES     81.% DF1,  19.% PP1,   0.% ---,   0.% ---
      VOLUME:  
        TOTAL         9.5   12.7   18.6   18.9   22.4    22.4     109. CUFT      80.% DF1,  20.% PP1,   0.% ---,   0.% ---
        MERCH        10.0   13.6   18.6   20.6   22.4    22.4      94. CUFT      80.% DF1,  20.% PP1,   0.% ---,   0.% ---
        MERCH         9.5   13.6   18.6   20.6   22.4    22.4     469. BDFT      81.% DF1,  19.% PP1,   0.% ---,   0.% ---


      ACCRETION       8.3   10.5   12.7   14.6   20.6    22.4       4. CUFT/YR   73.% DF1,  27.% PP1,   0.% ---,   0.% ---
      MORTALITY      10.0   13.6   18.6   18.6   22.4    22.4       0. CUFT/YR   82.% DF1,  18.% PP1,   0.% ---,   0.% ---



2017  TREES           0.1    9.5   10.9   13.8   19.0    22.5       5. TREES     81.% DF1,  19.% PP1,   0.% ---,   0.% ---
      VOLUME:  
        TOTAL         9.8   12.9   18.7   19.0   22.5    22.5     112. CUFT      80.% DF1,  20.% PP1,   0.% ---,   0.% ---
        MERCH        10.2   12.9   18.7   19.0   22.5    22.5      98. CUFT      80.% DF1,  20.% PP1,   0.% ---,   0.% ---
        MERCH         9.8   12.9   18.7   19.0   22.5    22.5     488. BDFT      80.% DF1,  20.% PP1,   0.% ---,   0.% ---


      ACCRETION       8.6   10.7   12.9   18.7   20.8    22.5       4. CUFT/YR   76.% DF1,  24.% PP1,   0.% ---,   0.% ---
      MORTALITY      10.2   13.8   18.7   20.8   22.5    22.5       0. CUFT/YR   82.% DF1,  18.% PP1,   0.% ---,   0.% ---



2026  TREES           8.5   10.4   12.8   14.7   20.7    23.9       5. TREES     81.% DF1,  19.% PP1,   0.% ---,   0.% ---
      VOLUME:  
        TOTAL        11.3   12.9   16.0   20.7   23.9    23.9     144. CUFT      79.% DF1,  21.% PP1,   0.% ---,   0.% ---
        MERCH        11.3   13.6   16.0   20.7   23.9    23.9     128. CUFT      79.% DF1,  21.% PP1,   0.% ---,   0.% ---
        MERCH        10.4   13.6   19.6   20.7   23.9    23.9     666. BDFT      79.% DF1,  21.% PP1,   0.% ---,   0.% ---


     FOREST VEGETATION SIMULATOR     VERSION FS2025.3 -- INLAND EMPIRE EXPANDED                 RV:20250701    11-25-2025  15:26:26

STAND ID: UNCALBST163                   MGMT ID: NONE     


------------------------------------------------------------------------------------------------------------------------------
                     ATTRIBUTES OF SELECTED SAMPLE TREES                 ADDITIONAL STAND ATTRIBUTES (BASED ON STOCKABLE AREA)
      -----------------------------------------------------------------  -----------------------------------------------------
      INITIAL                           LIVE   PAST DBH  BASAL   TREES          QUADRATIC   TREES    BASAL  TOP HEIGHT  CROWN
      TREES/A            DBH    HEIGHT  CROWN   GROWTH   AREA     PER    STAND   MEAN DBH    PER     AREA     LARGEST   COMP
YEAR   %TILE  SPECIES (INCHES)  (FEET)  RATIO  (INCHES)  %TILE    ACRE   AGE     (INCHES)    ACRE   (SQFT/A) 40/A (FT)  FACTOR
----  ------- ------- -------- -------- ------ --------- ------- ------  -----  ---------   ------ --------- --------- -------

2006                                          ( 10 YRS)

        10     DF1       0.10     1.01    69     0.00      0.0    0.75
        30     DF1       6.20    26.00    65     1.97      4.7    0.25
        50     DF1       8.40    18.00    75     2.66     14.1    0.25
        70     PP1      11.70    45.00    55     2.61     33.6    0.25
        90     DF1      17.90    84.00    35     0.47     68.4    0.25
       100     DF1      21.10    72.00    45     1.18    100.0    0.25
                                                                         112      10.7        6.       3.       39.8      3.3

2016                                          ( 10 YRS)

        10     DF1       0.11     3.92    69     0.00      0.0    0.54
        30     DF1       8.25    37.23    59     1.78      5.1    0.25
        50     DF1      10.68    28.98    68     1.97     22.1    0.25
        70     PP1      14.33    61.01    55     2.34     45.8    0.25
        90     DF1      18.63    86.86    33     0.64     62.0    0.24
       100     DF1      22.44    76.73    44     1.16    100.0    0.25
                                                                         122      12.7        5.       5.       54.2      4.3

2017                                          (  1 YRS)

        10     DF1       0.15     5.35    69     0.03      0.0    0.52
        30     DF1       8.47    38.61    59     0.19      5.3    0.25
        50     DF1      10.91    29.94    67     0.21     22.5    0.25
        70     PP1      14.53    62.07    55     0.18     46.4    0.25
        90     DF1      18.73    87.20    33     0.08     62.4    0.24
       100     DF1      22.55    77.09    44     0.09    100.0    0.24
                                                                         123      12.8        5.       5.       55.4      4.3

2026                                          (  9 YRS)

        10     DF1       1.07    12.75    69     0.80      0.0    0.39
        30     DF1      10.16    47.81    57     1.47      6.0    0.24
        50     DF1      13.64    41.67    62     2.37     33.6    0.24
        70     PP1      15.82    69.13    55     1.14     49.6    0.24
        90     DF1      19.63    90.47    33     0.78     64.4    0.23
       100     DF1      23.88    81.57    43     1.16    100.0    0.24
                                                                         132      14.3        5.       6.       64.3      5.0


     FOREST VEGETATION SIMULATOR     VERSION FS2025.3 -- INLAND EMPIRE EXPANDED                 RV:20250701    11-25-2025  15:26:26

STAND ID: UNCALBST163                   MGMT ID: NONE    



                                SUMMARY STATISTICS (PER ACRE OR STAND BASED ON TOTAL STAND AREA)
--------------------------------------------------------------------------------------------------------------------------------------
               START OF SIMULATION PERIOD                     REMOVALS             AFTER TREATMENT    GROWTH THIS PERIOD
         --------------------------------------------- ----------------------- ---------------------  ------------------   MAI  ------
         NO OF              TOP      TOTAL MERCH MERCH NO OF TOTAL MERCH MERCH              TOP  RES  PERIOD ACCRE MORT   MERCH FOR SS
YEAR AGE TREES  BA  SDI CCF HT  QMD  CU FT CU FT BD FT TREES CU FT CU FT BD FT  BA  SDI CCF HT   QMD  YEARS   PER  YEAR   CU FT TYP ZT
---- --- ----- --- ---- --- --- ---- ----- ----- ----- ----- ----- ----- ----- --- ---- --- --- ----  ------ ---- -----   ----- ------
2006 112     6   3    6   3  40 10.7    71    59   278     0     0     0     0   3    6   3  40 10.7      10    4     0     0.5 999 55
2016 122     5   5    8   4  54 12.7   109    94   469     0     0     0     0   5    8   4  54 12.7       1    4     0     0.8 999 55
2017 123     5   5    8   4  55 12.8   112    98   488     0     0     0     0   5    8   4  55 12.8       9    4     0     0.8 999 55
2026 132     5   6    9   5  64 14.3   144   128   666     0     0     0     0   6    9   5  64 14.3       0    0     0     1.0 999 55




                                                     ACTIVITY SUMMARY 

STAND ID= UNCALBST163                   MGMT ID= NONE                                                                            

----------------------------------------------------------------------------------------------------------------------------------

CYCLE  DATE  EXTENSION  KEYWORD   DATE  ACTIVITY DISPOSITION  PARAMETERS:
-----  ----  ---------  --------  ----  --------------------  --------------------------------------------------------------------

   1   2006
               BASE     TREELIST  2006  DONE IN 2015               3.0000     0.0000     0.0000

   2   2016
               BASE     TREELIST  2016  DONE IN 2016               3.0000     0.0000     0.0000

   3   2017
               BASE     TREELIST  2017  DONE IN 2025               3.0000     0.0000     0.0000
----------------------------------------------------------------------------------------------------------------------------------
