

     FOREST VEGETATION SIMULATOR     VERSION FS2025.3 -- INLAND EMPIRE EXPANDED                 RV:20250701    11-25-2025  15:26:21

----------------------------------------------------------------------------------------------------------------------------------

                                                OPTIONS SELECTED BY INPUT

KEYWORD FILE NAME: ../../data/fvs_runFiles/uc_Nov252025_15.26/uncalib_stand23
----------------------------------------------------------------------------------------------------------------------------------
KEYWORD    PARAMETERS:
--------   -----------------------------------------------------------------------------------------------------------------------

STDIDENT
           STAND ID= UNCALBST23                                                                                                

RANNSEED   RANDOM SEED IS:        2025.0

           HABITAT TYPE WILL BE MAPPED TO 320 FOR THIS PROJECTION.

STDINFO    FOREST-LOCATION CODE=     116; HABITAT TYPE=320; AGE=  187; ASPECT AZIMUTH IN DEGREES=  65.; SLOPE=  76.%
           ELEVATION(100'S FEET)= 67.0; REFERENCE CODE=     

TREELIST   DATE/CYCLE=    0; DATA SET REFERENCE NUMBER =  3.; HEADING SUPPRESSION CODE = 0.
           (0=WITH HEADING, OTHER VALUES=SUPPRESS HEADING).

TREEFMT 
          (I4,I4,F8.3,I1,A3,F5.1,F5.1,2F5.1,F5.1,I1,6I2,2I1,I2,2I3,2I1,F3.0)              
                                                                                          

DESIGN     BASAL AREA FACTOR=   -1.0; INVERSE OF FIXED PLOT AREA=    0.0; BREAK DBH=    0.0
           NUMBER OF PLOTS=     4; NON-STOCKABLE PLOTS=     0; STAND SAMPLING WEIGHT=     4.00000
           PROPORTION OF STAND CONSIDERED STOCKABLE=  1.000
           SEE "OPTIONS SELECTED BY DEFAULT" FOR FINAL DESIGN VALUES.

INVYEAR    INVENTORY YEAR= 2004

CYCLEAT    REQUESTED YEAR FOR A CYCLE =2015

NOTRIPLE

NOAUTOES   TALLIES AND INGROWTH WILL NOT BE ADDED AUTOMATICALLY.
           STOCKADJ IS SET TO ZERO, AND NO SPROUTING WILL BE SIMULATED.

CYCLEAT    REQUESTED YEAR FOR A CYCLE =2015

NOCALIB    CALIBRATION USING GROWTH DATA FROM TREE RECORDS HAS BEEN SUPPRESSED FOR ALL SPECIES

NOHTDREG   CALIBRATION OF HEIGHT-DIAMETER RELATIONSHIP WILL BE SUPPRESSED FOR ALL SPECIES


            

NUMCYCLE   NUMBER OF CYCLES=  2

PROCESS    PROCESS THE STAND.

********   FVS09 WARNING:  PLOT COUNTS DO NOT MATCH DATA ON THE DESIGN RECORD; DESIGN RECORD DATA USED.
                            PLOT COUNT=   3; NONSTOCKABLE COUNT=   0
----------------------------------------------------------------------------------------------------------------------------------

                                                OPTIONS SELECTED BY DEFAULT

----------------------------------------------------------------------------------------------------------------------------------

DESIGN     BASAL AREA FACTOR=   -1.0; INVERSE OF FIXED PLOT AREA=    0.0; BREAK DBH=    0.0
           NUMBER OF PLOTS=     4; NON-STOCKABLE PLOTS=     0; STAND SAMPLING WEIGHT=     4.00000
           PROPORTION OF STAND CONSIDERED STOCKABLE=  1.000

STDINFO    FOREST-LOCATION CODE=     116; HABITAT TYPE=320; AGE=  187; ASPECT AZIMUTH IN DEGREES=  65.; SLOPE=  76.%
           ELEVATION(100'S FEET)= 67.0;  REFERENCE CODE=     

SPECIES      WP      WL      DF      GF      WH      RC      LP      ES      AF      PP
SDI MAX     669.    669.    669.    669.    669.    669.    669.    669.    669.    669.

SPECIES      MH      WB      LM      LL      PM      RM      PY      AS      CO      MM
SDI MAX     669.    669.    669.    669.    669.    669.    669.    669.    669.    669.

SPECIES      PB      OH      OS
SDI MAX     669.    669.    669.

                                  NATIONAL VOLUME ESTIMATOR LIBRARY EQUATION NUMBERS
SPECIES CUBIC FOOT BOARD FOOT SPECIES CUBIC FOOT BOARD FOOT SPECIES CUBIC FOOT BOARD FOOT SPECIES CUBIC FOOT BOARD FOOT 
------- ---------- ---------- ------- ---------- ---------- ------- ---------- ---------- ------- ---------- ---------- 
  WP    I00FW2W119 I00FW2W119   WL    I00FW2W073 I00FW2W073   DF    I00FW2W202 I00FW2W202   GF    I00FW2W017 I00FW2W017
  WH    I00FW2W260 I00FW2W260   RC    I00FW2W242 I00FW2W242   LP    I00FW2W108 I00FW2W108   ES    I00FW2W093 I00FW2W093
  AF    I00FW2W019 I00FW2W019   PP    I00FW2W122 I00FW2W122   MH    I00FW2W260 I00FW2W260   WB    I00FW2W012 I00FW2W012
  LM    I00FW2W073 I00FW2W073   LL    I00FW2W019 I00FW2W019   PM    102DVEW106 102DVEW106   RM    102DVEW106 102DVEW106
  PY    616BEHW231 616BEHW231   AS    102DVEW746 102DVEW746   CO    102DVEW740 102DVEW740   MM    200DVEW746 200DVEW746
  PB    101DVEW375 101DVEW375   OH    200DVEW746 200DVEW746   OS    I00FW2W260 I00FW2W260

SITECODE   SITE INDEX INFORMATION:
            WP=    0.;  WL=    0.;  DF=    0.;  GF=    0.;  WH=    0.;  RC=    0.;  LP=    0.;  ES=    0.; AF=    0.
            PP=    0.;  MH=    0.;  WB=    0.;  LM=   32.;  LL=    0.;  PM=   11.;  RM=    9.;  PY=   32.; AS=   46.
            CO=   67.;  MM=   46.;  PB=   46.;  OH=   67.;  OS=    0.
           SITE SPECIES=DF CODE=    3

INVENTORY POINT CROSS REFERENCE (FVS SEQUENTIAL POINT NUMBER = POINT NUMBER AS ENTERED IN THE INPUT DATA):
  1=       4;   2=       1;   3=       3;   4=       0
----------------------------------------------------------------------------------------------------------------------------------


                                                     ACTIVITY SCHEDULE

STAND ID= UNCALBST23                    MGMT ID= NONE                                                                            

----------------------------------------------------------------------------------------------------------------------------------

CYCLE  DATE  EXTENSION  KEYWORD   DATE  PARAMETERS:
-----  ----  ---------  --------  ----  ------------------------------------------------------------------------------------------

   1   2004
               BASE     TREELIST  2004       3.0000     0.0000     0.0000

   2   2014
               BASE     TREELIST  2014       3.0000     0.0000     0.0000

   3   2015
               BASE     TREELIST  2015       3.0000     0.0000     0.0000
----------------------------------------------------------------------------------------------------------------------------------


CALIBRATION STATISTICS:


                                                 DF
                                                ----

NUMBER OF RECORDS PER SPECIES                     18

NUMBER OF RECORDS WITH MISSING HEIGHTS             2

NUMBER OF RECORDS WITH BROKEN OR DEAD TOPS         0

NUMBER OF RECORDS WITH MISSING CROWN RATIOS        2

NUMBER OF RECORDS AVAILABLE FOR SCALING
THE DIAMETER INCREMENT MODEL                       0

RATIO OF STANDARD ERRORS
(INPUT DBH GROWTH DATA : MODEL)                 1.00

WEIGHT GIVEN TO THE INPUT GROWTH DATA WHEN
DBH GROWTH MODEL SCALE FACTORS WERE COMPUTED    0.00

INITIAL SCALE FACTORS FOR THE
DBH INCREMENT MODEL                             1.00

NUMBER OF RECORDS AVAILABLE FOR SCALING
THE SMALL TREE HEIGHT INCREMENT MODEL             0

INITIAL SCALE FACTORS FOR THE SMALL TREE
HEIGHT INCREMENT MODEL                          1.00

NUMBER OF RECORDS WITH MISTLETOE                   0


     FOREST VEGETATION SIMULATOR     VERSION FS2025.3 -- INLAND EMPIRE EXPANDED                 RV:20250701    11-25-2025  15:26:21

STAND ID: UNCALBST23                    MGMT ID: NONE     


                                        STAND COMPOSITION (BASED ON STOCKABLE AREA)
--------------------------------------------------------------------------------------------------------------------------
                            PERCENTILE POINTS IN THE
                     DISTRIBUTION OF STAND ATTRIBUTES BY DBH      TOTAL/ACRE
        STAND       -----------------------------------------      OF STAND         DISTRIBUTION OF STAND ATTRIBUTES BY
YEAR  ATTRIBUTES      10     30     50     70     90    100       ATTRIBUTES       SPECIES AND 3 USER-DEFINED SUBCLASSES
----  -----------   ------ ------ ------ ------ ------ ------   --------------  ------------------------------------------
                                 (DBH IN INCHES)



2004  TREES           0.1    7.0    8.0   14.7   18.8    45.5       5. TREES    100.% DF1,   0.% ---,   0.% ---,   0.% ---
      VOLUME:  
        TOTAL        11.6   18.7   21.0   45.5   45.5    45.5     146. CUFT     100.% DF1,   0.% ---,   0.% ---,   0.% ---
        MERCH        14.7   18.7   21.0   45.5   45.5    45.5     128. CUFT     100.% DF1,   0.% ---,   0.% ---,   0.% ---
        MERCH        14.7   18.7   45.5   45.5   45.5    45.5     705. BDFT     100.% DF1,   0.% ---,   0.% ---,   0.% ---


      ACCRETION       7.2    8.0   16.9   18.8   45.5    45.5       2. CUFT/YR  100.% DF1,   0.% ---,   0.% ---,   0.% ---
      MORTALITY      11.6   16.9   18.7   45.5   45.5    45.5       0. CUFT/YR  100.% DF1,   0.% ---,   0.% ---,   0.% ---



2014  TREES           0.3    8.7   10.5   17.4   21.9    45.9       5. TREES    100.% DF1,   0.% ---,   0.% ---,   0.% ---
      VOLUME:  
        TOTAL        10.5   17.9   21.9   45.9   45.9    45.9     161. CUFT     100.% DF1,   0.% ---,   0.% ---,   0.% ---
        MERCH        10.8   17.9   21.9   45.9   45.9    45.9     145. CUFT     100.% DF1,   0.% ---,   0.% ---,   0.% ---
        MERCH        10.8   17.9   21.9   45.9   45.9    45.9     788. BDFT     100.% DF1,   0.% ---,   0.% ---,   0.% ---


      ACCRETION       8.7    9.3   17.4   19.4   21.9    45.9       2. CUFT/YR  100.% DF1,   0.% ---,   0.% ---,   0.% ---
      MORTALITY      12.1   17.4   19.4   45.9   45.9    45.9       0. CUFT/YR  100.% DF1,   0.% ---,   0.% ---,   0.% ---



2015  TREES           0.4    8.8   10.7   17.4   22.0    45.9       5. TREES    100.% DF1,   0.% ---,   0.% ---,   0.% ---
      VOLUME:  
        TOTAL        10.7   17.9   22.0   45.9   45.9    45.9     163. CUFT     100.% DF1,   0.% ---,   0.% ---,   0.% ---
        MERCH        10.9   17.9   22.0   45.9   45.9    45.9     145. CUFT     100.% DF1,   0.% ---,   0.% ---,   0.% ---
        MERCH        10.9   17.9   22.0   45.9   45.9    45.9     792. BDFT     100.% DF1,   0.% ---,   0.% ---,   0.% ---


      ACCRETION       8.1   10.7   17.4   19.5   22.0    45.9       2. CUFT/YR  100.% DF1,   0.% ---,   0.% ---,   0.% ---
      MORTALITY      10.9   17.4   19.9   45.9   45.9    45.9       0. CUFT/YR  100.% DF1,   0.% ---,   0.% ---,   0.% ---



2024  TREES           2.1    9.3   11.6   18.1   22.5    46.0       5. TREES    100.% DF1,   0.% ---,   0.% ---,   0.% ---
      VOLUME:  
        TOTAL        10.4   18.9   20.9   46.0   46.0    46.0     177. CUFT     100.% DF1,   0.% ---,   0.% ---,   0.% ---
        MERCH        11.6   18.9   20.9   46.0   46.0    46.0     157. CUFT     100.% DF1,   0.% ---,   0.% ---,   0.% ---
        MERCH        12.2   18.9   22.5   46.0   46.0    46.0     850. BDFT     100.% DF1,   0.% ---,   0.% ---,   0.% ---


     FOREST VEGETATION SIMULATOR     VERSION FS2025.3 -- INLAND EMPIRE EXPANDED                 RV:20250701    11-25-2025  15:26:21

STAND ID: UNCALBST23                    MGMT ID: NONE     


------------------------------------------------------------------------------------------------------------------------------
                     ATTRIBUTES OF SELECTED SAMPLE TREES                 ADDITIONAL STAND ATTRIBUTES (BASED ON STOCKABLE AREA)
      -----------------------------------------------------------------  -----------------------------------------------------
      INITIAL                           LIVE   PAST DBH  BASAL   TREES          QUADRATIC   TREES    BASAL  TOP HEIGHT  CROWN
      TREES/A            DBH    HEIGHT  CROWN   GROWTH   AREA     PER    STAND   MEAN DBH    PER     AREA     LARGEST   COMP
YEAR   %TILE  SPECIES (INCHES)  (FEET)  RATIO  (INCHES)  %TILE    ACRE   AGE     (INCHES)    ACRE   (SQFT/A) 40/A (FT)  FACTOR
----  ------- ------- -------- -------- ------ --------- ------- ------  -----  ---------   ------ --------- --------- -------

2004                                          ( 10 YRS)

        10     DF1       0.10     1.01    69     0.00      0.0    0.75
        30     DF1       7.00    55.00    35     0.65      2.1    0.25
        50     DF1       8.00    39.00    75     1.16      7.1    0.25
        70     DF1      14.70    47.00    15     0.33     18.4    0.25
        90     DF1      18.80    63.00    65     0.47     46.0    0.25
       100     DF1      45.50    83.00    45     0.31    100.0    0.25
                                                                         187      15.2        5.       6.       45.1      5.1

2014                                          ( 10 YRS)

        10     DF1       0.33     6.36    69     0.20      0.0    0.61
        30     DF1       8.05    69.08    33     0.91      2.4    0.25
        50     DF1       9.32    51.75    71     1.15      8.8    0.25
        70     DF1      15.06    48.80    15     0.31     20.6    0.24
        90     DF1      19.81    66.88    64     0.87     48.3    0.25
       100     DF1      45.87    84.25    44     0.32    100.0    0.25
                                                                         197      16.1        5.       7.       53.6      5.5

2015                                          (  1 YRS)

        10     DF1       0.45     7.35    69     0.10      0.0    0.60
        30     DF1       8.14    70.09    33     0.08      2.4    0.25
        50     DF1       9.45    52.43    71     0.11      9.0    0.25
        70     DF1      15.10    49.01    15     0.04     20.8    0.24
        90     DF1      19.89    67.18    64     0.07     48.5    0.25
       100     DF1      45.90    84.36    44     0.02    100.0    0.25
                                                                         198      16.2        5.       7.       54.3      5.5

2024                                          (  9 YRS)

        10     DF1       2.07    18.91    69     1.41      0.2    0.59
        30     DF1       9.32    81.15    35     1.02      4.5    0.24
        50     DF1      10.43    58.06    71     0.86     10.3    0.25
        70     DF1      15.55    51.08    15     0.39     22.7    0.23
        90     DF1      20.94    71.06    63     0.91     51.2    0.24
       100     DF1      46.05    85.10    44     0.13    100.0    0.24
                                                                         207      16.8        5.       7.       60.3      5.8


     FOREST VEGETATION SIMULATOR     VERSION FS2025.3 -- INLAND EMPIRE EXPANDED                 RV:20250701    11-25-2025  15:26:21

STAND ID: UNCALBST23                    MGMT ID: NONE    



                                SUMMARY STATISTICS (PER ACRE OR STAND BASED ON TOTAL STAND AREA)
--------------------------------------------------------------------------------------------------------------------------------------
               START OF SIMULATION PERIOD                     REMOVALS             AFTER TREATMENT    GROWTH THIS PERIOD
         --------------------------------------------- ----------------------- ---------------------  ------------------   MAI  ------
         NO OF              TOP      TOTAL MERCH MERCH NO OF TOTAL MERCH MERCH              TOP  RES  PERIOD ACCRE MORT   MERCH FOR SS
YEAR AGE TREES  BA  SDI CCF HT  QMD  CU FT CU FT BD FT TREES CU FT CU FT BD FT  BA  SDI CCF HT   QMD  YEARS   PER  YEAR   CU FT TYP ZT
---- --- ----- --- ---- --- --- ---- ----- ----- ----- ----- ----- ----- ----- --- ---- --- --- ----  ------ ---- -----   ----- ------
2004 187     5   6   10   5  45 15.2   146   128   705     0     0     0     0   6   10   5  45 15.2      10    2     0     0.7 999 55
2014 197     5   7   10   5  54 16.1   161   145   788     0     0     0     0   7   10   5  54 16.1       1    2     0     0.7 999 55
2015 198     5   7   10   6  54 16.2   163   145   792     0     0     0     0   7   10   6  54 16.2       9    2     0     0.7 999 55
2024 207     5   7   11   6  60 16.8   177   157   850     0     0     0     0   7   11   6  60 16.8       0    0     0     0.8 999 55




                                                     ACTIVITY SUMMARY 

STAND ID= UNCALBST23                    MGMT ID= NONE                                                                            

----------------------------------------------------------------------------------------------------------------------------------

CYCLE  DATE  EXTENSION  KEYWORD   DATE  ACTIVITY DISPOSITION  PARAMETERS:
-----  ----  ---------  --------  ----  --------------------  --------------------------------------------------------------------

   1   2004
               BASE     TREELIST  2004  DONE IN 2013               3.0000     0.0000     0.0000

   2   2014
               BASE     TREELIST  2014  DONE IN 2014               3.0000     0.0000     0.0000

   3   2015
               BASE     TREELIST  2015  DONE IN 2023               3.0000     0.0000     0.0000
----------------------------------------------------------------------------------------------------------------------------------
