

     FOREST VEGETATION SIMULATOR     VERSION FS2025.3 -- INLAND EMPIRE EXPANDED                 RV:20250701    11-29-2025  11:33:29

----------------------------------------------------------------------------------------------------------------------------------

                                                OPTIONS SELECTED BY INPUT

KEYWORD FILE NAME: ../../data/fvs_runFiles/mult_Nov292025_11.33/mult_stand99
----------------------------------------------------------------------------------------------------------------------------------
KEYWORD    PARAMETERS:
--------   -----------------------------------------------------------------------------------------------------------------------

STDIDENT
           STAND ID= MULT99                                                                                                    

RANNSEED   RANDOM SEED IS:        2025.0

********   FVS03 WARNING:  FOREST CODE INDICATES THE GEOGRAPHIC LOCATION IS OUTSIDE THE RANGE OF THE MODEL.  DEFAULT CODE IS USED.

********   FOREST CODE USED IN THIS PROJECTION IS 118

           HABITAT TYPE WILL BE MAPPED TO 470 FOR THIS PROJECTION.

STDINFO    FOREST-LOCATION CODE=     118; HABITAT TYPE=470; AGE=  157; ASPECT AZIMUTH IN DEGREES= 343.; SLOPE=  20.%
           ELEVATION(100'S FEET)= 56.0; REFERENCE CODE=     

TREELIST   DATE/CYCLE=    0; DATA SET REFERENCE NUMBER =  3.; HEADING SUPPRESSION CODE = 0.
           (0=WITH HEADING, OTHER VALUES=SUPPRESS HEADING).

TREEFMT 
          (I4,I4,F8.3,I1,A3,F5.1,F5.1,2F5.1,F5.1,I1,6I2,2I1,I2,2I3,2I1,F3.0)              
                                                                                          

DESIGN     BASAL AREA FACTOR=   -1.0; INVERSE OF FIXED PLOT AREA=    0.0; BREAK DBH=    0.0
           NUMBER OF PLOTS=     4; NON-STOCKABLE PLOTS=     0; STAND SAMPLING WEIGHT=     4.00000
           PROPORTION OF STAND CONSIDERED STOCKABLE=  1.000
           SEE "OPTIONS SELECTED BY DEFAULT" FOR FINAL DESIGN VALUES.

INVYEAR    INVENTORY YEAR= 2006

CYCLEAT    REQUESTED YEAR FOR A CYCLE =2017

NOTRIPLE

NOAUTOES   TALLIES AND INGROWTH WILL NOT BE ADDED AUTOMATICALLY.
           STOCKADJ IS SET TO ZERO, AND NO SPROUTING WILL BE SIMULATED.

CYCLEAT    REQUESTED YEAR FOR A CYCLE =2017

NOCALIB    CALIBRATION USING GROWTH DATA FROM TREE RECORDS HAS BEEN SUPPRESSED FOR ALL SPECIES

NOHTDREG   CALIBRATION OF HEIGHT-DIAMETER RELATIONSHIP WILL BE SUPPRESSED FOR ALL SPECIES

READCORD   LARGE TREE DIAMETER GROWTH MODELS ARE MODIFIED WITH CORRECTION TERMS PRIOR TO CALIBRATION.
           LARGE TREE DIAMETER GROWTH MODEL CORRECTION TERMS BY SPECIES:
           WP = 1.00; WL = 1.00; DF = 0.22; GF = 1.00; WH = 1.00; RC = 1.00; LP = 0.24; ES = 0.55
           AF = 0.58; PP = 0.33; MH = 1.00; WB = 1.00; LM = 1.00; LL = 1.00; PM = 1.00; RM = 1.00
           PY = 1.00; AS = 1.00; CO = 1.00; MM = 1.00; PB = 1.00; OH = 1.00; OS = 1.00


            

READCORR   SMALL TREE HEIGHT GROWTH MODELS ARE MODIFIED WITH CORRECTION TERMS PRIOR TO CALIBRATION.
           SMALL TREE HEIGHT GROWTH MODEL CORRECTION TERMS BY SPECIES:
           WP = 1.00; WL = 1.00; DF = 1.00; GF = 1.00; WH = 1.00; RC = 1.00; LP = 1.00; ES = 1.00
           AF = 0.45; PP = 1.00; MH = 1.00; WB = 1.00; LM = 1.00; LL = 1.00; PM = 1.00; RM = 1.00
           PY = 1.00; AS = 1.00; CO = 1.00; MM = 1.00; PB = 1.00; OH = 1.00; OS = 1.00


            
            

NUMCYCLE   NUMBER OF CYCLES=  2

PROCESS    PROCESS THE STAND.
----------------------------------------------------------------------------------------------------------------------------------

                                                OPTIONS SELECTED BY DEFAULT

----------------------------------------------------------------------------------------------------------------------------------

DESIGN     BASAL AREA FACTOR=   -1.0; INVERSE OF FIXED PLOT AREA=    0.0; BREAK DBH=    0.0
           NUMBER OF PLOTS=     4; NON-STOCKABLE PLOTS=     0; STAND SAMPLING WEIGHT=     4.00000
           PROPORTION OF STAND CONSIDERED STOCKABLE=  1.000

STDINFO    FOREST-LOCATION CODE=     118; HABITAT TYPE=470; AGE=  157; ASPECT AZIMUTH IN DEGREES= 343.; SLOPE=  20.%
           ELEVATION(100'S FEET)= 56.0;  REFERENCE CODE=     

SPECIES      WP      WL      DF      GF      WH      RC      LP      ES      AF      PP
SDI MAX     626.    626.    626.    626.    626.    626.    626.    626.    626.    626.

SPECIES      MH      WB      LM      LL      PM      RM      PY      AS      CO      MM
SDI MAX     626.    626.    626.    626.    626.    626.    626.    626.    626.    626.

SPECIES      PB      OH      OS
SDI MAX     626.    626.    626.

                                  NATIONAL VOLUME ESTIMATOR LIBRARY EQUATION NUMBERS
SPECIES CUBIC FOOT BOARD FOOT SPECIES CUBIC FOOT BOARD FOOT SPECIES CUBIC FOOT BOARD FOOT SPECIES CUBIC FOOT BOARD FOOT 
------- ---------- ---------- ------- ---------- ---------- ------- ---------- ---------- ------- ---------- ---------- 
  WP    I00FW2W119 I00FW2W119   WL    I00FW2W073 I00FW2W073   DF    I00FW2W202 I00FW2W202   GF    I00FW2W017 I00FW2W017
  WH    I00FW2W260 I00FW2W260   RC    I00FW2W242 I00FW2W242   LP    I00FW2W108 I00FW2W108   ES    I00FW2W093 I00FW2W093
  AF    I00FW2W019 I00FW2W019   PP    I00FW2W122 I00FW2W122   MH    I00FW2W260 I00FW2W260   WB    I00FW2W012 I00FW2W012
  LM    I00FW2W073 I00FW2W073   LL    I00FW2W019 I00FW2W019   PM    102DVEW106 102DVEW106   RM    102DVEW106 102DVEW106
  PY    616BEHW231 616BEHW231   AS    102DVEW746 102DVEW746   CO    102DVEW740 102DVEW740   MM    200DVEW746 200DVEW746
  PB    101DVEW375 101DVEW375   OH    200DVEW746 200DVEW746   OS    I00FW2W260 I00FW2W260

SITECODE   SITE INDEX INFORMATION:
            WP=    0.;  WL=    0.;  DF=    0.;  GF=    0.;  WH=    0.;  RC=    0.;  LP=    0.;  ES=    0.; AF=    0.
            PP=    0.;  MH=    0.;  WB=    0.;  LM=   37.;  LL=    0.;  PM=   11.;  RM=    9.;  PY=   37.; AS=   46.
            CO=   67.;  MM=   46.;  PB=   46.;  OH=   67.;  OS=    0.
           SITE SPECIES=DF CODE=    3

INVENTORY POINT CROSS REFERENCE (FVS SEQUENTIAL POINT NUMBER = POINT NUMBER AS ENTERED IN THE INPUT DATA):
  1=       4;   2=       1;   3=       2;   4=       3
----------------------------------------------------------------------------------------------------------------------------------


                                                     ACTIVITY SCHEDULE

STAND ID= MULT99                        MGMT ID= NONE                                                                            

----------------------------------------------------------------------------------------------------------------------------------

CYCLE  DATE  EXTENSION  KEYWORD   DATE  PARAMETERS:
-----  ----  ---------  --------  ----  ------------------------------------------------------------------------------------------

   1   2006
               BASE     TREELIST  2006       3.0000     0.0000     0.0000

   2   2016
               BASE     TREELIST  2016       3.0000     0.0000     0.0000

   3   2017
               BASE     TREELIST  2017       3.0000     0.0000     0.0000
----------------------------------------------------------------------------------------------------------------------------------


CALIBRATION STATISTICS:


                                                 LP    DF    ES
                                                ----  ----  ----

NUMBER OF RECORDS PER SPECIES                     36    31     1

NUMBER OF RECORDS CODED AS RECENT MORTALITY        3     0     0

NUMBER OF RECORDS WITH MISSING HEIGHTS             0     3     1

NUMBER OF RECORDS WITH BROKEN OR DEAD TOPS         1     0     0

NUMBER OF RECORDS WITH MISSING CROWN RATIOS        0     3     1

NUMBER OF RECORDS AVAILABLE FOR SCALING
THE DIAMETER INCREMENT MODEL                       0     0     0

RATIO OF STANDARD ERRORS
(INPUT DBH GROWTH DATA : MODEL)                 1.00  1.00  1.00

WEIGHT GIVEN TO THE INPUT GROWTH DATA WHEN
DBH GROWTH MODEL SCALE FACTORS WERE COMPUTED    0.00  0.00  0.00

INITIAL SCALE FACTORS FOR THE
DBH INCREMENT MODEL                             1.00  1.00  1.00

NUMBER OF RECORDS AVAILABLE FOR SCALING
THE SMALL TREE HEIGHT INCREMENT MODEL             0     0     0

INITIAL SCALE FACTORS FOR THE SMALL TREE
HEIGHT INCREMENT MODEL                          1.00  1.00  1.00

NUMBER OF RECORDS WITH MISTLETOE                   0     0     0


     FOREST VEGETATION SIMULATOR     VERSION FS2025.3 -- INLAND EMPIRE EXPANDED                 RV:20250701    11-29-2025  11:33:29

STAND ID: MULT99                        MGMT ID: NONE     


                                        STAND COMPOSITION (BASED ON STOCKABLE AREA)
--------------------------------------------------------------------------------------------------------------------------
                            PERCENTILE POINTS IN THE
                     DISTRIBUTION OF STAND ATTRIBUTES BY DBH      TOTAL/ACRE
        STAND       -----------------------------------------      OF STAND         DISTRIBUTION OF STAND ATTRIBUTES BY
YEAR  ATTRIBUTES      10     30     50     70     90    100       ATTRIBUTES       SPECIES AND 3 USER-DEFINED SUBCLASSES
----  -----------   ------ ------ ------ ------ ------ ------   --------------  ------------------------------------------
                                 (DBH IN INCHES)



2006  TREES           0.1    0.1    0.1    6.3   11.3    16.0      37. TREES     80.% DF1,  19.% LP1,   1.% ES1,   0.% ---
      VOLUME:  
        TOTAL         7.4   10.8   11.4   12.6   13.8    16.0     195. CUFT      72.% LP1,  28.% DF1,   0.% ---,   0.% ---
        MERCH         7.9   10.8   11.5   12.6   13.8    16.0     162. CUFT      75.% LP1,  25.% DF1,   0.% ---,   0.% ---
        MERCH         7.5   10.8   11.5   12.7   13.8    16.0     828. BDFT      74.% LP1,  26.% DF1,   0.% ---,   0.% ---


      ACCRETION       2.4    6.4    7.9   10.8   12.6    16.0       2. CUFT/YR   69.% DF1,  31.% LP1,   0.% ---,   0.% ---
      MORTALITY       6.6    9.8   11.2   12.5   13.7    16.0       2. CUFT/YR   82.% LP1,  18.% DF1,   0.% ---,   0.% ---



2016  TREES           0.3    0.5    0.5    7.5   11.7    16.2      28. TREES     78.% DF1,  21.% LP1,   1.% ES1,   0.% ---
      VOLUME:  
        TOTAL         7.5   10.9   11.6   12.7   14.0    16.2     189. CUFT      67.% LP1,  33.% DF1,   0.% ---,   0.% ---
        MERCH         7.8   11.0   11.7   12.8   14.0    16.2     158. CUFT      70.% LP1,  30.% DF1,   0.% ---,   0.% ---
        MERCH         7.8   11.0   11.7   12.8   14.0    16.2     801. BDFT      70.% LP1,  30.% DF1,   0.% ---,   0.% ---


      ACCRETION       5.7    7.5    8.3   11.0   12.9    16.2       1. CUFT/YR   70.% DF1,  30.% LP1,   0.% ---,   0.% ---
      MORTALITY       7.0   10.0   11.3   12.7   13.9    16.2       3. CUFT/YR   79.% LP1,  21.% DF1,   0.% ---,   0.% ---



2017  TREES           0.5    0.7    0.7    7.6   11.7    16.2      28. TREES     78.% DF1,  21.% LP1,   1.% ES1,   0.% ---
      VOLUME:  
        TOTAL         7.6   11.0   11.6   12.7   14.0    16.2     188. CUFT      67.% LP1,  33.% DF1,   0.% ---,   0.% ---
        MERCH         7.8   11.1   11.7   12.8   14.0    16.2     158. CUFT      70.% LP1,  30.% DF1,   0.% ---,   0.% ---
        MERCH         7.8   11.1   11.7   12.8   14.0    16.2     799. BDFT      70.% LP1,  30.% DF1,   0.% ---,   0.% ---


      ACCRETION       0.7    5.8    7.7   11.0   12.8    16.2       2. CUFT/YR   72.% DF1,  27.% LP1,   1.% ES1,   0.% ---
      MORTALITY       7.0   10.0   11.4   12.7   13.9    16.2       3. CUFT/YR   76.% LP1,  24.% DF1,   0.% ---,   0.% ---



2026  TREES           1.6    2.1    2.1    7.4   11.9    16.4      26. TREES     80.% DF1,  19.% LP1,   1.% ES1,   0.% ---
      VOLUME:  
        TOTAL         7.4   10.1   11.6   12.9   14.2    16.4     181. CUFT      62.% LP1,  38.% DF1,   0.% ES1,   0.% ---
        MERCH         8.0   11.3   11.7   12.9   14.2    16.4     149. CUFT      66.% LP1,  34.% DF1,   0.% ---,   0.% ---
        MERCH         7.9   11.2   11.7   12.9   14.2    16.4     788. BDFT      65.% LP1,  35.% DF1,   0.% ---,   0.% ---


     FOREST VEGETATION SIMULATOR     VERSION FS2025.3 -- INLAND EMPIRE EXPANDED                 RV:20250701    11-29-2025  11:33:29

STAND ID: MULT99                        MGMT ID: NONE     


------------------------------------------------------------------------------------------------------------------------------
                     ATTRIBUTES OF SELECTED SAMPLE TREES                 ADDITIONAL STAND ATTRIBUTES (BASED ON STOCKABLE AREA)
      -----------------------------------------------------------------  -----------------------------------------------------
      INITIAL                           LIVE   PAST DBH  BASAL   TREES          QUADRATIC   TREES    BASAL  TOP HEIGHT  CROWN
      TREES/A            DBH    HEIGHT  CROWN   GROWTH   AREA     PER    STAND   MEAN DBH    PER     AREA     LARGEST   COMP
YEAR   %TILE  SPECIES (INCHES)  (FEET)  RATIO  (INCHES)  %TILE    ACRE   AGE     (INCHES)    ACRE   (SQFT/A) 40/A (FT)  FACTOR
----  ------- ------- -------- -------- ------ --------- ------- ------  -----  ---------   ------ --------- --------- -------

2006                                          ( 10 YRS)

        10     DF1       0.10     1.01    69     0.00      0.0    5.25
        30     DF1       0.10     1.01    84     0.00      0.0   17.50
        50     DF1       0.10     1.01    84     0.00      0.0   17.50
        70     DF1       6.30    32.00    55     0.43      5.5    0.25
        90     LP1      11.30    73.00    15     0.29     52.6    0.25
       100     LP1      16.00    79.00    25     0.14    100.0    0.25
                                                                         157       5.7       37.       7.       21.9      7.0

2016                                          ( 10 YRS)

        10     DF1       0.33     6.04    69     0.20      0.0    3.66
        30     DF1       0.52    10.77    84     0.37      0.3   12.20
        50     DF1       0.52    10.77    84     0.37      0.3   12.20
        70     DF1       6.86    43.85    50     0.48      8.9    0.22
        90     LP1      11.45    73.90    14     0.14     53.7    0.22
       100     LP1      16.16    79.88    25     0.15    100.0    0.23
                                                                         167       6.4       28.       6.       32.3      6.8

2017                                          (  1 YRS)

        10     DF1       0.49     7.40    69     0.14      0.1    3.53
        30     DF1       0.74    12.28    84     0.19      0.6   11.79
        50     DF1       0.74    12.28    84     0.19      0.6   11.79
        70     DF1       6.91    44.88    50     0.05      9.2    0.22
        90     LP1      11.46    74.00    14     0.02     53.8    0.22
       100     LP1      16.17    79.97    25     0.01    100.0    0.23
                                                                         168       6.5       28.       6.       33.6      6.8

2026                                          (  9 YRS)

        10     DF1       1.57    15.40    69     0.94      0.8    3.42
        30     DF1       2.06    21.06    84     1.15      5.2   11.63
        50     DF1       2.06    21.06    84     1.15      5.2   11.63
        70     DF1       7.40    50.45    52     0.42     15.9    0.20
        90     LP1      11.62    74.87    14     0.15     54.2    0.19
       100     LP1      16.37    80.88    25     0.19    100.0    0.20
                                                                         177       6.6       26.       6.       39.2      6.9


     FOREST VEGETATION SIMULATOR     VERSION FS2025.3 -- INLAND EMPIRE EXPANDED                 RV:20250701    11-29-2025  11:33:29

STAND ID: MULT99                        MGMT ID: NONE    



                                SUMMARY STATISTICS (PER ACRE OR STAND BASED ON TOTAL STAND AREA)
--------------------------------------------------------------------------------------------------------------------------------------
               START OF SIMULATION PERIOD                     REMOVALS             AFTER TREATMENT    GROWTH THIS PERIOD
         --------------------------------------------- ----------------------- ---------------------  ------------------   MAI  ------
         NO OF              TOP      TOTAL MERCH MERCH NO OF TOTAL MERCH MERCH              TOP  RES  PERIOD ACCRE MORT   MERCH FOR SS
YEAR AGE TREES  BA  SDI CCF HT  QMD  CU FT CU FT BD FT TREES CU FT CU FT BD FT  BA  SDI CCF HT   QMD  YEARS   PER  YEAR   CU FT TYP ZT
---- --- ----- --- ---- --- --- ---- ----- ----- ----- ----- ----- ----- ----- --- ---- --- --- ----  ------ ---- -----   ----- ------
2006 157    37   7   15   7  22  5.7   195   162   828     0     0     0     0   7   15   7  22  5.7      10    2     2     1.0 999 55
2016 167    28   6   14   7  32  6.4   189   158   801     0     0     0     0   6   14   7  32  6.4       1    1     3     0.9 999 55
2017 168    28   6   14   7  34  6.5   188   158   799     0     0     0     0   6   14   7  34  6.5       9    2     3     0.9 999 55
2026 177    26   6   13   7  39  6.6   181   149   788     0     0     0     0   6   13   7  39  6.6       0    0     0     0.8 999 55




                                                     ACTIVITY SUMMARY 

STAND ID= MULT99                        MGMT ID= NONE                                                                            

----------------------------------------------------------------------------------------------------------------------------------

CYCLE  DATE  EXTENSION  KEYWORD   DATE  ACTIVITY DISPOSITION  PARAMETERS:
-----  ----  ---------  --------  ----  --------------------  --------------------------------------------------------------------

   1   2006
               BASE     TREELIST  2006  DONE IN 2015               3.0000     0.0000     0.0000

   2   2016
               BASE     TREELIST  2016  DONE IN 2016               3.0000     0.0000     0.0000

   3   2017
               BASE     TREELIST  2017  DONE IN 2025               3.0000     0.0000     0.0000
----------------------------------------------------------------------------------------------------------------------------------
