

     FOREST VEGETATION SIMULATOR     VERSION FS2025.3 -- INLAND EMPIRE EXPANDED                 RV:20250701    11-29-2025  11:33:34

----------------------------------------------------------------------------------------------------------------------------------

                                                OPTIONS SELECTED BY INPUT

KEYWORD FILE NAME: ../../data/fvs_runFiles/mult_Nov292025_11.33/mult_stand225
----------------------------------------------------------------------------------------------------------------------------------
KEYWORD    PARAMETERS:
--------   -----------------------------------------------------------------------------------------------------------------------

STDIDENT
           STAND ID= MULT225                                                                                                   

RANNSEED   RANDOM SEED IS:        2025.0

********   FVS03 WARNING:  FOREST CODE INDICATES THE GEOGRAPHIC LOCATION IS OUTSIDE THE RANGE OF THE MODEL.  DEFAULT CODE IS USED.

********   FOREST CODE USED IN THIS PROJECTION IS 118

           HABITAT TYPE WILL BE MAPPED TO 290 FOR THIS PROJECTION.

STDINFO    FOREST-LOCATION CODE=     118; HABITAT TYPE=290; AGE=  247; ASPECT AZIMUTH IN DEGREES= 208.; SLOPE=  26.%
           ELEVATION(100'S FEET)= 44.0; REFERENCE CODE=     

TREELIST   DATE/CYCLE=    0; DATA SET REFERENCE NUMBER =  3.; HEADING SUPPRESSION CODE = 0.
           (0=WITH HEADING, OTHER VALUES=SUPPRESS HEADING).

TREEFMT 
          (I4,I4,F8.3,I1,A3,F5.1,F5.1,2F5.1,F5.1,I1,6I2,2I1,I2,2I3,2I1,F3.0)              
                                                                                          

DESIGN     BASAL AREA FACTOR=   -1.0; INVERSE OF FIXED PLOT AREA=    0.0; BREAK DBH=    0.0
           NUMBER OF PLOTS=     4; NON-STOCKABLE PLOTS=     0; STAND SAMPLING WEIGHT=     4.00000
           PROPORTION OF STAND CONSIDERED STOCKABLE=  1.000
           SEE "OPTIONS SELECTED BY DEFAULT" FOR FINAL DESIGN VALUES.

INVYEAR    INVENTORY YEAR= 2004

CYCLEAT    REQUESTED YEAR FOR A CYCLE =2015

NOTRIPLE

NOAUTOES   TALLIES AND INGROWTH WILL NOT BE ADDED AUTOMATICALLY.
           STOCKADJ IS SET TO ZERO, AND NO SPROUTING WILL BE SIMULATED.

CYCLEAT    REQUESTED YEAR FOR A CYCLE =2015

NOCALIB    CALIBRATION USING GROWTH DATA FROM TREE RECORDS HAS BEEN SUPPRESSED FOR ALL SPECIES

NOHTDREG   CALIBRATION OF HEIGHT-DIAMETER RELATIONSHIP WILL BE SUPPRESSED FOR ALL SPECIES

READCORD   LARGE TREE DIAMETER GROWTH MODELS ARE MODIFIED WITH CORRECTION TERMS PRIOR TO CALIBRATION.
           LARGE TREE DIAMETER GROWTH MODEL CORRECTION TERMS BY SPECIES:
           WP = 1.00; WL = 1.00; DF = 0.22; GF = 1.00; WH = 1.00; RC = 1.00; LP = 0.24; ES = 0.55
           AF = 0.58; PP = 0.33; MH = 1.00; WB = 1.00; LM = 1.00; LL = 1.00; PM = 1.00; RM = 1.00
           PY = 1.00; AS = 1.00; CO = 1.00; MM = 1.00; PB = 1.00; OH = 1.00; OS = 1.00


            

READCORR   SMALL TREE HEIGHT GROWTH MODELS ARE MODIFIED WITH CORRECTION TERMS PRIOR TO CALIBRATION.
           SMALL TREE HEIGHT GROWTH MODEL CORRECTION TERMS BY SPECIES:
           WP = 1.00; WL = 1.00; DF = 1.00; GF = 1.00; WH = 1.00; RC = 1.00; LP = 1.00; ES = 1.00
           AF = 0.45; PP = 1.00; MH = 1.00; WB = 1.00; LM = 1.00; LL = 1.00; PM = 1.00; RM = 1.00
           PY = 1.00; AS = 1.00; CO = 1.00; MM = 1.00; PB = 1.00; OH = 1.00; OS = 1.00


            
            

NUMCYCLE   NUMBER OF CYCLES=  2

PROCESS    PROCESS THE STAND.

********   FVS09 WARNING:  PLOT COUNTS DO NOT MATCH DATA ON THE DESIGN RECORD; DESIGN RECORD DATA USED.
                            PLOT COUNT=   3; NONSTOCKABLE COUNT=   0
----------------------------------------------------------------------------------------------------------------------------------

                                                OPTIONS SELECTED BY DEFAULT

----------------------------------------------------------------------------------------------------------------------------------

DESIGN     BASAL AREA FACTOR=   -1.0; INVERSE OF FIXED PLOT AREA=    0.0; BREAK DBH=    0.0
           NUMBER OF PLOTS=     4; NON-STOCKABLE PLOTS=     0; STAND SAMPLING WEIGHT=     4.00000
           PROPORTION OF STAND CONSIDERED STOCKABLE=  1.000

STDINFO    FOREST-LOCATION CODE=     118; HABITAT TYPE=290; AGE=  247; ASPECT AZIMUTH IN DEGREES= 208.; SLOPE=  26.%
           ELEVATION(100'S FEET)= 44.0;  REFERENCE CODE=     

SPECIES      WP      WL      DF      GF      WH      RC      LP      ES      AF      PP
SDI MAX     582.    582.    582.    582.    582.    582.    582.    582.    582.    582.

SPECIES      MH      WB      LM      LL      PM      RM      PY      AS      CO      MM
SDI MAX     582.    582.    582.    582.    582.    582.    582.    582.    582.    582.

SPECIES      PB      OH      OS
SDI MAX     582.    582.    582.

                                  NATIONAL VOLUME ESTIMATOR LIBRARY EQUATION NUMBERS
SPECIES CUBIC FOOT BOARD FOOT SPECIES CUBIC FOOT BOARD FOOT SPECIES CUBIC FOOT BOARD FOOT SPECIES CUBIC FOOT BOARD FOOT 
------- ---------- ---------- ------- ---------- ---------- ------- ---------- ---------- ------- ---------- ---------- 
  WP    I00FW2W119 I00FW2W119   WL    I00FW2W073 I00FW2W073   DF    I00FW2W202 I00FW2W202   GF    I00FW2W017 I00FW2W017
  WH    I00FW2W260 I00FW2W260   RC    I00FW2W242 I00FW2W242   LP    I00FW2W108 I00FW2W108   ES    I00FW2W093 I00FW2W093
  AF    I00FW2W019 I00FW2W019   PP    I00FW2W122 I00FW2W122   MH    I00FW2W260 I00FW2W260   WB    I00FW2W012 I00FW2W012
  LM    I00FW2W073 I00FW2W073   LL    I00FW2W019 I00FW2W019   PM    102DVEW106 102DVEW106   RM    102DVEW106 102DVEW106
  PY    616BEHW231 616BEHW231   AS    102DVEW746 102DVEW746   CO    102DVEW740 102DVEW740   MM    200DVEW746 200DVEW746
  PB    101DVEW375 101DVEW375   OH    200DVEW746 200DVEW746   OS    I00FW2W260 I00FW2W260

SITECODE   SITE INDEX INFORMATION:
            WP=    0.;  WL=    0.;  DF=    0.;  GF=    0.;  WH=    0.;  RC=    0.;  LP=    0.;  ES=    0.; AF=    0.
            PP=    0.;  MH=    0.;  WB=    0.;  LM=   34.;  LL=    0.;  PM=   12.;  RM=   10.;  PY=   34.; AS=   49.
            CO=   72.;  MM=   49.;  PB=   49.;  OH=   72.;  OS=    0.
           SITE SPECIES=DF CODE=    3

INVENTORY POINT CROSS REFERENCE (FVS SEQUENTIAL POINT NUMBER = POINT NUMBER AS ENTERED IN THE INPUT DATA):
  1=       1;   2=       2;   3=       4;   4=       0
----------------------------------------------------------------------------------------------------------------------------------


                                                     ACTIVITY SCHEDULE

STAND ID= MULT225                       MGMT ID= NONE                                                                            

----------------------------------------------------------------------------------------------------------------------------------

CYCLE  DATE  EXTENSION  KEYWORD   DATE  PARAMETERS:
-----  ----  ---------  --------  ----  ------------------------------------------------------------------------------------------

   1   2004
               BASE     TREELIST  2004       3.0000     0.0000     0.0000

   2   2014
               BASE     TREELIST  2014       3.0000     0.0000     0.0000

   3   2015
               BASE     TREELIST  2015       3.0000     0.0000     0.0000
----------------------------------------------------------------------------------------------------------------------------------


CALIBRATION STATISTICS:


                                                 PP    DF    ES
                                                ----  ----  ----

NUMBER OF RECORDS PER SPECIES                      5     4     1

NUMBER OF RECORDS CODED AS RECENT MORTALITY        0     2     0

NUMBER OF RECORDS WITH MISSING HEIGHTS             0     0     0

NUMBER OF RECORDS WITH BROKEN OR DEAD TOPS         1     0     0

NUMBER OF RECORDS WITH MISSING CROWN RATIOS        0     0     0

NUMBER OF RECORDS AVAILABLE FOR SCALING
THE DIAMETER INCREMENT MODEL                       0     0     0

RATIO OF STANDARD ERRORS
(INPUT DBH GROWTH DATA : MODEL)                 1.00  1.00  1.00

WEIGHT GIVEN TO THE INPUT GROWTH DATA WHEN
DBH GROWTH MODEL SCALE FACTORS WERE COMPUTED    0.00  0.00  0.00

INITIAL SCALE FACTORS FOR THE
DBH INCREMENT MODEL                             1.00  1.00  1.00

NUMBER OF RECORDS AVAILABLE FOR SCALING
THE SMALL TREE HEIGHT INCREMENT MODEL             0     0     0

INITIAL SCALE FACTORS FOR THE SMALL TREE
HEIGHT INCREMENT MODEL                          1.00  1.00  1.00

NUMBER OF RECORDS WITH MISTLETOE                   0     0     0


     FOREST VEGETATION SIMULATOR     VERSION FS2025.3 -- INLAND EMPIRE EXPANDED                 RV:20250701    11-29-2025  11:33:34

STAND ID: MULT225                       MGMT ID: NONE     


                                        STAND COMPOSITION (BASED ON STOCKABLE AREA)
--------------------------------------------------------------------------------------------------------------------------
                            PERCENTILE POINTS IN THE
                     DISTRIBUTION OF STAND ATTRIBUTES BY DBH      TOTAL/ACRE
        STAND       -----------------------------------------      OF STAND         DISTRIBUTION OF STAND ATTRIBUTES BY
YEAR  ATTRIBUTES      10     30     50     70     90    100       ATTRIBUTES       SPECIES AND 3 USER-DEFINED SUBCLASSES
----  -----------   ------ ------ ------ ------ ------ ------   --------------  ------------------------------------------
                                 (DBH IN INCHES)



2004  TREES           1.1   16.7   24.0   24.6   40.1    40.1       2. TREES     71.% PP1,  14.% ES1,  14.% DF1,   0.% ---
      VOLUME:  
        TOTAL        24.0   24.6   32.8   40.1   40.1    40.1     244. CUFT      91.% PP1,   5.% DF1,   3.% ES1,   0.% ---
        MERCH        24.0   24.6   32.8   40.1   40.1    40.1     225. CUFT      92.% PP1,   5.% DF1,   3.% ES1,   0.% ---
        MERCH        24.0   24.6   32.8   40.1   40.1    40.1    1494. BDFT      93.% PP1,   5.% DF1,   3.% ES1,   0.% ---


      ACCRETION      12.0   16.7   24.6   32.8   40.1    40.1       1. CUFT/YR   75.% PP1,  21.% ES1,   4.% DF1,   0.% ---
      MORTALITY      24.0   24.6   32.8   40.1   40.1    40.1       1. CUFT/YR   91.% PP1,   8.% DF1,   1.% ES1,   0.% ---



2014  TREES           6.3   17.0   24.5   24.9   40.5    40.5       2. TREES     71.% PP1,  15.% ES1,  14.% DF1,   0.% ---
      VOLUME:  
        TOTAL        24.5   24.9   33.3   40.5   40.5    40.5     242. CUFT      91.% PP1,   5.% DF1,   4.% ES1,   0.% ---
        MERCH        24.5   24.9   33.3   40.5   40.5    40.5     223. CUFT      91.% PP1,   5.% DF1,   4.% ES1,   0.% ---
        MERCH        24.5   24.9   33.3   40.5   40.5    40.5    1467. BDFT      93.% PP1,   4.% DF1,   3.% ES1,   0.% ---


      ACCRETION      13.6   24.5   24.9   33.3   40.5    40.5       1. CUFT/YR   78.% PP1,  16.% ES1,   5.% DF1,   0.% ---
      MORTALITY      17.0   24.9   33.3   40.5   40.5    40.5       2. CUFT/YR   89.% PP1,   9.% DF1,   1.% ES1,   0.% ---



2015  TREES           6.4   13.7   24.5   24.9   40.5    40.5       2. TREES     71.% PP1,  15.% ES1,  14.% DF1,   0.% ---
      VOLUME:  
        TOTAL        24.5   24.9   33.4   40.5   40.5    40.5     241. CUFT      91.% PP1,   5.% DF1,   4.% ES1,   0.% ---
        MERCH        24.5   24.9   33.4   40.5   40.5    40.5     222. CUFT      91.% PP1,   5.% DF1,   4.% ES1,   0.% ---
        MERCH        24.5   24.9   33.4   40.5   40.5    40.5    1466. BDFT      93.% PP1,   4.% DF1,   3.% ES1,   0.% ---


      ACCRETION      13.7   13.7   24.9   33.4   40.5    40.5       1. CUFT/YR   73.% PP1,  21.% ES1,   5.% DF1,   0.% ---
      MORTALITY      17.0   24.9   33.4   40.5   40.5    40.5       2. CUFT/YR   90.% PP1,   9.% DF1,   2.% ES1,   0.% ---



2024  TREES           7.8   15.0   24.9   25.4   40.8    40.8       2. TREES     71.% PP1,  16.% ES1,  13.% DF1,   0.% ---
      VOLUME:  
        TOTAL        17.3   25.4   33.7   40.8   40.8    40.8     239. CUFT      90.% PP1,   5.% ES1,   5.% DF1,   0.% ---
        MERCH        17.3   25.4   33.7   40.8   40.8    40.8     221. CUFT      90.% PP1,   5.% ES1,   5.% DF1,   0.% ---
        MERCH        24.9   25.4   33.7   40.8   40.8    40.8    1465. BDFT      92.% PP1,   4.% ES1,   4.% DF1,   0.% ---


     FOREST VEGETATION SIMULATOR     VERSION FS2025.3 -- INLAND EMPIRE EXPANDED                 RV:20250701    11-29-2025  11:33:34

STAND ID: MULT225                       MGMT ID: NONE     


------------------------------------------------------------------------------------------------------------------------------
                     ATTRIBUTES OF SELECTED SAMPLE TREES                 ADDITIONAL STAND ATTRIBUTES (BASED ON STOCKABLE AREA)
      -----------------------------------------------------------------  -----------------------------------------------------
      INITIAL                           LIVE   PAST DBH  BASAL   TREES          QUADRATIC   TREES    BASAL  TOP HEIGHT  CROWN
      TREES/A            DBH    HEIGHT  CROWN   GROWTH   AREA     PER    STAND   MEAN DBH    PER     AREA     LARGEST   COMP
YEAR   %TILE  SPECIES (INCHES)  (FEET)  RATIO  (INCHES)  %TILE    ACRE   AGE     (INCHES)    ACRE   (SQFT/A) 40/A (FT)  FACTOR
----  ------- ------- -------- -------- ------ --------- ------- ------  -----  ---------   ------ --------- --------- -------

2004                                          ( 10 YRS)

        10     PP1       1.10     7.00    25     0.91      0.0    0.25
        30     DF1      16.70    98.00    65     0.51      9.9    0.25
        50     PP1      24.00    88.00    25     0.59     23.3    0.25
        70     PP1      24.60   102.00    35     0.45     37.4    0.25
        90     PP1      40.10   127.00    65     0.51    100.0    0.25
       100     PP1      40.10   127.00    65     0.51    100.0    0.25
                                                                         247      24.8        2.       6.       87.6      3.8

2014                                          ( 10 YRS)

        10     PP1       6.31    30.59    25     4.64      0.9    0.25
        30     DF1      16.97    99.30    60     0.23     11.5    0.23
        50     PP1      24.46    90.11    23     0.41     24.7    0.23
        70     PP1      24.87   103.35    34     0.24     38.3    0.23
        90     PP1      40.47   128.25    65     0.33    100.0    0.24
       100     PP1      40.47   128.25    65     0.33    100.0    0.24
                                                                         257      25.2        2.       6.       92.4      3.7

2015                                          (  1 YRS)

        10     PP1       6.41    33.50    25     0.09      1.0    0.25
        30     DF1      17.00    99.46    60     0.03     11.6    0.23
        50     PP1      24.50    90.32    23     0.04     24.8    0.23
        70     PP1      24.92   103.55    34     0.04     38.3    0.23
        90     PP1      40.51   128.38    65     0.04    100.0    0.24
       100     PP1      40.51   128.38    65     0.04    100.0    0.24
                                                                         258      25.2        2.       6.       92.9      3.7

2024                                          (  9 YRS)

        10     PP1       7.75    60.07    23     1.19      1.3    0.23
        30     DF1      17.33   100.90    61     0.29     12.6    0.20
        50     PP1      24.86    91.99    23     0.32     25.5    0.21
        70     PP1      25.44   105.69    34     0.47     38.9    0.21
        90     PP1      40.83   129.48    65     0.29    100.0    0.23
       100     PP1      40.83   129.48    65     0.29    100.0    0.23
                                                                         267      25.8        2.       6.       98.9      3.6


     FOREST VEGETATION SIMULATOR     VERSION FS2025.3 -- INLAND EMPIRE EXPANDED                 RV:20250701    11-29-2025  11:33:34

STAND ID: MULT225                       MGMT ID: NONE    



                                SUMMARY STATISTICS (PER ACRE OR STAND BASED ON TOTAL STAND AREA)
--------------------------------------------------------------------------------------------------------------------------------------
               START OF SIMULATION PERIOD                     REMOVALS             AFTER TREATMENT    GROWTH THIS PERIOD
         --------------------------------------------- ----------------------- ---------------------  ------------------   MAI  ------
         NO OF              TOP      TOTAL MERCH MERCH NO OF TOTAL MERCH MERCH              TOP  RES  PERIOD ACCRE MORT   MERCH FOR SS
YEAR AGE TREES  BA  SDI CCF HT  QMD  CU FT CU FT BD FT TREES CU FT CU FT BD FT  BA  SDI CCF HT   QMD  YEARS   PER  YEAR   CU FT TYP ZT
---- --- ----- --- ---- --- --- ---- ----- ----- ----- ----- ----- ----- ----- --- ---- --- --- ----  ------ ---- -----   ----- ------
2004 247     2   6    7   4  88 24.8   244   225  1494     0     0     0     0   6    7   4  88 24.8      10    1     1     0.9 999 55
2014 257     2   6    7   4  92 25.2   242   223  1467     0     0     0     0   6    7   4  92 25.2       1    1     2     0.9 999 55
2015 258     2   6    7   4  93 25.2   241   222  1466     0     0     0     0   6    7   4  93 25.2       9    1     2     0.9 999 55
2024 267     2   6    7   4  99 25.8   239   221  1465     0     0     0     0   6    7   4  99 25.8       0    0     0     0.8 999 55




                                                     ACTIVITY SUMMARY 

STAND ID= MULT225                       MGMT ID= NONE                                                                            

----------------------------------------------------------------------------------------------------------------------------------

CYCLE  DATE  EXTENSION  KEYWORD   DATE  ACTIVITY DISPOSITION  PARAMETERS:
-----  ----  ---------  --------  ----  --------------------  --------------------------------------------------------------------

   1   2004
               BASE     TREELIST  2004  DONE IN 2013               3.0000     0.0000     0.0000

   2   2014
               BASE     TREELIST  2014  DONE IN 2014               3.0000     0.0000     0.0000

   3   2015
               BASE     TREELIST  2015  DONE IN 2023               3.0000     0.0000     0.0000
----------------------------------------------------------------------------------------------------------------------------------
