

     FOREST VEGETATION SIMULATOR     VERSION FS2025.3 -- INLAND EMPIRE EXPANDED                 RV:20250701    11-29-2025  11:33:30

----------------------------------------------------------------------------------------------------------------------------------

                                                OPTIONS SELECTED BY INPUT

KEYWORD FILE NAME: ../../data/fvs_runFiles/mult_Nov292025_11.33/mult_stand133
----------------------------------------------------------------------------------------------------------------------------------
KEYWORD    PARAMETERS:
--------   -----------------------------------------------------------------------------------------------------------------------

STDIDENT
           STAND ID= MULT133                                                                                                   

RANNSEED   RANDOM SEED IS:        2025.0

********   FVS03 WARNING:  FOREST CODE INDICATES THE GEOGRAPHIC LOCATION IS OUTSIDE THE RANGE OF THE MODEL.  DEFAULT CODE IS USED.

********   FOREST CODE USED IN THIS PROJECTION IS 118

           HABITAT TYPE WILL BE MAPPED TO 690 FOR THIS PROJECTION.

STDINFO    FOREST-LOCATION CODE=     118; HABITAT TYPE=690; AGE=  144; ASPECT AZIMUTH IN DEGREES= 275.; SLOPE=  25.%
           ELEVATION(100'S FEET)= 64.0; REFERENCE CODE=     

TREELIST   DATE/CYCLE=    0; DATA SET REFERENCE NUMBER =  3.; HEADING SUPPRESSION CODE = 0.
           (0=WITH HEADING, OTHER VALUES=SUPPRESS HEADING).

TREEFMT 
          (I4,I4,F8.3,I1,A3,F5.1,F5.1,2F5.1,F5.1,I1,6I2,2I1,I2,2I3,2I1,F3.0)              
                                                                                          

DESIGN     BASAL AREA FACTOR=   -1.0; INVERSE OF FIXED PLOT AREA=    0.0; BREAK DBH=    0.0
           NUMBER OF PLOTS=     4; NON-STOCKABLE PLOTS=     0; STAND SAMPLING WEIGHT=     4.00000
           PROPORTION OF STAND CONSIDERED STOCKABLE=  1.000
           SEE "OPTIONS SELECTED BY DEFAULT" FOR FINAL DESIGN VALUES.

INVYEAR    INVENTORY YEAR= 2006

CYCLEAT    REQUESTED YEAR FOR A CYCLE =2017

NOTRIPLE

NOAUTOES   TALLIES AND INGROWTH WILL NOT BE ADDED AUTOMATICALLY.
           STOCKADJ IS SET TO ZERO, AND NO SPROUTING WILL BE SIMULATED.

CYCLEAT    REQUESTED YEAR FOR A CYCLE =2017

NOCALIB    CALIBRATION USING GROWTH DATA FROM TREE RECORDS HAS BEEN SUPPRESSED FOR ALL SPECIES

NOHTDREG   CALIBRATION OF HEIGHT-DIAMETER RELATIONSHIP WILL BE SUPPRESSED FOR ALL SPECIES

READCORD   LARGE TREE DIAMETER GROWTH MODELS ARE MODIFIED WITH CORRECTION TERMS PRIOR TO CALIBRATION.
           LARGE TREE DIAMETER GROWTH MODEL CORRECTION TERMS BY SPECIES:
           WP = 1.00; WL = 1.00; DF = 0.22; GF = 1.00; WH = 1.00; RC = 1.00; LP = 0.24; ES = 0.55
           AF = 0.58; PP = 0.33; MH = 1.00; WB = 1.00; LM = 1.00; LL = 1.00; PM = 1.00; RM = 1.00
           PY = 1.00; AS = 1.00; CO = 1.00; MM = 1.00; PB = 1.00; OH = 1.00; OS = 1.00


            

READCORR   SMALL TREE HEIGHT GROWTH MODELS ARE MODIFIED WITH CORRECTION TERMS PRIOR TO CALIBRATION.
           SMALL TREE HEIGHT GROWTH MODEL CORRECTION TERMS BY SPECIES:
           WP = 1.00; WL = 1.00; DF = 1.00; GF = 1.00; WH = 1.00; RC = 1.00; LP = 1.00; ES = 1.00
           AF = 0.45; PP = 1.00; MH = 1.00; WB = 1.00; LM = 1.00; LL = 1.00; PM = 1.00; RM = 1.00
           PY = 1.00; AS = 1.00; CO = 1.00; MM = 1.00; PB = 1.00; OH = 1.00; OS = 1.00


            
            

NUMCYCLE   NUMBER OF CYCLES=  2

PROCESS    PROCESS THE STAND.
----------------------------------------------------------------------------------------------------------------------------------

                                                OPTIONS SELECTED BY DEFAULT

----------------------------------------------------------------------------------------------------------------------------------

DESIGN     BASAL AREA FACTOR=   -1.0; INVERSE OF FIXED PLOT AREA=    0.0; BREAK DBH=    0.0
           NUMBER OF PLOTS=     4; NON-STOCKABLE PLOTS=     0; STAND SAMPLING WEIGHT=     4.00000
           PROPORTION OF STAND CONSIDERED STOCKABLE=  1.000

STDINFO    FOREST-LOCATION CODE=     118; HABITAT TYPE=690; AGE=  144; ASPECT AZIMUTH IN DEGREES= 275.; SLOPE=  25.%
           ELEVATION(100'S FEET)= 64.0;  REFERENCE CODE=     

SPECIES      WP      WL      DF      GF      WH      RC      LP      ES      AF      PP
SDI MAX     841.    841.    841.    841.    841.    841.    841.    841.    841.    841.

SPECIES      MH      WB      LM      LL      PM      RM      PY      AS      CO      MM
SDI MAX     841.    841.    841.    841.    841.    841.    841.    841.    841.    841.

SPECIES      PB      OH      OS
SDI MAX     841.    841.    841.

                                  NATIONAL VOLUME ESTIMATOR LIBRARY EQUATION NUMBERS
SPECIES CUBIC FOOT BOARD FOOT SPECIES CUBIC FOOT BOARD FOOT SPECIES CUBIC FOOT BOARD FOOT SPECIES CUBIC FOOT BOARD FOOT 
------- ---------- ---------- ------- ---------- ---------- ------- ---------- ---------- ------- ---------- ---------- 
  WP    I00FW2W119 I00FW2W119   WL    I00FW2W073 I00FW2W073   DF    I00FW2W202 I00FW2W202   GF    I00FW2W017 I00FW2W017
  WH    I00FW2W260 I00FW2W260   RC    I00FW2W242 I00FW2W242   LP    I00FW2W108 I00FW2W108   ES    I00FW2W093 I00FW2W093
  AF    I00FW2W019 I00FW2W019   PP    I00FW2W122 I00FW2W122   MH    I00FW2W260 I00FW2W260   WB    I00FW2W012 I00FW2W012
  LM    I00FW2W073 I00FW2W073   LL    I00FW2W019 I00FW2W019   PM    102DVEW106 102DVEW106   RM    102DVEW106 102DVEW106
  PY    616BEHW231 616BEHW231   AS    102DVEW746 102DVEW746   CO    102DVEW740 102DVEW740   MM    200DVEW746 200DVEW746
  PB    101DVEW375 101DVEW375   OH    200DVEW746 200DVEW746   OS    I00FW2W260 I00FW2W260

SITECODE   SITE INDEX INFORMATION:
            WP=    0.;  WL=    0.;  DF=    0.;  GF=    0.;  WH=    0.;  RC=    0.;  LP=    0.;  ES=    0.; AF=    0.
            PP=    0.;  MH=    0.;  WB=    0.;  LM=   32.;  LL=    0.;  PM=   11.;  RM=    9.;  PY=   32.; AS=   46.
            CO=   67.;  MM=   46.;  PB=   46.;  OH=   67.;  OS=    0.
           SITE SPECIES=DF CODE=    3

INVENTORY POINT CROSS REFERENCE (FVS SEQUENTIAL POINT NUMBER = POINT NUMBER AS ENTERED IN THE INPUT DATA):
  1=       1;   2=       2;   3=       3;   4=       4
----------------------------------------------------------------------------------------------------------------------------------


                                                     ACTIVITY SCHEDULE

STAND ID= MULT133                       MGMT ID= NONE                                                                            

----------------------------------------------------------------------------------------------------------------------------------

CYCLE  DATE  EXTENSION  KEYWORD   DATE  PARAMETERS:
-----  ----  ---------  --------  ----  ------------------------------------------------------------------------------------------

   1   2006
               BASE     TREELIST  2006       3.0000     0.0000     0.0000

   2   2016
               BASE     TREELIST  2016       3.0000     0.0000     0.0000

   3   2017
               BASE     TREELIST  2017       3.0000     0.0000     0.0000
----------------------------------------------------------------------------------------------------------------------------------


CALIBRATION STATISTICS:


                                                 ES    LP    AF
                                                ----  ----  ----

NUMBER OF RECORDS PER SPECIES                     25    19     6

NUMBER OF RECORDS CODED AS RECENT MORTALITY        0     0     1

NUMBER OF RECORDS WITH MISSING HEIGHTS             1     0     3

NUMBER OF RECORDS WITH BROKEN OR DEAD TOPS         0     0     0

NUMBER OF RECORDS WITH MISSING CROWN RATIOS        1     0     3

NUMBER OF RECORDS AVAILABLE FOR SCALING
THE DIAMETER INCREMENT MODEL                       0     0     0

RATIO OF STANDARD ERRORS
(INPUT DBH GROWTH DATA : MODEL)                 1.00  1.00  1.00

WEIGHT GIVEN TO THE INPUT GROWTH DATA WHEN
DBH GROWTH MODEL SCALE FACTORS WERE COMPUTED    0.00  0.00  0.00

INITIAL SCALE FACTORS FOR THE
DBH INCREMENT MODEL                             1.00  1.00  1.00

NUMBER OF RECORDS AVAILABLE FOR SCALING
THE SMALL TREE HEIGHT INCREMENT MODEL             0     0     0

INITIAL SCALE FACTORS FOR THE SMALL TREE
HEIGHT INCREMENT MODEL                          1.00  1.00  1.00

NUMBER OF RECORDS WITH MISTLETOE                   0     0     0


     FOREST VEGETATION SIMULATOR     VERSION FS2025.3 -- INLAND EMPIRE EXPANDED                 RV:20250701    11-29-2025  11:33:30

STAND ID: MULT133                       MGMT ID: NONE     


                                        STAND COMPOSITION (BASED ON STOCKABLE AREA)
--------------------------------------------------------------------------------------------------------------------------
                            PERCENTILE POINTS IN THE
                     DISTRIBUTION OF STAND ATTRIBUTES BY DBH      TOTAL/ACRE
        STAND       -----------------------------------------      OF STAND         DISTRIBUTION OF STAND ATTRIBUTES BY
YEAR  ATTRIBUTES      10     30     50     70     90    100       ATTRIBUTES       SPECIES AND 3 USER-DEFINED SUBCLASSES
----  -----------   ------ ------ ------ ------ ------ ------   --------------  ------------------------------------------
                                 (DBH IN INCHES)



2006  TREES           0.1    5.5    8.9   11.4   14.4    25.1      14. TREES     49.% ES1,  31.% LP1,  20.% AF1,   0.% ---
      VOLUME:  
        TOTAL         9.0   12.0   13.1   17.1   25.1    25.1     291. CUFT      57.% ES1,  43.% LP1,   1.% AF1,   0.% ---
        MERCH         9.5   12.0   13.4   17.1   25.1    25.1     254. CUFT      55.% ES1,  44.% LP1,   1.% AF1,   0.% ---
        MERCH         9.5   12.3   13.4   18.0   25.1    25.1    1385. BDFT      56.% ES1,  44.% LP1,   1.% AF1,   0.% ---


      ACCRETION       6.9    9.7   12.3   14.4   25.1    25.1       3. CUFT/YR   80.% ES1,  18.% LP1,   2.% AF1,   0.% ---
      MORTALITY       9.0   11.3   12.3   12.5   14.4    25.1       3. CUFT/YR   85.% LP1,  14.% ES1,   1.% AF1,   0.% ---



2016  TREES           0.1    6.9    9.4   12.5   15.6    26.3      12. TREES     54.% ES1,  29.% LP1,  17.% AF1,   0.% ---
      VOLUME:  
        TOTAL         9.1   12.2   14.1   18.0   26.3    26.3     299. CUFT      63.% ES1,  36.% LP1,   1.% AF1,   0.% ---
        MERCH         9.4   12.5   14.1   18.0   26.3    26.3     264. CUFT      62.% ES1,  37.% LP1,   1.% AF1,   0.% ---
        MERCH         9.6   12.6   14.4   18.8   26.3    26.3    1457. BDFT      63.% ES1,  37.% LP1,   1.% AF1,   0.% ---


      ACCRETION       7.5   10.5   12.7   15.6   19.3    26.3       3. CUFT/YR   80.% ES1,  18.% LP1,   2.% AF1,   0.% ---
      MORTALITY       9.1   11.5   12.5   12.7   14.7    26.3       3. CUFT/YR   82.% LP1,  17.% ES1,   1.% AF1,   0.% ---



2017  TREES           0.1    6.9    9.4   12.5   15.7    26.4      12. TREES     55.% ES1,  29.% LP1,  16.% AF1,   0.% ---
      VOLUME:  
        TOTAL         9.1   12.2   14.2   18.0   26.4    26.4     299. CUFT      64.% ES1,  36.% LP1,   1.% AF1,   0.% ---
        MERCH         9.5   12.5   14.2   18.0   26.4    26.4     263. CUFT      63.% ES1,  37.% LP1,   1.% AF1,   0.% ---
        MERCH         9.6   12.6   14.4   18.9   26.4    26.4    1452. BDFT      63.% ES1,  36.% LP1,   1.% AF1,   0.% ---


      ACCRETION       7.2    9.1   12.2   15.7   19.3    26.4       3. CUFT/YR   84.% ES1,  14.% LP1,   2.% AF1,   0.% ---
      MORTALITY       9.1   11.5   12.6   13.3   14.7    26.4       2. CUFT/YR   80.% LP1,  20.% ES1,   1.% AF1,   0.% ---



2026  TREES           1.9    7.9    9.8   12.8   16.8    26.8      10. TREES     59.% ES1,  27.% LP1,  14.% AF1,   0.% ---
      VOLUME:  
        TOTAL         9.5   12.7   14.5   18.7   26.8    26.8     307. CUFT      69.% ES1,  30.% LP1,   1.% AF1,   0.% ---
        MERCH         9.8   12.7   14.5   18.7   26.8    26.8     269. CUFT      68.% ES1,  31.% LP1,   1.% AF1,   0.% ---
        MERCH         9.8   12.8   14.8   19.4   26.8    26.8    1484. BDFT      69.% ES1,  31.% LP1,   1.% AF1,   0.% ---


     FOREST VEGETATION SIMULATOR     VERSION FS2025.3 -- INLAND EMPIRE EXPANDED                 RV:20250701    11-29-2025  11:33:30

STAND ID: MULT133                       MGMT ID: NONE     


------------------------------------------------------------------------------------------------------------------------------
                     ATTRIBUTES OF SELECTED SAMPLE TREES                 ADDITIONAL STAND ATTRIBUTES (BASED ON STOCKABLE AREA)
      -----------------------------------------------------------------  -----------------------------------------------------
      INITIAL                           LIVE   PAST DBH  BASAL   TREES          QUADRATIC   TREES    BASAL  TOP HEIGHT  CROWN
      TREES/A            DBH    HEIGHT  CROWN   GROWTH   AREA     PER    STAND   MEAN DBH    PER     AREA     LARGEST   COMP
YEAR   %TILE  SPECIES (INCHES)  (FEET)  RATIO  (INCHES)  %TILE    ACRE   AGE     (INCHES)    ACRE   (SQFT/A) 40/A (FT)  FACTOR
----  ------- ------- -------- -------- ------ --------- ------- ------  -----  ---------   ------ --------- --------- -------

2006                                          ( 10 YRS)

        10     ES1       0.10     1.01    70     0.00      0.0    1.00
        30     ES1       5.50    41.00     5     0.38      1.7    0.25
        50     ES1       8.90    77.00    15     0.49     12.2    0.25
        70     LP1      11.40    87.00    15     0.18     33.4    0.25
        90     ES1      14.40    97.00    65     0.92     66.8    0.25
       100     ES1      25.10   120.00    65     0.85    100.0    0.25
                                                                         144       9.9       14.       7.       57.6      6.1

2016                                          ( 10 YRS)

        10     ES1       0.31     4.52    70     0.20      0.0    0.82
        30     ES1       5.88    48.13     5     0.36      1.3    0.23
        50     ES1       9.42    83.25    15     0.49     16.2    0.24
        70     LP1      11.55    89.31    14     0.15     28.5    0.21
        90     ES1      15.61   100.55    66     1.16     68.8    0.25
       100     ES1      26.28   122.34    65     1.13    100.0    0.25
                                                                         154      10.8       12.       7.       64.3      6.0

2017                                          (  1 YRS)

        10     ES1       0.36     5.26    70     0.05      0.0    0.80
        30     ES1       5.92    49.34     5     0.04      1.4    0.23
        50     ES1       9.47    83.64    15     0.05     16.3    0.24
        70     LP1      11.57    89.53    14     0.01     28.5    0.20
        90     ES1      15.71   100.86    66     0.10     68.6    0.25
       100     ES1      26.37   122.55    65     0.08    100.0    0.25
                                                                         155      10.9       12.       7.       64.9      5.9

2026                                          (  9 YRS)

        10     ES1       1.89    14.38    70     1.46      0.2    0.67
        30     ES1       6.50    60.70     5     0.55      1.1    0.21
        50     ES1       9.99    87.37    16     0.50     20.2    0.23
        70     LP1      11.67    91.40    13     0.10     25.1    0.17
        90     ES1      16.77   103.83    66     1.01     67.9    0.24
       100     ES1      26.78   124.14    65     0.39    100.0    0.24
                                                                         164      11.6       10.       8.       71.2      5.9


     FOREST VEGETATION SIMULATOR     VERSION FS2025.3 -- INLAND EMPIRE EXPANDED                 RV:20250701    11-29-2025  11:33:30

STAND ID: MULT133                       MGMT ID: NONE    



                                SUMMARY STATISTICS (PER ACRE OR STAND BASED ON TOTAL STAND AREA)
--------------------------------------------------------------------------------------------------------------------------------------
               START OF SIMULATION PERIOD                     REMOVALS             AFTER TREATMENT    GROWTH THIS PERIOD
         --------------------------------------------- ----------------------- ---------------------  ------------------   MAI  ------
         NO OF              TOP      TOTAL MERCH MERCH NO OF TOTAL MERCH MERCH              TOP  RES  PERIOD ACCRE MORT   MERCH FOR SS
YEAR AGE TREES  BA  SDI CCF HT  QMD  CU FT CU FT BD FT TREES CU FT CU FT BD FT  BA  SDI CCF HT   QMD  YEARS   PER  YEAR   CU FT TYP ZT
---- --- ----- --- ---- --- --- ---- ----- ----- ----- ----- ----- ----- ----- --- ---- --- --- ----  ------ ---- -----   ----- ------
2006 144    14   7   14   6  58  9.9   291   254  1385     0     0     0     0   7   14   6  58  9.9      10    3     3     1.8 999 55
2016 154    12   7   13   6  64 10.8   299   264  1457     0     0     0     0   7   13   6  64 10.8       1    3     3     1.7 999 55
2017 155    12   7   13   6  65 10.9   299   263  1452     0     0     0     0   7   13   6  65 10.9       9    3     2     1.7 999 55
2026 164    10   8   13   6  71 11.6   307   269  1484     0     0     0     0   8   13   6  71 11.6       0    0     0     1.6 999 55




                                                     ACTIVITY SUMMARY 

STAND ID= MULT133                       MGMT ID= NONE                                                                            

----------------------------------------------------------------------------------------------------------------------------------

CYCLE  DATE  EXTENSION  KEYWORD   DATE  ACTIVITY DISPOSITION  PARAMETERS:
-----  ----  ---------  --------  ----  --------------------  --------------------------------------------------------------------

   1   2006
               BASE     TREELIST  2006  DONE IN 2015               3.0000     0.0000     0.0000

   2   2016
               BASE     TREELIST  2016  DONE IN 2016               3.0000     0.0000     0.0000

   3   2017
               BASE     TREELIST  2017  DONE IN 2025               3.0000     0.0000     0.0000
----------------------------------------------------------------------------------------------------------------------------------
