

     FOREST VEGETATION SIMULATOR     VERSION FS2025.3 -- INLAND EMPIRE EXPANDED                 RV:20250701    04-28-2026  16:18:53

----------------------------------------------------------------------------------------------------------------------------------

                                                OPTIONS SELECTED BY INPUT

KEYWORD FILE NAME: fvs_runfiles/fia_uc_Apr282026_1618\file33c4359e546f
----------------------------------------------------------------------------------------------------------------------------------
KEYWORD    PARAMETERS:
--------   -----------------------------------------------------------------------------------------------------------------------

STDIDENT
           STAND ID= FIA_UNCALIB                                                                                               

RANNSEED   RANDOM SEED IS:        2025.0

********   FVS03 WARNING:  FOREST CODE INDICATES THE GEOGRAPHIC LOCATION IS OUTSIDE THE RANGE OF THE MODEL.  DEFAULT CODE IS USED.

********   FOREST CODE USED IN THIS PROJECTION IS 118

           HABITAT TYPE WILL BE MAPPED TO 510 FOR THIS PROJECTION.

STDINFO    FOREST-LOCATION CODE=     118; HABITAT TYPE=510; AGE=  133; ASPECT AZIMUTH IN DEGREES= 100.; SLOPE=  68.%
           ELEVATION(100'S FEET)= 42.0; REFERENCE CODE=     

TREELIST   DATE/CYCLE=    0; DATA SET REFERENCE NUMBER =  3.; HEADING SUPPRESSION CODE = 0.
           (0=WITH HEADING, OTHER VALUES=SUPPRESS HEADING).

TREEFMT 
          (I4,I4,F8.3,I1,A3,F5.1,F5.1,2F5.1,F5.1,I1,6I2,2I1,I2,2I3,2I1,F3.0)              
                                                                                          

DESIGN     BASAL AREA FACTOR=   -1.0; INVERSE OF FIXED PLOT AREA=    0.0; BREAK DBH=    0.0
           NUMBER OF PLOTS=     4; NON-STOCKABLE PLOTS=     0; STAND SAMPLING WEIGHT=     4.00000
           PROPORTION OF STAND CONSIDERED STOCKABLE=  1.000
           SEE "OPTIONS SELECTED BY DEFAULT" FOR FINAL DESIGN VALUES.

INVYEAR    INVENTORY YEAR= 2006

NOTRIPLE

NOAUTOES   TALLIES AND INGROWTH WILL NOT BE ADDED AUTOMATICALLY.
           STOCKADJ IS SET TO ZERO, AND NO SPROUTING WILL BE SIMULATED.

NOCALIB    CALIBRATION USING GROWTH DATA FROM TREE RECORDS HAS BEEN SUPPRESSED FOR ALL SPECIES

NOHTDREG   CALIBRATION OF HEIGHT-DIAMETER RELATIONSHIP WILL BE SUPPRESSED FOR ALL SPECIES


            

NUMCYCLE   NUMBER OF CYCLES=  2

CYCLEAT    REQUESTED YEAR FOR A CYCLE =2017

PROCESS    PROCESS THE STAND.

********   FVS09 WARNING:  PLOT COUNTS DO NOT MATCH DATA ON THE DESIGN RECORD; DESIGN RECORD DATA USED.
                            PLOT COUNT=   3; NONSTOCKABLE COUNT=   0
----------------------------------------------------------------------------------------------------------------------------------

                                                OPTIONS SELECTED BY DEFAULT

----------------------------------------------------------------------------------------------------------------------------------

DESIGN     BASAL AREA FACTOR=   -1.0; INVERSE OF FIXED PLOT AREA=    0.0; BREAK DBH=    0.0
           NUMBER OF PLOTS=     4; NON-STOCKABLE PLOTS=     0; STAND SAMPLING WEIGHT=     4.00000
           PROPORTION OF STAND CONSIDERED STOCKABLE=  1.000

STDINFO    FOREST-LOCATION CODE=     118; HABITAT TYPE=510; AGE=  133; ASPECT AZIMUTH IN DEGREES= 100.; SLOPE=  68.%
           ELEVATION(100'S FEET)= 42.0;  REFERENCE CODE=     

SPECIES      WP      WL      DF      GF      WH      RC      LP      ES      AF      PP
SDI MAX     712.    712.    712.    712.    712.    712.    712.    712.    712.    712.

SPECIES      MH      WB      LM      LL      PM      RM      PY      AS      CO      MM
SDI MAX     712.    712.    712.    712.    712.    712.    712.    712.    712.    712.

SPECIES      PB      OH      OS
SDI MAX     712.    712.    712.

                                  NATIONAL VOLUME ESTIMATOR LIBRARY EQUATION NUMBERS
SPECIES CUBIC FOOT BOARD FOOT SPECIES CUBIC FOOT BOARD FOOT SPECIES CUBIC FOOT BOARD FOOT SPECIES CUBIC FOOT BOARD FOOT 
------- ---------- ---------- ------- ---------- ---------- ------- ---------- ---------- ------- ---------- ---------- 
  WP    I00FW2W119 I00FW2W119   WL    I00FW2W073 I00FW2W073   DF    I00FW2W202 I00FW2W202   GF    I00FW2W017 I00FW2W017
  WH    I00FW2W260 I00FW2W260   RC    I00FW2W242 I00FW2W242   LP    I00FW2W108 I00FW2W108   ES    I00FW2W093 I00FW2W093
  AF    I00FW2W019 I00FW2W019   PP    I00FW2W122 I00FW2W122   MH    I00FW2W260 I00FW2W260   WB    I00FW2W012 I00FW2W012
  LM    I00FW2W073 I00FW2W073   LL    I00FW2W019 I00FW2W019   PM    102DVEW106 102DVEW106   RM    102DVEW106 102DVEW106
  PY    616BEHW231 616BEHW231   AS    102DVEW746 102DVEW746   CO    102DVEW740 102DVEW740   MM    200DVEW746 200DVEW746
  PB    101DVEW375 101DVEW375   OH    200DVEW746 200DVEW746   OS    I00FW2W260 I00FW2W260

SITECODE   SITE INDEX INFORMATION:
            WP=    0.;  WL=    0.;  DF=    0.;  GF=    0.;  WH=    0.;  RC=    0.;  LP=    0.;  ES=    0.; AF=    0.
            PP=    0.;  MH=    0.;  WB=    0.;  LM=   32.;  LL=    0.;  PM=   13.;  RM=   11.;  PY=   32.; AS=   52.
            CO=   80.;  MM=   52.;  PB=   52.;  OH=   80.;  OS=    0.
           SITE SPECIES=DF CODE=    3

INVENTORY POINT CROSS REFERENCE (FVS SEQUENTIAL POINT NUMBER = POINT NUMBER AS ENTERED IN THE INPUT DATA):
  1=       2;   2=       3;   3=       4;   4=       0
----------------------------------------------------------------------------------------------------------------------------------


                                                     ACTIVITY SCHEDULE

STAND ID= FIA_UNCALIB                   MGMT ID= NONE                                                                            

----------------------------------------------------------------------------------------------------------------------------------

CYCLE  DATE  EXTENSION  KEYWORD   DATE  PARAMETERS:
-----  ----  ---------  --------  ----  ------------------------------------------------------------------------------------------

   1   2006
               BASE     TREELIST  2006       3.0000     0.0000     0.0000

   2   2016
               BASE     TREELIST  2016       3.0000     0.0000     0.0000

   3   2017
               BASE     TREELIST  2017       3.0000     0.0000     0.0000
----------------------------------------------------------------------------------------------------------------------------------


CALIBRATION STATISTICS:


                                                 DF    WL
                                                ----  ----

NUMBER OF RECORDS PER SPECIES                      4     1

NUMBER OF RECORDS WITH MISSING HEIGHTS             0     0

NUMBER OF RECORDS WITH BROKEN OR DEAD TOPS         0     0

NUMBER OF RECORDS WITH MISSING CROWN RATIOS        0     0

NUMBER OF RECORDS AVAILABLE FOR SCALING
THE DIAMETER INCREMENT MODEL                       0     0

RATIO OF STANDARD ERRORS
(INPUT DBH GROWTH DATA : MODEL)                 1.00  1.00

WEIGHT GIVEN TO THE INPUT GROWTH DATA WHEN
DBH GROWTH MODEL SCALE FACTORS WERE COMPUTED    0.00  0.00

INITIAL SCALE FACTORS FOR THE
DBH INCREMENT MODEL                             1.00  1.00

NUMBER OF RECORDS AVAILABLE FOR SCALING
THE SMALL TREE HEIGHT INCREMENT MODEL             0     0

INITIAL SCALE FACTORS FOR THE SMALL TREE
HEIGHT INCREMENT MODEL                          1.00  1.00

NUMBER OF RECORDS WITH MISTLETOE                   0     0


     FOREST VEGETATION SIMULATOR     VERSION FS2025.3 -- INLAND EMPIRE EXPANDED                 RV:20250701    04-28-2026  16:18:53

STAND ID: FIA_UNCALIB                   MGMT ID: NONE     


                                        STAND COMPOSITION (BASED ON STOCKABLE AREA)
--------------------------------------------------------------------------------------------------------------------------
                            PERCENTILE POINTS IN THE
                     DISTRIBUTION OF STAND ATTRIBUTES BY DBH      TOTAL/ACRE
        STAND       -----------------------------------------      OF STAND         DISTRIBUTION OF STAND ATTRIBUTES BY
YEAR  ATTRIBUTES      10     30     50     70     90    100       ATTRIBUTES       SPECIES AND 3 USER-DEFINED SUBCLASSES
----  -----------   ------ ------ ------ ------ ------ ------   --------------  ------------------------------------------
                                 (DBH IN INCHES)



2006  TREES           9.5   14.1   15.7   18.7   21.4    21.4       1. TREES     80.% DF1,  20.% WL1,   0.% ---,   0.% ---
      VOLUME:  
        TOTAL        14.1   15.7   18.7   21.4   21.4    21.4      65. CUFT      72.% DF1,  28.% WL1,   0.% ---,   0.% ---
        MERCH        14.1   15.7   18.7   21.4   21.4    21.4      61. CUFT      72.% DF1,  28.% WL1,   0.% ---,   0.% ---
        MERCH        14.1   15.7   18.7   21.4   21.4    21.4     338. BDFT      71.% DF1,  29.% WL1,   0.% ---,   0.% ---


      ACCRETION       9.5   14.1   15.7   18.7   21.4    21.4       2. CUFT/YR   80.% DF1,  20.% WL1,   0.% ---,   0.% ---
      MORTALITY      15.7   18.7   18.7   18.7   21.4    21.4       0. CUFT/YR   52.% DF1,  48.% WL1,   0.% ---,   0.% ---



2016  TREES          12.1   16.5   17.5   20.1   23.0    23.0       1. TREES     81.% DF1,  19.% WL1,   0.% ---,   0.% ---
      VOLUME:  
        TOTAL        16.5   17.5   20.1   23.0   23.0    23.0      82. CUFT      74.% DF1,  26.% WL1,   0.% ---,   0.% ---
        MERCH        16.5   17.5   20.1   23.0   23.0    23.0      75. CUFT      74.% DF1,  26.% WL1,   0.% ---,   0.% ---
        MERCH        16.5   17.5   20.1   23.0   23.0    23.0     433. BDFT      74.% DF1,  26.% WL1,   0.% ---,   0.% ---


      ACCRETION      12.1   16.5   17.5   20.1   23.0    23.0       2. CUFT/YR   85.% DF1,  15.% WL1,   0.% ---,   0.% ---
      MORTALITY      17.5   20.1   20.1   20.1   23.0    23.0       0. CUFT/YR   53.% DF1,  47.% WL1,   0.% ---,   0.% ---



2017  TREES          12.3   16.8   17.7   20.2   23.2    23.2       1. TREES     81.% DF1,  19.% WL1,   0.% ---,   0.% ---
      VOLUME:  
        TOTAL        16.8   17.7   20.2   23.2   23.2    23.2      84. CUFT      75.% DF1,  25.% WL1,   0.% ---,   0.% ---
        MERCH        16.8   17.7   20.2   23.2   23.2    23.2      77. CUFT      75.% DF1,  25.% WL1,   0.% ---,   0.% ---
        MERCH        16.8   17.7   20.2   23.2   23.2    23.2     444. BDFT      75.% DF1,  25.% WL1,   0.% ---,   0.% ---


      ACCRETION      12.3   16.8   17.7   20.2   23.2    23.2       2. CUFT/YR   84.% DF1,  16.% WL1,   0.% ---,   0.% ---
      MORTALITY      17.7   20.2   20.2   20.2   23.2    23.2       0. CUFT/YR   56.% WL1,  44.% DF1,   0.% ---,   0.% ---



2026  TREES          15.8   18.6   19.3   21.5   24.6    24.6       1. TREES     81.% DF1,  19.% WL1,   0.% ---,   0.% ---
      VOLUME:  
        TOTAL        18.6   19.3   21.5   24.6   24.6    24.6     101. CUFT      77.% DF1,  23.% WL1,   0.% ---,   0.% ---
        MERCH        18.6   19.3   21.5   24.6   24.6    24.6      93. CUFT      77.% DF1,  23.% WL1,   0.% ---,   0.% ---
        MERCH        18.6   19.3   21.5   24.6   24.6    24.6     539. BDFT      76.% DF1,  24.% WL1,   0.% ---,   0.% ---


     FOREST VEGETATION SIMULATOR     VERSION FS2025.3 -- INLAND EMPIRE EXPANDED                 RV:20250701    04-28-2026  16:18:53

STAND ID: FIA_UNCALIB                   MGMT ID: NONE     


------------------------------------------------------------------------------------------------------------------------------
                     ATTRIBUTES OF SELECTED SAMPLE TREES                 ADDITIONAL STAND ATTRIBUTES (BASED ON STOCKABLE AREA)
      -----------------------------------------------------------------  -----------------------------------------------------
      INITIAL                           LIVE   PAST DBH  BASAL   TREES          QUADRATIC   TREES    BASAL  TOP HEIGHT  CROWN
      TREES/A            DBH    HEIGHT  CROWN   GROWTH   AREA     PER    STAND   MEAN DBH    PER     AREA     LARGEST   COMP
YEAR   %TILE  SPECIES (INCHES)  (FEET)  RATIO  (INCHES)  %TILE    ACRE   AGE     (INCHES)    ACRE   (SQFT/A) 40/A (FT)  FACTOR
----  ------- ------- -------- -------- ------ --------- ------- ------  -----  ---------   ------ --------- --------- -------

2006                                          ( 10 YRS)

        10     DF1       9.50    57.00    65     2.19      6.7    0.25
        30     DF1      14.10    86.00    55     0.97     21.5    0.25
        50     DF1      15.70    91.00    55     1.21     39.9    0.25
        70     WL1      18.70   112.00    55     0.96     65.9    0.25
        90     DF1      21.40   116.00    55     2.72    100.0    0.25
       100     DF1      21.40   116.00    55     2.72    100.0    0.25
                                                                         133      16.4        1.       2.       92.4      1.6

2016                                          ( 10 YRS)

        10     DF1      12.07    69.60    65     2.23      8.9    0.25
        30     DF1      16.53    95.34    56     2.11     25.6    0.25
        50     DF1      17.49    98.09    56     1.55     44.0    0.24
        70     WL1      20.15   118.23    55     1.23     67.9    0.24
        90     DF1      23.05   121.48    55     1.43    100.0    0.24
       100     DF1      23.05   121.48    55     1.43    100.0    0.24
                                                                         143      18.2        1.       2.      100.4      1.9

2017                                          (  1 YRS)

        10     DF1      12.35    70.64    65     0.24      9.1    0.25
        30     DF1      16.76    96.12    56     0.20     26.0    0.25
        50     DF1      17.67    98.76    56     0.16     44.5    0.24
        70     WL1      20.25   118.69    55     0.09     68.0    0.24
        90     DF1      23.21   121.97    55     0.14    100.0    0.24
       100     DF1      23.21   121.97    55     0.14    100.0    0.24
                                                                         144      18.4        1.       2.      101.1      1.9

2026                                          (  9 YRS)

        10     DF1      15.84    83.24    67     3.03     12.7    0.24
        30     DF1      18.64   102.97    57     1.63     30.3    0.24
        50     DF1      19.29   104.73    57     1.40     48.8    0.24
        70     WL1      21.49   123.83    55     1.06     70.0    0.22
        90     DF1      24.58   126.38    55     1.19    100.0    0.24
       100     DF1      24.58   126.38    55     1.19    100.0    0.24
                                                                         153      20.1        1.       3.      107.8      2.1


     FOREST VEGETATION SIMULATOR     VERSION FS2025.3 -- INLAND EMPIRE EXPANDED                 RV:20250701    04-28-2026  16:18:53

STAND ID: FIA_UNCALIB                   MGMT ID: NONE    



                                SUMMARY STATISTICS (PER ACRE OR STAND BASED ON TOTAL STAND AREA)
--------------------------------------------------------------------------------------------------------------------------------------
               START OF SIMULATION PERIOD                     REMOVALS             AFTER TREATMENT    GROWTH THIS PERIOD
         --------------------------------------------- ----------------------- ---------------------  ------------------   MAI  ------
         NO OF              TOP      TOTAL MERCH MERCH NO OF TOTAL MERCH MERCH              TOP  RES  PERIOD ACCRE MORT   MERCH FOR SS
YEAR AGE TREES  BA  SDI CCF HT  QMD  CU FT CU FT BD FT TREES CU FT CU FT BD FT  BA  SDI CCF HT   QMD  YEARS   PER  YEAR   CU FT TYP ZT
---- --- ----- --- ---- --- --- ---- ----- ----- ----- ----- ----- ----- ----- --- ---- --- --- ----  ------ ---- -----   ----- ------
2006 133     1   2    3   2  92 16.4    65    61   338     0     0     0     0   2    3   2  92 16.4      10    2     0     0.5 999 55
2016 143     1   2    3   2 100 18.2    82    75   433     0     0     0     0   2    3   2 100 18.2       1    2     0     0.5 999 55
2017 144     1   2    3   2 101 18.4    84    77   444     0     0     0     0   2    3   2 101 18.4       9    2     0     0.5 999 55
2026 153     1   3    4   2 108 20.1   101    93   539     0     0     0     0   3    4   2 108 20.1       0    0     0     0.6 999 55




                                                     ACTIVITY SUMMARY 

STAND ID= FIA_UNCALIB                   MGMT ID= NONE                                                                            

----------------------------------------------------------------------------------------------------------------------------------

CYCLE  DATE  EXTENSION  KEYWORD   DATE  ACTIVITY DISPOSITION  PARAMETERS:
-----  ----  ---------  --------  ----  --------------------  --------------------------------------------------------------------

   1   2006
               BASE     TREELIST  2006  DONE IN 2015               3.0000     0.0000     0.0000

   2   2016
               BASE     TREELIST  2016  DONE IN 2016               3.0000     0.0000     0.0000

   3   2017
               BASE     TREELIST  2017  DONE IN 2025               3.0000     0.0000     0.0000
----------------------------------------------------------------------------------------------------------------------------------
