

     FOREST VEGETATION SIMULATOR     VERSION FS2025.3 -- INLAND EMPIRE EXPANDED                 RV:20250701    04-28-2026  16:18:32

----------------------------------------------------------------------------------------------------------------------------------

                                                OPTIONS SELECTED BY INPUT

KEYWORD FILE NAME: fvs_runfiles/fia_uc_Apr282026_1618\file33c471267663
----------------------------------------------------------------------------------------------------------------------------------
KEYWORD    PARAMETERS:
--------   -----------------------------------------------------------------------------------------------------------------------

STDIDENT
           STAND ID= FIA_UNCALIB                                                                                               

RANNSEED   RANDOM SEED IS:        2025.0

********   FVS03 WARNING:  FOREST CODE INDICATES THE GEOGRAPHIC LOCATION IS OUTSIDE THE RANGE OF THE MODEL.  DEFAULT CODE IS USED.

********   FOREST CODE USED IN THIS PROJECTION IS 118

           HABITAT TYPE WILL BE MAPPED TO 570 FOR THIS PROJECTION.

STDINFO    FOREST-LOCATION CODE=     118; HABITAT TYPE=570; AGE=   89; ASPECT AZIMUTH IN DEGREES=  41.; SLOPE=  23.%
           ELEVATION(100'S FEET)= 46.0; REFERENCE CODE=     

TREELIST   DATE/CYCLE=    0; DATA SET REFERENCE NUMBER =  3.; HEADING SUPPRESSION CODE = 0.
           (0=WITH HEADING, OTHER VALUES=SUPPRESS HEADING).

TREEFMT 
          (I4,I4,F8.3,I1,A3,F5.1,F5.1,2F5.1,F5.1,I1,6I2,2I1,I2,2I3,2I1,F3.0)              
                                                                                          

DESIGN     BASAL AREA FACTOR=   -1.0; INVERSE OF FIXED PLOT AREA=    0.0; BREAK DBH=    0.0
           NUMBER OF PLOTS=     4; NON-STOCKABLE PLOTS=     0; STAND SAMPLING WEIGHT=     4.00000
           PROPORTION OF STAND CONSIDERED STOCKABLE=  1.000
           SEE "OPTIONS SELECTED BY DEFAULT" FOR FINAL DESIGN VALUES.

INVYEAR    INVENTORY YEAR= 2004

NOTRIPLE

NOAUTOES   TALLIES AND INGROWTH WILL NOT BE ADDED AUTOMATICALLY.
           STOCKADJ IS SET TO ZERO, AND NO SPROUTING WILL BE SIMULATED.

NOCALIB    CALIBRATION USING GROWTH DATA FROM TREE RECORDS HAS BEEN SUPPRESSED FOR ALL SPECIES

NOHTDREG   CALIBRATION OF HEIGHT-DIAMETER RELATIONSHIP WILL BE SUPPRESSED FOR ALL SPECIES


            

NUMCYCLE   NUMBER OF CYCLES=  2

CYCLEAT    REQUESTED YEAR FOR A CYCLE =2015

PROCESS    PROCESS THE STAND.
----------------------------------------------------------------------------------------------------------------------------------

                                                OPTIONS SELECTED BY DEFAULT

----------------------------------------------------------------------------------------------------------------------------------

DESIGN     BASAL AREA FACTOR=   -1.0; INVERSE OF FIXED PLOT AREA=    0.0; BREAK DBH=    0.0
           NUMBER OF PLOTS=     4; NON-STOCKABLE PLOTS=     0; STAND SAMPLING WEIGHT=     4.00000
           PROPORTION OF STAND CONSIDERED STOCKABLE=  1.000

STDINFO    FOREST-LOCATION CODE=     118; HABITAT TYPE=570; AGE=   89; ASPECT AZIMUTH IN DEGREES=  41.; SLOPE=  23.%
           ELEVATION(100'S FEET)= 46.0;  REFERENCE CODE=     

SPECIES      WP      WL      DF      GF      WH      RC      LP      ES      AF      PP
SDI MAX     841.    841.    841.    841.    841.    841.    841.    841.    841.    841.

SPECIES      MH      WB      LM      LL      PM      RM      PY      AS      CO      MM
SDI MAX     841.    841.    841.    841.    841.    841.    841.    841.    841.    841.

SPECIES      PB      OH      OS
SDI MAX     841.    841.    841.

                                  NATIONAL VOLUME ESTIMATOR LIBRARY EQUATION NUMBERS
SPECIES CUBIC FOOT BOARD FOOT SPECIES CUBIC FOOT BOARD FOOT SPECIES CUBIC FOOT BOARD FOOT SPECIES CUBIC FOOT BOARD FOOT 
------- ---------- ---------- ------- ---------- ---------- ------- ---------- ---------- ------- ---------- ---------- 
  WP    I00FW2W119 I00FW2W119   WL    I00FW2W073 I00FW2W073   DF    I00FW2W202 I00FW2W202   GF    I00FW2W017 I00FW2W017
  WH    I00FW2W260 I00FW2W260   RC    I00FW2W242 I00FW2W242   LP    I00FW2W108 I00FW2W108   ES    I00FW2W093 I00FW2W093
  AF    I00FW2W019 I00FW2W019   PP    I00FW2W122 I00FW2W122   MH    I00FW2W260 I00FW2W260   WB    I00FW2W012 I00FW2W012
  LM    I00FW2W073 I00FW2W073   LL    I00FW2W019 I00FW2W019   PM    102DVEW106 102DVEW106   RM    102DVEW106 102DVEW106
  PY    616BEHW231 616BEHW231   AS    102DVEW746 102DVEW746   CO    102DVEW740 102DVEW740   MM    200DVEW746 200DVEW746
  PB    101DVEW375 101DVEW375   OH    200DVEW746 200DVEW746   OS    I00FW2W260 I00FW2W260

SITECODE   SITE INDEX INFORMATION:
            WP=    0.;  WL=    0.;  DF=    0.;  GF=    0.;  WH=    0.;  RC=    0.;  LP=    0.;  ES=    0.; AF=    0.
            PP=    0.;  MH=    0.;  WB=    0.;  LM=   43.;  LL=    0.;  PM=   16.;  RM=   13.;  PY=   43.; AS=   60.
            CO=   98.;  MM=   60.;  PB=   60.;  OH=   98.;  OS=    0.
           SITE SPECIES=DF CODE=    3

INVENTORY POINT CROSS REFERENCE (FVS SEQUENTIAL POINT NUMBER = POINT NUMBER AS ENTERED IN THE INPUT DATA):
  1=       1;   2=       2;   3=       3;   4=       4
----------------------------------------------------------------------------------------------------------------------------------


                                                     ACTIVITY SCHEDULE

STAND ID= FIA_UNCALIB                   MGMT ID= NONE                                                                            

----------------------------------------------------------------------------------------------------------------------------------

CYCLE  DATE  EXTENSION  KEYWORD   DATE  PARAMETERS:
-----  ----  ---------  --------  ----  ------------------------------------------------------------------------------------------

   1   2004
               BASE     TREELIST  2004       3.0000     0.0000     0.0000

   2   2014
               BASE     TREELIST  2014       3.0000     0.0000     0.0000

   3   2015
               BASE     TREELIST  2015       3.0000     0.0000     0.0000
----------------------------------------------------------------------------------------------------------------------------------


CALIBRATION STATISTICS:


                                                 DF    WL
                                                ----  ----

NUMBER OF RECORDS PER SPECIES                      8     4

NUMBER OF RECORDS WITH MISSING HEIGHTS             0     0

NUMBER OF RECORDS WITH BROKEN OR DEAD TOPS         0     0

NUMBER OF RECORDS WITH MISSING CROWN RATIOS        0     0

NUMBER OF RECORDS AVAILABLE FOR SCALING
THE DIAMETER INCREMENT MODEL                       0     0

RATIO OF STANDARD ERRORS
(INPUT DBH GROWTH DATA : MODEL)                 1.00  1.00

WEIGHT GIVEN TO THE INPUT GROWTH DATA WHEN
DBH GROWTH MODEL SCALE FACTORS WERE COMPUTED    0.00  0.00

INITIAL SCALE FACTORS FOR THE
DBH INCREMENT MODEL                             1.00  1.00

NUMBER OF RECORDS AVAILABLE FOR SCALING
THE SMALL TREE HEIGHT INCREMENT MODEL             0     0

INITIAL SCALE FACTORS FOR THE SMALL TREE
HEIGHT INCREMENT MODEL                          1.00  1.00

NUMBER OF RECORDS WITH MISTLETOE                   0     0


     FOREST VEGETATION SIMULATOR     VERSION FS2025.3 -- INLAND EMPIRE EXPANDED                 RV:20250701    04-28-2026  16:18:32

STAND ID: FIA_UNCALIB                   MGMT ID: NONE     


                                        STAND COMPOSITION (BASED ON STOCKABLE AREA)
--------------------------------------------------------------------------------------------------------------------------
                            PERCENTILE POINTS IN THE
                     DISTRIBUTION OF STAND ATTRIBUTES BY DBH      TOTAL/ACRE
        STAND       -----------------------------------------      OF STAND         DISTRIBUTION OF STAND ATTRIBUTES BY
YEAR  ATTRIBUTES      10     30     50     70     90    100       ATTRIBUTES       SPECIES AND 3 USER-DEFINED SUBCLASSES
----  -----------   ------ ------ ------ ------ ------ ------   --------------  ------------------------------------------
                                 (DBH IN INCHES)



2004  TREES          11.1   13.0   15.7   17.5   20.3    20.5       3. TREES     67.% DF1,  33.% WL1,   0.% ---,   0.% ---
      VOLUME:  
        TOTAL        12.7   15.7   17.0   20.3   20.5    20.5     164. CUFT      65.% DF1,  35.% WL1,   0.% ---,   0.% ---
        MERCH        12.7   15.7   17.0   20.3   20.5    20.5     152. CUFT      65.% DF1,  35.% WL1,   0.% ---,   0.% ---
        MERCH        12.7   15.7   17.5   20.3   20.5    20.5     840. BDFT      64.% DF1,  36.% WL1,   0.% ---,   0.% ---


      ACCRETION      11.1   14.7   16.4   17.0   20.5    20.5       4. CUFT/YR   77.% DF1,  23.% WL1,   0.% ---,   0.% ---
      MORTALITY      12.7   15.7   17.5   20.3   20.3    20.5       1. CUFT/YR   58.% WL1,  42.% DF1,   0.% ---,   0.% ---



2014  TREES          13.5   15.3   17.4   19.3   21.3    21.8       3. TREES     68.% DF1,  32.% WL1,   0.% ---,   0.% ---
      VOLUME:  
        TOTAL        13.8   17.4   18.3   21.1   21.8    21.8     191. CUFT      68.% DF1,  32.% WL1,   0.% ---,   0.% ---
        MERCH        13.8   17.4   18.3   21.1   21.8    21.8     179. CUFT      68.% DF1,  32.% WL1,   0.% ---,   0.% ---
        MERCH        13.8   17.4   18.3   21.1   21.8    21.8    1010. BDFT      68.% DF1,  32.% WL1,   0.% ---,   0.% ---


      ACCRETION      13.5   16.2   17.8   19.3   21.3    21.8       4. CUFT/YR   77.% DF1,  23.% WL1,   0.% ---,   0.% ---
      MORTALITY      13.5   16.2   18.3   21.1   21.3    21.8       1. CUFT/YR   60.% WL1,  40.% DF1,   0.% ---,   0.% ---



2015  TREES          13.6   15.5   17.6   19.5   21.4    21.9       3. TREES     69.% DF1,  31.% WL1,   0.% ---,   0.% ---
      VOLUME:  
        TOTAL        13.9   17.6   18.4   21.2   21.9    21.9     194. CUFT      69.% DF1,  31.% WL1,   0.% ---,   0.% ---
        MERCH        13.9   17.6   18.4   21.2   21.9    21.9     181. CUFT      68.% DF1,  32.% WL1,   0.% ---,   0.% ---
        MERCH        13.9   17.6   18.4   21.2   21.9    21.9    1025. BDFT      68.% DF1,  32.% WL1,   0.% ---,   0.% ---


      ACCRETION      13.9   16.2   17.9   19.5   21.9    21.9       4. CUFT/YR   79.% DF1,  21.% WL1,   0.% ---,   0.% ---
      MORTALITY      13.6   16.2   17.9   21.2   21.4    21.9       1. CUFT/YR   60.% WL1,  40.% DF1,   0.% ---,   0.% ---



2024  TREES          14.6   17.1   19.5   21.3   22.5    23.4       3. TREES     70.% DF1,  30.% WL1,   0.% ---,   0.% ---
      VOLUME:  
        TOTAL        16.0   18.8   19.9   21.9   23.4    23.4     221. CUFT      72.% DF1,  28.% WL1,   0.% ---,   0.% ---
        MERCH        16.0   18.8   19.9   21.9   23.4    23.4     205. CUFT      72.% DF1,  28.% WL1,   0.% ---,   0.% ---
        MERCH        16.0   18.8   19.9   21.9   23.4    23.4    1195. BDFT      72.% DF1,  28.% WL1,   0.% ---,   0.% ---


     FOREST VEGETATION SIMULATOR     VERSION FS2025.3 -- INLAND EMPIRE EXPANDED                 RV:20250701    04-28-2026  16:18:32

STAND ID: FIA_UNCALIB                   MGMT ID: NONE     


------------------------------------------------------------------------------------------------------------------------------
                     ATTRIBUTES OF SELECTED SAMPLE TREES                 ADDITIONAL STAND ATTRIBUTES (BASED ON STOCKABLE AREA)
      -----------------------------------------------------------------  -----------------------------------------------------
      INITIAL                           LIVE   PAST DBH  BASAL   TREES          QUADRATIC   TREES    BASAL  TOP HEIGHT  CROWN
      TREES/A            DBH    HEIGHT  CROWN   GROWTH   AREA     PER    STAND   MEAN DBH    PER     AREA     LARGEST   COMP
YEAR   %TILE  SPECIES (INCHES)  (FEET)  RATIO  (INCHES)  %TILE    ACRE   AGE     (INCHES)    ACRE   (SQFT/A) 40/A (FT)  FACTOR
----  ------- ------- -------- -------- ------ --------- ------- ------  -----  ---------   ------ --------- --------- -------

2004                                          ( 10 YRS)

        10     DF1      11.10    80.00    25     1.88      7.8    0.25
        30     DF1      13.00    88.00    35     1.43     18.3    0.25
        50     WL1      15.70   113.00    15     0.71     33.0    0.25
        70     DF1      17.50   114.00    25     2.42     60.4    0.25
        90     WL1      20.30   109.00    35     0.35     86.6    0.25
       100     DF1      20.50   113.00    35     1.02    100.0    0.25
                                                                          89      16.2        3.       4.      105.3      3.8

2014                                          ( 10 YRS)

        10     DF1      13.76    91.21    28     2.30     14.1    0.25
        30     DF1      15.34    97.75    36     2.03     20.7    0.25
        50     WL1      16.16   118.31    14     0.39     27.2    0.22
        70     DF1      18.25   119.14    23     0.65     53.0    0.23
        90     WL1      21.15   115.08    33     0.72     74.8    0.23
       100     DF1      21.82   118.86    34     1.15    100.0    0.24
                                                                          99      17.6        3.       5.      112.6      4.1

2015                                          (  1 YRS)

        10     DF1      13.94    92.05    28     0.16     14.2    0.25
        30     DF1      15.53    98.55    36     0.17     20.9    0.25
        50     WL1      16.24   118.91    14     0.07     27.3    0.22
        70     DF1      18.36   119.70    23     0.10     53.0    0.23
        90     WL1      21.23   115.65    33     0.07     74.9    0.22
       100     DF1      21.94   119.39    34     0.11    100.0    0.24
                                                                         100      17.8        3.       5.      113.2      4.1

2024                                          (  9 YRS)

        10     DF1      15.98   100.32    28     1.77     14.9    0.24
        30     DF1      17.38   105.97    38     1.60     28.1    0.24
        50     WL1      17.05   124.62    13     0.69     20.6    0.19
        70     DF1      19.95   125.55    23     1.37     54.1    0.22
        90     WL1      21.90   120.60    32     0.57     75.3    0.20
       100     DF1      23.39   124.66    34     1.26    100.0    0.23
                                                                         109      19.1        3.       5.      119.3      4.4


     FOREST VEGETATION SIMULATOR     VERSION FS2025.3 -- INLAND EMPIRE EXPANDED                 RV:20250701    04-28-2026  16:18:32

STAND ID: FIA_UNCALIB                   MGMT ID: NONE    



                                SUMMARY STATISTICS (PER ACRE OR STAND BASED ON TOTAL STAND AREA)
--------------------------------------------------------------------------------------------------------------------------------------
               START OF SIMULATION PERIOD                     REMOVALS             AFTER TREATMENT    GROWTH THIS PERIOD
         --------------------------------------------- ----------------------- ---------------------  ------------------   MAI  ------
         NO OF              TOP      TOTAL MERCH MERCH NO OF TOTAL MERCH MERCH              TOP  RES  PERIOD ACCRE MORT   MERCH FOR SS
YEAR AGE TREES  BA  SDI CCF HT  QMD  CU FT CU FT BD FT TREES CU FT CU FT BD FT  BA  SDI CCF HT   QMD  YEARS   PER  YEAR   CU FT TYP ZT
---- --- ----- --- ---- --- --- ---- ----- ----- ----- ----- ----- ----- ----- --- ---- --- --- ----  ------ ---- -----   ----- ------
2004  89     3   4    7   4 105 16.2   164   152   840     0     0     0     0   4    7   4 105 16.2      10    4     1     1.7 999 55
2014  99     3   5    7   4 113 17.6   191   179  1010     0     0     0     0   5    7   4 113 17.6       1    4     1     1.8 999 55
2015 100     3   5    7   4 113 17.8   194   181  1025     0     0     0     0   5    7   4 113 17.8       9    4     1     1.8 999 55
2024 109     3   5    8   4 119 19.1   221   205  1195     0     0     0     0   5    8   4 119 19.1       0    0     0     1.9 999 55




                                                     ACTIVITY SUMMARY 

STAND ID= FIA_UNCALIB                   MGMT ID= NONE                                                                            

----------------------------------------------------------------------------------------------------------------------------------

CYCLE  DATE  EXTENSION  KEYWORD   DATE  ACTIVITY DISPOSITION  PARAMETERS:
-----  ----  ---------  --------  ----  --------------------  --------------------------------------------------------------------

   1   2004
               BASE     TREELIST  2004  DONE IN 2013               3.0000     0.0000     0.0000

   2   2014
               BASE     TREELIST  2014  DONE IN 2014               3.0000     0.0000     0.0000

   3   2015
               BASE     TREELIST  2015  DONE IN 2023               3.0000     0.0000     0.0000
----------------------------------------------------------------------------------------------------------------------------------
