

     FOREST VEGETATION SIMULATOR     VERSION FS2025.3 -- INLAND EMPIRE EXPANDED                 RV:20250701    11-25-2025  17:40:42

----------------------------------------------------------------------------------------------------------------------------------

                                                OPTIONS SELECTED BY INPUT

KEYWORD FILE NAME: ../../data/fvs_runFiles/sc_Nov252025_17.40/selfcalib_stand2
----------------------------------------------------------------------------------------------------------------------------------
KEYWORD    PARAMETERS:
--------   -----------------------------------------------------------------------------------------------------------------------

STDIDENT
           STAND ID= SELFCALB2                                                                                                 

RANNSEED   RANDOM SEED IS:        2025.0

           HABITAT TYPE WILL BE MAPPED TO 830 FOR THIS PROJECTION.

STDINFO    FOREST-LOCATION CODE=     103; HABITAT TYPE=830; AGE=  216; ASPECT AZIMUTH IN DEGREES= 295.; SLOPE=  48.%
           ELEVATION(100'S FEET)= 65.0; REFERENCE CODE=     

TREELIST   DATE/CYCLE=    0; DATA SET REFERENCE NUMBER =  3.; HEADING SUPPRESSION CODE = 0.
           (0=WITH HEADING, OTHER VALUES=SUPPRESS HEADING).

TREEFMT 
          (I4,I4,F8.3,I1,A3,F5.1,F5.1,2F5.1,F5.1,I1,6I2,2I1,I2,2I3,2I1,F3.0)              
                                                                                          

DESIGN     BASAL AREA FACTOR=   -1.0; INVERSE OF FIXED PLOT AREA=    0.0; BREAK DBH=    0.0
           NUMBER OF PLOTS=     4; NON-STOCKABLE PLOTS=     0; STAND SAMPLING WEIGHT=     4.00000
           PROPORTION OF STAND CONSIDERED STOCKABLE=  1.000
           SEE "OPTIONS SELECTED BY DEFAULT" FOR FINAL DESIGN VALUES.

INVYEAR    INVENTORY YEAR= 2021

CYCLEAT    REQUESTED YEAR FOR A CYCLE =2032

NOTRIPLE

NOAUTOES   TALLIES AND INGROWTH WILL NOT BE ADDED AUTOMATICALLY.
           STOCKADJ IS SET TO ZERO, AND NO SPROUTING WILL BE SIMULATED.

CYCLEAT    REQUESTED YEAR FOR A CYCLE =2032

GROWTH     DIAMETER GROWTH DATA TYPE CODE= 1, 11.0 YEAR MEASUREMENT PERIOD;
           HEIGHT GROWTH DATA TYPE CODE  = 1, 11.0 YEAR MEASUREMENT PERIOD;
           MORTALITY MEASUREMENT PERIOD  =11.0


            

DATABASE   DATABASE KEYWORDS:

DSNOUT     DSN FOR OUTPUT DATA BASE IS FVSOut.db

CALBSTDB   CALIBRATION STATISTICS TABLE SENT TO SPECIFIED DATABASE.

INVSTATS   INVENTORY STATISTICS TABLES SENT TO SPECIFIED DATABASE.

END        END OF DATA BASE OPTIONS.


            

NUMCYCLE   NUMBER OF CYCLES=  2

PROCESS    PROCESS THE STAND.
----------------------------------------------------------------------------------------------------------------------------------

                                                OPTIONS SELECTED BY DEFAULT

----------------------------------------------------------------------------------------------------------------------------------

DESIGN     BASAL AREA FACTOR=   -1.0; INVERSE OF FIXED PLOT AREA=    0.0; BREAK DBH=    0.0
           NUMBER OF PLOTS=     4; NON-STOCKABLE PLOTS=     0; STAND SAMPLING WEIGHT=     4.00000
           PROPORTION OF STAND CONSIDERED STOCKABLE=  1.000

STDINFO    FOREST-LOCATION CODE=     103; HABITAT TYPE=830; AGE=  216; ASPECT AZIMUTH IN DEGREES= 295.; SLOPE=  48.%
           ELEVATION(100'S FEET)= 65.0;  REFERENCE CODE=     

SPECIES      WP      WL      DF      GF      WH      RC      LP      ES      AF      PP
SDI MAX     475.    475.    475.    475.    475.    475.    475.    475.    475.    475.

SPECIES      MH      WB      LM      LL      PM      RM      PY      AS      CO      MM
SDI MAX     475.    475.    475.    475.    475.    475.    475.    475.    475.    475.

SPECIES      PB      OH      OS
SDI MAX     475.    475.    475.

                                  NATIONAL VOLUME ESTIMATOR LIBRARY EQUATION NUMBERS
SPECIES CUBIC FOOT BOARD FOOT SPECIES CUBIC FOOT BOARD FOOT SPECIES CUBIC FOOT BOARD FOOT SPECIES CUBIC FOOT BOARD FOOT 
------- ---------- ---------- ------- ---------- ---------- ------- ---------- ---------- ------- ---------- ---------- 
  WP    I00FW2W119 I00FW2W119   WL    I00FW2W073 I00FW2W073   DF    I00FW2W202 I00FW2W202   GF    I00FW2W017 I00FW2W017
  WH    I00FW2W260 I00FW2W260   RC    I00FW2W242 I00FW2W242   LP    I00FW2W108 I00FW2W108   ES    I00FW2W093 I00FW2W093
  AF    I00FW2W019 I00FW2W019   PP    I00FW2W122 I00FW2W122   MH    I00FW2W260 I00FW2W260   WB    I00FW2W012 I00FW2W012
  LM    I00FW2W073 I00FW2W073   LL    I00FW2W019 I00FW2W019   PM    102DVEW106 102DVEW106   RM    102DVEW106 102DVEW106
  PY    616BEHW231 616BEHW231   AS    102DVEW746 102DVEW746   CO    102DVEW740 102DVEW740   MM    200DVEW746 200DVEW746
  PB    101DVEW375 101DVEW375   OH    200DVEW746 200DVEW746   OS    I00FW2W260 I00FW2W260

SITECODE   SITE INDEX INFORMATION:
            WP=    0.;  WL=    0.;  DF=    0.;  GF=    0.;  WH=    0.;  RC=    0.;  LP=    0.;  ES=    0.; AF=    0.
            PP=    0.;  MH=    0.;  WB=    0.;  LM=   26.;  LL=    0.;  PM=    8.;  RM=    7.;  PY=   26.; AS=   38.
            CO=   49.;  MM=   38.;  PB=   38.;  OH=   49.;  OS=    0.
           SITE SPECIES=DF CODE=    3

INVENTORY POINT CROSS REFERENCE (FVS SEQUENTIAL POINT NUMBER = POINT NUMBER AS ENTERED IN THE INPUT DATA):
  1=       1;   2=       2;   3=       3;   4=       4
----------------------------------------------------------------------------------------------------------------------------------


                                                     ACTIVITY SCHEDULE

STAND ID= SELFCALB2                     MGMT ID= NONE                                                                            

----------------------------------------------------------------------------------------------------------------------------------

CYCLE  DATE  EXTENSION  KEYWORD   DATE  PARAMETERS:
-----  ----  ---------  --------  ----  ------------------------------------------------------------------------------------------

   1   2021
               BASE     TREELIST  2021       3.0000     0.0000     0.0000

   2   2031
               BASE     TREELIST  2031       3.0000     0.0000     0.0000

   3   2032
               BASE     TREELIST  2032       3.0000     0.0000     0.0000
----------------------------------------------------------------------------------------------------------------------------------


CALIBRATION STATISTICS:


                                                 AF    WB    ES
                                                ----  ----  ----

NUMBER OF RECORDS PER SPECIES                     16     2     5

NUMBER OF RECORDS CODED AS RECENT MORTALITY        2     0     0

NUMBER OF RECORDS WITH MISSING HEIGHTS             3     0     0

NUMBER OF RECORDS WITH BROKEN OR DEAD TOPS         0     0     0

NUMBER OF RECORDS WITH MISSING CROWN RATIOS        3     0     0

NUMBER OF RECORDS AVAILABLE FOR SCALING
THE DIAMETER INCREMENT MODEL                       7     1     5

RATIO OF STANDARD ERRORS
(INPUT DBH GROWTH DATA : MODEL)                 1.48  1.00  0.83

WEIGHT GIVEN TO THE INPUT GROWTH DATA WHEN
DBH GROWTH MODEL SCALE FACTORS WERE COMPUTED    0.60  0.00  0.78

INITIAL SCALE FACTORS FOR THE
DBH INCREMENT MODEL                             0.90  1.00  0.77

NUMBER OF RECORDS AVAILABLE FOR SCALING
THE SMALL TREE HEIGHT INCREMENT MODEL             0     0     0

INITIAL SCALE FACTORS FOR THE SMALL TREE
HEIGHT INCREMENT MODEL                          1.00  1.00  1.00

NUMBER OF RECORDS WITH MISTLETOE                   0     0     0


     FOREST VEGETATION SIMULATOR     VERSION FS2025.3 -- INLAND EMPIRE EXPANDED                 RV:20250701    11-25-2025  17:40:42

STAND ID: SELFCALB2                     MGMT ID: NONE     


                                        STAND COMPOSITION (BASED ON STOCKABLE AREA)
--------------------------------------------------------------------------------------------------------------------------
                            PERCENTILE POINTS IN THE
                     DISTRIBUTION OF STAND ATTRIBUTES BY DBH      TOTAL/ACRE
        STAND       -----------------------------------------      OF STAND         DISTRIBUTION OF STAND ATTRIBUTES BY
YEAR  ATTRIBUTES      10     30     50     70     90    100       ATTRIBUTES       SPECIES AND 3 USER-DEFINED SUBCLASSES
----  -----------   ------ ------ ------ ------ ------ ------   --------------  ------------------------------------------
                                 (DBH IN INCHES)



2021  TREES           0.1    0.1    6.8    8.9   15.8    25.9       6. TREES     73.% AF1,  23.% ES1,   5.% WB1,   0.% ---
      VOLUME:  
        TOTAL         8.9   14.3   20.9   25.9   25.9    25.9      75. CUFT      72.% ES1,  27.% AF1,   1.% WB1,   0.% ---
        MERCH         9.1   15.8   20.9   25.9   25.9    25.9      64. CUFT      74.% ES1,  25.% AF1,   1.% WB1,   0.% ---
        MERCH        14.1   15.8   20.9   25.9   25.9    25.9     318. BDFT      76.% ES1,  23.% AF1,   1.% WB1,   0.% ---


      ACCRETION       7.2    8.3   14.1   15.8   25.9    25.9       1. CUFT/YR   51.% AF1,  44.% ES1,   5.% WB1,   0.% ---
      MORTALITY       8.1   15.8   20.9   25.9   25.9    25.9       0. CUFT/YR   80.% ES1,  17.% AF1,   2.% WB1,   0.% ---



2031  TREES           0.1    0.3    8.2   10.0   16.5    26.6       5. TREES     72.% AF1,  23.% ES1,   5.% WB1,   0.% ---
      VOLUME:  
        TOTAL         9.9   15.7   21.6   26.6   26.6    26.6      88. CUFT      68.% ES1,  31.% AF1,   1.% WB1,   0.% ---
        MERCH         9.9   15.7   21.6   26.6   26.6    26.6      75. CUFT      69.% ES1,  29.% AF1,   1.% WB1,   0.% ---
        MERCH         9.9   16.5   21.6   26.6   26.6    26.6     370. BDFT      72.% ES1,  26.% AF1,   1.% WB1,   0.% ---


      ACCRETION       7.9    9.9   14.6   21.6   26.6    26.6       1. CUFT/YR   49.% ES1,  47.% AF1,   4.% WB1,   0.% ---
      MORTALITY       9.9   14.6   14.6   21.6   26.6    26.6       0. CUFT/YR   53.% AF1,  45.% ES1,   2.% WB1,   0.% ---



2032  TREES           0.1    0.3    8.3   10.1   16.6    26.7       5. TREES     72.% AF1,  23.% ES1,   5.% WB1,   0.% ---
      VOLUME:  
        TOTAL        10.0   15.8   21.7   26.7   26.7    26.7      89. CUFT      68.% ES1,  31.% AF1,   2.% WB1,   0.% ---
        MERCH        10.0   15.8   21.7   26.7   26.7    26.7      76. CUFT      69.% ES1,  30.% AF1,   1.% WB1,   0.% ---
        MERCH        10.0   15.8   21.7   26.7   26.7    26.7     375. BDFT      72.% ES1,  27.% AF1,   1.% WB1,   0.% ---


      ACCRETION       8.0   10.0   14.7   16.6   26.7    26.7       2. CUFT/YR   52.% AF1,  44.% ES1,   4.% WB1,   0.% ---
      MORTALITY      10.0   14.7   16.6   21.7   26.7    26.7       0. CUFT/YR   60.% ES1,  38.% AF1,   2.% WB1,   0.% ---



2041  TREES           0.7    0.9    9.2   11.2   17.4    27.5       5. TREES     71.% AF1,  24.% ES1,   5.% WB1,   0.% ---
      VOLUME:  
        TOTAL        10.4   15.2   17.4   22.5   27.5    27.5     105. CUFT      64.% ES1,  34.% AF1,   2.% WB1,   0.% ---
        MERCH        10.4   17.3   22.5   22.5   27.5    27.5      91. CUFT      65.% ES1,  33.% AF1,   2.% WB1,   0.% ---
        MERCH        10.4   17.3   22.5   27.5   27.5    27.5     462. BDFT      69.% ES1,  29.% AF1,   2.% WB1,   0.% ---


     FOREST VEGETATION SIMULATOR     VERSION FS2025.3 -- INLAND EMPIRE EXPANDED                 RV:20250701    11-25-2025  17:40:42

STAND ID: SELFCALB2                     MGMT ID: NONE     


------------------------------------------------------------------------------------------------------------------------------
                     ATTRIBUTES OF SELECTED SAMPLE TREES                 ADDITIONAL STAND ATTRIBUTES (BASED ON STOCKABLE AREA)
      -----------------------------------------------------------------  -----------------------------------------------------
      INITIAL                           LIVE   PAST DBH  BASAL   TREES          QUADRATIC   TREES    BASAL  TOP HEIGHT  CROWN
      TREES/A            DBH    HEIGHT  CROWN   GROWTH   AREA     PER    STAND   MEAN DBH    PER     AREA     LARGEST   COMP
YEAR   %TILE  SPECIES (INCHES)  (FEET)  RATIO  (INCHES)  %TILE    ACRE   AGE     (INCHES)    ACRE   (SQFT/A) 40/A (FT)  FACTOR
----  ------- ------- -------- -------- ------ --------- ------- ------  -----  ---------   ------ --------- --------- -------

2021                                          ( 10 YRS)

        10     AF1       0.10     1.01    77     0.00      0.0    0.50
        30     AF1       0.10     1.01    85     0.00      0.0    1.25
        50     AF1       6.80    38.00    85     1.31      3.8    0.25
        70     AF1       8.90    44.00    85     0.56     18.0    0.25
        90     ES1      15.80    65.00    85     1.34     50.7    0.25
       100     ES1      25.90    78.00    65     0.48    100.0    0.25
                                                                         216      10.1        6.       3.       29.7      2.5

2031                                          ( 10 YRS)

        10     AF1       0.11     4.13    77     0.00      0.0    0.47
        30     AF1       0.31     4.88    85     0.20      0.0    1.17
        50     AF1       7.92    47.28    83     1.05      4.8    0.25
        70     AF1      10.11    51.36    85     1.13     25.1    0.25
        90     ES1      16.53    67.82    86     0.70     53.9    0.25
       100     ES1      26.59    79.86    65     0.66    100.0    0.25
                                                                         226      10.9        5.       3.       35.8      2.9

2032                                          (  1 YRS)

        10     AF1       0.14     4.66    77     0.03      0.0    0.46
        30     AF1       0.34     5.24    85     0.03      0.0    1.16
        50     AF1       8.03    48.14    83     0.10      5.0    0.25
        70     AF1      10.23    51.90    85     0.11     25.4    0.25
        90     ES1      16.62    68.10    86     0.08     54.2    0.25
       100     ES1      26.66    80.04    65     0.07    100.0    0.25
                                                                         227      11.0        5.       4.       36.4      2.9

2041                                          (  9 YRS)

        10     AF1       0.50     7.92    77     0.34      0.0    0.44
        30     AF1       0.68     8.00    85     0.31      0.1    1.09
        50     AF1       9.42    54.22    84     1.30     11.9    0.25
        70     AF1      11.19    56.70    85     0.91     23.8    0.25
        90     ES1      17.45    70.78    86     0.79     56.9    0.25
       100     ES1      27.52    81.92    65     0.82    100.0    0.25
                                                                         236      11.8        5.       4.       41.4      3.3


     FOREST VEGETATION SIMULATOR     VERSION FS2025.3 -- INLAND EMPIRE EXPANDED                 RV:20250701    11-25-2025  17:40:42

STAND ID: SELFCALB2                     MGMT ID: NONE    



                                SUMMARY STATISTICS (PER ACRE OR STAND BASED ON TOTAL STAND AREA)
--------------------------------------------------------------------------------------------------------------------------------------
               START OF SIMULATION PERIOD                     REMOVALS             AFTER TREATMENT    GROWTH THIS PERIOD
         --------------------------------------------- ----------------------- ---------------------  ------------------   MAI  ------
         NO OF              TOP      TOTAL MERCH MERCH NO OF TOTAL MERCH MERCH              TOP  RES  PERIOD ACCRE MORT   MERCH FOR SS
YEAR AGE TREES  BA  SDI CCF HT  QMD  CU FT CU FT BD FT TREES CU FT CU FT BD FT  BA  SDI CCF HT   QMD  YEARS   PER  YEAR   CU FT TYP ZT
---- --- ----- --- ---- --- --- ---- ----- ----- ----- ----- ----- ----- ----- --- ---- --- --- ----  ------ ---- -----   ----- ------
2021 216     6   3    6   3  30 10.1    75    64   318     0     0     0     0   3    6   3  30 10.1      10    1     0     0.3 999 55
2031 226     5   3    6   3  36 10.9    88    75   370     0     0     0     0   3    6   3  36 10.9       1    1     0     0.3 999 55
2032 227     5   4    6   3  36 11.0    89    76   375     0     0     0     0   4    6   3  36 11.0       9    2     0     0.3 999 55
2041 236     5   4    7   3  41 11.8   105    91   462     0     0     0     0   4    7   3  41 11.8       0    0     0     0.4 999 55




                                                     ACTIVITY SUMMARY 

STAND ID= SELFCALB2                     MGMT ID= NONE                                                                            

----------------------------------------------------------------------------------------------------------------------------------

CYCLE  DATE  EXTENSION  KEYWORD   DATE  ACTIVITY DISPOSITION  PARAMETERS:
-----  ----  ---------  --------  ----  --------------------  --------------------------------------------------------------------

   1   2021
               BASE     TREELIST  2021  DONE IN 2030               3.0000     0.0000     0.0000

   2   2031
               BASE     TREELIST  2031  DONE IN 2031               3.0000     0.0000     0.0000

   3   2032
               BASE     TREELIST  2032  DONE IN 2040               3.0000     0.0000     0.0000
----------------------------------------------------------------------------------------------------------------------------------
