

     FOREST VEGETATION SIMULATOR     VERSION FS2025.3 -- INLAND EMPIRE EXPANDED                 RV:20250701    11-25-2025  17:40:42

----------------------------------------------------------------------------------------------------------------------------------

                                                OPTIONS SELECTED BY INPUT

KEYWORD FILE NAME: ../../data/fvs_runFiles/sc_Nov252025_17.40/selfcalib_stand4
----------------------------------------------------------------------------------------------------------------------------------
KEYWORD    PARAMETERS:
--------   -----------------------------------------------------------------------------------------------------------------------

STDIDENT
           STAND ID= SELFCALB4                                                                                                 

RANNSEED   RANDOM SEED IS:        2025.0

           HABITAT TYPE WILL BE MAPPED TO 690 FOR THIS PROJECTION.

STDINFO    FOREST-LOCATION CODE=     103; HABITAT TYPE=690; AGE=  155; ASPECT AZIMUTH IN DEGREES= 217.; SLOPE=  21.%
           ELEVATION(100'S FEET)= 71.0; REFERENCE CODE=     

TREELIST   DATE/CYCLE=    0; DATA SET REFERENCE NUMBER =  3.; HEADING SUPPRESSION CODE = 0.
           (0=WITH HEADING, OTHER VALUES=SUPPRESS HEADING).

TREEFMT 
          (I4,I4,F8.3,I1,A3,F5.1,F5.1,2F5.1,F5.1,I1,6I2,2I1,I2,2I3,2I1,F3.0)              
                                                                                          

DESIGN     BASAL AREA FACTOR=   -1.0; INVERSE OF FIXED PLOT AREA=    0.0; BREAK DBH=    0.0
           NUMBER OF PLOTS=     4; NON-STOCKABLE PLOTS=     0; STAND SAMPLING WEIGHT=     4.00000
           PROPORTION OF STAND CONSIDERED STOCKABLE=  1.000
           SEE "OPTIONS SELECTED BY DEFAULT" FOR FINAL DESIGN VALUES.

INVYEAR    INVENTORY YEAR= 2019

CYCLEAT    REQUESTED YEAR FOR A CYCLE =2030

NOTRIPLE

NOAUTOES   TALLIES AND INGROWTH WILL NOT BE ADDED AUTOMATICALLY.
           STOCKADJ IS SET TO ZERO, AND NO SPROUTING WILL BE SIMULATED.

CYCLEAT    REQUESTED YEAR FOR A CYCLE =2030

GROWTH     DIAMETER GROWTH DATA TYPE CODE= 1, 10.0 YEAR MEASUREMENT PERIOD;
           HEIGHT GROWTH DATA TYPE CODE  = 1, 10.0 YEAR MEASUREMENT PERIOD;
           MORTALITY MEASUREMENT PERIOD  =10.0


            

DATABASE   DATABASE KEYWORDS:

DSNOUT     DSN FOR OUTPUT DATA BASE IS FVSOut.db

CALBSTDB   CALIBRATION STATISTICS TABLE SENT TO SPECIFIED DATABASE.

INVSTATS   INVENTORY STATISTICS TABLES SENT TO SPECIFIED DATABASE.

END        END OF DATA BASE OPTIONS.


            

NUMCYCLE   NUMBER OF CYCLES=  2

PROCESS    PROCESS THE STAND.
----------------------------------------------------------------------------------------------------------------------------------

                                                OPTIONS SELECTED BY DEFAULT

----------------------------------------------------------------------------------------------------------------------------------

DESIGN     BASAL AREA FACTOR=   -1.0; INVERSE OF FIXED PLOT AREA=    0.0; BREAK DBH=    0.0
           NUMBER OF PLOTS=     4; NON-STOCKABLE PLOTS=     0; STAND SAMPLING WEIGHT=     4.00000
           PROPORTION OF STAND CONSIDERED STOCKABLE=  1.000

STDINFO    FOREST-LOCATION CODE=     103; HABITAT TYPE=690; AGE=  155; ASPECT AZIMUTH IN DEGREES= 217.; SLOPE=  21.%
           ELEVATION(100'S FEET)= 71.0;  REFERENCE CODE=     

SPECIES      WP      WL      DF      GF      WH      RC      LP      ES      AF      PP
SDI MAX     841.    841.    841.    841.    841.    841.    841.    841.    841.    841.

SPECIES      MH      WB      LM      LL      PM      RM      PY      AS      CO      MM
SDI MAX     841.    841.    841.    841.    841.    841.    841.    841.    841.    841.

SPECIES      PB      OH      OS
SDI MAX     841.    841.    841.

                                  NATIONAL VOLUME ESTIMATOR LIBRARY EQUATION NUMBERS
SPECIES CUBIC FOOT BOARD FOOT SPECIES CUBIC FOOT BOARD FOOT SPECIES CUBIC FOOT BOARD FOOT SPECIES CUBIC FOOT BOARD FOOT 
------- ---------- ---------- ------- ---------- ---------- ------- ---------- ---------- ------- ---------- ---------- 
  WP    I00FW2W119 I00FW2W119   WL    I00FW2W073 I00FW2W073   DF    I00FW2W202 I00FW2W202   GF    I00FW2W017 I00FW2W017
  WH    I00FW2W260 I00FW2W260   RC    I00FW2W242 I00FW2W242   LP    I00FW2W108 I00FW2W108   ES    I00FW2W093 I00FW2W093
  AF    I00FW2W019 I00FW2W019   PP    I00FW2W122 I00FW2W122   MH    I00FW2W260 I00FW2W260   WB    I00FW2W012 I00FW2W012
  LM    I00FW2W073 I00FW2W073   LL    I00FW2W019 I00FW2W019   PM    102DVEW106 102DVEW106   RM    102DVEW106 102DVEW106
  PY    616BEHW231 616BEHW231   AS    102DVEW746 102DVEW746   CO    102DVEW740 102DVEW740   MM    200DVEW746 200DVEW746
  PB    101DVEW375 101DVEW375   OH    200DVEW746 200DVEW746   OS    I00FW2W260 I00FW2W260

SITECODE   SITE INDEX INFORMATION:
            WP=    0.;  WL=    0.;  DF=    0.;  GF=    0.;  WH=    0.;  RC=    0.;  LP=    0.;  ES=    0.; AF=    0.
            PP=    0.;  MH=    0.;  WB=    0.;  LM=   32.;  LL=    0.;  PM=   11.;  RM=    9.;  PY=   32.; AS=   46.
            CO=   67.;  MM=   46.;  PB=   46.;  OH=   67.;  OS=    0.
           SITE SPECIES=DF CODE=    3

INVENTORY POINT CROSS REFERENCE (FVS SEQUENTIAL POINT NUMBER = POINT NUMBER AS ENTERED IN THE INPUT DATA):
  1=       1;   2=       2;   3=       3;   4=       4
----------------------------------------------------------------------------------------------------------------------------------


                                                     ACTIVITY SCHEDULE

STAND ID= SELFCALB4                     MGMT ID= NONE                                                                            

----------------------------------------------------------------------------------------------------------------------------------

CYCLE  DATE  EXTENSION  KEYWORD   DATE  PARAMETERS:
-----  ----  ---------  --------  ----  ------------------------------------------------------------------------------------------

   1   2019
               BASE     TREELIST  2019       3.0000     0.0000     0.0000

   2   2029
               BASE     TREELIST  2029       3.0000     0.0000     0.0000

   3   2030
               BASE     TREELIST  2030       3.0000     0.0000     0.0000
----------------------------------------------------------------------------------------------------------------------------------


CALIBRATION STATISTICS:


                                                 LP    AF    WB
                                                ----  ----  ----

NUMBER OF RECORDS PER SPECIES                    112     1     2

NUMBER OF RECORDS CODED AS RECENT MORTALITY        0     0     0

NUMBER OF RECORDS WITH MISSING HEIGHTS             1     1     2

NUMBER OF RECORDS WITH BROKEN OR DEAD TOPS         0     0     0

NUMBER OF RECORDS WITH MISSING CROWN RATIOS        1     1     2

NUMBER OF RECORDS AVAILABLE FOR SCALING
THE DIAMETER INCREMENT MODEL                      89     0     0

RATIO OF STANDARD ERRORS
(INPUT DBH GROWTH DATA : MODEL)                 1.27  1.00  1.00

WEIGHT GIVEN TO THE INPUT GROWTH DATA WHEN
DBH GROWTH MODEL SCALE FACTORS WERE COMPUTED    1.00  0.00  0.00

INITIAL SCALE FACTORS FOR THE
DBH INCREMENT MODEL                             0.29  1.00  1.00

NUMBER OF RECORDS AVAILABLE FOR SCALING
THE SMALL TREE HEIGHT INCREMENT MODEL             3     0     0

INITIAL SCALE FACTORS FOR THE SMALL TREE
HEIGHT INCREMENT MODEL                          1.00  1.00  1.00

NUMBER OF RECORDS WITH MISTLETOE                   0     0     0


     FOREST VEGETATION SIMULATOR     VERSION FS2025.3 -- INLAND EMPIRE EXPANDED                 RV:20250701    11-25-2025  17:40:42

STAND ID: SELFCALB4                     MGMT ID: NONE     


                                        STAND COMPOSITION (BASED ON STOCKABLE AREA)
--------------------------------------------------------------------------------------------------------------------------
                            PERCENTILE POINTS IN THE
                     DISTRIBUTION OF STAND ATTRIBUTES BY DBH      TOTAL/ACRE
        STAND       -----------------------------------------      OF STAND         DISTRIBUTION OF STAND ATTRIBUTES BY
YEAR  ATTRIBUTES      10     30     50     70     90    100       ATTRIBUTES       SPECIES AND 3 USER-DEFINED SUBCLASSES
----  -----------   ------ ------ ------ ------ ------ ------   --------------  ------------------------------------------
                                 (DBH IN INCHES)



2019  TREES           4.8    5.8    6.4    7.6    8.4    11.1      28. TREES     95.% LP1,   5.% WB1,   1.% AF1,   0.% ---
      VOLUME:  
        TOTAL         5.6    6.5    7.6    8.2   10.7    11.1     149. CUFT     100.% LP1,   0.% ---,   0.% ---,   0.% ---
        MERCH         6.5    7.5    7.9    8.4   11.0    11.1      93. CUFT     100.% LP1,   0.% ---,   0.% ---,   0.% ---
        MERCH         6.4    7.2    7.9    8.4   10.7    11.1     448. BDFT     100.% LP1,   0.% ---,   0.% ---,   0.% ---


      ACCRETION       5.5    6.3    7.3    8.0   10.5    11.1       2. CUFT/YR  100.% LP1,   0.% ---,   0.% ---,   0.% ---
      MORTALITY       5.2    6.1    7.2    7.9    9.0    11.1       1. CUFT/YR  100.% LP1,   0.% ---,   0.% ---,   0.% ---



2029  TREES           5.2    6.0    6.6    7.8    8.6    11.4      25. TREES     95.% LP1,   4.% WB1,   1.% AF1,   0.% ---
      VOLUME:  
        TOTAL         5.8    6.8    7.8    8.4   11.0    11.4     153. CUFT     100.% LP1,   0.% ---,   0.% ---,   0.% ---
        MERCH         6.5    7.5    8.0    8.5   11.1    11.4     103. CUFT     100.% LP1,   0.% ---,   0.% ---,   0.% ---
        MERCH         6.4    7.4    8.0    8.5   11.0    11.4     517. BDFT     100.% LP1,   0.% ---,   0.% ---,   0.% ---


      ACCRETION       5.8    6.8    7.8    8.4   10.9    11.4       2. CUFT/YR  100.% LP1,   0.% ---,   0.% ---,   0.% ---
      MORTALITY       5.6    6.5    7.5    8.1    9.9    11.4       1. CUFT/YR  100.% LP1,   0.% ---,   0.% ---,   0.% ---



2030  TREES           5.2    6.0    6.7    7.9    8.7    11.4      24. TREES     95.% LP1,   4.% WB1,   1.% AF1,   0.% ---
      VOLUME:  
        TOTAL         5.9    6.9    7.9    8.4   11.0    11.4     154. CUFT     100.% LP1,   0.% ---,   0.% ---,   0.% ---
        MERCH         6.5    7.4    8.1    8.6   11.2    11.4     103. CUFT     100.% LP1,   0.% ---,   0.% ---,   0.% ---
        MERCH         6.4    7.4    8.1    8.5   11.0    11.4     519. BDFT     100.% LP1,   0.% ---,   0.% ---,   0.% ---


      ACCRETION       5.6    6.5    7.5    8.2   10.9    11.4       2. CUFT/YR   99.% LP1,   1.% WB1,   0.% AF1,   0.% ---
      MORTALITY       5.7    6.5    7.5    8.1    9.9    11.4       1. CUFT/YR  100.% LP1,   0.% ---,   0.% ---,   0.% ---



2039  TREES           5.4    6.2    7.0    8.0    8.9    11.6      22. TREES     95.% LP1,   4.% WB1,   1.% AF1,   0.% ---
      VOLUME:  
        TOTAL         6.1    7.0    8.0    8.6   11.2    11.6     160. CUFT     100.% LP1,   0.% WB1,   0.% AF1,   0.% ---
        MERCH         6.5    7.6    8.2    8.7   11.2    11.6     114. CUFT     100.% LP1,   0.% ---,   0.% ---,   0.% ---
        MERCH         6.4    7.6    8.2    8.7   11.2    11.6     594. BDFT     100.% LP1,   0.% ---,   0.% ---,   0.% ---


     FOREST VEGETATION SIMULATOR     VERSION FS2025.3 -- INLAND EMPIRE EXPANDED                 RV:20250701    11-25-2025  17:40:42

STAND ID: SELFCALB4                     MGMT ID: NONE     


------------------------------------------------------------------------------------------------------------------------------
                     ATTRIBUTES OF SELECTED SAMPLE TREES                 ADDITIONAL STAND ATTRIBUTES (BASED ON STOCKABLE AREA)
      -----------------------------------------------------------------  -----------------------------------------------------
      INITIAL                           LIVE   PAST DBH  BASAL   TREES          QUADRATIC   TREES    BASAL  TOP HEIGHT  CROWN
      TREES/A            DBH    HEIGHT  CROWN   GROWTH   AREA     PER    STAND   MEAN DBH    PER     AREA     LARGEST   COMP
YEAR   %TILE  SPECIES (INCHES)  (FEET)  RATIO  (INCHES)  %TILE    ACRE   AGE     (INCHES)    ACRE   (SQFT/A) 40/A (FT)  FACTOR
----  ------- ------- -------- -------- ------ --------- ------- ------  -----  ---------   ------ --------- --------- -------

2019                                          ( 10 YRS)

        10     LP1       4.80    37.00    45     0.10      1.6    0.25
        30     LP1       5.80    39.00    25     0.19     14.2    0.25
        50     LP1       6.40    42.00    35     0.19     30.3    0.25
        70     LP1       7.60    52.00    25     0.19     51.5    0.25
        90     LP1       8.40    54.00    45     0.10     78.9    0.25
       100     LP1      11.10    57.00    45     0.29    100.0    0.25
                                                                         155       6.8       28.       7.       39.8      7.2

2029                                          ( 10 YRS)

        10     LP1       5.08    41.31    42     0.27      1.4    0.18
        30     LP1       5.97    41.90    23     0.17     15.1    0.22
        50     LP1       6.68    45.29    33     0.27     32.0    0.23
        70     LP1       7.75    54.69    23     0.15     50.8    0.23
        90     LP1       8.53    56.52    43     0.13     78.3    0.22
       100     LP1      11.27    59.57    42     0.17     97.4    0.24
                                                                         165       7.0       25.       7.       43.3      6.9

2030                                          (  1 YRS)

        10     LP1       5.11    41.65    42     0.03      1.4    0.18
        30     LP1       5.99    42.21    23     0.02     15.1    0.22
        50     LP1       6.70    45.61    33     0.02     32.0    0.22
        70     LP1       7.77    54.98    23     0.02     50.7    0.23
        90     LP1       8.56    56.83    43     0.03     78.3    0.22
       100     LP1      11.30    59.85    42     0.02     97.4    0.24
                                                                         166       7.0       24.       7.       43.6      6.8

2039                                          (  9 YRS)

        10     LP1       5.44    45.01    41     0.32      2.4    0.17
        30     LP1       6.17    44.94    21     0.17     15.2    0.20
        50     LP1       6.95    48.53    31     0.24     31.2    0.21
        70     LP1       8.03    57.86    22     0.25     53.2    0.21
        90     LP1       8.77    59.49    41     0.20     78.2    0.21
       100     LP1      11.53    62.44    40     0.23     97.4    0.22
                                                                         175       7.3       22.       6.       46.9      6.7


     FOREST VEGETATION SIMULATOR     VERSION FS2025.3 -- INLAND EMPIRE EXPANDED                 RV:20250701    11-25-2025  17:40:42

STAND ID: SELFCALB4                     MGMT ID: NONE    



                                SUMMARY STATISTICS (PER ACRE OR STAND BASED ON TOTAL STAND AREA)
--------------------------------------------------------------------------------------------------------------------------------------
               START OF SIMULATION PERIOD                     REMOVALS             AFTER TREATMENT    GROWTH THIS PERIOD
         --------------------------------------------- ----------------------- ---------------------  ------------------   MAI  ------
         NO OF              TOP      TOTAL MERCH MERCH NO OF TOTAL MERCH MERCH              TOP  RES  PERIOD ACCRE MORT   MERCH FOR SS
YEAR AGE TREES  BA  SDI CCF HT  QMD  CU FT CU FT BD FT TREES CU FT CU FT BD FT  BA  SDI CCF HT   QMD  YEARS   PER  YEAR   CU FT TYP ZT
---- --- ----- --- ---- --- --- ---- ----- ----- ----- ----- ----- ----- ----- --- ---- --- --- ----  ------ ---- -----   ----- ------
2019 155    28   7   15   7  40  6.8   149    93   448     0     0     0     0   7   15   7  40  6.8      10    2     1     0.6 999 55
2029 165    25   7   14   7  43  7.0   153   103   517     0     0     0     0   7   14   7  43  7.0       1    2     1     0.6 999 55
2030 166    24   7   14   7  44  7.0   154   103   519     0     0     0     0   7   14   7  44  7.0       9    2     1     0.6 999 55
2039 175    22   6   13   7  47  7.3   160   114   594     0     0     0     0   6   13   7  47  7.3       0    0     0     0.7 999 55




                                                     ACTIVITY SUMMARY 

STAND ID= SELFCALB4                     MGMT ID= NONE                                                                            

----------------------------------------------------------------------------------------------------------------------------------

CYCLE  DATE  EXTENSION  KEYWORD   DATE  ACTIVITY DISPOSITION  PARAMETERS:
-----  ----  ---------  --------  ----  --------------------  --------------------------------------------------------------------

   1   2019
               BASE     TREELIST  2019  DONE IN 2028               3.0000     0.0000     0.0000

   2   2029
               BASE     TREELIST  2029  DONE IN 2029               3.0000     0.0000     0.0000

   3   2030
               BASE     TREELIST  2030  DONE IN 2038               3.0000     0.0000     0.0000
----------------------------------------------------------------------------------------------------------------------------------
