

     FOREST VEGETATION SIMULATOR     VERSION FS2025.3 -- INLAND EMPIRE EXPANDED                 RV:20250701    11-25-2025  15:26:26

----------------------------------------------------------------------------------------------------------------------------------

                                                OPTIONS SELECTED BY INPUT

KEYWORD FILE NAME: ../../data/fvs_runFiles/uc_Nov252025_15.26/uncalib_stand150
----------------------------------------------------------------------------------------------------------------------------------
KEYWORD    PARAMETERS:
--------   -----------------------------------------------------------------------------------------------------------------------

STDIDENT
           STAND ID= UNCALBST150                                                                                               

RANNSEED   RANDOM SEED IS:        2025.0

********   FVS03 WARNING:  FOREST CODE INDICATES THE GEOGRAPHIC LOCATION IS OUTSIDE THE RANGE OF THE MODEL.  DEFAULT CODE IS USED.

********   FOREST CODE USED IN THIS PROJECTION IS 118

           HABITAT TYPE WILL BE MAPPED TO 690 FOR THIS PROJECTION.

STDINFO    FOREST-LOCATION CODE=     118; HABITAT TYPE=690; AGE=  203; ASPECT AZIMUTH IN DEGREES= 350.; SLOPE=   5.%
           ELEVATION(100'S FEET)= 69.0; REFERENCE CODE=     

TREELIST   DATE/CYCLE=    0; DATA SET REFERENCE NUMBER =  3.; HEADING SUPPRESSION CODE = 0.
           (0=WITH HEADING, OTHER VALUES=SUPPRESS HEADING).

TREEFMT 
          (I4,I4,F8.3,I1,A3,F5.1,F5.1,2F5.1,F5.1,I1,6I2,2I1,I2,2I3,2I1,F3.0)              
                                                                                          

DESIGN     BASAL AREA FACTOR=   -1.0; INVERSE OF FIXED PLOT AREA=    0.0; BREAK DBH=    0.0
           NUMBER OF PLOTS=     4; NON-STOCKABLE PLOTS=     0; STAND SAMPLING WEIGHT=     4.00000
           PROPORTION OF STAND CONSIDERED STOCKABLE=  1.000
           SEE "OPTIONS SELECTED BY DEFAULT" FOR FINAL DESIGN VALUES.

INVYEAR    INVENTORY YEAR= 2007

CYCLEAT    REQUESTED YEAR FOR A CYCLE =2018

NOTRIPLE

NOAUTOES   TALLIES AND INGROWTH WILL NOT BE ADDED AUTOMATICALLY.
           STOCKADJ IS SET TO ZERO, AND NO SPROUTING WILL BE SIMULATED.

CYCLEAT    REQUESTED YEAR FOR A CYCLE =2018

NOCALIB    CALIBRATION USING GROWTH DATA FROM TREE RECORDS HAS BEEN SUPPRESSED FOR ALL SPECIES

NOHTDREG   CALIBRATION OF HEIGHT-DIAMETER RELATIONSHIP WILL BE SUPPRESSED FOR ALL SPECIES


            

NUMCYCLE   NUMBER OF CYCLES=  2

PROCESS    PROCESS THE STAND.
----------------------------------------------------------------------------------------------------------------------------------

                                                OPTIONS SELECTED BY DEFAULT

----------------------------------------------------------------------------------------------------------------------------------

DESIGN     BASAL AREA FACTOR=   -1.0; INVERSE OF FIXED PLOT AREA=    0.0; BREAK DBH=    0.0
           NUMBER OF PLOTS=     4; NON-STOCKABLE PLOTS=     0; STAND SAMPLING WEIGHT=     4.00000
           PROPORTION OF STAND CONSIDERED STOCKABLE=  1.000

STDINFO    FOREST-LOCATION CODE=     118; HABITAT TYPE=690; AGE=  203; ASPECT AZIMUTH IN DEGREES= 350.; SLOPE=   5.%
           ELEVATION(100'S FEET)= 69.0;  REFERENCE CODE=     

SPECIES      WP      WL      DF      GF      WH      RC      LP      ES      AF      PP
SDI MAX     841.    841.    841.    841.    841.    841.    841.    841.    841.    841.

SPECIES      MH      WB      LM      LL      PM      RM      PY      AS      CO      MM
SDI MAX     841.    841.    841.    841.    841.    841.    841.    841.    841.    841.

SPECIES      PB      OH      OS
SDI MAX     841.    841.    841.

                                  NATIONAL VOLUME ESTIMATOR LIBRARY EQUATION NUMBERS
SPECIES CUBIC FOOT BOARD FOOT SPECIES CUBIC FOOT BOARD FOOT SPECIES CUBIC FOOT BOARD FOOT SPECIES CUBIC FOOT BOARD FOOT 
------- ---------- ---------- ------- ---------- ---------- ------- ---------- ---------- ------- ---------- ---------- 
  WP    I00FW2W119 I00FW2W119   WL    I00FW2W073 I00FW2W073   DF    I00FW2W202 I00FW2W202   GF    I00FW2W017 I00FW2W017
  WH    I00FW2W260 I00FW2W260   RC    I00FW2W242 I00FW2W242   LP    I00FW2W108 I00FW2W108   ES    I00FW2W093 I00FW2W093
  AF    I00FW2W019 I00FW2W019   PP    I00FW2W122 I00FW2W122   MH    I00FW2W260 I00FW2W260   WB    I00FW2W012 I00FW2W012
  LM    I00FW2W073 I00FW2W073   LL    I00FW2W019 I00FW2W019   PM    102DVEW106 102DVEW106   RM    102DVEW106 102DVEW106
  PY    616BEHW231 616BEHW231   AS    102DVEW746 102DVEW746   CO    102DVEW740 102DVEW740   MM    200DVEW746 200DVEW746
  PB    101DVEW375 101DVEW375   OH    200DVEW746 200DVEW746   OS    I00FW2W260 I00FW2W260

SITECODE   SITE INDEX INFORMATION:
            WP=    0.;  WL=    0.;  DF=    0.;  GF=    0.;  WH=    0.;  RC=    0.;  LP=    0.;  ES=    0.; AF=    0.
            PP=    0.;  MH=    0.;  WB=    0.;  LM=   32.;  LL=    0.;  PM=   11.;  RM=    9.;  PY=   32.; AS=   46.
            CO=   67.;  MM=   46.;  PB=   46.;  OH=   67.;  OS=    0.
           SITE SPECIES=DF CODE=    3

INVENTORY POINT CROSS REFERENCE (FVS SEQUENTIAL POINT NUMBER = POINT NUMBER AS ENTERED IN THE INPUT DATA):
  1=       1;   2=       2;   3=       3;   4=       4
----------------------------------------------------------------------------------------------------------------------------------


                                                     ACTIVITY SCHEDULE

STAND ID= UNCALBST150                   MGMT ID= NONE                                                                            

----------------------------------------------------------------------------------------------------------------------------------

CYCLE  DATE  EXTENSION  KEYWORD   DATE  PARAMETERS:
-----  ----  ---------  --------  ----  ------------------------------------------------------------------------------------------

   1   2007
               BASE     TREELIST  2007       3.0000     0.0000     0.0000

   2   2017
               BASE     TREELIST  2017       3.0000     0.0000     0.0000

   3   2018
               BASE     TREELIST  2018       3.0000     0.0000     0.0000
----------------------------------------------------------------------------------------------------------------------------------


CALIBRATION STATISTICS:


                                                 AF    LP    DF    ES    WB
                                                ----  ----  ----  ----  ----

NUMBER OF RECORDS PER SPECIES                     20    28     2     7     3

NUMBER OF RECORDS CODED AS RECENT MORTALITY        0     1     0     0     0

NUMBER OF RECORDS WITH MISSING HEIGHTS             4     1     1     2     1

NUMBER OF RECORDS WITH BROKEN OR DEAD TOPS         0     1     0     0     0

NUMBER OF RECORDS WITH MISSING CROWN RATIOS        4     1     1     2     1

NUMBER OF RECORDS AVAILABLE FOR SCALING
THE DIAMETER INCREMENT MODEL                       0     0     0     0     0

RATIO OF STANDARD ERRORS
(INPUT DBH GROWTH DATA : MODEL)                 1.00  1.00  1.00  1.00  1.00

WEIGHT GIVEN TO THE INPUT GROWTH DATA WHEN
DBH GROWTH MODEL SCALE FACTORS WERE COMPUTED    0.00  0.00  0.00  0.00  0.00

INITIAL SCALE FACTORS FOR THE
DBH INCREMENT MODEL                             1.00  1.00  1.00  1.00  1.00

NUMBER OF RECORDS AVAILABLE FOR SCALING
THE SMALL TREE HEIGHT INCREMENT MODEL             0     0     0     0     0

INITIAL SCALE FACTORS FOR THE SMALL TREE
HEIGHT INCREMENT MODEL                          1.00  1.00  1.00  1.00  1.00

NUMBER OF RECORDS WITH MISTLETOE                   0     0     0     0     0


     FOREST VEGETATION SIMULATOR     VERSION FS2025.3 -- INLAND EMPIRE EXPANDED                 RV:20250701    11-25-2025  15:26:26

STAND ID: UNCALBST150                   MGMT ID: NONE     


                                        STAND COMPOSITION (BASED ON STOCKABLE AREA)
--------------------------------------------------------------------------------------------------------------------------
                            PERCENTILE POINTS IN THE
                     DISTRIBUTION OF STAND ATTRIBUTES BY DBH      TOTAL/ACRE
        STAND       -----------------------------------------      OF STAND         DISTRIBUTION OF STAND ATTRIBUTES BY
YEAR  ATTRIBUTES      10     30     50     70     90    100       ATTRIBUTES       SPECIES AND 3 USER-DEFINED SUBCLASSES
----  -----------   ------ ------ ------ ------ ------ ------   --------------  ------------------------------------------
                                 (DBH IN INCHES)



2007  TREES           0.1    0.1    0.1    1.8   10.1    22.8      30. TREES     71.% AF1,  18.% LP1,   7.% ES1,   3.% WB1
      VOLUME:  
        TOTAL         9.6   10.9   12.9   20.6   22.8    22.8     173. CUFT      56.% LP1,  34.% ES1,  10.% AF1,   0.% DF1
        MERCH         9.7   11.0   12.9   20.6   22.8    22.8     146. CUFT      57.% LP1,  37.% ES1,   6.% AF1,   0.% ---
        MERCH         9.7   11.6   13.4   20.6   22.8    22.8     788. BDFT      56.% LP1,  38.% ES1,   6.% AF1,   0.% ---


      ACCRETION       1.8    6.7   10.0   11.8   20.6    22.8       4. CUFT/YR   48.% LP1,  25.% AF1,  23.% ES1,   3.% DF1
      MORTALITY       8.6   10.0   10.9   12.6   15.3    22.8       0. CUFT/YR   88.% LP1,   8.% AF1,   3.% ES1,   0.% DF1



2017  TREES           0.1    0.1    0.3    6.3   11.7    24.2      24. TREES     66.% AF1,  21.% LP1,   8.% ES1,   3.% WB1
      VOLUME:  
        TOTAL         8.6   11.4   13.0   16.1   24.2    24.2     212. CUFT      53.% LP1,  33.% ES1,  13.% AF1,   1.% DF1
        MERCH         9.2   11.6   13.7   21.8   24.2    24.2     183. CUFT      54.% LP1,  34.% ES1,  11.% AF1,   1.% DF1
        MERCH         9.2   11.6   13.7   21.8   24.2    24.2     981. BDFT      53.% LP1,  37.% ES1,   9.% AF1,   1.% DF1


      ACCRETION       6.1    8.6   11.6   13.0   21.8    24.2       4. CUFT/YR   42.% LP1,  29.% AF1,  24.% ES1,   3.% DF1
      MORTALITY       9.2   10.4   11.6   13.0   16.1    24.2       1. CUFT/YR   87.% LP1,   9.% AF1,   4.% ES1,   0.% WB1



2018  TREES           0.1    0.1    0.4    6.6   11.8    24.3      23. TREES     66.% AF1,  21.% LP1,   8.% ES1,   3.% WB1
      VOLUME:  
        TOTAL         8.8   11.5   13.0   16.1   24.3    24.3     215. CUFT      53.% LP1,  33.% ES1,  13.% AF1,   1.% DF1
        MERCH         9.3   11.6   13.0   22.0   24.3    24.3     184. CUFT      54.% LP1,  34.% ES1,  11.% AF1,   1.% DF1
        MERCH         9.3   11.7   13.8   22.0   24.3    24.3     982. BDFT      53.% LP1,  37.% ES1,   9.% AF1,   1.% DF1


      ACCRETION       5.7    8.8   11.5   13.0   24.3    24.3       5. CUFT/YR   40.% LP1,  31.% AF1,  24.% ES1,   3.% DF1
      MORTALITY       7.7   10.4   11.6   13.0   16.1    24.3       1. CUFT/YR   87.% LP1,   9.% AF1,   4.% ES1,   1.% WB1



2027  TREES           1.0    1.4    4.4    8.7   13.3    26.0      20. TREES     62.% AF1,  23.% LP1,   9.% ES1,   4.% WB1
      VOLUME:  
        TOTAL         9.2   11.9   13.6   16.7   26.0    26.0     250. CUFT      50.% LP1,  32.% ES1,  16.% AF1,   1.% DF1
        MERCH        10.1   12.2   13.8   23.0   26.0    26.0     217. CUFT      51.% LP1,  34.% ES1,  14.% AF1,   1.% DF1
        MERCH        10.1   12.3   14.5   23.0   26.0    26.0    1192. BDFT      50.% LP1,  36.% ES1,  13.% AF1,   1.% DF1


     FOREST VEGETATION SIMULATOR     VERSION FS2025.3 -- INLAND EMPIRE EXPANDED                 RV:20250701    11-25-2025  15:26:26

STAND ID: UNCALBST150                   MGMT ID: NONE     


------------------------------------------------------------------------------------------------------------------------------
                     ATTRIBUTES OF SELECTED SAMPLE TREES                 ADDITIONAL STAND ATTRIBUTES (BASED ON STOCKABLE AREA)
      -----------------------------------------------------------------  -----------------------------------------------------
      INITIAL                           LIVE   PAST DBH  BASAL   TREES          QUADRATIC   TREES    BASAL  TOP HEIGHT  CROWN
      TREES/A            DBH    HEIGHT  CROWN   GROWTH   AREA     PER    STAND   MEAN DBH    PER     AREA     LARGEST   COMP
YEAR   %TILE  SPECIES (INCHES)  (FEET)  RATIO  (INCHES)  %TILE    ACRE   AGE     (INCHES)    ACRE   (SQFT/A) 40/A (FT)  FACTOR
----  ------- ------- -------- -------- ------ --------- ------- ------  -----  ---------   ------ --------- --------- -------

2007                                          ( 10 YRS)

        10     AF1       0.10     1.01    75     0.00      0.0    7.00
        30     AF1       0.10     1.01    73     0.00      0.0    6.25
        50     AF1       0.10     1.01    55     0.00      0.0    3.25
        70     LP1       1.80    18.00    35     1.00      0.4    0.25
        90     LP1      10.10    80.00    25     0.80     32.2    0.25
       100     ES1      22.80   109.00    75     1.39    100.0    0.25
                                                                         203       5.4       30.       5.       18.7      4.5

2017                                          ( 10 YRS)

        10     AF1       0.11     3.89    75     0.00      0.0    4.76
        30     AF1       0.11     4.23    73     0.00      0.0    4.25
        50     AF1       0.31     6.71    55     0.20      0.0    2.21
        70     LP1       7.58    58.51    35     5.60     13.1    0.25
        90     LP1      10.95    83.95    24     0.82     32.5    0.24
       100     ES1      24.21   111.76    76     1.34    100.0    0.25
                                                                         213       6.8       24.       6.       29.4      5.5

2018                                          (  1 YRS)

        10     AF1       0.14     4.99    75     0.03      0.0    4.58
        30     AF1       0.14     5.09    73     0.03      0.0    4.09
        50     AF1       0.40     7.30    55     0.08      0.0    2.13
        70     LP1       7.67    58.95    35     0.09     12.1    0.25
        90     LP1      11.02    84.30    24     0.07     32.9    0.24
       100     ES1      24.33   112.02    76     0.12    100.0    0.25
                                                                         214       6.9       23.       6.       30.6      5.6

2027                                          (  9 YRS)

        10     AF1       1.03    11.15    75     0.83      0.3    3.22
        30     AF1       1.45    13.28    73     1.22      0.8    2.88
        50     AF1       2.17    16.46    55     1.66      1.6    1.80
        70     LP1       8.69    63.29    35     1.00     14.1    0.23
        90     LP1      11.66    87.55    24     0.62     36.3    0.22
       100     ES1      25.97   114.56    77     1.57    100.0    0.25
                                                                         223       8.1       20.       7.       40.8      6.5


     FOREST VEGETATION SIMULATOR     VERSION FS2025.3 -- INLAND EMPIRE EXPANDED                 RV:20250701    11-25-2025  15:26:26

STAND ID: UNCALBST150                   MGMT ID: NONE    



                                SUMMARY STATISTICS (PER ACRE OR STAND BASED ON TOTAL STAND AREA)
--------------------------------------------------------------------------------------------------------------------------------------
               START OF SIMULATION PERIOD                     REMOVALS             AFTER TREATMENT    GROWTH THIS PERIOD
         --------------------------------------------- ----------------------- ---------------------  ------------------   MAI  ------
         NO OF              TOP      TOTAL MERCH MERCH NO OF TOTAL MERCH MERCH              TOP  RES  PERIOD ACCRE MORT   MERCH FOR SS
YEAR AGE TREES  BA  SDI CCF HT  QMD  CU FT CU FT BD FT TREES CU FT CU FT BD FT  BA  SDI CCF HT   QMD  YEARS   PER  YEAR   CU FT TYP ZT
---- --- ----- --- ---- --- --- ---- ----- ----- ----- ----- ----- ----- ----- --- ---- --- --- ----  ------ ---- -----   ----- ------
2007 203    30   5   11   4  19  5.4   173   146   788     0     0     0     0   5   11   4  19  5.4      10    4     0     0.7 999 55
2017 213    24   6   13   5  29  6.8   212   183   981     0     0     0     0   6   13   5  29  6.8       1    4     1     0.9 999 55
2018 214    23   6   13   6  31  6.9   215   184   982     0     0     0     0   6   13   6  31  6.9       9    5     1     0.9 999 55
2027 223    20   7   14   6  41  8.1   250   217  1192     0     0     0     0   7   14   6  41  8.1       0    0     0     1.0 999 55




                                                     ACTIVITY SUMMARY 

STAND ID= UNCALBST150                   MGMT ID= NONE                                                                            

----------------------------------------------------------------------------------------------------------------------------------

CYCLE  DATE  EXTENSION  KEYWORD   DATE  ACTIVITY DISPOSITION  PARAMETERS:
-----  ----  ---------  --------  ----  --------------------  --------------------------------------------------------------------

   1   2007
               BASE     TREELIST  2007  DONE IN 2016               3.0000     0.0000     0.0000

   2   2017
               BASE     TREELIST  2017  DONE IN 2017               3.0000     0.0000     0.0000

   3   2018
               BASE     TREELIST  2018  DONE IN 2026               3.0000     0.0000     0.0000
----------------------------------------------------------------------------------------------------------------------------------
