

     FOREST VEGETATION SIMULATOR     VERSION FS2025.3 -- INLAND EMPIRE EXPANDED                 RV:20250701    11-25-2025  15:26:28

----------------------------------------------------------------------------------------------------------------------------------

                                                OPTIONS SELECTED BY INPUT

KEYWORD FILE NAME: ../../data/fvs_runFiles/uc_Nov252025_15.26/uncalib_stand208
----------------------------------------------------------------------------------------------------------------------------------
KEYWORD    PARAMETERS:
--------   -----------------------------------------------------------------------------------------------------------------------

STDIDENT
           STAND ID= UNCALBST208                                                                                               

RANNSEED   RANDOM SEED IS:        2025.0

********   FVS03 WARNING:  FOREST CODE INDICATES THE GEOGRAPHIC LOCATION IS OUTSIDE THE RANGE OF THE MODEL.  DEFAULT CODE IS USED.

********   FOREST CODE USED IN THIS PROJECTION IS 118

           HABITAT TYPE WILL BE MAPPED TO 280 FOR THIS PROJECTION.

STDINFO    FOREST-LOCATION CODE=     118; HABITAT TYPE=280; AGE=   90; ASPECT AZIMUTH IN DEGREES= 239.; SLOPE=  38.%
           ELEVATION(100'S FEET)= 76.0; REFERENCE CODE=     

TREELIST   DATE/CYCLE=    0; DATA SET REFERENCE NUMBER =  3.; HEADING SUPPRESSION CODE = 0.
           (0=WITH HEADING, OTHER VALUES=SUPPRESS HEADING).

TREEFMT 
          (I4,I4,F8.3,I1,A3,F5.1,F5.1,2F5.1,F5.1,I1,6I2,2I1,I2,2I3,2I1,F3.0)              
                                                                                          

DESIGN     BASAL AREA FACTOR=   -1.0; INVERSE OF FIXED PLOT AREA=    0.0; BREAK DBH=    0.0
           NUMBER OF PLOTS=     4; NON-STOCKABLE PLOTS=     0; STAND SAMPLING WEIGHT=     4.00000
           PROPORTION OF STAND CONSIDERED STOCKABLE=  1.000
           SEE "OPTIONS SELECTED BY DEFAULT" FOR FINAL DESIGN VALUES.

INVYEAR    INVENTORY YEAR= 2009

CYCLEAT    REQUESTED YEAR FOR A CYCLE =2020

NOTRIPLE

NOAUTOES   TALLIES AND INGROWTH WILL NOT BE ADDED AUTOMATICALLY.
           STOCKADJ IS SET TO ZERO, AND NO SPROUTING WILL BE SIMULATED.

CYCLEAT    REQUESTED YEAR FOR A CYCLE =2020

NOCALIB    CALIBRATION USING GROWTH DATA FROM TREE RECORDS HAS BEEN SUPPRESSED FOR ALL SPECIES

NOHTDREG   CALIBRATION OF HEIGHT-DIAMETER RELATIONSHIP WILL BE SUPPRESSED FOR ALL SPECIES


            

NUMCYCLE   NUMBER OF CYCLES=  2

PROCESS    PROCESS THE STAND.
----------------------------------------------------------------------------------------------------------------------------------

                                                OPTIONS SELECTED BY DEFAULT

----------------------------------------------------------------------------------------------------------------------------------

DESIGN     BASAL AREA FACTOR=   -1.0; INVERSE OF FIXED PLOT AREA=    0.0; BREAK DBH=    0.0
           NUMBER OF PLOTS=     4; NON-STOCKABLE PLOTS=     0; STAND SAMPLING WEIGHT=     4.00000
           PROPORTION OF STAND CONSIDERED STOCKABLE=  1.000

STDINFO    FOREST-LOCATION CODE=     118; HABITAT TYPE=280; AGE=   90; ASPECT AZIMUTH IN DEGREES= 239.; SLOPE=  38.%
           ELEVATION(100'S FEET)= 76.0;  REFERENCE CODE=     

SPECIES      WP      WL      DF      GF      WH      RC      LP      ES      AF      PP
SDI MAX     518.    518.    518.    518.    518.    518.    518.    518.    518.    518.

SPECIES      MH      WB      LM      LL      PM      RM      PY      AS      CO      MM
SDI MAX     518.    518.    518.    518.    518.    518.    518.    518.    518.    518.

SPECIES      PB      OH      OS
SDI MAX     518.    518.    518.

                                  NATIONAL VOLUME ESTIMATOR LIBRARY EQUATION NUMBERS
SPECIES CUBIC FOOT BOARD FOOT SPECIES CUBIC FOOT BOARD FOOT SPECIES CUBIC FOOT BOARD FOOT SPECIES CUBIC FOOT BOARD FOOT 
------- ---------- ---------- ------- ---------- ---------- ------- ---------- ---------- ------- ---------- ---------- 
  WP    I00FW2W119 I00FW2W119   WL    I00FW2W073 I00FW2W073   DF    I00FW2W202 I00FW2W202   GF    I00FW2W017 I00FW2W017
  WH    I00FW2W260 I00FW2W260   RC    I00FW2W242 I00FW2W242   LP    I00FW2W108 I00FW2W108   ES    I00FW2W093 I00FW2W093
  AF    I00FW2W019 I00FW2W019   PP    I00FW2W122 I00FW2W122   MH    I00FW2W260 I00FW2W260   WB    I00FW2W012 I00FW2W012
  LM    I00FW2W073 I00FW2W073   LL    I00FW2W019 I00FW2W019   PM    102DVEW106 102DVEW106   RM    102DVEW106 102DVEW106
  PY    616BEHW231 616BEHW231   AS    102DVEW746 102DVEW746   CO    102DVEW740 102DVEW740   MM    200DVEW746 200DVEW746
  PB    101DVEW375 101DVEW375   OH    200DVEW746 200DVEW746   OS    I00FW2W260 I00FW2W260

SITECODE   SITE INDEX INFORMATION:
            WP=    0.;  WL=    0.;  DF=    0.;  GF=    0.;  WH=    0.;  RC=    0.;  LP=    0.;  ES=    0.; AF=    0.
            PP=    0.;  MH=    0.;  WB=    0.;  LM=   32.;  LL=    0.;  PM=   10.;  RM=    9.;  PY=   33.; AS=   44.
            CO=   72.;  MM=   44.;  PB=   44.;  OH=   72.;  OS=    0.
           SITE SPECIES=DF CODE=    3

INVENTORY POINT CROSS REFERENCE (FVS SEQUENTIAL POINT NUMBER = POINT NUMBER AS ENTERED IN THE INPUT DATA):
  1=       3;   2=       4;   3=       1;   4=       2
----------------------------------------------------------------------------------------------------------------------------------


                                                     ACTIVITY SCHEDULE

STAND ID= UNCALBST208                   MGMT ID= NONE                                                                            

----------------------------------------------------------------------------------------------------------------------------------

CYCLE  DATE  EXTENSION  KEYWORD   DATE  PARAMETERS:
-----  ----  ---------  --------  ----  ------------------------------------------------------------------------------------------

   1   2009
               BASE     TREELIST  2009       3.0000     0.0000     0.0000

   2   2019
               BASE     TREELIST  2019       3.0000     0.0000     0.0000

   3   2020
               BASE     TREELIST  2020       3.0000     0.0000     0.0000
----------------------------------------------------------------------------------------------------------------------------------


CALIBRATION STATISTICS:


                                                 LP    WB    DF    AF
                                                ----  ----  ----  ----

NUMBER OF RECORDS PER SPECIES                     47     7     8     1

NUMBER OF RECORDS CODED AS RECENT MORTALITY        3     0     0     0

NUMBER OF RECORDS WITH MISSING HEIGHTS             1     3     2     1

NUMBER OF RECORDS WITH BROKEN OR DEAD TOPS         0     0     0     0

NUMBER OF RECORDS WITH MISSING CROWN RATIOS        1     3     2     1

NUMBER OF RECORDS AVAILABLE FOR SCALING
THE DIAMETER INCREMENT MODEL                       0     0     0     0

RATIO OF STANDARD ERRORS
(INPUT DBH GROWTH DATA : MODEL)                 1.00  1.00  1.00  1.00

WEIGHT GIVEN TO THE INPUT GROWTH DATA WHEN
DBH GROWTH MODEL SCALE FACTORS WERE COMPUTED    0.00  0.00  0.00  0.00

INITIAL SCALE FACTORS FOR THE
DBH INCREMENT MODEL                             1.00  1.00  1.00  1.00

NUMBER OF RECORDS AVAILABLE FOR SCALING
THE SMALL TREE HEIGHT INCREMENT MODEL             0     0     0     0

INITIAL SCALE FACTORS FOR THE SMALL TREE
HEIGHT INCREMENT MODEL                          1.00  1.00  1.00  1.00

NUMBER OF RECORDS WITH MISTLETOE                   0     0     0     0


     FOREST VEGETATION SIMULATOR     VERSION FS2025.3 -- INLAND EMPIRE EXPANDED                 RV:20250701    11-25-2025  15:26:28

STAND ID: UNCALBST208                   MGMT ID: NONE     


                                        STAND COMPOSITION (BASED ON STOCKABLE AREA)
--------------------------------------------------------------------------------------------------------------------------
                            PERCENTILE POINTS IN THE
                     DISTRIBUTION OF STAND ATTRIBUTES BY DBH      TOTAL/ACRE
        STAND       -----------------------------------------      OF STAND         DISTRIBUTION OF STAND ATTRIBUTES BY
YEAR  ATTRIBUTES      10     30     50     70     90    100       ATTRIBUTES       SPECIES AND 3 USER-DEFINED SUBCLASSES
----  -----------   ------ ------ ------ ------ ------ ------   --------------  ------------------------------------------
                                 (DBH IN INCHES)



2009  TREES           0.1    2.8    6.6    7.2    8.6    13.1      18. TREES     66.% LP1,  20.% WB1,  13.% DF1,   1.% AF1
      VOLUME:  
        TOTAL         6.5    7.1    7.6    8.6    9.6    13.1      73. CUFT      95.% LP1,   3.% DF1,   2.% WB1,   0.% ---
        MERCH         6.8    7.2    8.2    8.9   13.1    13.1      50. CUFT      98.% LP1,   2.% WB1,   0.% ---,   0.% ---
        MERCH         6.8    7.2    8.1    8.8   13.1    13.1     245. BDFT      98.% LP1,   2.% WB1,   0.% ---,   0.% ---


      ACCRETION       2.8    6.8    7.2    8.2    9.4    13.1       4. CUFT/YR   81.% LP1,  16.% DF1,   4.% WB1,   0.% ---
      MORTALITY       5.9    7.0    7.4    8.2    9.0    13.1       1. CUFT/YR   96.% LP1,   3.% WB1,   1.% DF1,   0.% ---



2019  TREES           0.3    6.8    8.1    8.5   10.0    14.5      15. TREES     69.% LP1,  16.% WB1,  14.% DF1,   1.% AF1
      VOLUME:  
        TOTAL         7.2    8.2    8.6    9.8   11.3    14.5     106. CUFT      89.% LP1,   8.% DF1,   3.% WB1,   0.% ---
        MERCH         7.5    8.2    8.8   10.0   11.3    14.5      83. CUFT      93.% LP1,   6.% DF1,   2.% WB1,   0.% ---
        MERCH         7.5    8.2    8.8   10.0   11.3    14.5     389. BDFT      92.% LP1,   6.% DF1,   2.% WB1,   0.% ---


      ACCRETION       7.0    8.1    8.3    9.3   10.9    14.5       4. CUFT/YR   83.% LP1,  14.% DF1,   3.% WB1,   0.% ---
      MORTALITY       7.1    8.1    8.3    9.0   10.6    14.5       1. CUFT/YR   95.% LP1,   3.% WB1,   2.% DF1,   0.% ---



2020  TREES           0.4    6.9    8.2    8.7   10.1    14.6      15. TREES     70.% LP1,  16.% WB1,  14.% DF1,   1.% AF1
      VOLUME:  
        TOTAL         7.2    8.3    8.7    9.8   11.5    14.6     109. CUFT      89.% LP1,   8.% DF1,   3.% WB1,   0.% ---
        MERCH         7.6    8.4    9.0   10.1   11.5    14.6      85. CUFT      92.% LP1,   6.% DF1,   2.% WB1,   0.% ---
        MERCH         7.5    8.4    9.0    9.8   11.5    14.6     402. BDFT      92.% LP1,   7.% DF1,   2.% WB1,   0.% ---


      ACCRETION       6.9    8.0    8.5    9.1   11.0    14.6       5. CUFT/YR   78.% LP1,  19.% DF1,   3.% WB1,   0.% AF1
      MORTALITY       7.0    8.2    8.5    9.4   11.0    14.6       1. CUFT/YR   91.% LP1,   5.% WB1,   4.% DF1,   0.% ---



2029  TREES           2.0    8.1    9.2    9.8   12.0    15.3      13. TREES     71.% LP1,  14.% DF1,  14.% WB1,   1.% AF1
      VOLUME:  
        TOTAL         8.4    9.3    9.8   10.8   12.6    15.3     145. CUFT      86.% LP1,  12.% DF1,   3.% WB1,   0.% AF1
        MERCH         8.5    9.4   10.1   10.9   12.6    15.3     119. CUFT      87.% LP1,  12.% DF1,   1.% WB1,   0.% ---
        MERCH         8.5    9.3   10.1   10.9   12.6    15.3     580. BDFT      85.% LP1,  13.% DF1,   2.% WB1,   0.% ---


     FOREST VEGETATION SIMULATOR     VERSION FS2025.3 -- INLAND EMPIRE EXPANDED                 RV:20250701    11-25-2025  15:26:28

STAND ID: UNCALBST208                   MGMT ID: NONE     


------------------------------------------------------------------------------------------------------------------------------
                     ATTRIBUTES OF SELECTED SAMPLE TREES                 ADDITIONAL STAND ATTRIBUTES (BASED ON STOCKABLE AREA)
      -----------------------------------------------------------------  -----------------------------------------------------
      INITIAL                           LIVE   PAST DBH  BASAL   TREES          QUADRATIC   TREES    BASAL  TOP HEIGHT  CROWN
      TREES/A            DBH    HEIGHT  CROWN   GROWTH   AREA     PER    STAND   MEAN DBH    PER     AREA     LARGEST   COMP
YEAR   %TILE  SPECIES (INCHES)  (FEET)  RATIO  (INCHES)  %TILE    ACRE   AGE     (INCHES)    ACRE   (SQFT/A) 40/A (FT)  FACTOR
----  ------- ------- -------- -------- ------ --------- ------- ------  -----  ---------   ------ --------- --------- -------

2009                                          ( 10 YRS)

        10     LP1       0.10     1.01    74     0.00      0.0    0.75
        30     DF1       2.80    21.00    45     1.81      0.9    0.25
        50     LP1       6.60    41.00    45     0.94     16.7    0.25
        70     LP1       7.20    43.00    55     1.26     42.3    0.25
        90     LP1       8.60    52.00    65     1.89     74.8    0.25
       100     LP1      13.10    57.00    65     1.83    100.0    0.25
                                                                          90       6.2       18.       4.       29.3      3.8

2019                                          ( 10 YRS)

        10     LP1       0.41     8.58    74     0.30      0.0    0.41
        30     DF1       7.39    47.32    45     3.98     16.7    0.25
        50     LP1       8.15    48.03    48     1.51     32.9    0.24
        70     LP1       8.25    47.77    55     1.01     38.4    0.23
        90     LP1      10.58    60.49    68     1.92     81.0    0.24
       100     LP1      14.47    62.42    62     1.32    100.0    0.24
                                                                         100       7.7       15.       5.       39.7      4.9

2020                                          (  1 YRS)

        10     LP1       0.78    11.49    74     0.36      0.1    0.38
        30     DF1       7.52    48.42    45     0.12     16.8    0.25
        50     LP1       8.28    48.57    48     0.12     33.1    0.24
        70     LP1       8.37    48.28    55     0.12     38.5    0.23
        90     LP1      10.75    61.13    68     0.16     81.0    0.24
       100     LP1      14.58    62.84    62     0.11    100.0    0.24
                                                                         101       7.8       15.       5.       40.6      5.0

2029                                          (  9 YRS)

        10     LP1       4.28    37.12    74     3.39      1.1    0.38
        30     DF1       9.11    61.51    44     1.38     24.0    0.24
        50     LP1       9.44    53.64    48     1.12     39.3    0.22
        70     LP1       9.20    52.00    52     0.80     28.9    0.21
        90     LP1      12.63    68.69    70     1.82     95.0    0.23
       100     LP1      15.32    65.85    61     0.72    100.0    0.23
                                                                         110       9.0       13.       6.       48.7      5.9


     FOREST VEGETATION SIMULATOR     VERSION FS2025.3 -- INLAND EMPIRE EXPANDED                 RV:20250701    11-25-2025  15:26:28

STAND ID: UNCALBST208                   MGMT ID: NONE    



                                SUMMARY STATISTICS (PER ACRE OR STAND BASED ON TOTAL STAND AREA)
--------------------------------------------------------------------------------------------------------------------------------------
               START OF SIMULATION PERIOD                     REMOVALS             AFTER TREATMENT    GROWTH THIS PERIOD
         --------------------------------------------- ----------------------- ---------------------  ------------------   MAI  ------
         NO OF              TOP      TOTAL MERCH MERCH NO OF TOTAL MERCH MERCH              TOP  RES  PERIOD ACCRE MORT   MERCH FOR SS
YEAR AGE TREES  BA  SDI CCF HT  QMD  CU FT CU FT BD FT TREES CU FT CU FT BD FT  BA  SDI CCF HT   QMD  YEARS   PER  YEAR   CU FT TYP ZT
---- --- ----- --- ---- --- --- ---- ----- ----- ----- ----- ----- ----- ----- --- ---- --- --- ----  ------ ---- -----   ----- ------
2009  90    18   4    8   4  29  6.2    73    50   245     0     0     0     0   4    8   4  29  6.2      10    4     1     0.6 999 55
2019 100    15   5   10   5  40  7.7   106    83   389     0     0     0     0   5   10   5  40  7.7       1    4     1     0.8 999 55
2020 101    15   5   10   5  41  7.8   109    85   402     0     0     0     0   5   10   5  41  7.8       9    5     1     0.8 999 55
2029 110    13   6   11   6  49  9.0   145   119   580     0     0     0     0   6   11   6  49  9.0       0    0     0     1.1 999 55




                                                     ACTIVITY SUMMARY 

STAND ID= UNCALBST208                   MGMT ID= NONE                                                                            

----------------------------------------------------------------------------------------------------------------------------------

CYCLE  DATE  EXTENSION  KEYWORD   DATE  ACTIVITY DISPOSITION  PARAMETERS:
-----  ----  ---------  --------  ----  --------------------  --------------------------------------------------------------------

   1   2009
               BASE     TREELIST  2009  DONE IN 2018               3.0000     0.0000     0.0000

   2   2019
               BASE     TREELIST  2019  DONE IN 2019               3.0000     0.0000     0.0000

   3   2020
               BASE     TREELIST  2020  DONE IN 2028               3.0000     0.0000     0.0000
----------------------------------------------------------------------------------------------------------------------------------
