

     FOREST VEGETATION SIMULATOR     VERSION FS2025.3 -- INLAND EMPIRE EXPANDED                 RV:20250701    11-25-2025  15:26:26

----------------------------------------------------------------------------------------------------------------------------------

                                                OPTIONS SELECTED BY INPUT

KEYWORD FILE NAME: ../../data/fvs_runFiles/uc_Nov252025_15.26/uncalib_stand164
----------------------------------------------------------------------------------------------------------------------------------
KEYWORD    PARAMETERS:
--------   -----------------------------------------------------------------------------------------------------------------------

STDIDENT
           STAND ID= UNCALBST164                                                                                               

RANNSEED   RANDOM SEED IS:        2025.0

********   FVS03 WARNING:  FOREST CODE INDICATES THE GEOGRAPHIC LOCATION IS OUTSIDE THE RANGE OF THE MODEL.  DEFAULT CODE IS USED.

********   FOREST CODE USED IN THIS PROJECTION IS 118

           HABITAT TYPE WILL BE MAPPED TO 690 FOR THIS PROJECTION.

STDINFO    FOREST-LOCATION CODE=     118; HABITAT TYPE=690; AGE=  121; ASPECT AZIMUTH IN DEGREES= 255.; SLOPE=  38.%
           ELEVATION(100'S FEET)= 57.0; REFERENCE CODE=     

TREELIST   DATE/CYCLE=    0; DATA SET REFERENCE NUMBER =  3.; HEADING SUPPRESSION CODE = 0.
           (0=WITH HEADING, OTHER VALUES=SUPPRESS HEADING).

TREEFMT 
          (I4,I4,F8.3,I1,A3,F5.1,F5.1,2F5.1,F5.1,I1,6I2,2I1,I2,2I3,2I1,F3.0)              
                                                                                          

DESIGN     BASAL AREA FACTOR=   -1.0; INVERSE OF FIXED PLOT AREA=    0.0; BREAK DBH=    0.0
           NUMBER OF PLOTS=     4; NON-STOCKABLE PLOTS=     0; STAND SAMPLING WEIGHT=     4.00000
           PROPORTION OF STAND CONSIDERED STOCKABLE=  1.000
           SEE "OPTIONS SELECTED BY DEFAULT" FOR FINAL DESIGN VALUES.

INVYEAR    INVENTORY YEAR= 2008

CYCLEAT    REQUESTED YEAR FOR A CYCLE =2019

NOTRIPLE

NOAUTOES   TALLIES AND INGROWTH WILL NOT BE ADDED AUTOMATICALLY.
           STOCKADJ IS SET TO ZERO, AND NO SPROUTING WILL BE SIMULATED.

CYCLEAT    REQUESTED YEAR FOR A CYCLE =2019

NOCALIB    CALIBRATION USING GROWTH DATA FROM TREE RECORDS HAS BEEN SUPPRESSED FOR ALL SPECIES

NOHTDREG   CALIBRATION OF HEIGHT-DIAMETER RELATIONSHIP WILL BE SUPPRESSED FOR ALL SPECIES


            

NUMCYCLE   NUMBER OF CYCLES=  2

PROCESS    PROCESS THE STAND.
----------------------------------------------------------------------------------------------------------------------------------

                                                OPTIONS SELECTED BY DEFAULT

----------------------------------------------------------------------------------------------------------------------------------

DESIGN     BASAL AREA FACTOR=   -1.0; INVERSE OF FIXED PLOT AREA=    0.0; BREAK DBH=    0.0
           NUMBER OF PLOTS=     4; NON-STOCKABLE PLOTS=     0; STAND SAMPLING WEIGHT=     4.00000
           PROPORTION OF STAND CONSIDERED STOCKABLE=  1.000

STDINFO    FOREST-LOCATION CODE=     118; HABITAT TYPE=690; AGE=  121; ASPECT AZIMUTH IN DEGREES= 255.; SLOPE=  38.%
           ELEVATION(100'S FEET)= 57.0;  REFERENCE CODE=     

SPECIES      WP      WL      DF      GF      WH      RC      LP      ES      AF      PP
SDI MAX     841.    841.    841.    841.    841.    841.    841.    841.    841.    841.

SPECIES      MH      WB      LM      LL      PM      RM      PY      AS      CO      MM
SDI MAX     841.    841.    841.    841.    841.    841.    841.    841.    841.    841.

SPECIES      PB      OH      OS
SDI MAX     841.    841.    841.

                                  NATIONAL VOLUME ESTIMATOR LIBRARY EQUATION NUMBERS
SPECIES CUBIC FOOT BOARD FOOT SPECIES CUBIC FOOT BOARD FOOT SPECIES CUBIC FOOT BOARD FOOT SPECIES CUBIC FOOT BOARD FOOT 
------- ---------- ---------- ------- ---------- ---------- ------- ---------- ---------- ------- ---------- ---------- 
  WP    I00FW2W119 I00FW2W119   WL    I00FW2W073 I00FW2W073   DF    I00FW2W202 I00FW2W202   GF    I00FW2W017 I00FW2W017
  WH    I00FW2W260 I00FW2W260   RC    I00FW2W242 I00FW2W242   LP    I00FW2W108 I00FW2W108   ES    I00FW2W093 I00FW2W093
  AF    I00FW2W019 I00FW2W019   PP    I00FW2W122 I00FW2W122   MH    I00FW2W260 I00FW2W260   WB    I00FW2W012 I00FW2W012
  LM    I00FW2W073 I00FW2W073   LL    I00FW2W019 I00FW2W019   PM    102DVEW106 102DVEW106   RM    102DVEW106 102DVEW106
  PY    616BEHW231 616BEHW231   AS    102DVEW746 102DVEW746   CO    102DVEW740 102DVEW740   MM    200DVEW746 200DVEW746
  PB    101DVEW375 101DVEW375   OH    200DVEW746 200DVEW746   OS    I00FW2W260 I00FW2W260

SITECODE   SITE INDEX INFORMATION:
            WP=    0.;  WL=    0.;  DF=    0.;  GF=    0.;  WH=    0.;  RC=    0.;  LP=    0.;  ES=    0.; AF=    0.
            PP=    0.;  MH=    0.;  WB=    0.;  LM=   32.;  LL=    0.;  PM=   11.;  RM=    9.;  PY=   32.; AS=   46.
            CO=   67.;  MM=   46.;  PB=   46.;  OH=   67.;  OS=    0.
           SITE SPECIES=DF CODE=    3

INVENTORY POINT CROSS REFERENCE (FVS SEQUENTIAL POINT NUMBER = POINT NUMBER AS ENTERED IN THE INPUT DATA):
  1=       1;   2=       2;   3=       3;   4=       4
----------------------------------------------------------------------------------------------------------------------------------


                                                     ACTIVITY SCHEDULE

STAND ID= UNCALBST164                   MGMT ID= NONE                                                                            

----------------------------------------------------------------------------------------------------------------------------------

CYCLE  DATE  EXTENSION  KEYWORD   DATE  PARAMETERS:
-----  ----  ---------  --------  ----  ------------------------------------------------------------------------------------------

   1   2008
               BASE     TREELIST  2008       3.0000     0.0000     0.0000

   2   2018
               BASE     TREELIST  2018       3.0000     0.0000     0.0000

   3   2019
               BASE     TREELIST  2019       3.0000     0.0000     0.0000
----------------------------------------------------------------------------------------------------------------------------------


CALIBRATION STATISTICS:


                                                 LP    DF    AF    PP
                                                ----  ----  ----  ----

NUMBER OF RECORDS PER SPECIES                     11    12     1     3

NUMBER OF RECORDS CODED AS RECENT MORTALITY        0     0     0     0

NUMBER OF RECORDS WITH MISSING HEIGHTS             0     3     0     0

NUMBER OF RECORDS WITH BROKEN OR DEAD TOPS         0     0     0     0

NUMBER OF RECORDS WITH MISSING CROWN RATIOS        0     3     0     0

NUMBER OF RECORDS AVAILABLE FOR SCALING
THE DIAMETER INCREMENT MODEL                       0     0     0     0

RATIO OF STANDARD ERRORS
(INPUT DBH GROWTH DATA : MODEL)                 1.00  1.00  1.00  1.00

WEIGHT GIVEN TO THE INPUT GROWTH DATA WHEN
DBH GROWTH MODEL SCALE FACTORS WERE COMPUTED    0.00  0.00  0.00  0.00

INITIAL SCALE FACTORS FOR THE
DBH INCREMENT MODEL                             1.00  1.00  1.00  1.00

NUMBER OF RECORDS AVAILABLE FOR SCALING
THE SMALL TREE HEIGHT INCREMENT MODEL             0     0     0     0

INITIAL SCALE FACTORS FOR THE SMALL TREE
HEIGHT INCREMENT MODEL                          1.00  1.00  1.00  1.00

NUMBER OF RECORDS WITH MISTLETOE                   0     0     0     0


     FOREST VEGETATION SIMULATOR     VERSION FS2025.3 -- INLAND EMPIRE EXPANDED                 RV:20250701    11-25-2025  15:26:26

STAND ID: UNCALBST164                   MGMT ID: NONE     


                                        STAND COMPOSITION (BASED ON STOCKABLE AREA)
--------------------------------------------------------------------------------------------------------------------------
                            PERCENTILE POINTS IN THE
                     DISTRIBUTION OF STAND ATTRIBUTES BY DBH      TOTAL/ACRE
        STAND       -----------------------------------------      OF STAND         DISTRIBUTION OF STAND ATTRIBUTES BY
YEAR  ATTRIBUTES      10     30     50     70     90    100       ATTRIBUTES       SPECIES AND 3 USER-DEFINED SUBCLASSES
----  -----------   ------ ------ ------ ------ ------ ------   --------------  ------------------------------------------
                                 (DBH IN INCHES)



2008  TREES           0.1    0.1    5.4   10.7   15.9    27.5      10. TREES     65.% DF1,  25.% LP1,   8.% PP1,   2.% AF1
      VOLUME:  
        TOTAL        10.5   11.9   15.7   17.4   27.5    27.5     158. CUFT      51.% DF1,  29.% LP1,  19.% PP1,   0.% AF1
        MERCH        10.5   13.0   15.9   17.4   27.5    27.5     139. CUFT      52.% DF1,  28.% LP1,  20.% PP1,   0.% ---
        MERCH        10.5   13.0   15.9   17.4   27.5    27.5     715. BDFT      53.% DF1,  27.% LP1,  20.% PP1,   0.% ---


      ACCRETION       8.7   13.0   15.3   16.3   27.5    27.5       4. CUFT/YR   46.% DF1,  28.% PP1,  24.% LP1,   1.% AF1
      MORTALITY       8.3   10.5   10.7   11.9   17.4    27.5       0. CUFT/YR   72.% LP1,  21.% DF1,   7.% PP1,   1.% AF1



2018  TREES           0.3    0.3    9.5   12.4   17.8    29.2       9. TREES     62.% DF1,  27.% LP1,   9.% PP1,   3.% AF1
      VOLUME:  
        TOTAL        11.2   16.1   17.4   19.6   29.2    29.2     196. CUFT      51.% DF1,  27.% LP1,  22.% PP1,   1.% AF1
        MERCH        11.2   16.1   17.4   19.6   29.2    29.2     174. CUFT      51.% DF1,  26.% LP1,  22.% PP1,   0.% ---
        MERCH        11.2   16.1   17.4   19.6   29.2    29.2     925. BDFT      52.% DF1,  25.% LP1,  23.% PP1,   0.% ---


      ACCRETION       9.6   13.2   17.3   17.8   24.3    29.2       4. CUFT/YR   46.% DF1,  26.% PP1,  26.% LP1,   2.% AF1
      MORTALITY       8.9   11.2   11.5   13.2   19.6    29.2       1. CUFT/YR   71.% LP1,  21.% DF1,   7.% PP1,   1.% AF1



2019  TREES           0.4    0.5    9.6   12.5   18.0    29.3       8. TREES     61.% DF1,  27.% LP1,   9.% PP1,   3.% AF1
      VOLUME:  
        TOTAL        11.3   16.2   17.5   19.7   29.3    29.3     199. CUFT      51.% DF1,  27.% LP1,  22.% PP1,   1.% AF1
        MERCH        11.3   16.2   17.5   19.7   29.3    29.3     176. CUFT      51.% DF1,  26.% LP1,  23.% PP1,   0.% ---
        MERCH        11.3   16.2   17.5   19.7   29.3    29.3     937. BDFT      51.% DF1,  26.% LP1,  23.% PP1,   0.% ---


      ACCRETION       8.3   12.5   17.0   17.8   24.4    29.3       4. CUFT/YR   45.% DF1,  29.% PP1,  23.% LP1,   3.% AF1
      MORTALITY       9.6   11.5   11.7   17.5   24.4    29.3       1. CUFT/YR   63.% LP1,  25.% DF1,  11.% PP1,   0.% AF1



2028  TREES           1.9    3.8   10.2   14.0   19.0    30.0       8. TREES     61.% DF1,  27.% LP1,   9.% PP1,   3.% AF1
      VOLUME:  
        TOTAL        11.6   18.3   18.7   21.2   30.0    30.0     233. CUFT      50.% DF1,  25.% LP1,  23.% PP1,   1.% AF1
        MERCH        11.8   18.3   18.7   21.2   30.0    30.0     206. CUFT      50.% DF1,  25.% LP1,  24.% PP1,   1.% AF1
        MERCH        11.8   18.3   18.7   21.2   30.0    30.0    1114. BDFT      51.% DF1,  25.% PP1,  23.% LP1,   1.% AF1


     FOREST VEGETATION SIMULATOR     VERSION FS2025.3 -- INLAND EMPIRE EXPANDED                 RV:20250701    11-25-2025  15:26:26

STAND ID: UNCALBST164                   MGMT ID: NONE     


------------------------------------------------------------------------------------------------------------------------------
                     ATTRIBUTES OF SELECTED SAMPLE TREES                 ADDITIONAL STAND ATTRIBUTES (BASED ON STOCKABLE AREA)
      -----------------------------------------------------------------  -----------------------------------------------------
      INITIAL                           LIVE   PAST DBH  BASAL   TREES          QUADRATIC   TREES    BASAL  TOP HEIGHT  CROWN
      TREES/A            DBH    HEIGHT  CROWN   GROWTH   AREA     PER    STAND   MEAN DBH    PER     AREA     LARGEST   COMP
YEAR   %TILE  SPECIES (INCHES)  (FEET)  RATIO  (INCHES)  %TILE    ACRE   AGE     (INCHES)    ACRE   (SQFT/A) 40/A (FT)  FACTOR
----  ------- ------- -------- -------- ------ --------- ------- ------  -----  ---------   ------ --------- --------- -------

2008                                          ( 10 YRS)

        10     DF1       0.10     1.01    69     0.00      0.0    1.25
        30     DF1       0.10     1.01    76     0.00      0.0    2.50
        50     AF1       5.40    36.00    75     2.33      0.8    0.25
        70     LP1      10.70    78.00    25     0.75     17.4    0.25
        90     PP1      15.90    82.00    35     1.15     54.6    0.25
       100     DF1      27.50    77.00    65     0.87    100.0    0.25
                                                                         121      10.1       10.       6.       37.1      4.8

2018                                          ( 10 YRS)

        10     DF1       0.33     8.84    69     0.20      0.0    0.91
        30     DF1       0.33     8.76    76     0.20      0.0    1.82
        50     AF1       6.56    48.40    73     1.09      1.6    0.24
        70     LP1      11.20    81.35    24     0.48     12.2    0.23
        90     PP1      17.34    88.07    34     1.28     43.5    0.25
       100     DF1      29.16    81.01    64     1.44    100.0    0.25
                                                                         131      11.8        9.       7.       48.0      5.6

2019                                          (  1 YRS)

        10     DF1       0.45     9.71    69     0.10      0.0    0.88
        30     DF1       0.43     9.46    76     0.09      0.0    1.76
        50     AF1       6.74    49.07    73     0.17      1.7    0.24
        70     LP1      11.27    81.71    24     0.07     12.3    0.23
        90     PP1      17.49    88.62    34     0.13     43.6    0.24
       100     DF1      29.27    81.35    64     0.10    100.0    0.25
                                                                         132      12.0        8.       7.       49.0      5.6

2028                                          (  9 YRS)

        10     DF1       3.82    31.40    69     2.93      1.4    0.83
        30     DF1       1.87    19.39    76     1.25      0.4    1.58
        50     AF1       8.99    57.21    75     2.10      4.1    0.23
        70     LP1      11.79    84.80    24     0.51     14.4    0.21
        90     PP1      18.72    93.58    35     1.09     51.6    0.24
       100     DF1      30.02    84.18    63     0.65    100.0    0.24
                                                                         141      13.2        8.       8.       58.4      6.3


     FOREST VEGETATION SIMULATOR     VERSION FS2025.3 -- INLAND EMPIRE EXPANDED                 RV:20250701    11-25-2025  15:26:26

STAND ID: UNCALBST164                   MGMT ID: NONE    



                                SUMMARY STATISTICS (PER ACRE OR STAND BASED ON TOTAL STAND AREA)
--------------------------------------------------------------------------------------------------------------------------------------
               START OF SIMULATION PERIOD                     REMOVALS             AFTER TREATMENT    GROWTH THIS PERIOD
         --------------------------------------------- ----------------------- ---------------------  ------------------   MAI  ------
         NO OF              TOP      TOTAL MERCH MERCH NO OF TOTAL MERCH MERCH              TOP  RES  PERIOD ACCRE MORT   MERCH FOR SS
YEAR AGE TREES  BA  SDI CCF HT  QMD  CU FT CU FT BD FT TREES CU FT CU FT BD FT  BA  SDI CCF HT   QMD  YEARS   PER  YEAR   CU FT TYP ZT
---- --- ----- --- ---- --- --- ---- ----- ----- ----- ----- ----- ----- ----- --- ---- --- --- ----  ------ ---- -----   ----- ------
2008 121    10   6   10   5  37 10.1   158   139   715     0     0     0     0   6   10   5  37 10.1      10    4     0     1.1 999 55
2018 131     9   7   11   6  48 11.8   196   174   925     0     0     0     0   7   11   6  48 11.8       1    4     1     1.3 999 55
2019 132     8   7   11   6  49 12.0   199   176   937     0     0     0     0   7   11   6  49 12.0       9    4     1     1.3 999 55
2028 141     8   8   12   6  58 13.2   233   206  1114     0     0     0     0   8   12   6  58 13.2       0    0     0     1.5 999 55




                                                     ACTIVITY SUMMARY 

STAND ID= UNCALBST164                   MGMT ID= NONE                                                                            

----------------------------------------------------------------------------------------------------------------------------------

CYCLE  DATE  EXTENSION  KEYWORD   DATE  ACTIVITY DISPOSITION  PARAMETERS:
-----  ----  ---------  --------  ----  --------------------  --------------------------------------------------------------------

   1   2008
               BASE     TREELIST  2008  DONE IN 2017               3.0000     0.0000     0.0000

   2   2018
               BASE     TREELIST  2018  DONE IN 2018               3.0000     0.0000     0.0000

   3   2019
               BASE     TREELIST  2019  DONE IN 2027               3.0000     0.0000     0.0000
----------------------------------------------------------------------------------------------------------------------------------
