

     FOREST VEGETATION SIMULATOR     VERSION FS2025.3 -- INLAND EMPIRE EXPANDED                 RV:20250701    11-25-2025  15:26:29

----------------------------------------------------------------------------------------------------------------------------------

                                                OPTIONS SELECTED BY INPUT

KEYWORD FILE NAME: ../../data/fvs_runFiles/uc_Nov252025_15.26/uncalib_stand225
----------------------------------------------------------------------------------------------------------------------------------
KEYWORD    PARAMETERS:
--------   -----------------------------------------------------------------------------------------------------------------------

STDIDENT
           STAND ID= UNCALBST225                                                                                               

RANNSEED   RANDOM SEED IS:        2025.0

********   FVS03 WARNING:  FOREST CODE INDICATES THE GEOGRAPHIC LOCATION IS OUTSIDE THE RANGE OF THE MODEL.  DEFAULT CODE IS USED.

********   FOREST CODE USED IN THIS PROJECTION IS 118

           HABITAT TYPE WILL BE MAPPED TO 290 FOR THIS PROJECTION.

STDINFO    FOREST-LOCATION CODE=     118; HABITAT TYPE=290; AGE=  247; ASPECT AZIMUTH IN DEGREES= 208.; SLOPE=  26.%
           ELEVATION(100'S FEET)= 44.0; REFERENCE CODE=     

TREELIST   DATE/CYCLE=    0; DATA SET REFERENCE NUMBER =  3.; HEADING SUPPRESSION CODE = 0.
           (0=WITH HEADING, OTHER VALUES=SUPPRESS HEADING).

TREEFMT 
          (I4,I4,F8.3,I1,A3,F5.1,F5.1,2F5.1,F5.1,I1,6I2,2I1,I2,2I3,2I1,F3.0)              
                                                                                          

DESIGN     BASAL AREA FACTOR=   -1.0; INVERSE OF FIXED PLOT AREA=    0.0; BREAK DBH=    0.0
           NUMBER OF PLOTS=     4; NON-STOCKABLE PLOTS=     0; STAND SAMPLING WEIGHT=     4.00000
           PROPORTION OF STAND CONSIDERED STOCKABLE=  1.000
           SEE "OPTIONS SELECTED BY DEFAULT" FOR FINAL DESIGN VALUES.

INVYEAR    INVENTORY YEAR= 2004

CYCLEAT    REQUESTED YEAR FOR A CYCLE =2015

NOTRIPLE

NOAUTOES   TALLIES AND INGROWTH WILL NOT BE ADDED AUTOMATICALLY.
           STOCKADJ IS SET TO ZERO, AND NO SPROUTING WILL BE SIMULATED.

CYCLEAT    REQUESTED YEAR FOR A CYCLE =2015

NOCALIB    CALIBRATION USING GROWTH DATA FROM TREE RECORDS HAS BEEN SUPPRESSED FOR ALL SPECIES

NOHTDREG   CALIBRATION OF HEIGHT-DIAMETER RELATIONSHIP WILL BE SUPPRESSED FOR ALL SPECIES


            

NUMCYCLE   NUMBER OF CYCLES=  2

PROCESS    PROCESS THE STAND.

********   FVS09 WARNING:  PLOT COUNTS DO NOT MATCH DATA ON THE DESIGN RECORD; DESIGN RECORD DATA USED.
                            PLOT COUNT=   3; NONSTOCKABLE COUNT=   0
----------------------------------------------------------------------------------------------------------------------------------

                                                OPTIONS SELECTED BY DEFAULT

----------------------------------------------------------------------------------------------------------------------------------

DESIGN     BASAL AREA FACTOR=   -1.0; INVERSE OF FIXED PLOT AREA=    0.0; BREAK DBH=    0.0
           NUMBER OF PLOTS=     4; NON-STOCKABLE PLOTS=     0; STAND SAMPLING WEIGHT=     4.00000
           PROPORTION OF STAND CONSIDERED STOCKABLE=  1.000

STDINFO    FOREST-LOCATION CODE=     118; HABITAT TYPE=290; AGE=  247; ASPECT AZIMUTH IN DEGREES= 208.; SLOPE=  26.%
           ELEVATION(100'S FEET)= 44.0;  REFERENCE CODE=     

SPECIES      WP      WL      DF      GF      WH      RC      LP      ES      AF      PP
SDI MAX     582.    582.    582.    582.    582.    582.    582.    582.    582.    582.

SPECIES      MH      WB      LM      LL      PM      RM      PY      AS      CO      MM
SDI MAX     582.    582.    582.    582.    582.    582.    582.    582.    582.    582.

SPECIES      PB      OH      OS
SDI MAX     582.    582.    582.

                                  NATIONAL VOLUME ESTIMATOR LIBRARY EQUATION NUMBERS
SPECIES CUBIC FOOT BOARD FOOT SPECIES CUBIC FOOT BOARD FOOT SPECIES CUBIC FOOT BOARD FOOT SPECIES CUBIC FOOT BOARD FOOT 
------- ---------- ---------- ------- ---------- ---------- ------- ---------- ---------- ------- ---------- ---------- 
  WP    I00FW2W119 I00FW2W119   WL    I00FW2W073 I00FW2W073   DF    I00FW2W202 I00FW2W202   GF    I00FW2W017 I00FW2W017
  WH    I00FW2W260 I00FW2W260   RC    I00FW2W242 I00FW2W242   LP    I00FW2W108 I00FW2W108   ES    I00FW2W093 I00FW2W093
  AF    I00FW2W019 I00FW2W019   PP    I00FW2W122 I00FW2W122   MH    I00FW2W260 I00FW2W260   WB    I00FW2W012 I00FW2W012
  LM    I00FW2W073 I00FW2W073   LL    I00FW2W019 I00FW2W019   PM    102DVEW106 102DVEW106   RM    102DVEW106 102DVEW106
  PY    616BEHW231 616BEHW231   AS    102DVEW746 102DVEW746   CO    102DVEW740 102DVEW740   MM    200DVEW746 200DVEW746
  PB    101DVEW375 101DVEW375   OH    200DVEW746 200DVEW746   OS    I00FW2W260 I00FW2W260

SITECODE   SITE INDEX INFORMATION:
            WP=    0.;  WL=    0.;  DF=    0.;  GF=    0.;  WH=    0.;  RC=    0.;  LP=    0.;  ES=    0.; AF=    0.
            PP=    0.;  MH=    0.;  WB=    0.;  LM=   34.;  LL=    0.;  PM=   12.;  RM=   10.;  PY=   34.; AS=   49.
            CO=   72.;  MM=   49.;  PB=   49.;  OH=   72.;  OS=    0.
           SITE SPECIES=DF CODE=    3

INVENTORY POINT CROSS REFERENCE (FVS SEQUENTIAL POINT NUMBER = POINT NUMBER AS ENTERED IN THE INPUT DATA):
  1=       1;   2=       2;   3=       4;   4=       0
----------------------------------------------------------------------------------------------------------------------------------


                                                     ACTIVITY SCHEDULE

STAND ID= UNCALBST225                   MGMT ID= NONE                                                                            

----------------------------------------------------------------------------------------------------------------------------------

CYCLE  DATE  EXTENSION  KEYWORD   DATE  PARAMETERS:
-----  ----  ---------  --------  ----  ------------------------------------------------------------------------------------------

   1   2004
               BASE     TREELIST  2004       3.0000     0.0000     0.0000

   2   2014
               BASE     TREELIST  2014       3.0000     0.0000     0.0000

   3   2015
               BASE     TREELIST  2015       3.0000     0.0000     0.0000
----------------------------------------------------------------------------------------------------------------------------------


CALIBRATION STATISTICS:


                                                 PP    DF    ES
                                                ----  ----  ----

NUMBER OF RECORDS PER SPECIES                      5     4     1

NUMBER OF RECORDS CODED AS RECENT MORTALITY        0     2     0

NUMBER OF RECORDS WITH MISSING HEIGHTS             0     0     0

NUMBER OF RECORDS WITH BROKEN OR DEAD TOPS         1     0     0

NUMBER OF RECORDS WITH MISSING CROWN RATIOS        0     0     0

NUMBER OF RECORDS AVAILABLE FOR SCALING
THE DIAMETER INCREMENT MODEL                       0     0     0

RATIO OF STANDARD ERRORS
(INPUT DBH GROWTH DATA : MODEL)                 1.00  1.00  1.00

WEIGHT GIVEN TO THE INPUT GROWTH DATA WHEN
DBH GROWTH MODEL SCALE FACTORS WERE COMPUTED    0.00  0.00  0.00

INITIAL SCALE FACTORS FOR THE
DBH INCREMENT MODEL                             1.00  1.00  1.00

NUMBER OF RECORDS AVAILABLE FOR SCALING
THE SMALL TREE HEIGHT INCREMENT MODEL             0     0     0

INITIAL SCALE FACTORS FOR THE SMALL TREE
HEIGHT INCREMENT MODEL                          1.00  1.00  1.00

NUMBER OF RECORDS WITH MISTLETOE                   0     0     0


     FOREST VEGETATION SIMULATOR     VERSION FS2025.3 -- INLAND EMPIRE EXPANDED                 RV:20250701    11-25-2025  15:26:29

STAND ID: UNCALBST225                   MGMT ID: NONE     


                                        STAND COMPOSITION (BASED ON STOCKABLE AREA)
--------------------------------------------------------------------------------------------------------------------------
                            PERCENTILE POINTS IN THE
                     DISTRIBUTION OF STAND ATTRIBUTES BY DBH      TOTAL/ACRE
        STAND       -----------------------------------------      OF STAND         DISTRIBUTION OF STAND ATTRIBUTES BY
YEAR  ATTRIBUTES      10     30     50     70     90    100       ATTRIBUTES       SPECIES AND 3 USER-DEFINED SUBCLASSES
----  -----------   ------ ------ ------ ------ ------ ------   --------------  ------------------------------------------
                                 (DBH IN INCHES)



2004  TREES           1.1   16.7   24.0   24.6   40.1    40.1       2. TREES     71.% PP1,  14.% ES1,  14.% DF1,   0.% ---
      VOLUME:  
        TOTAL        24.0   24.6   32.8   40.1   40.1    40.1     244. CUFT      91.% PP1,   5.% DF1,   3.% ES1,   0.% ---
        MERCH        24.0   24.6   32.8   40.1   40.1    40.1     225. CUFT      92.% PP1,   5.% DF1,   3.% ES1,   0.% ---
        MERCH        24.0   24.6   32.8   40.1   40.1    40.1    1494. BDFT      93.% PP1,   5.% DF1,   3.% ES1,   0.% ---


      ACCRETION      12.0   24.0   24.6   32.8   40.1    40.1       3. CUFT/YR   80.% PP1,  13.% ES1,   7.% DF1,   0.% ---
      MORTALITY      16.7   24.6   32.8   40.1   40.1    40.1       1. CUFT/YR   89.% PP1,  10.% DF1,   1.% ES1,   0.% ---



2014  TREES           6.3   17.9   25.4   26.0   41.3    41.3       2. TREES     72.% PP1,  15.% ES1,  14.% DF1,   0.% ---
      VOLUME:  
        TOTAL        17.9   26.0   34.2   41.3   41.3    41.3     273. CUFT      90.% PP1,   6.% DF1,   5.% ES1,   0.% ---
        MERCH        25.4   26.0   34.2   41.3   41.3    41.3     253. CUFT      90.% PP1,   6.% DF1,   4.% ES1,   0.% ---
        MERCH        25.4   26.0   34.2   41.3   41.3    41.3    1668. BDFT      92.% PP1,   4.% DF1,   3.% ES1,   0.% ---


      ACCRETION      14.7   25.4   26.0   34.2   41.3    41.3       4. CUFT/YR   80.% PP1,  12.% ES1,   8.% DF1,   0.% ---
      MORTALITY      17.9   26.0   34.2   41.3   41.3    41.3       1. CUFT/YR   89.% PP1,  10.% DF1,   1.% ES1,   0.% ---



2015  TREES           6.6   18.0   25.6   26.2   41.5    41.5       2. TREES     72.% PP1,  15.% ES1,  14.% DF1,   0.% ---
      VOLUME:  
        TOTAL        18.0   26.2   34.4   41.5   41.5    41.5     276. CUFT      90.% PP1,   6.% DF1,   5.% ES1,   0.% ---
        MERCH        18.0   26.2   34.4   41.5   41.5    41.5     256. CUFT      90.% PP1,   6.% DF1,   4.% ES1,   0.% ---
        MERCH        25.6   26.2   34.4   41.5   41.5    41.5    1683. BDFT      91.% PP1,   5.% DF1,   4.% ES1,   0.% ---


      ACCRETION      14.9   18.0   26.2   34.4   41.5    41.5       4. CUFT/YR   77.% PP1,  14.% ES1,   8.% DF1,   0.% ---
      MORTALITY      25.6   26.2   34.4   41.5   41.5    41.5       1. CUFT/YR   92.% PP1,   7.% DF1,   2.% ES1,   0.% ---



2024  TREES          10.1   19.4   26.8   27.6   42.5    42.5       2. TREES     71.% PP1,  15.% ES1,  14.% DF1,   0.% ---
      VOLUME:  
        TOTAL        19.4   27.6   35.5   42.5   42.5    42.5     306. CUFT      88.% PP1,   6.% DF1,   6.% ES1,   0.% ---
        MERCH        19.4   27.6   35.5   42.5   42.5    42.5     285. CUFT      88.% PP1,   6.% DF1,   6.% ES1,   0.% ---
        MERCH        19.4   27.6   35.5   42.5   42.5    42.5    1889. BDFT      90.% PP1,   5.% DF1,   5.% ES1,   0.% ---


     FOREST VEGETATION SIMULATOR     VERSION FS2025.3 -- INLAND EMPIRE EXPANDED                 RV:20250701    11-25-2025  15:26:29

STAND ID: UNCALBST225                   MGMT ID: NONE     


------------------------------------------------------------------------------------------------------------------------------
                     ATTRIBUTES OF SELECTED SAMPLE TREES                 ADDITIONAL STAND ATTRIBUTES (BASED ON STOCKABLE AREA)
      -----------------------------------------------------------------  -----------------------------------------------------
      INITIAL                           LIVE   PAST DBH  BASAL   TREES          QUADRATIC   TREES    BASAL  TOP HEIGHT  CROWN
      TREES/A            DBH    HEIGHT  CROWN   GROWTH   AREA     PER    STAND   MEAN DBH    PER     AREA     LARGEST   COMP
YEAR   %TILE  SPECIES (INCHES)  (FEET)  RATIO  (INCHES)  %TILE    ACRE   AGE     (INCHES)    ACRE   (SQFT/A) 40/A (FT)  FACTOR
----  ------- ------- -------- -------- ------ --------- ------- ------  -----  ---------   ------ --------- --------- -------

2004                                          ( 10 YRS)

        10     PP1       1.10     7.00    25     0.98      0.0    0.25
        30     DF1      16.70    98.00    65     2.21      9.9    0.25
        50     PP1      24.00    88.00    25     1.73     23.3    0.25
        70     PP1      24.60   102.00    35     1.35     37.4    0.25
        90     PP1      40.10   127.00    65     1.53    100.0    0.25
       100     PP1      40.10   127.00    65     1.53    100.0    0.25
                                                                         247      24.8        2.       6.       87.6      3.8

2014                                          ( 10 YRS)

        10     PP1       6.31    30.56    25     4.64      0.9    0.25
        30     DF1      17.88   102.26    60     1.03     12.0    0.24
        50     PP1      25.44    93.73    23     1.28     25.5    0.24
        70     PP1      26.03   107.30    34     1.27     39.6    0.24
        90     PP1      41.33   130.12    65     1.09    100.0    0.24
       100     PP1      41.33   130.12    65     1.09    100.0    0.24
                                                                         257      26.1        2.       6.       95.4      4.1

2015                                          (  1 YRS)

        10     PP1       6.61    34.16    25     0.27      0.9    0.25
        30     DF1      18.04   102.77    60     0.14     12.2    0.24
        50     PP1      25.57    94.23    23     0.12     25.7    0.24
        70     PP1      26.19   107.83    34     0.14     39.8    0.24
        90     PP1      41.45   130.42    65     0.11    100.0    0.24
       100     PP1      41.45   130.42    65     0.11    100.0    0.24
                                                                         258      26.2        2.       6.       96.3      4.1

2024                                          (  9 YRS)

        10     PP1      10.09    69.59    25     3.10      2.0    0.25
        30     DF1      19.43   107.37    61     1.20     14.7    0.23
        50     PP1      26.77    98.75    23     1.07     28.0    0.24
        70     PP1      27.58   112.62    34     1.24     42.2    0.24
        90     PP1      42.51   133.01    65     0.94    100.0    0.24
       100     PP1      42.51   133.01    65     0.94    100.0    0.24
                                                                         267      27.5        2.       7.      105.3      4.4


     FOREST VEGETATION SIMULATOR     VERSION FS2025.3 -- INLAND EMPIRE EXPANDED                 RV:20250701    11-25-2025  15:26:29

STAND ID: UNCALBST225                   MGMT ID: NONE    



                                SUMMARY STATISTICS (PER ACRE OR STAND BASED ON TOTAL STAND AREA)
--------------------------------------------------------------------------------------------------------------------------------------
               START OF SIMULATION PERIOD                     REMOVALS             AFTER TREATMENT    GROWTH THIS PERIOD
         --------------------------------------------- ----------------------- ---------------------  ------------------   MAI  ------
         NO OF              TOP      TOTAL MERCH MERCH NO OF TOTAL MERCH MERCH              TOP  RES  PERIOD ACCRE MORT   MERCH FOR SS
YEAR AGE TREES  BA  SDI CCF HT  QMD  CU FT CU FT BD FT TREES CU FT CU FT BD FT  BA  SDI CCF HT   QMD  YEARS   PER  YEAR   CU FT TYP ZT
---- --- ----- --- ---- --- --- ---- ----- ----- ----- ----- ----- ----- ----- --- ---- --- --- ----  ------ ---- -----   ----- ------
2004 247     2   6    7   4  88 24.8   244   225  1494     0     0     0     0   6    7   4  88 24.8      10    3     1     0.9 999 55
2014 257     2   6    8   4  95 26.1   273   253  1668     0     0     0     0   6    8   4  95 26.1       1    4     1     1.0 999 55
2015 258     2   6    8   4  96 26.2   276   256  1683     0     0     0     0   6    8   4  96 26.2       9    4     1     1.0 999 55
2024 267     2   7    9   4 105 27.5   306   285  1889     0     0     0     0   7    9   4 105 27.5       0    0     0     1.1 999 55




                                                     ACTIVITY SUMMARY 

STAND ID= UNCALBST225                   MGMT ID= NONE                                                                            

----------------------------------------------------------------------------------------------------------------------------------

CYCLE  DATE  EXTENSION  KEYWORD   DATE  ACTIVITY DISPOSITION  PARAMETERS:
-----  ----  ---------  --------  ----  --------------------  --------------------------------------------------------------------

   1   2004
               BASE     TREELIST  2004  DONE IN 2013               3.0000     0.0000     0.0000

   2   2014
               BASE     TREELIST  2014  DONE IN 2014               3.0000     0.0000     0.0000

   3   2015
               BASE     TREELIST  2015  DONE IN 2023               3.0000     0.0000     0.0000
----------------------------------------------------------------------------------------------------------------------------------
