

     FOREST VEGETATION SIMULATOR     VERSION FS2025.3 -- INLAND EMPIRE EXPANDED                 RV:20250701    11-25-2025  15:26:27

----------------------------------------------------------------------------------------------------------------------------------

                                                OPTIONS SELECTED BY INPUT

KEYWORD FILE NAME: ../../data/fvs_runFiles/uc_Nov252025_15.26/uncalib_stand181
----------------------------------------------------------------------------------------------------------------------------------
KEYWORD    PARAMETERS:
--------   -----------------------------------------------------------------------------------------------------------------------

STDIDENT
           STAND ID= UNCALBST181                                                                                               

RANNSEED   RANDOM SEED IS:        2025.0

********   FVS03 WARNING:  FOREST CODE INDICATES THE GEOGRAPHIC LOCATION IS OUTSIDE THE RANGE OF THE MODEL.  DEFAULT CODE IS USED.

********   FOREST CODE USED IN THIS PROJECTION IS 118

           HABITAT TYPE WILL BE MAPPED TO 310 FOR THIS PROJECTION.

STDINFO    FOREST-LOCATION CODE=     118; HABITAT TYPE=310; AGE=  178; ASPECT AZIMUTH IN DEGREES= 230.; SLOPE=  37.%
           ELEVATION(100'S FEET)= 53.0; REFERENCE CODE=     

TREELIST   DATE/CYCLE=    0; DATA SET REFERENCE NUMBER =  3.; HEADING SUPPRESSION CODE = 0.
           (0=WITH HEADING, OTHER VALUES=SUPPRESS HEADING).

TREEFMT 
          (I4,I4,F8.3,I1,A3,F5.1,F5.1,2F5.1,F5.1,I1,6I2,2I1,I2,2I3,2I1,F3.0)              
                                                                                          

DESIGN     BASAL AREA FACTOR=   -1.0; INVERSE OF FIXED PLOT AREA=    0.0; BREAK DBH=    0.0
           NUMBER OF PLOTS=     4; NON-STOCKABLE PLOTS=     0; STAND SAMPLING WEIGHT=     4.00000
           PROPORTION OF STAND CONSIDERED STOCKABLE=  1.000
           SEE "OPTIONS SELECTED BY DEFAULT" FOR FINAL DESIGN VALUES.

INVYEAR    INVENTORY YEAR= 2010

CYCLEAT    REQUESTED YEAR FOR A CYCLE =2021

NOTRIPLE

NOAUTOES   TALLIES AND INGROWTH WILL NOT BE ADDED AUTOMATICALLY.
           STOCKADJ IS SET TO ZERO, AND NO SPROUTING WILL BE SIMULATED.

CYCLEAT    REQUESTED YEAR FOR A CYCLE =2021

NOCALIB    CALIBRATION USING GROWTH DATA FROM TREE RECORDS HAS BEEN SUPPRESSED FOR ALL SPECIES

NOHTDREG   CALIBRATION OF HEIGHT-DIAMETER RELATIONSHIP WILL BE SUPPRESSED FOR ALL SPECIES


            

NUMCYCLE   NUMBER OF CYCLES=  2

PROCESS    PROCESS THE STAND.

********   FVS09 WARNING:  PLOT COUNTS DO NOT MATCH DATA ON THE DESIGN RECORD; DESIGN RECORD DATA USED.
                            PLOT COUNT=   3; NONSTOCKABLE COUNT=   0
----------------------------------------------------------------------------------------------------------------------------------

                                                OPTIONS SELECTED BY DEFAULT

----------------------------------------------------------------------------------------------------------------------------------

DESIGN     BASAL AREA FACTOR=   -1.0; INVERSE OF FIXED PLOT AREA=    0.0; BREAK DBH=    0.0
           NUMBER OF PLOTS=     4; NON-STOCKABLE PLOTS=     0; STAND SAMPLING WEIGHT=     4.00000
           PROPORTION OF STAND CONSIDERED STOCKABLE=  1.000

STDINFO    FOREST-LOCATION CODE=     118; HABITAT TYPE=310; AGE=  178; ASPECT AZIMUTH IN DEGREES= 230.; SLOPE=  37.%
           ELEVATION(100'S FEET)= 53.0;  REFERENCE CODE=     

SPECIES      WP      WL      DF      GF      WH      RC      LP      ES      AF      PP
SDI MAX     669.    669.    669.    669.    669.    669.    669.    669.    669.    669.

SPECIES      MH      WB      LM      LL      PM      RM      PY      AS      CO      MM
SDI MAX     669.    669.    669.    669.    669.    669.    669.    669.    669.    669.

SPECIES      PB      OH      OS
SDI MAX     669.    669.    669.

                                  NATIONAL VOLUME ESTIMATOR LIBRARY EQUATION NUMBERS
SPECIES CUBIC FOOT BOARD FOOT SPECIES CUBIC FOOT BOARD FOOT SPECIES CUBIC FOOT BOARD FOOT SPECIES CUBIC FOOT BOARD FOOT 
------- ---------- ---------- ------- ---------- ---------- ------- ---------- ---------- ------- ---------- ---------- 
  WP    I00FW2W119 I00FW2W119   WL    I00FW2W073 I00FW2W073   DF    I00FW2W202 I00FW2W202   GF    I00FW2W017 I00FW2W017
  WH    I00FW2W260 I00FW2W260   RC    I00FW2W242 I00FW2W242   LP    I00FW2W108 I00FW2W108   ES    I00FW2W093 I00FW2W093
  AF    I00FW2W019 I00FW2W019   PP    I00FW2W122 I00FW2W122   MH    I00FW2W260 I00FW2W260   WB    I00FW2W012 I00FW2W012
  LM    I00FW2W073 I00FW2W073   LL    I00FW2W019 I00FW2W019   PM    102DVEW106 102DVEW106   RM    102DVEW106 102DVEW106
  PY    616BEHW231 616BEHW231   AS    102DVEW746 102DVEW746   CO    102DVEW740 102DVEW740   MM    200DVEW746 200DVEW746
  PB    101DVEW375 101DVEW375   OH    200DVEW746 200DVEW746   OS    I00FW2W260 I00FW2W260

SITECODE   SITE INDEX INFORMATION:
            WP=    0.;  WL=    0.;  DF=    0.;  GF=    0.;  WH=    0.;  RC=    0.;  LP=    0.;  ES=    0.; AF=    0.
            PP=    0.;  MH=    0.;  WB=    0.;  LM=   35.;  LL=    0.;  PM=   12.;  RM=   10.;  PY=   35.; AS=   48.
            CO=   71.;  MM=   48.;  PB=   48.;  OH=   71.;  OS=    0.
           SITE SPECIES=DF CODE=    3

INVENTORY POINT CROSS REFERENCE (FVS SEQUENTIAL POINT NUMBER = POINT NUMBER AS ENTERED IN THE INPUT DATA):
  1=       1;   2=       3;   3=       4;   4=       0
----------------------------------------------------------------------------------------------------------------------------------


                                                     ACTIVITY SCHEDULE

STAND ID= UNCALBST181                   MGMT ID= NONE                                                                            

----------------------------------------------------------------------------------------------------------------------------------

CYCLE  DATE  EXTENSION  KEYWORD   DATE  PARAMETERS:
-----  ----  ---------  --------  ----  ------------------------------------------------------------------------------------------

   1   2010
               BASE     TREELIST  2010       3.0000     0.0000     0.0000

   2   2020
               BASE     TREELIST  2020       3.0000     0.0000     0.0000

   3   2021
               BASE     TREELIST  2021       3.0000     0.0000     0.0000
----------------------------------------------------------------------------------------------------------------------------------


CALIBRATION STATISTICS:


                                                 DF    PP
                                                ----  ----

NUMBER OF RECORDS PER SPECIES                      2     7

NUMBER OF RECORDS CODED AS RECENT MORTALITY        0     0

NUMBER OF RECORDS WITH MISSING HEIGHTS             0     0

NUMBER OF RECORDS WITH BROKEN OR DEAD TOPS         0     0

NUMBER OF RECORDS WITH MISSING CROWN RATIOS        0     0

NUMBER OF RECORDS AVAILABLE FOR SCALING
THE DIAMETER INCREMENT MODEL                       0     0

RATIO OF STANDARD ERRORS
(INPUT DBH GROWTH DATA : MODEL)                 1.00  1.00

WEIGHT GIVEN TO THE INPUT GROWTH DATA WHEN
DBH GROWTH MODEL SCALE FACTORS WERE COMPUTED    0.00  0.00

INITIAL SCALE FACTORS FOR THE
DBH INCREMENT MODEL                             1.00  1.00

NUMBER OF RECORDS AVAILABLE FOR SCALING
THE SMALL TREE HEIGHT INCREMENT MODEL             0     0

INITIAL SCALE FACTORS FOR THE SMALL TREE
HEIGHT INCREMENT MODEL                          1.00  1.00

NUMBER OF RECORDS WITH MISTLETOE                   0     0


     FOREST VEGETATION SIMULATOR     VERSION FS2025.3 -- INLAND EMPIRE EXPANDED                 RV:20250701    11-25-2025  15:26:27

STAND ID: UNCALBST181                   MGMT ID: NONE     


                                        STAND COMPOSITION (BASED ON STOCKABLE AREA)
--------------------------------------------------------------------------------------------------------------------------
                            PERCENTILE POINTS IN THE
                     DISTRIBUTION OF STAND ATTRIBUTES BY DBH      TOTAL/ACRE
        STAND       -----------------------------------------      OF STAND         DISTRIBUTION OF STAND ATTRIBUTES BY
YEAR  ATTRIBUTES      10     30     50     70     90    100       ATTRIBUTES       SPECIES AND 3 USER-DEFINED SUBCLASSES
----  -----------   ------ ------ ------ ------ ------ ------   --------------  ------------------------------------------
                                 (DBH IN INCHES)



2010  TREES          10.1   16.0   19.3   21.0   27.7    27.7       2. TREES     71.% PP1,  29.% DF1,   0.% ---,   0.% ---
      VOLUME:  
        TOTAL        16.0   21.0   23.6   27.7   27.7    27.7     122. CUFT      82.% PP1,  18.% DF1,   0.% ---,   0.% ---
        MERCH        16.0   21.0   23.6   27.7   27.7    27.7     111. CUFT      82.% PP1,  18.% DF1,   0.% ---,   0.% ---
        MERCH        16.0   21.0   23.6   27.7   27.7    27.7     628. BDFT      85.% PP1,  15.% DF1,   0.% ---,   0.% ---


      ACCRETION      14.4   19.3   21.0   23.6   27.7    27.7       3. CUFT/YR   86.% PP1,  14.% DF1,   0.% ---,   0.% ---
      MORTALITY      16.0   19.3   23.6   23.6   27.7    27.7       0. CUFT/YR   65.% PP1,  35.% DF1,   0.% ---,   0.% ---



2020  TREES          12.5   17.2   20.7   23.2   29.5    29.5       2. TREES     72.% PP1,  28.% DF1,   0.% ---,   0.% ---
      VOLUME:  
        TOTAL        16.9   23.2   25.4   29.5   29.5    29.5     154. CUFT      83.% PP1,  17.% DF1,   0.% ---,   0.% ---
        MERCH        17.2   23.2   25.4   29.5   29.5    29.5     142. CUFT      83.% PP1,  17.% DF1,   0.% ---,   0.% ---
        MERCH        17.2   23.2   25.4   29.5   29.5    29.5     849. BDFT      85.% PP1,  15.% DF1,   0.% ---,   0.% ---


      ACCRETION      16.9   17.2   23.2   25.4   29.5    29.5       4. CUFT/YR   84.% PP1,  16.% DF1,   0.% ---,   0.% ---
      MORTALITY      17.2   20.7   23.2   25.4   29.5    29.5       0. CUFT/YR   66.% PP1,  34.% DF1,   0.% ---,   0.% ---



2021  TREES          12.8   17.3   20.9   23.4   29.7    29.7       2. TREES     72.% PP1,  28.% DF1,   0.% ---,   0.% ---
      VOLUME:  
        TOTAL        17.2   23.4   25.6   29.7   29.7    29.7     158. CUFT      83.% PP1,  17.% DF1,   0.% ---,   0.% ---
        MERCH        17.2   23.4   25.6   29.7   29.7    29.7     146. CUFT      83.% PP1,  17.% DF1,   0.% ---,   0.% ---
        MERCH        17.3   23.4   25.6   29.7   29.7    29.7     873. BDFT      85.% PP1,  15.% DF1,   0.% ---,   0.% ---


      ACCRETION      17.2   17.3   23.4   25.6   29.7    29.7       4. CUFT/YR   87.% PP1,  13.% DF1,   0.% ---,   0.% ---
      MORTALITY      17.3   20.9   25.6   25.6   29.7    29.7       0. CUFT/YR   73.% PP1,  27.% DF1,   0.% ---,   0.% ---



2030  TREES          14.7   19.7   22.1   25.3   31.2    31.2       2. TREES     72.% PP1,  28.% DF1,   0.% ---,   0.% ---
      VOLUME:  
        TOTAL        18.4   22.1   27.1   31.2   31.2    31.2     191. CUFT      84.% PP1,  16.% DF1,   0.% ---,   0.% ---
        MERCH        19.7   25.3   27.1   31.2   31.2    31.2     177. CUFT      84.% PP1,  16.% DF1,   0.% ---,   0.% ---
        MERCH        19.7   25.3   27.1   31.2   31.2    31.2    1086. BDFT      86.% PP1,  14.% DF1,   0.% ---,   0.% ---


     FOREST VEGETATION SIMULATOR     VERSION FS2025.3 -- INLAND EMPIRE EXPANDED                 RV:20250701    11-25-2025  15:26:27

STAND ID: UNCALBST181                   MGMT ID: NONE     


------------------------------------------------------------------------------------------------------------------------------
                     ATTRIBUTES OF SELECTED SAMPLE TREES                 ADDITIONAL STAND ATTRIBUTES (BASED ON STOCKABLE AREA)
      -----------------------------------------------------------------  -----------------------------------------------------
      INITIAL                           LIVE   PAST DBH  BASAL   TREES          QUADRATIC   TREES    BASAL  TOP HEIGHT  CROWN
      TREES/A            DBH    HEIGHT  CROWN   GROWTH   AREA     PER    STAND   MEAN DBH    PER     AREA     LARGEST   COMP
YEAR   %TILE  SPECIES (INCHES)  (FEET)  RATIO  (INCHES)  %TILE    ACRE   AGE     (INCHES)    ACRE   (SQFT/A) 40/A (FT)  FACTOR
----  ------- ------- -------- -------- ------ --------- ------- ------  -----  ---------   ------ --------- --------- -------

2010                                          ( 10 YRS)

        10     PP1      10.10    38.00    45     2.96      3.8    0.25
        30     DF1      16.00    69.00    45     0.62     20.9    0.25
        50     DF1      19.30    77.00    65     0.96     34.7    0.25
        70     PP1      21.00    84.00    55     1.67     51.0    0.25
        90     PP1      27.70   105.00    65     2.20    100.0    0.25
       100     PP1      27.70   105.00    65     2.20    100.0    0.25
                                                                         178      19.7        2.       4.       76.7      2.7

2020                                          ( 10 YRS)

        10     PP1      12.50    53.57    45     2.13      4.9    0.25
        30     DF1      17.17    73.70    45     1.01     22.8    0.24
        50     DF1      20.73    82.16    64     1.24     36.0    0.24
        70     PP1      23.17    93.25    55     1.94     52.8    0.25
        90     PP1      29.46   110.95    65     1.57    100.0    0.25
       100     PP1      29.46   110.95    65     1.57    100.0    0.25
                                                                         188      21.5        2.       4.       85.5      3.1

2021                                          (  1 YRS)

        10     PP1      12.76    55.03    45     0.24      5.0    0.25
        30     DF1      17.31    74.22    45     0.12     23.0    0.24
        50     DF1      20.90    82.71    64     0.14     36.3    0.24
        70     PP1      23.38    94.02    55     0.18     53.0    0.25
        90     PP1      29.65   111.54    65     0.17    100.0    0.25
       100     PP1      29.65   111.54    65     0.17    100.0    0.25
                                                                         189      21.6        2.       4.       86.3      3.1

2030                                          (  9 YRS)

        10     PP1      14.72    66.42    45     1.74      5.8    0.25
        30     DF1      18.41    78.42    41     0.95     14.4    0.24
        50     DF1      22.13    86.92    64     1.07     37.7    0.24
        70     PP1      25.33   101.55    55     1.74     54.8    0.25
        90     PP1      31.18   116.35    65     1.36    100.0    0.24
       100     PP1      31.18   116.35    65     1.36    100.0    0.24
                                                                         198      23.3        2.       5.       93.4      3.5


     FOREST VEGETATION SIMULATOR     VERSION FS2025.3 -- INLAND EMPIRE EXPANDED                 RV:20250701    11-25-2025  15:26:27

STAND ID: UNCALBST181                   MGMT ID: NONE    



                                SUMMARY STATISTICS (PER ACRE OR STAND BASED ON TOTAL STAND AREA)
--------------------------------------------------------------------------------------------------------------------------------------
               START OF SIMULATION PERIOD                     REMOVALS             AFTER TREATMENT    GROWTH THIS PERIOD
         --------------------------------------------- ----------------------- ---------------------  ------------------   MAI  ------
         NO OF              TOP      TOTAL MERCH MERCH NO OF TOTAL MERCH MERCH              TOP  RES  PERIOD ACCRE MORT   MERCH FOR SS
YEAR AGE TREES  BA  SDI CCF HT  QMD  CU FT CU FT BD FT TREES CU FT CU FT BD FT  BA  SDI CCF HT   QMD  YEARS   PER  YEAR   CU FT TYP ZT
---- --- ----- --- ---- --- --- ---- ----- ----- ----- ----- ----- ----- ----- --- ---- --- --- ----  ------ ---- -----   ----- ------
2010 178     2   4    5   3  77 19.7   122   111   628     0     0     0     0   4    5   3  77 19.7      10    3     0     0.6 999 55
2020 188     2   4    6   3  85 21.5   154   142   849     0     0     0     0   4    6   3  85 21.5       1    4     0     0.8 999 55
2021 189     2   4    6   3  86 21.6   158   146   873     0     0     0     0   4    6   3  86 21.6       9    4     0     0.8 999 55
2030 198     2   5    7   3  93 23.3   191   177  1086     0     0     0     0   5    7   3  93 23.3       0    0     0     0.9 999 55




                                                     ACTIVITY SUMMARY 

STAND ID= UNCALBST181                   MGMT ID= NONE                                                                            

----------------------------------------------------------------------------------------------------------------------------------

CYCLE  DATE  EXTENSION  KEYWORD   DATE  ACTIVITY DISPOSITION  PARAMETERS:
-----  ----  ---------  --------  ----  --------------------  --------------------------------------------------------------------

   1   2010
               BASE     TREELIST  2010  DONE IN 2019               3.0000     0.0000     0.0000

   2   2020
               BASE     TREELIST  2020  DONE IN 2020               3.0000     0.0000     0.0000

   3   2021
               BASE     TREELIST  2021  DONE IN 2029               3.0000     0.0000     0.0000
----------------------------------------------------------------------------------------------------------------------------------
