

     FOREST VEGETATION SIMULATOR     VERSION FS2025.3 -- INLAND EMPIRE EXPANDED                 RV:20250701    11-25-2025  15:26:29

----------------------------------------------------------------------------------------------------------------------------------

                                                OPTIONS SELECTED BY INPUT

KEYWORD FILE NAME: ../../data/fvs_runFiles/uc_Nov252025_15.26/uncalib_stand238
----------------------------------------------------------------------------------------------------------------------------------
KEYWORD    PARAMETERS:
--------   -----------------------------------------------------------------------------------------------------------------------

STDIDENT
           STAND ID= UNCALBST238                                                                                               

RANNSEED   RANDOM SEED IS:        2025.0

********   FVS03 WARNING:  FOREST CODE INDICATES THE GEOGRAPHIC LOCATION IS OUTSIDE THE RANGE OF THE MODEL.  DEFAULT CODE IS USED.

********   FOREST CODE USED IN THIS PROJECTION IS 118

           HABITAT TYPE WILL BE MAPPED TO 690 FOR THIS PROJECTION.

STDINFO    FOREST-LOCATION CODE=     118; HABITAT TYPE=690; AGE=   84; ASPECT AZIMUTH IN DEGREES= 180.; SLOPE=  60.%
           ELEVATION(100'S FEET)= 80.0; REFERENCE CODE=     

TREELIST   DATE/CYCLE=    0; DATA SET REFERENCE NUMBER =  3.; HEADING SUPPRESSION CODE = 0.
           (0=WITH HEADING, OTHER VALUES=SUPPRESS HEADING).

TREEFMT 
          (I4,I4,F8.3,I1,A3,F5.1,F5.1,2F5.1,F5.1,I1,6I2,2I1,I2,2I3,2I1,F3.0)              
                                                                                          

DESIGN     BASAL AREA FACTOR=   -1.0; INVERSE OF FIXED PLOT AREA=    0.0; BREAK DBH=    0.0
           NUMBER OF PLOTS=     4; NON-STOCKABLE PLOTS=     0; STAND SAMPLING WEIGHT=     4.00000
           PROPORTION OF STAND CONSIDERED STOCKABLE=  1.000
           SEE "OPTIONS SELECTED BY DEFAULT" FOR FINAL DESIGN VALUES.

INVYEAR    INVENTORY YEAR= 2010

CYCLEAT    REQUESTED YEAR FOR A CYCLE =2021

NOTRIPLE

NOAUTOES   TALLIES AND INGROWTH WILL NOT BE ADDED AUTOMATICALLY.
           STOCKADJ IS SET TO ZERO, AND NO SPROUTING WILL BE SIMULATED.

CYCLEAT    REQUESTED YEAR FOR A CYCLE =2021

NOCALIB    CALIBRATION USING GROWTH DATA FROM TREE RECORDS HAS BEEN SUPPRESSED FOR ALL SPECIES

NOHTDREG   CALIBRATION OF HEIGHT-DIAMETER RELATIONSHIP WILL BE SUPPRESSED FOR ALL SPECIES


            

NUMCYCLE   NUMBER OF CYCLES=  2

PROCESS    PROCESS THE STAND.

********   FVS09 WARNING:  PLOT COUNTS DO NOT MATCH DATA ON THE DESIGN RECORD; DESIGN RECORD DATA USED.
                            PLOT COUNT=   3; NONSTOCKABLE COUNT=   0
----------------------------------------------------------------------------------------------------------------------------------

                                                OPTIONS SELECTED BY DEFAULT

----------------------------------------------------------------------------------------------------------------------------------

DESIGN     BASAL AREA FACTOR=   -1.0; INVERSE OF FIXED PLOT AREA=    0.0; BREAK DBH=    0.0
           NUMBER OF PLOTS=     4; NON-STOCKABLE PLOTS=     0; STAND SAMPLING WEIGHT=     4.00000
           PROPORTION OF STAND CONSIDERED STOCKABLE=  1.000

STDINFO    FOREST-LOCATION CODE=     118; HABITAT TYPE=690; AGE=   84; ASPECT AZIMUTH IN DEGREES= 180.; SLOPE=  60.%
           ELEVATION(100'S FEET)= 80.0;  REFERENCE CODE=     

SPECIES      WP      WL      DF      GF      WH      RC      LP      ES      AF      PP
SDI MAX     841.    841.    841.    841.    841.    841.    841.    841.    841.    841.

SPECIES      MH      WB      LM      LL      PM      RM      PY      AS      CO      MM
SDI MAX     841.    841.    841.    841.    841.    841.    841.    841.    841.    841.

SPECIES      PB      OH      OS
SDI MAX     841.    841.    841.

                                  NATIONAL VOLUME ESTIMATOR LIBRARY EQUATION NUMBERS
SPECIES CUBIC FOOT BOARD FOOT SPECIES CUBIC FOOT BOARD FOOT SPECIES CUBIC FOOT BOARD FOOT SPECIES CUBIC FOOT BOARD FOOT 
------- ---------- ---------- ------- ---------- ---------- ------- ---------- ---------- ------- ---------- ---------- 
  WP    I00FW2W119 I00FW2W119   WL    I00FW2W073 I00FW2W073   DF    I00FW2W202 I00FW2W202   GF    I00FW2W017 I00FW2W017
  WH    I00FW2W260 I00FW2W260   RC    I00FW2W242 I00FW2W242   LP    I00FW2W108 I00FW2W108   ES    I00FW2W093 I00FW2W093
  AF    I00FW2W019 I00FW2W019   PP    I00FW2W122 I00FW2W122   MH    I00FW2W260 I00FW2W260   WB    I00FW2W012 I00FW2W012
  LM    I00FW2W073 I00FW2W073   LL    I00FW2W019 I00FW2W019   PM    102DVEW106 102DVEW106   RM    102DVEW106 102DVEW106
  PY    616BEHW231 616BEHW231   AS    102DVEW746 102DVEW746   CO    102DVEW740 102DVEW740   MM    200DVEW746 200DVEW746
  PB    101DVEW375 101DVEW375   OH    200DVEW746 200DVEW746   OS    I00FW2W260 I00FW2W260

SITECODE   SITE INDEX INFORMATION:
            WP=    0.;  WL=    0.;  DF=    0.;  GF=    0.;  WH=    0.;  RC=    0.;  LP=    0.;  ES=    0.; AF=    0.
            PP=    0.;  MH=    0.;  WB=    0.;  LM=   32.;  LL=    0.;  PM=   11.;  RM=    9.;  PY=   32.; AS=   46.
            CO=   67.;  MM=   46.;  PB=   46.;  OH=   67.;  OS=    0.
           SITE SPECIES=DF CODE=    3

INVENTORY POINT CROSS REFERENCE (FVS SEQUENTIAL POINT NUMBER = POINT NUMBER AS ENTERED IN THE INPUT DATA):
  1=       2;   2=       3;   3=       4;   4=       0
----------------------------------------------------------------------------------------------------------------------------------


                                                     ACTIVITY SCHEDULE

STAND ID= UNCALBST238                   MGMT ID= NONE                                                                            

----------------------------------------------------------------------------------------------------------------------------------

CYCLE  DATE  EXTENSION  KEYWORD   DATE  PARAMETERS:
-----  ----  ---------  --------  ----  ------------------------------------------------------------------------------------------

   1   2010
               BASE     TREELIST  2010       3.0000     0.0000     0.0000

   2   2020
               BASE     TREELIST  2020       3.0000     0.0000     0.0000

   3   2021
               BASE     TREELIST  2021       3.0000     0.0000     0.0000
----------------------------------------------------------------------------------------------------------------------------------


CALIBRATION STATISTICS:


                                                 LP    AF    DF    WB
                                                ----  ----  ----  ----

NUMBER OF RECORDS PER SPECIES                     22     4     3     9

NUMBER OF RECORDS CODED AS RECENT MORTALITY        1     0     0     2

NUMBER OF RECORDS WITH MISSING HEIGHTS             1     2     1     2

NUMBER OF RECORDS WITH BROKEN OR DEAD TOPS         0     0     0     0

NUMBER OF RECORDS WITH MISSING CROWN RATIOS        1     2     1     2

NUMBER OF RECORDS AVAILABLE FOR SCALING
THE DIAMETER INCREMENT MODEL                       0     0     0     0

RATIO OF STANDARD ERRORS
(INPUT DBH GROWTH DATA : MODEL)                 1.00  1.00  1.00  1.00

WEIGHT GIVEN TO THE INPUT GROWTH DATA WHEN
DBH GROWTH MODEL SCALE FACTORS WERE COMPUTED    0.00  0.00  0.00  0.00

INITIAL SCALE FACTORS FOR THE
DBH INCREMENT MODEL                             1.00  1.00  1.00  1.00

NUMBER OF RECORDS AVAILABLE FOR SCALING
THE SMALL TREE HEIGHT INCREMENT MODEL             0     0     0     0

INITIAL SCALE FACTORS FOR THE SMALL TREE
HEIGHT INCREMENT MODEL                          1.00  1.00  1.00  1.00

NUMBER OF RECORDS WITH MISTLETOE                   0     0     0     0


     FOREST VEGETATION SIMULATOR     VERSION FS2025.3 -- INLAND EMPIRE EXPANDED                 RV:20250701    11-25-2025  15:26:29

STAND ID: UNCALBST238                   MGMT ID: NONE     


                                        STAND COMPOSITION (BASED ON STOCKABLE AREA)
--------------------------------------------------------------------------------------------------------------------------
                            PERCENTILE POINTS IN THE
                     DISTRIBUTION OF STAND ATTRIBUTES BY DBH      TOTAL/ACRE
        STAND       -----------------------------------------      OF STAND         DISTRIBUTION OF STAND ATTRIBUTES BY
YEAR  ATTRIBUTES      10     30     50     70     90    100       ATTRIBUTES       SPECIES AND 3 USER-DEFINED SUBCLASSES
----  -----------   ------ ------ ------ ------ ------ ------   --------------  ------------------------------------------
                                 (DBH IN INCHES)



2010  TREES           0.1    0.1    3.3    7.3   11.2    14.8      11. TREES     43.% LP1,  43.% AF1,   7.% WB1,   7.% DF1
      VOLUME:  
        TOTAL         7.2    8.9   11.1   11.6   14.8    14.8      71. CUFT      82.% LP1,  14.% AF1,   3.% DF1,   1.% WB1
        MERCH         8.1    8.9   11.1   11.6   14.8    14.8      59. CUFT      84.% LP1,  14.% AF1,   2.% DF1,   0.% ---
        MERCH         7.3    8.9   11.1   11.6   14.8    14.8     298. BDFT      83.% LP1,  15.% AF1,   2.% DF1,   0.% ---


      ACCRETION       6.4    8.1    8.9   11.1   11.7    14.8       2. CUFT/YR   78.% LP1,  12.% AF1,   9.% DF1,   1.% WB1
      MORTALITY       6.6    8.5   11.1   11.6   11.7    14.8       0. CUFT/YR   90.% LP1,   7.% AF1,   2.% DF1,   1.% WB1



2020  TREES           0.1    0.1    6.9    9.2   12.3    15.6       9. TREES     48.% LP1,  38.% AF1,   7.% DF1,   6.% WB1
      VOLUME:  
        TOTAL         7.5    9.5   11.6   12.3   15.6    15.6      84. CUFT      81.% LP1,  14.% AF1,   4.% DF1,   1.% WB1
        MERCH         8.2    9.8   11.6   12.3   15.6    15.6      70. CUFT      82.% LP1,  14.% AF1,   4.% DF1,   0.% ---
        MERCH         8.0    9.8   11.6   12.3   15.6    15.6     348. BDFT      81.% LP1,  15.% AF1,   4.% DF1,   0.% ---


      ACCRETION       7.3    8.4   10.2   12.2   12.6    15.6       2. CUFT/YR   74.% LP1,  12.% AF1,  11.% DF1,   3.% WB1
      MORTALITY       7.5    9.5   11.6   12.2   12.3    15.6       1. CUFT/YR   89.% LP1,   7.% AF1,   2.% DF1,   1.% WB1



2021  TREES           0.1    0.1    7.3    9.3   12.3    15.7       9. TREES     49.% LP1,  38.% AF1,   8.% DF1,   6.% WB1
      VOLUME:  
        TOTAL         7.6    9.6   11.6   12.3   15.7    15.7      85. CUFT      81.% LP1,  14.% AF1,   5.% DF1,   1.% WB1
        MERCH         8.1    9.9   11.6   12.3   15.7    15.7      73. CUFT      81.% LP1,  15.% AF1,   4.% DF1,   0.% ---
        MERCH         8.1    9.9   11.6   12.3   15.7    15.7     360. BDFT      80.% LP1,  16.% AF1,   4.% DF1,   0.% ---


      ACCRETION       7.0    8.5   10.3   11.9   12.7    15.7       2. CUFT/YR   76.% LP1,  12.% AF1,  11.% DF1,   2.% WB1
      MORTALITY       7.6    9.6   11.1   12.3   12.7    15.7       1. CUFT/YR   89.% LP1,   8.% AF1,   2.% DF1,   1.% WB1



2030  TREES           0.3    2.3    8.3   10.3   12.9    16.3       8. TREES     52.% LP1,  33.% AF1,   9.% DF1,   6.% WB1
      VOLUME:  
        TOTAL         8.6   10.3   12.0   12.9   16.3    16.3      96. CUFT      79.% LP1,  14.% AF1,   6.% DF1,   1.% WB1
        MERCH         8.6   10.3   12.1   12.9   16.3    16.3      82. CUFT      81.% LP1,  14.% AF1,   5.% DF1,   0.% ---
        MERCH         8.6   10.3   12.1   12.9   16.3    16.3     415. BDFT      79.% LP1,  15.% AF1,   6.% DF1,   0.% ---


     FOREST VEGETATION SIMULATOR     VERSION FS2025.3 -- INLAND EMPIRE EXPANDED                 RV:20250701    11-25-2025  15:26:29

STAND ID: UNCALBST238                   MGMT ID: NONE     


------------------------------------------------------------------------------------------------------------------------------
                     ATTRIBUTES OF SELECTED SAMPLE TREES                 ADDITIONAL STAND ATTRIBUTES (BASED ON STOCKABLE AREA)
      -----------------------------------------------------------------  -----------------------------------------------------
      INITIAL                           LIVE   PAST DBH  BASAL   TREES          QUADRATIC   TREES    BASAL  TOP HEIGHT  CROWN
      TREES/A            DBH    HEIGHT  CROWN   GROWTH   AREA     PER    STAND   MEAN DBH    PER     AREA     LARGEST   COMP
YEAR   %TILE  SPECIES (INCHES)  (FEET)  RATIO  (INCHES)  %TILE    ACRE   AGE     (INCHES)    ACRE   (SQFT/A) 40/A (FT)  FACTOR
----  ------- ------- -------- -------- ------ --------- ------- ------  -----  ---------   ------ --------- --------- -------

2010                                          ( 10 YRS)

        10     AF1       0.10     1.01    85     0.00      0.0    4.00
        30     AF1       0.10     1.01    85     0.00      0.0    4.00
        50     LP1       3.30    26.00    35     0.75      0.6    0.25
        70     LP1       7.30    57.00    25     0.99     20.6    0.25
        90     LP1      11.20    68.00    45     1.03     66.0    0.25
       100     AF1      14.80    81.00    75     1.18    100.0    0.25
                                                                          84       6.5       11.       3.       28.7      2.6

2020                                          ( 10 YRS)

        10     AF1       0.11     2.88    85     0.00      0.0    2.75
        30     AF1       0.11     2.88    85     0.00      0.0    2.75
        50     LP1       4.06    37.08    32     0.73      0.7    0.21
        70     LP1       8.04    61.28    24     0.71     16.6    0.23
        90     LP1      11.85    71.70    43     0.63     61.0    0.23
       100     AF1      15.63    85.15    75     0.77    100.0    0.24
                                                                          94       7.6        9.       3.       37.5      2.8

2021                                          (  1 YRS)

        10     AF1       0.11     3.57    85     0.00      0.0    2.64
        30     AF1       0.11     3.57    85     0.00      0.0    2.64
        50     LP1       4.14    38.17    32     0.08      0.7    0.21
        70     LP1       8.10    61.68    24     0.06     16.8    0.22
        90     LP1      11.92    72.06    43     0.07     61.1    0.23
       100     AF1      15.70    85.55    75     0.07    100.0    0.24
                                                                          95       7.7        9.       3.       38.6      2.9

2030                                          (  9 YRS)

        10     AF1       0.30     5.63    85     0.18      0.0    1.88
        30     AF1       0.30     5.63    85     0.18      0.0    1.88
        50     LP1       4.85    44.71    30     0.70      1.3    0.18
        70     LP1       8.65    65.22    23     0.53     18.3    0.20
        90     LP1      12.47    75.25    42     0.53     62.5    0.21
       100     AF1      16.34    89.00    75     0.59    100.0    0.23
                                                                         104       8.7        8.       3.       45.9      3.1


     FOREST VEGETATION SIMULATOR     VERSION FS2025.3 -- INLAND EMPIRE EXPANDED                 RV:20250701    11-25-2025  15:26:29

STAND ID: UNCALBST238                   MGMT ID: NONE    



                                SUMMARY STATISTICS (PER ACRE OR STAND BASED ON TOTAL STAND AREA)
--------------------------------------------------------------------------------------------------------------------------------------
               START OF SIMULATION PERIOD                     REMOVALS             AFTER TREATMENT    GROWTH THIS PERIOD
         --------------------------------------------- ----------------------- ---------------------  ------------------   MAI  ------
         NO OF              TOP      TOTAL MERCH MERCH NO OF TOTAL MERCH MERCH              TOP  RES  PERIOD ACCRE MORT   MERCH FOR SS
YEAR AGE TREES  BA  SDI CCF HT  QMD  CU FT CU FT BD FT TREES CU FT CU FT BD FT  BA  SDI CCF HT   QMD  YEARS   PER  YEAR   CU FT TYP ZT
---- --- ----- --- ---- --- --- ---- ----- ----- ----- ----- ----- ----- ----- --- ---- --- --- ----  ------ ---- -----   ----- ------
2010  84    11   3    5   3  29  6.5    71    59   298     0     0     0     0   3    5   3  29  6.5      10    2     0     0.7 999 55
2020  94     9   3    6   3  37  7.6    84    70   348     0     0     0     0   3    6   3  37  7.6       1    2     1     0.7 999 55
2021  95     9   3    6   3  39  7.7    85    73   360     0     0     0     0   3    6   3  39  7.7       9    2     1     0.8 999 55
2030 104     8   3    6   3  46  8.7    96    82   415     0     0     0     0   3    6   3  46  8.7       0    0     0     0.8 999 55




                                                     ACTIVITY SUMMARY 

STAND ID= UNCALBST238                   MGMT ID= NONE                                                                            

----------------------------------------------------------------------------------------------------------------------------------

CYCLE  DATE  EXTENSION  KEYWORD   DATE  ACTIVITY DISPOSITION  PARAMETERS:
-----  ----  ---------  --------  ----  --------------------  --------------------------------------------------------------------

   1   2010
               BASE     TREELIST  2010  DONE IN 2019               3.0000     0.0000     0.0000

   2   2020
               BASE     TREELIST  2020  DONE IN 2020               3.0000     0.0000     0.0000

   3   2021
               BASE     TREELIST  2021  DONE IN 2029               3.0000     0.0000     0.0000
----------------------------------------------------------------------------------------------------------------------------------
