

     FOREST VEGETATION SIMULATOR     VERSION FS2025.3 -- INLAND EMPIRE EXPANDED                 RV:20250701    11-25-2025  15:26:25

----------------------------------------------------------------------------------------------------------------------------------

                                                OPTIONS SELECTED BY INPUT

KEYWORD FILE NAME: ../../data/fvs_runFiles/uc_Nov252025_15.26/uncalib_stand136
----------------------------------------------------------------------------------------------------------------------------------
KEYWORD    PARAMETERS:
--------   -----------------------------------------------------------------------------------------------------------------------

STDIDENT
           STAND ID= UNCALBST136                                                                                               

RANNSEED   RANDOM SEED IS:        2025.0

********   FVS03 WARNING:  FOREST CODE INDICATES THE GEOGRAPHIC LOCATION IS OUTSIDE THE RANGE OF THE MODEL.  DEFAULT CODE IS USED.

********   FOREST CODE USED IN THIS PROJECTION IS 118

           HABITAT TYPE WILL BE MAPPED TO 260 FOR THIS PROJECTION.

STDINFO    FOREST-LOCATION CODE=     118; HABITAT TYPE=260; AGE=   13; ASPECT AZIMUTH IN DEGREES=  66.; SLOPE=  36.%
           ELEVATION(100'S FEET)= 56.0; REFERENCE CODE=     

TREELIST   DATE/CYCLE=    0; DATA SET REFERENCE NUMBER =  3.; HEADING SUPPRESSION CODE = 0.
           (0=WITH HEADING, OTHER VALUES=SUPPRESS HEADING).

TREEFMT 
          (I4,I4,F8.3,I1,A3,F5.1,F5.1,2F5.1,F5.1,I1,6I2,2I1,I2,2I3,2I1,F3.0)              
                                                                                          

DESIGN     BASAL AREA FACTOR=   -1.0; INVERSE OF FIXED PLOT AREA=    0.0; BREAK DBH=    0.0
           NUMBER OF PLOTS=     4; NON-STOCKABLE PLOTS=     0; STAND SAMPLING WEIGHT=     4.00000
           PROPORTION OF STAND CONSIDERED STOCKABLE=  1.000
           SEE "OPTIONS SELECTED BY DEFAULT" FOR FINAL DESIGN VALUES.

INVYEAR    INVENTORY YEAR= 2004

CYCLEAT    REQUESTED YEAR FOR A CYCLE =2015

NOTRIPLE

NOAUTOES   TALLIES AND INGROWTH WILL NOT BE ADDED AUTOMATICALLY.
           STOCKADJ IS SET TO ZERO, AND NO SPROUTING WILL BE SIMULATED.

CYCLEAT    REQUESTED YEAR FOR A CYCLE =2015

NOCALIB    CALIBRATION USING GROWTH DATA FROM TREE RECORDS HAS BEEN SUPPRESSED FOR ALL SPECIES

NOHTDREG   CALIBRATION OF HEIGHT-DIAMETER RELATIONSHIP WILL BE SUPPRESSED FOR ALL SPECIES


            

NUMCYCLE   NUMBER OF CYCLES=  2

PROCESS    PROCESS THE STAND.
----------------------------------------------------------------------------------------------------------------------------------

                                                OPTIONS SELECTED BY DEFAULT

----------------------------------------------------------------------------------------------------------------------------------

DESIGN     BASAL AREA FACTOR=   -1.0; INVERSE OF FIXED PLOT AREA=    0.0; BREAK DBH=    0.0
           NUMBER OF PLOTS=     4; NON-STOCKABLE PLOTS=     0; STAND SAMPLING WEIGHT=     4.00000
           PROPORTION OF STAND CONSIDERED STOCKABLE=  1.000

STDINFO    FOREST-LOCATION CODE=     118; HABITAT TYPE=260; AGE=   13; ASPECT AZIMUTH IN DEGREES=  66.; SLOPE=  36.%
           ELEVATION(100'S FEET)= 56.0;  REFERENCE CODE=     

SPECIES      WP      WL      DF      GF      WH      RC      LP      ES      AF      PP
SDI MAX     669.    669.    669.    669.    669.    669.    669.    669.    669.    669.

SPECIES      MH      WB      LM      LL      PM      RM      PY      AS      CO      MM
SDI MAX     669.    669.    669.    669.    669.    669.    669.    669.    669.    669.

SPECIES      PB      OH      OS
SDI MAX     669.    669.    669.

                                  NATIONAL VOLUME ESTIMATOR LIBRARY EQUATION NUMBERS
SPECIES CUBIC FOOT BOARD FOOT SPECIES CUBIC FOOT BOARD FOOT SPECIES CUBIC FOOT BOARD FOOT SPECIES CUBIC FOOT BOARD FOOT 
------- ---------- ---------- ------- ---------- ---------- ------- ---------- ---------- ------- ---------- ---------- 
  WP    I00FW2W119 I00FW2W119   WL    I00FW2W073 I00FW2W073   DF    I00FW2W202 I00FW2W202   GF    I00FW2W017 I00FW2W017
  WH    I00FW2W260 I00FW2W260   RC    I00FW2W242 I00FW2W242   LP    I00FW2W108 I00FW2W108   ES    I00FW2W093 I00FW2W093
  AF    I00FW2W019 I00FW2W019   PP    I00FW2W122 I00FW2W122   MH    I00FW2W260 I00FW2W260   WB    I00FW2W012 I00FW2W012
  LM    I00FW2W073 I00FW2W073   LL    I00FW2W019 I00FW2W019   PM    102DVEW106 102DVEW106   RM    102DVEW106 102DVEW106
  PY    616BEHW231 616BEHW231   AS    102DVEW746 102DVEW746   CO    102DVEW740 102DVEW740   MM    200DVEW746 200DVEW746
  PB    101DVEW375 101DVEW375   OH    200DVEW746 200DVEW746   OS    I00FW2W260 I00FW2W260

SITECODE   SITE INDEX INFORMATION:
            WP=    0.;  WL=    0.;  DF=    0.;  GF=    0.;  WH=    0.;  RC=    0.;  LP=    0.;  ES=    0.; AF=    0.
            PP=    0.;  MH=    0.;  WB=    0.;  LM=   35.;  LL=    0.;  PM=   12.;  RM=   10.;  PY=   35.; AS=   50.
            CO=   62.;  MM=   50.;  PB=   50.;  OH=   62.;  OS=    0.
           SITE SPECIES=DF CODE=    3

INVENTORY POINT CROSS REFERENCE (FVS SEQUENTIAL POINT NUMBER = POINT NUMBER AS ENTERED IN THE INPUT DATA):
  1=       1;   2=       2;   3=       3;   4=       4
----------------------------------------------------------------------------------------------------------------------------------


                                                     ACTIVITY SCHEDULE

STAND ID= UNCALBST136                   MGMT ID= NONE                                                                            

----------------------------------------------------------------------------------------------------------------------------------

CYCLE  DATE  EXTENSION  KEYWORD   DATE  PARAMETERS:
-----  ----  ---------  --------  ----  ------------------------------------------------------------------------------------------

   1   2004
               BASE     TREELIST  2004       3.0000     0.0000     0.0000

   2   2014
               BASE     TREELIST  2014       3.0000     0.0000     0.0000

   3   2015
               BASE     TREELIST  2015       3.0000     0.0000     0.0000
----------------------------------------------------------------------------------------------------------------------------------


CALIBRATION STATISTICS:


                                                 DF    LP    ES
                                                ----  ----  ----

NUMBER OF RECORDS PER SPECIES                     22     5     2

NUMBER OF RECORDS WITH MISSING HEIGHTS             4     1     1

NUMBER OF RECORDS WITH BROKEN OR DEAD TOPS         0     0     0

NUMBER OF RECORDS WITH MISSING CROWN RATIOS        4     1     1

NUMBER OF RECORDS AVAILABLE FOR SCALING
THE DIAMETER INCREMENT MODEL                       0     0     0

RATIO OF STANDARD ERRORS
(INPUT DBH GROWTH DATA : MODEL)                 1.00  1.00  1.00

WEIGHT GIVEN TO THE INPUT GROWTH DATA WHEN
DBH GROWTH MODEL SCALE FACTORS WERE COMPUTED    0.00  0.00  0.00

INITIAL SCALE FACTORS FOR THE
DBH INCREMENT MODEL                             1.00  1.00  1.00

NUMBER OF RECORDS AVAILABLE FOR SCALING
THE SMALL TREE HEIGHT INCREMENT MODEL             0     0     0

INITIAL SCALE FACTORS FOR THE SMALL TREE
HEIGHT INCREMENT MODEL                          1.00  1.00  1.00

NUMBER OF RECORDS WITH MISTLETOE                   0     0     0


     FOREST VEGETATION SIMULATOR     VERSION FS2025.3 -- INLAND EMPIRE EXPANDED                 RV:20250701    11-25-2025  15:26:25

STAND ID: UNCALBST136                   MGMT ID: NONE     


                                        STAND COMPOSITION (BASED ON STOCKABLE AREA)
--------------------------------------------------------------------------------------------------------------------------
                            PERCENTILE POINTS IN THE
                     DISTRIBUTION OF STAND ATTRIBUTES BY DBH      TOTAL/ACRE
        STAND       -----------------------------------------      OF STAND         DISTRIBUTION OF STAND ATTRIBUTES BY
YEAR  ATTRIBUTES      10     30     50     70     90    100       ATTRIBUTES       SPECIES AND 3 USER-DEFINED SUBCLASSES
----  -----------   ------ ------ ------ ------ ------ ------   --------------  ------------------------------------------
                                 (DBH IN INCHES)



2004  TREES           0.1    0.1    1.8    5.3    6.8    12.5      10. TREES     81.% DF1,  12.% LP1,   7.% ES1,   0.% ---
      VOLUME:  
        TOTAL         5.2    6.0    9.9   10.5   12.5    12.5      20. CUFT      40.% DF1,  38.% LP1,  23.% ES1,   0.% ---
        MERCH         8.4    9.9   10.5   12.5   12.5    12.5      11. CUFT      50.% LP1,  34.% ES1,  16.% DF1,   0.% ---
        MERCH         8.4    9.9   10.5   10.5   12.5    12.5      50. BDFT      55.% LP1,  30.% ES1,  15.% DF1,   0.% ---


      ACCRETION       3.1    5.2    5.5    6.8   12.5    12.5       3. CUFT/YR   74.% DF1,  16.% LP1,  10.% ES1,   0.% ---
      MORTALITY       5.5    8.4    9.9   10.5   10.5    12.5       0. CUFT/YR   75.% LP1,  21.% DF1,   4.% ES1,   0.% ---



2014  TREES           0.3    0.8    6.9    7.8    9.8    14.8       9. TREES     81.% DF1,  12.% LP1,   7.% ES1,   0.% ---
      VOLUME:  
        TOTAL         7.2    8.3    9.1   11.8   14.8    14.8      44. CUFT      59.% DF1,  25.% LP1,  16.% ES1,   0.% ---
        MERCH         7.5    8.4    9.7   11.8   14.8    14.8      34. CUFT      56.% DF1,  26.% LP1,  17.% ES1,   0.% ---
        MERCH         7.2    8.3    9.1   11.8   14.8    14.8     172. BDFT      59.% DF1,  27.% LP1,  14.% ES1,   0.% ---


      ACCRETION       6.9    7.5    8.3    9.1   11.8    14.8       3. CUFT/YR   79.% DF1,  13.% LP1,   8.% ES1,   0.% ---
      MORTALITY       7.2    8.5    9.8   11.8   11.8    14.8       0. CUFT/YR   64.% LP1,  32.% DF1,   4.% ES1,   0.% ---



2015  TREES           0.5    1.0    7.3    8.1   10.0    15.0       9. TREES     81.% DF1,  12.% LP1,   7.% ES1,   0.% ---
      VOLUME:  
        TOTAL         7.5    8.1    9.4   12.0   15.0    15.0      48. CUFT      61.% DF1,  24.% LP1,  15.% ES1,   0.% ---
        MERCH         7.5    8.5    9.4   12.0   15.0    15.0      37. CUFT      58.% DF1,  26.% LP1,  16.% ES1,   0.% ---
        MERCH         7.5    8.5    9.4   12.0   15.0    15.0     182. BDFT      61.% DF1,  25.% LP1,  14.% ES1,   0.% ---


      ACCRETION       6.0    7.5    8.1    8.8   12.0    15.0       4. CUFT/YR   84.% DF1,   8.% LP1,   8.% ES1,   0.% ---
      MORTALITY       7.8    9.3    9.9   12.0   12.0    15.0       0. CUFT/YR   62.% LP1,  34.% DF1,   4.% ES1,   0.% ---



2024  TREES           1.7    3.2    8.9   10.9   11.8    17.1       9. TREES     81.% DF1,  12.% LP1,   7.% ES1,   0.% ---
      VOLUME:  
        TOTAL         9.2   10.7   11.1   11.8   17.1    17.1      86. CUFT      72.% DF1,  16.% LP1,  12.% ES1,   0.% ---
        MERCH         9.2   10.7   11.2   11.8   17.1    17.1      73. CUFT      71.% DF1,  17.% LP1,  12.% ES1,   0.% ---
        MERCH         9.2   10.7   11.2   11.8   17.1    17.1     354. BDFT      71.% DF1,  17.% LP1,  13.% ES1,   0.% ---


     FOREST VEGETATION SIMULATOR     VERSION FS2025.3 -- INLAND EMPIRE EXPANDED                 RV:20250701    11-25-2025  15:26:25

STAND ID: UNCALBST136                   MGMT ID: NONE     


------------------------------------------------------------------------------------------------------------------------------
                     ATTRIBUTES OF SELECTED SAMPLE TREES                 ADDITIONAL STAND ATTRIBUTES (BASED ON STOCKABLE AREA)
      -----------------------------------------------------------------  -----------------------------------------------------
      INITIAL                           LIVE   PAST DBH  BASAL   TREES          QUADRATIC   TREES    BASAL  TOP HEIGHT  CROWN
      TREES/A            DBH    HEIGHT  CROWN   GROWTH   AREA     PER    STAND   MEAN DBH    PER     AREA     LARGEST   COMP
YEAR   %TILE  SPECIES (INCHES)  (FEET)  RATIO  (INCHES)  %TILE    ACRE   AGE     (INCHES)    ACRE   (SQFT/A) 40/A (FT)  FACTOR
----  ------- ------- -------- -------- ------ --------- ------- ------  -----  ---------   ------ --------- --------- -------

2004                                          ( 10 YRS)

        10     DF1       0.10     1.01    84     0.00      0.0    1.00
        30     DF1       0.10     1.01    70     0.00      0.0    1.75
        50     DF1       1.80    12.00    45     1.56      0.5    0.25
        70     DF1       5.30    22.00    55     2.69     19.4    0.25
        90     DF1       6.80    26.00    55     1.92     50.2    0.25
       100     ES1      12.50    50.00    85     3.25    100.0    0.25
                                                                          13       4.6       10.       1.       16.0      1.5

2014                                          ( 10 YRS)

        10     DF1       0.33     8.48    84     0.20      0.0    0.71
        30     DF1       0.79    12.70    70     0.60      0.3    1.33
        50     DF1       4.60    29.83    45     2.43      1.8    0.25
        70     DF1       7.94    39.04    50     2.29     35.5    0.25
        90     DF1       9.74    47.58    50     2.55     64.4    0.25
       100     ES1      14.79    58.69    84     2.19    100.0    0.25
                                                                          23       6.7        9.       2.       31.1      2.5

2015                                          (  1 YRS)

        10     DF1       0.47     9.49    84     0.12      0.1    0.68
        30     DF1       0.95    13.77    70     0.14      0.4    1.30
        50     DF1       4.88    31.37    45     0.24      2.0    0.25
        70     DF1       8.15    40.50    50     0.18     36.6    0.25
        90     DF1       9.96    48.65    51     0.19     70.8    0.25
       100     ES1      15.02    59.43    84     0.22    100.0    0.25
                                                                          24       6.9        9.       2.       32.7      2.7

2024                                          (  9 YRS)

        10     DF1       2.33    22.14    84     1.62      0.9    0.65
        30     DF1       3.20    28.02    70     1.95      3.3    1.25
        50     DF1       7.14    48.60    47     1.96      5.6    0.25
        70     DF1       9.51    49.57    46     1.18     19.7    0.24
        90     DF1      11.78    57.44    49     1.58     76.7    0.25
       100     ES1      17.12    66.61    84     2.01    100.0    0.25
                                                                          33       8.7        9.       4.       45.4      4.1


     FOREST VEGETATION SIMULATOR     VERSION FS2025.3 -- INLAND EMPIRE EXPANDED                 RV:20250701    11-25-2025  15:26:25

STAND ID: UNCALBST136                   MGMT ID: NONE    



                                SUMMARY STATISTICS (PER ACRE OR STAND BASED ON TOTAL STAND AREA)
--------------------------------------------------------------------------------------------------------------------------------------
               START OF SIMULATION PERIOD                     REMOVALS             AFTER TREATMENT    GROWTH THIS PERIOD
         --------------------------------------------- ----------------------- ---------------------  ------------------   MAI  ------
         NO OF              TOP      TOTAL MERCH MERCH NO OF TOTAL MERCH MERCH              TOP  RES  PERIOD ACCRE MORT   MERCH FOR SS
YEAR AGE TREES  BA  SDI CCF HT  QMD  CU FT CU FT BD FT TREES CU FT CU FT BD FT  BA  SDI CCF HT   QMD  YEARS   PER  YEAR   CU FT TYP ZT
---- --- ----- --- ---- --- --- ---- ----- ----- ----- ----- ----- ----- ----- --- ---- --- --- ----  ------ ---- -----   ----- ------
2004  13    11   1    3   1  16  4.6    20    11    50     0     0     0     0   1    3   1  16  4.6      10    3     0     0.8 999 55
2014  23     9   2    5   3  31  6.7    44    34   172     0     0     0     0   2    5   3  31  6.7       1    3     0     1.5 999 55
2015  24     9   2    5   3  33  6.9    48    37   182     0     0     0     0   2    5   3  33  6.9       9    4     0     1.5 999 55
2024  33     9   4    7   4  45  8.7    86    73   354     0     0     0     0   4    7   4  45  8.7       0    0     0     2.2 999 55




                                                     ACTIVITY SUMMARY 

STAND ID= UNCALBST136                   MGMT ID= NONE                                                                            

----------------------------------------------------------------------------------------------------------------------------------

CYCLE  DATE  EXTENSION  KEYWORD   DATE  ACTIVITY DISPOSITION  PARAMETERS:
-----  ----  ---------  --------  ----  --------------------  --------------------------------------------------------------------

   1   2004
               BASE     TREELIST  2004  DONE IN 2013               3.0000     0.0000     0.0000

   2   2014
               BASE     TREELIST  2014  DONE IN 2014               3.0000     0.0000     0.0000

   3   2015
               BASE     TREELIST  2015  DONE IN 2023               3.0000     0.0000     0.0000
----------------------------------------------------------------------------------------------------------------------------------
