

     FOREST VEGETATION SIMULATOR     VERSION FS2025.3 -- INLAND EMPIRE EXPANDED                 RV:20250701    11-25-2025  15:26:21

----------------------------------------------------------------------------------------------------------------------------------

                                                OPTIONS SELECTED BY INPUT

KEYWORD FILE NAME: ../../data/fvs_runFiles/uc_Nov252025_15.26/uncalib_stand22
----------------------------------------------------------------------------------------------------------------------------------
KEYWORD    PARAMETERS:
--------   -----------------------------------------------------------------------------------------------------------------------

STDIDENT
           STAND ID= UNCALBST22                                                                                                

RANNSEED   RANDOM SEED IS:        2025.0

           HABITAT TYPE WILL BE MAPPED TO 690 FOR THIS PROJECTION.

STDINFO    FOREST-LOCATION CODE=     116; HABITAT TYPE=690; AGE=  183; ASPECT AZIMUTH IN DEGREES=  12.; SLOPE=  51.%
           ELEVATION(100'S FEET)= 59.0; REFERENCE CODE=     

TREELIST   DATE/CYCLE=    0; DATA SET REFERENCE NUMBER =  3.; HEADING SUPPRESSION CODE = 0.
           (0=WITH HEADING, OTHER VALUES=SUPPRESS HEADING).

TREEFMT 
          (I4,I4,F8.3,I1,A3,F5.1,F5.1,2F5.1,F5.1,I1,6I2,2I1,I2,2I3,2I1,F3.0)              
                                                                                          

DESIGN     BASAL AREA FACTOR=   -1.0; INVERSE OF FIXED PLOT AREA=    0.0; BREAK DBH=    0.0
           NUMBER OF PLOTS=     4; NON-STOCKABLE PLOTS=     0; STAND SAMPLING WEIGHT=     4.00000
           PROPORTION OF STAND CONSIDERED STOCKABLE=  1.000
           SEE "OPTIONS SELECTED BY DEFAULT" FOR FINAL DESIGN VALUES.

INVYEAR    INVENTORY YEAR= 2005

CYCLEAT    REQUESTED YEAR FOR A CYCLE =2016

NOTRIPLE

NOAUTOES   TALLIES AND INGROWTH WILL NOT BE ADDED AUTOMATICALLY.
           STOCKADJ IS SET TO ZERO, AND NO SPROUTING WILL BE SIMULATED.

CYCLEAT    REQUESTED YEAR FOR A CYCLE =2016

NOCALIB    CALIBRATION USING GROWTH DATA FROM TREE RECORDS HAS BEEN SUPPRESSED FOR ALL SPECIES

NOHTDREG   CALIBRATION OF HEIGHT-DIAMETER RELATIONSHIP WILL BE SUPPRESSED FOR ALL SPECIES


            

NUMCYCLE   NUMBER OF CYCLES=  2

PROCESS    PROCESS THE STAND.
----------------------------------------------------------------------------------------------------------------------------------

                                                OPTIONS SELECTED BY DEFAULT

----------------------------------------------------------------------------------------------------------------------------------

DESIGN     BASAL AREA FACTOR=   -1.0; INVERSE OF FIXED PLOT AREA=    0.0; BREAK DBH=    0.0
           NUMBER OF PLOTS=     4; NON-STOCKABLE PLOTS=     0; STAND SAMPLING WEIGHT=     4.00000
           PROPORTION OF STAND CONSIDERED STOCKABLE=  1.000

STDINFO    FOREST-LOCATION CODE=     116; HABITAT TYPE=690; AGE=  183; ASPECT AZIMUTH IN DEGREES=  12.; SLOPE=  51.%
           ELEVATION(100'S FEET)= 59.0;  REFERENCE CODE=     

SPECIES      WP      WL      DF      GF      WH      RC      LP      ES      AF      PP
SDI MAX     841.    841.    841.    841.    841.    841.    841.    841.    841.    841.

SPECIES      MH      WB      LM      LL      PM      RM      PY      AS      CO      MM
SDI MAX     841.    841.    841.    841.    841.    841.    841.    841.    841.    841.

SPECIES      PB      OH      OS
SDI MAX     841.    841.    841.

                                  NATIONAL VOLUME ESTIMATOR LIBRARY EQUATION NUMBERS
SPECIES CUBIC FOOT BOARD FOOT SPECIES CUBIC FOOT BOARD FOOT SPECIES CUBIC FOOT BOARD FOOT SPECIES CUBIC FOOT BOARD FOOT 
------- ---------- ---------- ------- ---------- ---------- ------- ---------- ---------- ------- ---------- ---------- 
  WP    I00FW2W119 I00FW2W119   WL    I00FW2W073 I00FW2W073   DF    I00FW2W202 I00FW2W202   GF    I00FW2W017 I00FW2W017
  WH    I00FW2W260 I00FW2W260   RC    I00FW2W242 I00FW2W242   LP    I00FW2W108 I00FW2W108   ES    I00FW2W093 I00FW2W093
  AF    I00FW2W019 I00FW2W019   PP    I00FW2W122 I00FW2W122   MH    I00FW2W260 I00FW2W260   WB    I00FW2W012 I00FW2W012
  LM    I00FW2W073 I00FW2W073   LL    I00FW2W019 I00FW2W019   PM    102DVEW106 102DVEW106   RM    102DVEW106 102DVEW106
  PY    616BEHW231 616BEHW231   AS    102DVEW746 102DVEW746   CO    102DVEW740 102DVEW740   MM    200DVEW746 200DVEW746
  PB    101DVEW375 101DVEW375   OH    200DVEW746 200DVEW746   OS    I00FW2W260 I00FW2W260

SITECODE   SITE INDEX INFORMATION:
            WP=    0.;  WL=    0.;  DF=    0.;  GF=    0.;  WH=    0.;  RC=    0.;  LP=    0.;  ES=    0.; AF=    0.
            PP=    0.;  MH=    0.;  WB=    0.;  LM=   32.;  LL=    0.;  PM=   11.;  RM=    9.;  PY=   32.; AS=   46.
            CO=   67.;  MM=   46.;  PB=   46.;  OH=   67.;  OS=    0.
           SITE SPECIES=DF CODE=    3

INVENTORY POINT CROSS REFERENCE (FVS SEQUENTIAL POINT NUMBER = POINT NUMBER AS ENTERED IN THE INPUT DATA):
  1=       1;   2=       2;   3=       3;   4=       4
----------------------------------------------------------------------------------------------------------------------------------


                                                     ACTIVITY SCHEDULE

STAND ID= UNCALBST22                    MGMT ID= NONE                                                                            

----------------------------------------------------------------------------------------------------------------------------------

CYCLE  DATE  EXTENSION  KEYWORD   DATE  PARAMETERS:
-----  ----  ---------  --------  ----  ------------------------------------------------------------------------------------------

   1   2005
               BASE     TREELIST  2005       3.0000     0.0000     0.0000

   2   2015
               BASE     TREELIST  2015       3.0000     0.0000     0.0000

   3   2016
               BASE     TREELIST  2016       3.0000     0.0000     0.0000
----------------------------------------------------------------------------------------------------------------------------------


CALIBRATION STATISTICS:


                                                 DF    AF    LP
                                                ----  ----  ----

NUMBER OF RECORDS PER SPECIES                     38     3     4

NUMBER OF RECORDS CODED AS RECENT MORTALITY        4     0     3

***** NOTE:  SPECIES HAVE BEEN DROPPED.
                                                 DF    AF
                                                ----  ----

NUMBER OF RECORDS WITH MISSING HEIGHTS             1     0

NUMBER OF RECORDS WITH BROKEN OR DEAD TOPS         1     0

NUMBER OF RECORDS WITH MISSING CROWN RATIOS        1     0

NUMBER OF RECORDS AVAILABLE FOR SCALING
THE DIAMETER INCREMENT MODEL                       0     0

RATIO OF STANDARD ERRORS
(INPUT DBH GROWTH DATA : MODEL)                 1.00  1.00

WEIGHT GIVEN TO THE INPUT GROWTH DATA WHEN
DBH GROWTH MODEL SCALE FACTORS WERE COMPUTED    0.00  0.00

INITIAL SCALE FACTORS FOR THE
DBH INCREMENT MODEL                             1.00  1.00

NUMBER OF RECORDS AVAILABLE FOR SCALING
THE SMALL TREE HEIGHT INCREMENT MODEL             0     0

INITIAL SCALE FACTORS FOR THE SMALL TREE
HEIGHT INCREMENT MODEL                          1.00  1.00

NUMBER OF RECORDS WITH MISTLETOE                   0     0


     FOREST VEGETATION SIMULATOR     VERSION FS2025.3 -- INLAND EMPIRE EXPANDED                 RV:20250701    11-25-2025  15:26:21

STAND ID: UNCALBST22                    MGMT ID: NONE     


                                        STAND COMPOSITION (BASED ON STOCKABLE AREA)
--------------------------------------------------------------------------------------------------------------------------
                            PERCENTILE POINTS IN THE
                     DISTRIBUTION OF STAND ATTRIBUTES BY DBH      TOTAL/ACRE
        STAND       -----------------------------------------      OF STAND         DISTRIBUTION OF STAND ATTRIBUTES BY
YEAR  ATTRIBUTES      10     30     50     70     90    100       ATTRIBUTES       SPECIES AND 3 USER-DEFINED SUBCLASSES
----  -----------   ------ ------ ------ ------ ------ ------   --------------  ------------------------------------------
                                 (DBH IN INCHES)



2005  TREES           1.7    9.3   11.4   12.7   14.0    17.2       8. TREES     90.% DF1,  10.% AF1,   0.% ---,   0.% ---
      VOLUME:  
        TOTAL         9.8   12.1   12.9   13.9   16.1    17.2     136. CUFT      99.% DF1,   1.% AF1,   0.% ---,   0.% ---
        MERCH        10.9   12.3   12.9   13.9   16.1    17.2     116. CUFT      99.% DF1,   1.% AF1,   0.% ---,   0.% ---
        MERCH        10.2   12.3   12.9   14.0   16.1    17.2     582. BDFT      99.% DF1,   1.% AF1,   0.% ---,   0.% ---


      ACCRETION       6.9   11.4   12.3   13.9   16.1    17.2       3. CUFT/YR   97.% DF1,   3.% AF1,   0.% ---,   0.% ---
      MORTALITY       9.8   11.4   12.9   13.7   16.1    17.2       0. CUFT/YR   98.% DF1,   2.% AF1,   0.% ---,   0.% ---



2015  TREES           7.4   10.2   12.4   13.8   16.9    18.2       7. TREES     90.% DF1,  10.% AF1,   0.% ---,   0.% ---
      VOLUME:  
        TOTAL        10.4   12.4   13.8   14.7   17.2    18.2     167. CUFT      99.% DF1,   1.% AF1,   0.% ---,   0.% ---
        MERCH        10.4   13.3   13.8   14.7   17.2    18.2     150. CUFT      99.% DF1,   1.% AF1,   0.% ---,   0.% ---
        MERCH        10.4   13.3   13.8   14.7   17.2    18.2     764. BDFT      99.% DF1,   1.% AF1,   0.% ---,   0.% ---


      ACCRETION       8.2   12.1   13.4   14.3   17.2    18.2       3. CUFT/YR   96.% DF1,   4.% AF1,   0.% ---,   0.% ---
      MORTALITY      10.2   12.3   13.4   14.0   16.9    18.2       0. CUFT/YR   98.% DF1,   2.% AF1,   0.% ---,   0.% ---



2016  TREES           7.5   10.2   12.4   13.9   17.0    18.3       7. TREES     90.% DF1,  10.% AF1,   0.% ---,   0.% ---
      VOLUME:  
        TOTAL        10.2   12.5   13.9   14.8   17.3    18.3     170. CUFT      99.% DF1,   1.% AF1,   0.% ---,   0.% ---
        MERCH        10.5   13.3   13.9   14.8   17.3    18.3     152. CUFT      99.% DF1,   1.% AF1,   0.% ---,   0.% ---
        MERCH        10.2   13.3   13.9   14.8   17.3    18.3     783. BDFT      99.% DF1,   1.% AF1,   0.% ---,   0.% ---


      ACCRETION       8.3   12.4   13.4   14.1   17.3    18.3       4. CUFT/YR   96.% DF1,   4.% AF1,   0.% ---,   0.% ---
      MORTALITY       9.1   12.4   13.4   14.4   17.0    18.3       0. CUFT/YR   98.% DF1,   2.% AF1,   0.% ---,   0.% ---



2025  TREES           8.5   10.9   13.7   14.7   17.6    19.0       7. TREES     90.% DF1,  10.% AF1,   0.% ---,   0.% ---
      VOLUME:  
        TOTAL        10.9   13.8   14.7   15.7   18.9    19.0     200. CUFT      98.% DF1,   2.% AF1,   0.% ---,   0.% ---
        MERCH        10.9   13.8   14.7   15.7   18.9    19.0     179. CUFT      99.% DF1,   1.% AF1,   0.% ---,   0.% ---
        MERCH        10.9   13.8   14.7   15.7   18.9    19.0     932. BDFT      99.% DF1,   1.% AF1,   0.% ---,   0.% ---


     FOREST VEGETATION SIMULATOR     VERSION FS2025.3 -- INLAND EMPIRE EXPANDED                 RV:20250701    11-25-2025  15:26:21

STAND ID: UNCALBST22                    MGMT ID: NONE     


------------------------------------------------------------------------------------------------------------------------------
                     ATTRIBUTES OF SELECTED SAMPLE TREES                 ADDITIONAL STAND ATTRIBUTES (BASED ON STOCKABLE AREA)
      -----------------------------------------------------------------  -----------------------------------------------------
      INITIAL                           LIVE   PAST DBH  BASAL   TREES          QUADRATIC   TREES    BASAL  TOP HEIGHT  CROWN
      TREES/A            DBH    HEIGHT  CROWN   GROWTH   AREA     PER    STAND   MEAN DBH    PER     AREA     LARGEST   COMP
YEAR   %TILE  SPECIES (INCHES)  (FEET)  RATIO  (INCHES)  %TILE    ACRE   AGE     (INCHES)    ACRE   (SQFT/A) 40/A (FT)  FACTOR
----  ------- ------- -------- -------- ------ --------- ------- ------  -----  ---------   ------ --------- --------- -------

2005                                          ( 10 YRS)

        10     AF1       1.70    12.00    15     0.48      0.2    0.25
        30     DF1       9.30    65.00    25     0.92     10.3    0.25
        50     DF1      11.40    62.00    25     0.68     29.4    0.25
        70     DF1      12.70    74.00    35     1.09     49.6    0.25
        90     DF1      14.00    77.00    55     0.77     78.9    0.25
       100     DF1      17.20    87.00    45     0.55    100.0    0.25
                                                                         183      11.1        8.       5.       61.7      5.5

2015                                          ( 10 YRS)

        10     AF1       4.04    21.82    15     2.19      0.6    0.25
        30     DF1      10.15    71.96    28     0.74     12.2    0.25
        50     DF1      12.14    66.66    26     0.64     23.9    0.25
        70     DF1      13.38    78.22    37     0.59     46.6    0.25
        90     DF1      14.94    81.44    59     0.82     79.0    0.25
       100     DF1      18.25    91.06    48     0.91    100.0    0.25
                                                                         193      12.1        7.       6.       68.2      6.2

2016                                          (  1 YRS)

        10     AF1       4.11    22.68    15     0.06      0.6    0.25
        30     DF1      10.23    72.44    28     0.07     12.3    0.25
        50     DF1      12.21    67.11    26     0.06     24.0    0.25
        70     DF1      13.44    78.63    37     0.06     46.7    0.24
        90     DF1      15.03    81.86    59     0.08     79.0    0.25
       100     DF1      18.33    91.42    48     0.07    100.0    0.25
                                                                         194      12.2        7.       6.       68.8      6.2

2025                                          (  9 YRS)

        10     AF1       4.57    27.26    14     0.43      0.8    0.23
        30     DF1      10.88    76.70    28     0.57     13.3    0.24
        50     DF1      13.12    71.55    25     0.79     24.6    0.24
        70     DF1      14.16    82.47    36     0.62     43.5    0.24
        90     DF1      15.73    85.46    58     0.61     79.5    0.25
       100     DF1      19.01    94.59    47     0.59    100.0    0.25
                                                                         203      13.0        7.       7.       73.9      6.8


     FOREST VEGETATION SIMULATOR     VERSION FS2025.3 -- INLAND EMPIRE EXPANDED                 RV:20250701    11-25-2025  15:26:21

STAND ID: UNCALBST22                    MGMT ID: NONE    



                                SUMMARY STATISTICS (PER ACRE OR STAND BASED ON TOTAL STAND AREA)
--------------------------------------------------------------------------------------------------------------------------------------
               START OF SIMULATION PERIOD                     REMOVALS             AFTER TREATMENT    GROWTH THIS PERIOD
         --------------------------------------------- ----------------------- ---------------------  ------------------   MAI  ------
         NO OF              TOP      TOTAL MERCH MERCH NO OF TOTAL MERCH MERCH              TOP  RES  PERIOD ACCRE MORT   MERCH FOR SS
YEAR AGE TREES  BA  SDI CCF HT  QMD  CU FT CU FT BD FT TREES CU FT CU FT BD FT  BA  SDI CCF HT   QMD  YEARS   PER  YEAR   CU FT TYP ZT
---- --- ----- --- ---- --- --- ---- ----- ----- ----- ----- ----- ----- ----- --- ---- --- --- ----  ------ ---- -----   ----- ------
2005 183     8   5    9   5  62 11.1   136   116   583     0     0     0     0   5    9   5  62 11.1      10    3     0     0.6 999 55
2015 193     7   6   10   6  68 12.1   167   150   764     0     0     0     0   6   10   6  68 12.1       1    3     0     0.8 999 55
2016 194     7   6   10   6  69 12.2   170   152   783     0     0     0     0   6   10   6  69 12.2       9    4     0     0.8 999 55
2025 203     7   7   11   7  74 13.0   200   179   932     0     0     0     0   7   11   7  74 13.0       0    0     0     0.9 999 55




                                                     ACTIVITY SUMMARY 

STAND ID= UNCALBST22                    MGMT ID= NONE                                                                            

----------------------------------------------------------------------------------------------------------------------------------

CYCLE  DATE  EXTENSION  KEYWORD   DATE  ACTIVITY DISPOSITION  PARAMETERS:
-----  ----  ---------  --------  ----  --------------------  --------------------------------------------------------------------

   1   2005
               BASE     TREELIST  2005  DONE IN 2014               3.0000     0.0000     0.0000

   2   2015
               BASE     TREELIST  2015  DONE IN 2015               3.0000     0.0000     0.0000

   3   2016
               BASE     TREELIST  2016  DONE IN 2024               3.0000     0.0000     0.0000
----------------------------------------------------------------------------------------------------------------------------------
