

     FOREST VEGETATION SIMULATOR     VERSION FS2025.3 -- INLAND EMPIRE EXPANDED                 RV:20250701    11-25-2025  15:26:27

----------------------------------------------------------------------------------------------------------------------------------

                                                OPTIONS SELECTED BY INPUT

KEYWORD FILE NAME: ../../data/fvs_runFiles/uc_Nov252025_15.26/uncalib_stand172
----------------------------------------------------------------------------------------------------------------------------------
KEYWORD    PARAMETERS:
--------   -----------------------------------------------------------------------------------------------------------------------

STDIDENT
           STAND ID= UNCALBST172                                                                                               

RANNSEED   RANDOM SEED IS:        2025.0

********   FVS03 WARNING:  FOREST CODE INDICATES THE GEOGRAPHIC LOCATION IS OUTSIDE THE RANGE OF THE MODEL.  DEFAULT CODE IS USED.

********   FOREST CODE USED IN THIS PROJECTION IS 118

           HABITAT TYPE WILL BE MAPPED TO 690 FOR THIS PROJECTION.

STDINFO    FOREST-LOCATION CODE=     118; HABITAT TYPE=690; AGE=  135; ASPECT AZIMUTH IN DEGREES= 200.; SLOPE=  40.%
           ELEVATION(100'S FEET)= 77.0; REFERENCE CODE=     

TREELIST   DATE/CYCLE=    0; DATA SET REFERENCE NUMBER =  3.; HEADING SUPPRESSION CODE = 0.
           (0=WITH HEADING, OTHER VALUES=SUPPRESS HEADING).

TREEFMT 
          (I4,I4,F8.3,I1,A3,F5.1,F5.1,2F5.1,F5.1,I1,6I2,2I1,I2,2I3,2I1,F3.0)              
                                                                                          

DESIGN     BASAL AREA FACTOR=   -1.0; INVERSE OF FIXED PLOT AREA=    0.0; BREAK DBH=    0.0
           NUMBER OF PLOTS=     4; NON-STOCKABLE PLOTS=     0; STAND SAMPLING WEIGHT=     4.00000
           PROPORTION OF STAND CONSIDERED STOCKABLE=  1.000
           SEE "OPTIONS SELECTED BY DEFAULT" FOR FINAL DESIGN VALUES.

INVYEAR    INVENTORY YEAR= 2013

CYCLEAT    REQUESTED YEAR FOR A CYCLE =2024

NOTRIPLE

NOAUTOES   TALLIES AND INGROWTH WILL NOT BE ADDED AUTOMATICALLY.
           STOCKADJ IS SET TO ZERO, AND NO SPROUTING WILL BE SIMULATED.

CYCLEAT    REQUESTED YEAR FOR A CYCLE =2024

NOCALIB    CALIBRATION USING GROWTH DATA FROM TREE RECORDS HAS BEEN SUPPRESSED FOR ALL SPECIES

NOHTDREG   CALIBRATION OF HEIGHT-DIAMETER RELATIONSHIP WILL BE SUPPRESSED FOR ALL SPECIES


            

NUMCYCLE   NUMBER OF CYCLES=  2

PROCESS    PROCESS THE STAND.
----------------------------------------------------------------------------------------------------------------------------------

                                                OPTIONS SELECTED BY DEFAULT

----------------------------------------------------------------------------------------------------------------------------------

DESIGN     BASAL AREA FACTOR=   -1.0; INVERSE OF FIXED PLOT AREA=    0.0; BREAK DBH=    0.0
           NUMBER OF PLOTS=     4; NON-STOCKABLE PLOTS=     0; STAND SAMPLING WEIGHT=     4.00000
           PROPORTION OF STAND CONSIDERED STOCKABLE=  1.000

STDINFO    FOREST-LOCATION CODE=     118; HABITAT TYPE=690; AGE=  135; ASPECT AZIMUTH IN DEGREES= 200.; SLOPE=  40.%
           ELEVATION(100'S FEET)= 77.0;  REFERENCE CODE=     

SPECIES      WP      WL      DF      GF      WH      RC      LP      ES      AF      PP
SDI MAX     841.    841.    841.    841.    841.    841.    841.    841.    841.    841.

SPECIES      MH      WB      LM      LL      PM      RM      PY      AS      CO      MM
SDI MAX     841.    841.    841.    841.    841.    841.    841.    841.    841.    841.

SPECIES      PB      OH      OS
SDI MAX     841.    841.    841.

                                  NATIONAL VOLUME ESTIMATOR LIBRARY EQUATION NUMBERS
SPECIES CUBIC FOOT BOARD FOOT SPECIES CUBIC FOOT BOARD FOOT SPECIES CUBIC FOOT BOARD FOOT SPECIES CUBIC FOOT BOARD FOOT 
------- ---------- ---------- ------- ---------- ---------- ------- ---------- ---------- ------- ---------- ---------- 
  WP    I00FW2W119 I00FW2W119   WL    I00FW2W073 I00FW2W073   DF    I00FW2W202 I00FW2W202   GF    I00FW2W017 I00FW2W017
  WH    I00FW2W260 I00FW2W260   RC    I00FW2W242 I00FW2W242   LP    I00FW2W108 I00FW2W108   ES    I00FW2W093 I00FW2W093
  AF    I00FW2W019 I00FW2W019   PP    I00FW2W122 I00FW2W122   MH    I00FW2W260 I00FW2W260   WB    I00FW2W012 I00FW2W012
  LM    I00FW2W073 I00FW2W073   LL    I00FW2W019 I00FW2W019   PM    102DVEW106 102DVEW106   RM    102DVEW106 102DVEW106
  PY    616BEHW231 616BEHW231   AS    102DVEW746 102DVEW746   CO    102DVEW740 102DVEW740   MM    200DVEW746 200DVEW746
  PB    101DVEW375 101DVEW375   OH    200DVEW746 200DVEW746   OS    I00FW2W260 I00FW2W260

SITECODE   SITE INDEX INFORMATION:
            WP=    0.;  WL=    0.;  DF=    0.;  GF=    0.;  WH=    0.;  RC=    0.;  LP=    0.;  ES=    0.; AF=    0.
            PP=    0.;  MH=    0.;  WB=    0.;  LM=   32.;  LL=    0.;  PM=   11.;  RM=    9.;  PY=   32.; AS=   46.
            CO=   67.;  MM=   46.;  PB=   46.;  OH=   67.;  OS=    0.
           SITE SPECIES=DF CODE=    3

INVENTORY POINT CROSS REFERENCE (FVS SEQUENTIAL POINT NUMBER = POINT NUMBER AS ENTERED IN THE INPUT DATA):
  1=       1;   2=       2;   3=       3;   4=       4
----------------------------------------------------------------------------------------------------------------------------------


                                                     ACTIVITY SCHEDULE

STAND ID= UNCALBST172                   MGMT ID= NONE                                                                            

----------------------------------------------------------------------------------------------------------------------------------

CYCLE  DATE  EXTENSION  KEYWORD   DATE  PARAMETERS:
-----  ----  ---------  --------  ----  ------------------------------------------------------------------------------------------

   1   2013
               BASE     TREELIST  2013       3.0000     0.0000     0.0000

   2   2023
               BASE     TREELIST  2023       3.0000     0.0000     0.0000

   3   2024
               BASE     TREELIST  2024       3.0000     0.0000     0.0000
----------------------------------------------------------------------------------------------------------------------------------


CALIBRATION STATISTICS:


                                                 AF    WB    LP
                                                ----  ----  ----

NUMBER OF RECORDS PER SPECIES                     39    11     4

NUMBER OF RECORDS CODED AS RECENT MORTALITY        0     0     0

NUMBER OF RECORDS WITH MISSING HEIGHTS             4     3     0

NUMBER OF RECORDS WITH BROKEN OR DEAD TOPS         1     0     0

NUMBER OF RECORDS WITH MISSING CROWN RATIOS        4     3     0

NUMBER OF RECORDS AVAILABLE FOR SCALING
THE DIAMETER INCREMENT MODEL                       0     0     0

RATIO OF STANDARD ERRORS
(INPUT DBH GROWTH DATA : MODEL)                 1.00  1.00  1.00

WEIGHT GIVEN TO THE INPUT GROWTH DATA WHEN
DBH GROWTH MODEL SCALE FACTORS WERE COMPUTED    0.00  0.00  0.00

INITIAL SCALE FACTORS FOR THE
DBH INCREMENT MODEL                             1.00  1.00  1.00

NUMBER OF RECORDS AVAILABLE FOR SCALING
THE SMALL TREE HEIGHT INCREMENT MODEL             0     0     0

INITIAL SCALE FACTORS FOR THE SMALL TREE
HEIGHT INCREMENT MODEL                          1.00  1.00  1.00

NUMBER OF RECORDS WITH MISTLETOE                   0     0     0


     FOREST VEGETATION SIMULATOR     VERSION FS2025.3 -- INLAND EMPIRE EXPANDED                 RV:20250701    11-25-2025  15:26:27

STAND ID: UNCALBST172                   MGMT ID: NONE     


                                        STAND COMPOSITION (BASED ON STOCKABLE AREA)
--------------------------------------------------------------------------------------------------------------------------
                            PERCENTILE POINTS IN THE
                     DISTRIBUTION OF STAND ATTRIBUTES BY DBH      TOTAL/ACRE
        STAND       -----------------------------------------      OF STAND         DISTRIBUTION OF STAND ATTRIBUTES BY
YEAR  ATTRIBUTES      10     30     50     70     90    100       ATTRIBUTES       SPECIES AND 3 USER-DEFINED SUBCLASSES
----  -----------   ------ ------ ------ ------ ------ ------   --------------  ------------------------------------------
                                 (DBH IN INCHES)



2013  TREES           0.1    0.1    1.8    6.5   10.0    17.5      18. TREES     77.% AF1,  17.% WB1,   6.% LP1,   0.% ---
      VOLUME:  
        TOTAL         6.8    9.9   14.4   16.1   17.5    17.5      85. CUFT      50.% AF1,  46.% LP1,   4.% WB1,   0.% ---
        MERCH         8.4   11.4   15.1   16.1   17.5    17.5      64. CUFT      55.% LP1,  41.% AF1,   5.% WB1,   0.% ---
        MERCH         8.7   12.9   15.1   16.1   17.5    17.5     315. BDFT      57.% LP1,  40.% AF1,   3.% WB1,   0.% ---


      ACCRETION       5.7    6.8    8.4   10.0   16.1    17.5       3. CUFT/YR   76.% AF1,  21.% LP1,   3.% WB1,   0.% ---
      MORTALITY       6.8   10.0   12.9   15.1   17.5    17.5       0. CUFT/YR   49.% LP1,  46.% AF1,   5.% WB1,   0.% ---



2023  TREES           0.3    0.3    5.4    8.3   11.9    18.6      15. TREES     80.% AF1,  14.% WB1,   7.% LP1,   0.% ---
      VOLUME:  
        TOTAL         8.0    9.8   12.2   15.6   18.6    18.6     111. CUFT      57.% AF1,  39.% LP1,   4.% WB1,   0.% ---
        MERCH         8.3   10.6   15.4   16.9   18.6    18.6      90. CUFT      52.% AF1,  44.% LP1,   4.% WB1,   0.% ---
        MERCH         8.5   10.7   15.4   16.9   18.6    18.6     432. BDFT      49.% AF1,  47.% LP1,   3.% WB1,   0.% ---


      ACCRETION       7.1    8.3    9.8   12.2   16.9    18.6       3. CUFT/YR   76.% AF1,  21.% LP1,   3.% WB1,   0.% ---
      MORTALITY       8.0   10.6   13.8   15.6   18.6    18.6       0. CUFT/YR   49.% LP1,  46.% AF1,   5.% WB1,   0.% ---



2024  TREES           0.3    0.4    6.0    8.6   12.4    18.7      14. TREES     80.% AF1,  13.% WB1,   7.% LP1,   0.% ---
      VOLUME:  
        TOTAL         8.1   10.0   12.4   15.6   18.7    18.7     113. CUFT      57.% AF1,  39.% LP1,   4.% WB1,   0.% ---
        MERCH         8.4   10.7   13.9   15.6   18.7    18.7      92. CUFT      54.% AF1,  42.% LP1,   4.% WB1,   0.% ---
        MERCH         8.6   10.8   15.5   16.9   18.7    18.7     444. BDFT      51.% AF1,  46.% LP1,   3.% WB1,   0.% ---


      ACCRETION       6.9    8.4   10.0   12.4   16.9    18.7       3. CUFT/YR   77.% AF1,  20.% LP1,   3.% WB1,   0.% ---
      MORTALITY       8.0   10.7   13.9   15.6   18.7    18.7       1. CUFT/YR   47.% AF1,  46.% LP1,   7.% WB1,   0.% ---



2033  TREES           0.7    3.0    8.1   10.4   13.9    19.6      13. TREES     80.% AF1,  13.% WB1,   7.% LP1,   0.% ---
      VOLUME:  
        TOTAL         8.9   10.8   12.3   16.7   19.6    19.6     137. CUFT      62.% AF1,  35.% LP1,   4.% WB1,   0.% ---
        MERCH         9.0   11.2   13.9   16.7   19.6    19.6     113. CUFT      59.% AF1,  38.% LP1,   4.% WB1,   0.% ---
        MERCH         9.0   11.5   14.5   16.7   19.6    19.6     543. BDFT      56.% AF1,  41.% LP1,   4.% WB1,   0.% ---


     FOREST VEGETATION SIMULATOR     VERSION FS2025.3 -- INLAND EMPIRE EXPANDED                 RV:20250701    11-25-2025  15:26:27

STAND ID: UNCALBST172                   MGMT ID: NONE     


------------------------------------------------------------------------------------------------------------------------------
                     ATTRIBUTES OF SELECTED SAMPLE TREES                 ADDITIONAL STAND ATTRIBUTES (BASED ON STOCKABLE AREA)
      -----------------------------------------------------------------  -----------------------------------------------------
      INITIAL                           LIVE   PAST DBH  BASAL   TREES          QUADRATIC   TREES    BASAL  TOP HEIGHT  CROWN
      TREES/A            DBH    HEIGHT  CROWN   GROWTH   AREA     PER    STAND   MEAN DBH    PER     AREA     LARGEST   COMP
YEAR   %TILE  SPECIES (INCHES)  (FEET)  RATIO  (INCHES)  %TILE    ACRE   AGE     (INCHES)    ACRE   (SQFT/A) 40/A (FT)  FACTOR
----  ------- ------- -------- -------- ------ --------- ------- ------  -----  ---------   ------ --------- --------- -------

2013                                          ( 10 YRS)

        10     WB1       0.10     1.01    73     0.00      0.0    2.00
        30     AF1       0.10     1.01    77     0.00      0.0    3.75
        50     AF1       1.80     9.00    45     0.66      0.3    0.25
        70     AF1       6.50    39.00    85     2.66     13.3    0.25
        90     AF1      10.00    57.00    85     1.93     47.7    0.25
       100     LP1      17.50    87.00    65     0.84    100.0    0.25
                                                                         135       6.1       18.       4.       20.4      4.0

2023                                          ( 10 YRS)

        10     WB1       0.34     7.02    73     0.20      0.1    1.22
        30     AF1       0.31     4.53    77     0.20      0.0    2.56
        50     AF1       4.55    21.33    45     2.58      2.6    0.25
        70     AF1       8.09    46.89    86     1.49     21.6    0.24
        90     AF1      12.22    63.41    88     2.08     62.3    0.25
       100     LP1      18.57    90.66    65     1.04    100.0    0.24
                                                                         145       7.6       15.       5.       30.4      5.0

2024                                          (  1 YRS)

        10     WB1       0.42     7.80    73     0.07      0.1    1.17
        30     AF1       0.34     4.89    77     0.02      0.0    2.46
        50     AF1       4.63    22.72    45     0.07      2.7    0.25
        70     AF1       8.26    47.70    86     0.16     21.9    0.24
        90     AF1      12.38    63.95    88     0.15     62.8    0.25
       100     LP1      18.66    90.99    65     0.09    100.0    0.24
                                                                         146       7.7       14.       5.       31.4      5.1

2033                                          (  9 YRS)

        10     WB1       1.71    19.58    73     1.10      0.5    0.90
        30     AF1       0.66     7.76    77     0.31      0.1    1.75
        50     AF1       5.31    27.02    44     0.64      3.2    0.22
        70     AF1       9.51    53.43    87     1.17     28.2    0.24
        90     AF1      13.94    69.03    89     1.47     66.4    0.24
       100     LP1      19.62    94.17    65     0.93    100.0    0.23
                                                                         155       8.8       13.       5.       40.2      5.7


     FOREST VEGETATION SIMULATOR     VERSION FS2025.3 -- INLAND EMPIRE EXPANDED                 RV:20250701    11-25-2025  15:26:27

STAND ID: UNCALBST172                   MGMT ID: NONE    



                                SUMMARY STATISTICS (PER ACRE OR STAND BASED ON TOTAL STAND AREA)
--------------------------------------------------------------------------------------------------------------------------------------
               START OF SIMULATION PERIOD                     REMOVALS             AFTER TREATMENT    GROWTH THIS PERIOD
         --------------------------------------------- ----------------------- ---------------------  ------------------   MAI  ------
         NO OF              TOP      TOTAL MERCH MERCH NO OF TOTAL MERCH MERCH              TOP  RES  PERIOD ACCRE MORT   MERCH FOR SS
YEAR AGE TREES  BA  SDI CCF HT  QMD  CU FT CU FT BD FT TREES CU FT CU FT BD FT  BA  SDI CCF HT   QMD  YEARS   PER  YEAR   CU FT TYP ZT
---- --- ----- --- ---- --- --- ---- ----- ----- ----- ----- ----- ----- ----- --- ---- --- --- ----  ------ ---- -----   ----- ------
2013 135    18   4    8   4  20  6.1    85    64   315     0     0     0     0   4    8   4  20  6.1      10    3     0     0.5 999 55
2023 145    15   5    9   5  30  7.6   111    90   432     0     0     0     0   5    9   5  30  7.6       1    3     0     0.6 999 55
2024 146    14   5    9   5  31  7.7   113    92   444     0     0     0     0   5    9   5  31  7.7       9    3     1     0.6 999 55
2033 155    13   5   10   6  40  8.8   137   113   543     0     0     0     0   5   10   6  40  8.8       0    0     0     0.7 999 55




                                                     ACTIVITY SUMMARY 

STAND ID= UNCALBST172                   MGMT ID= NONE                                                                            

----------------------------------------------------------------------------------------------------------------------------------

CYCLE  DATE  EXTENSION  KEYWORD   DATE  ACTIVITY DISPOSITION  PARAMETERS:
-----  ----  ---------  --------  ----  --------------------  --------------------------------------------------------------------

   1   2013
               BASE     TREELIST  2013  DONE IN 2022               3.0000     0.0000     0.0000

   2   2023
               BASE     TREELIST  2023  DONE IN 2023               3.0000     0.0000     0.0000

   3   2024
               BASE     TREELIST  2024  DONE IN 2032               3.0000     0.0000     0.0000
----------------------------------------------------------------------------------------------------------------------------------
