

     FOREST VEGETATION SIMULATOR     VERSION FS2025.3 -- INLAND EMPIRE EXPANDED                 RV:20250701    12-08-2025  15:39:05

----------------------------------------------------------------------------------------------------------------------------------

                                                OPTIONS SELECTED BY INPUT

KEYWORD FILE NAME: C:/Users/sp258446/Documents/fvs-code/fia_calib/data/fvs_runFiles/lub_sc_Dec082025_15.39/lubselfcalib_stand13
----------------------------------------------------------------------------------------------------------------------------------
KEYWORD    PARAMETERS:
--------   -----------------------------------------------------------------------------------------------------------------------

STDIDENT
           STAND ID= LUBSCALB13                                                                                                

RANNSEED   RANDOM SEED IS:        2025.0

********   FVS03 WARNING:  FOREST CODE INDICATES THE GEOGRAPHIC LOCATION IS OUTSIDE THE RANGE OF THE MODEL.  DEFAULT CODE IS USED.

********   FOREST CODE USED IN THIS PROJECTION IS 118

           HABITAT TYPE WILL BE MAPPED TO 310 FOR THIS PROJECTION.

STDINFO    FOREST-LOCATION CODE=     118; HABITAT TYPE=310; AGE=    0; ASPECT AZIMUTH IN DEGREES= 217.; SLOPE=  33.%
           ELEVATION(100'S FEET)= 56.0; REFERENCE CODE=     

TREELIST   DATE/CYCLE=    0; DATA SET REFERENCE NUMBER =  3.; HEADING SUPPRESSION CODE = 0.
           (0=WITH HEADING, OTHER VALUES=SUPPRESS HEADING).

TREEFMT 
          (I4,I4,F8.3,I1,A3,F5.1,F5.1,2F5.1,F5.1,I1,6I2,2I1,I2,2I3,2I1,F3.0)              
                                                                                          

DESIGN     BASAL AREA FACTOR=   -1.0; INVERSE OF FIXED PLOT AREA=    0.0; BREAK DBH=    0.0
           NUMBER OF PLOTS=     1; NON-STOCKABLE PLOTS=     0; STAND SAMPLING WEIGHT=     1.00000
           PROPORTION OF STAND CONSIDERED STOCKABLE=  1.000
           SEE "OPTIONS SELECTED BY DEFAULT" FOR FINAL DESIGN VALUES.

INVYEAR    INVENTORY YEAR= 2018

CYCLEAT    REQUESTED YEAR FOR A CYCLE =2023

NOTRIPLE

NOAUTOES   TALLIES AND INGROWTH WILL NOT BE ADDED AUTOMATICALLY.
           STOCKADJ IS SET TO ZERO, AND NO SPROUTING WILL BE SIMULATED.

CYCLEAT    REQUESTED YEAR FOR A CYCLE =2023

GROWTH     DIAMETER GROWTH DATA TYPE CODE= 3,  5.0 YEAR MEASUREMENT PERIOD;
           HEIGHT GROWTH DATA TYPE CODE  = 3,  5.0 YEAR MEASUREMENT PERIOD;
           MORTALITY MEASUREMENT PERIOD  = 5.0


            

DATABASE   DATABASE KEYWORDS:

********   FVS16 ERROR:  KEYWORD ENTERED IS USED IN WRONG CONTEXT AND WAS IGNORED.  RECORDS READ=  18

           DSNOUT DATA BASE CAN NOT BE REDEFINED. DSN FOR OUTPUT REMAINS: FVSOut.db

CALBSTDB   CALIBRATION STATISTICS TABLE SENT TO SPECIFIED DATABASE.

INVSTATS   INVENTORY STATISTICS TABLES SENT TO SPECIFIED DATABASE.

END        END OF DATA BASE OPTIONS.


            

NUMCYCLE   NUMBER OF CYCLES=  1

PROCESS    PROCESS THE STAND.
----------------------------------------------------------------------------------------------------------------------------------

                                                OPTIONS SELECTED BY DEFAULT

----------------------------------------------------------------------------------------------------------------------------------

DESIGN     BASAL AREA FACTOR=   -1.0; INVERSE OF FIXED PLOT AREA=    0.0; BREAK DBH=    0.0
           NUMBER OF PLOTS=     1; NON-STOCKABLE PLOTS=     0; STAND SAMPLING WEIGHT=     1.00000
           PROPORTION OF STAND CONSIDERED STOCKABLE=  1.000

STDINFO    FOREST-LOCATION CODE=     118; HABITAT TYPE=310; AGE=    0; ASPECT AZIMUTH IN DEGREES= 217.; SLOPE=  33.%
           ELEVATION(100'S FEET)= 56.0;  REFERENCE CODE=     

SPECIES      WP      WL      DF      GF      WH      RC      LP      ES      AF      PP
SDI MAX     669.    669.    669.    669.    669.    669.    669.    669.    669.    669.

SPECIES      MH      WB      LM      LL      PM      RM      PY      AS      CO      MM
SDI MAX     669.    669.    669.    669.    669.    669.    669.    669.    669.    669.

SPECIES      PB      OH      OS
SDI MAX     669.    669.    669.

                                  NATIONAL VOLUME ESTIMATOR LIBRARY EQUATION NUMBERS
SPECIES CUBIC FOOT BOARD FOOT SPECIES CUBIC FOOT BOARD FOOT SPECIES CUBIC FOOT BOARD FOOT SPECIES CUBIC FOOT BOARD FOOT 
------- ---------- ---------- ------- ---------- ---------- ------- ---------- ---------- ------- ---------- ---------- 
  WP    I00FW2W119 I00FW2W119   WL    I00FW2W073 I00FW2W073   DF    I00FW2W202 I00FW2W202   GF    I00FW2W017 I00FW2W017
  WH    I00FW2W260 I00FW2W260   RC    I00FW2W242 I00FW2W242   LP    I00FW2W108 I00FW2W108   ES    I00FW2W093 I00FW2W093
  AF    I00FW2W019 I00FW2W019   PP    I00FW2W122 I00FW2W122   MH    I00FW2W260 I00FW2W260   WB    I00FW2W012 I00FW2W012
  LM    I00FW2W073 I00FW2W073   LL    I00FW2W019 I00FW2W019   PM    102DVEW106 102DVEW106   RM    102DVEW106 102DVEW106
  PY    616BEHW231 616BEHW231   AS    102DVEW746 102DVEW746   CO    102DVEW740 102DVEW740   MM    200DVEW746 200DVEW746
  PB    101DVEW375 101DVEW375   OH    200DVEW746 200DVEW746   OS    I00FW2W260 I00FW2W260

SITECODE   SITE INDEX INFORMATION:
            WP=    0.;  WL=    0.;  DF=    0.;  GF=    0.;  WH=    0.;  RC=    0.;  LP=    0.;  ES=    0.; AF=    0.
            PP=    0.;  MH=    0.;  WB=    0.;  LM=   35.;  LL=    0.;  PM=   12.;  RM=   10.;  PY=   35.; AS=   48.
            CO=   71.;  MM=   48.;  PB=   48.;  OH=   71.;  OS=    0.
           SITE SPECIES=DF CODE=    3

INVENTORY POINT CROSS REFERENCE (FVS SEQUENTIAL POINT NUMBER = POINT NUMBER AS ENTERED IN THE INPUT DATA):
  1=       1
----------------------------------------------------------------------------------------------------------------------------------


                                                     ACTIVITY SCHEDULE

STAND ID= LUBSCALB13                    MGMT ID= NONE                                                                            

----------------------------------------------------------------------------------------------------------------------------------

CYCLE  DATE  EXTENSION  KEYWORD   DATE  PARAMETERS:
-----  ----  ---------  --------  ----  ------------------------------------------------------------------------------------------

   1   2018
               BASE     TREELIST  2018       3.0000     0.0000     0.0000

   2   2023
               BASE     TREELIST  2023       3.0000     0.0000     0.0000
----------------------------------------------------------------------------------------------------------------------------------


CALIBRATION STATISTICS:


                                                 DF    PP
                                                ----  ----

NUMBER OF RECORDS PER SPECIES                     48     3

NUMBER OF RECORDS CODED AS RECENT MORTALITY        0     0

***** NOTE:  SPECIES HAVE BEEN DROPPED.
                                                 DF
                                                ----

NUMBER OF RECORDS WITH MISSING HEIGHTS             3

NUMBER OF RECORDS WITH BROKEN OR DEAD TOPS         0

NUMBER OF RECORDS WITH MISSING CROWN RATIOS       48

NUMBER OF RECORDS AVAILABLE FOR SCALING
THE DIAMETER INCREMENT MODEL                      42

RATIO OF STANDARD ERRORS
(INPUT DBH GROWTH DATA : MODEL)                 1.13

WEIGHT GIVEN TO THE INPUT GROWTH DATA WHEN
DBH GROWTH MODEL SCALE FACTORS WERE COMPUTED    1.00

INITIAL SCALE FACTORS FOR THE
DBH INCREMENT MODEL                             0.16

NUMBER OF RECORDS AVAILABLE FOR SCALING
THE SMALL TREE HEIGHT INCREMENT MODEL             0

INITIAL SCALE FACTORS FOR THE SMALL TREE
HEIGHT INCREMENT MODEL                          1.00

NUMBER OF RECORDS WITH MISTLETOE                   0


     FOREST VEGETATION SIMULATOR     VERSION FS2025.3 -- INLAND EMPIRE EXPANDED                 RV:20250701    12-08-2025  15:39:05

STAND ID: LUBSCALB13                    MGMT ID: NONE     


                                        STAND COMPOSITION (BASED ON STOCKABLE AREA)
--------------------------------------------------------------------------------------------------------------------------
                            PERCENTILE POINTS IN THE
                     DISTRIBUTION OF STAND ATTRIBUTES BY DBH      TOTAL/ACRE
        STAND       -----------------------------------------      OF STAND         DISTRIBUTION OF STAND ATTRIBUTES BY
YEAR  ATTRIBUTES      10     30     50     70     90    100       ATTRIBUTES       SPECIES AND 3 USER-DEFINED SUBCLASSES
----  -----------   ------ ------ ------ ------ ------ ------   --------------  ------------------------------------------
                                 (DBH IN INCHES)



2018  TREES           5.5    6.3    7.3    8.1   10.6    13.4      48. TREES    100.% DF1,   0.% ---,   0.% ---,   0.% ---
      VOLUME:  
        TOTAL         6.2    7.6    8.2   10.1   11.9    13.4     296. CUFT     100.% DF1,   0.% ---,   0.% ---,   0.% ---
        MERCH         7.5    8.1    9.1   10.6   11.9    13.4     196. CUFT     100.% DF1,   0.% ---,   0.% ---,   0.% ---
        MERCH         7.3    8.0    9.1   10.1   11.9    13.4     950. BDFT     100.% DF1,   0.% ---,   0.% ---,   0.% ---


      ACCRETION       5.6    6.5    7.6    8.2   10.8    13.4       6. CUFT/YR  100.% DF1,   0.% ---,   0.% ---,   0.% ---
      MORTALITY       6.0    7.2    7.9    9.4   11.7    13.4       4. CUFT/YR  100.% DF1,   0.% ---,   0.% ---,   0.% ---



2023  TREES           5.7    6.5    7.6    8.2   10.7    13.6      44. TREES    100.% DF1,   0.% ---,   0.% ---,   0.% ---
      VOLUME:  
        TOTAL         6.3    7.6    8.4   10.2   12.0    13.6     304. CUFT     100.% DF1,   0.% ---,   0.% ---,   0.% ---
        MERCH         7.5    8.1    9.2   10.2   12.0    13.6     202. CUFT     100.% DF1,   0.% ---,   0.% ---,   0.% ---
        MERCH         7.5    8.1    8.8   10.2   12.0    13.6    1034. BDFT     100.% DF1,   0.% ---,   0.% ---,   0.% ---


      ACCRETION       5.9    6.6    7.8    8.5   11.1    13.6       6. CUFT/YR  100.% DF1,   0.% ---,   0.% ---,   0.% ---
      MORTALITY       6.2    7.4    8.1    9.6   11.9    13.6       4. CUFT/YR  100.% DF1,   0.% ---,   0.% ---,   0.% ---



2028  TREES           5.9    6.6    7.8    8.6   10.9    13.8      41. TREES    100.% DF1,   0.% ---,   0.% ---,   0.% ---
      VOLUME:  
        TOTAL         6.5    7.8    8.5   10.1   12.2    13.8     312. CUFT     100.% DF1,   0.% ---,   0.% ---,   0.% ---
        MERCH         7.8    8.4    9.0   10.4   12.2    13.8     205. CUFT     100.% DF1,   0.% ---,   0.% ---,   0.% ---
        MERCH         7.6    8.2    8.8   10.4   12.2    13.8    1056. BDFT     100.% DF1,   0.% ---,   0.% ---,   0.% ---


     FOREST VEGETATION SIMULATOR     VERSION FS2025.3 -- INLAND EMPIRE EXPANDED                 RV:20250701    12-08-2025  15:39:05

STAND ID: LUBSCALB13                    MGMT ID: NONE     


------------------------------------------------------------------------------------------------------------------------------
                     ATTRIBUTES OF SELECTED SAMPLE TREES                 ADDITIONAL STAND ATTRIBUTES (BASED ON STOCKABLE AREA)
      -----------------------------------------------------------------  -----------------------------------------------------
      INITIAL                           LIVE   PAST DBH  BASAL   TREES          QUADRATIC   TREES    BASAL  TOP HEIGHT  CROWN
      TREES/A            DBH    HEIGHT  CROWN   GROWTH   AREA     PER    STAND   MEAN DBH    PER     AREA     LARGEST   COMP
YEAR   %TILE  SPECIES (INCHES)  (FEET)  RATIO  (INCHES)  %TILE    ACRE   AGE     (INCHES)    ACRE   (SQFT/A) 40/A (FT)  FACTOR
----  ------- ------- -------- -------- ------ --------- ------- ------  -----  ---------   ------ --------- --------- -------

2018                                          ( 10 YRS)

        10     DF1       5.50    37.00    33     0.17      3.6    1.00
        30     DF1       6.30    48.00    36     0.35     15.8    1.00
        50     DF1       7.30    42.00    55     0.09     30.4    1.00
        70     DF1       8.10    51.00    44     0.17     51.1    1.00
        90     DF1      10.60    53.00    57     0.26     80.5    1.00
       100     DF1      13.40    49.00    66     0.26    100.0    1.00
                                                                           0       7.8       48.      16.       47.6     20.4

2023                                          (  5 YRS)

        10     DF1       5.69    45.46    31     0.16      3.5    0.93
        30     DF1       6.45    55.39    34     0.13     14.3    0.96
        50     DF1       7.45    46.28    54     0.13     30.1    0.92
        70     DF1       8.24    54.91    43     0.12     48.5    0.94
        90     DF1      10.72    53.74    57     0.10     80.3    0.96
       100     DF1      13.59    49.97    66     0.17    100.0    0.97
                                                                           5       8.0       44.      16.       50.4     19.6

2028                                          (  5 YRS)

        10     DF1       5.89    49.61    30     0.18      3.5    0.86
        30     DF1       6.63    57.71    34     0.15     15.5    0.88
        50     DF1       7.77    50.30    52     0.27     30.0    0.85
        70     DF1       8.50    58.02    42     0.22     50.6    0.87
        90     DF1      10.87    54.61    57     0.13     80.1    0.90
       100     DF1      13.75    50.81    66     0.14    100.0    0.93
                                                                          10       8.2       41.      15.       52.7     19.0


     FOREST VEGETATION SIMULATOR     VERSION FS2025.3 -- INLAND EMPIRE EXPANDED                 RV:20250701    12-08-2025  15:39:05

STAND ID: LUBSCALB13                    MGMT ID: NONE    



                                SUMMARY STATISTICS (PER ACRE OR STAND BASED ON TOTAL STAND AREA)
--------------------------------------------------------------------------------------------------------------------------------------
               START OF SIMULATION PERIOD                     REMOVALS             AFTER TREATMENT    GROWTH THIS PERIOD
         --------------------------------------------- ----------------------- ---------------------  ------------------   MAI  ------
         NO OF              TOP      TOTAL MERCH MERCH NO OF TOTAL MERCH MERCH              TOP  RES  PERIOD ACCRE MORT   MERCH FOR SS
YEAR AGE TREES  BA  SDI CCF HT  QMD  CU FT CU FT BD FT TREES CU FT CU FT BD FT  BA  SDI CCF HT   QMD  YEARS   PER  YEAR   CU FT TYP ZT
---- --- ----- --- ---- --- --- ---- ----- ----- ----- ----- ----- ----- ----- --- ---- --- --- ----  ------ ---- -----   ----- ------
2018   0    48  16   32  20  48  7.8   296   196   950     0     0     0     0  16   32  20  48  7.8       5    6     4     0.0 999 55
2023   5    44  16   31  20  50  8.0   304   202  1034     0     0     0     0  16   31  20  50  8.0       5    6     4     0.0 999 55
2028  10    41  15   30  19  53  8.2   312   205  1056     0     0     0     0  15   30  19  53  8.2       0    0     0     0.0 999 55




                                                     ACTIVITY SUMMARY 

STAND ID= LUBSCALB13                    MGMT ID= NONE                                                                            

----------------------------------------------------------------------------------------------------------------------------------

CYCLE  DATE  EXTENSION  KEYWORD   DATE  ACTIVITY DISPOSITION  PARAMETERS:
-----  ----  ---------  --------  ----  --------------------  --------------------------------------------------------------------

   1   2018
               BASE     TREELIST  2018  DONE IN 2022               3.0000     0.0000     0.0000

   2   2023
               BASE     TREELIST  2023  DONE IN 2027               3.0000     0.0000     0.0000
----------------------------------------------------------------------------------------------------------------------------------
