

     FOREST VEGETATION SIMULATOR     VERSION FS2025.3 -- INLAND EMPIRE EXPANDED                 RV:20250701    12-08-2025  15:39:17

----------------------------------------------------------------------------------------------------------------------------------

                                                OPTIONS SELECTED BY INPUT

KEYWORD FILE NAME: C:/Users/sp258446/Documents/fvs-code/fia_calib/data/fvs_runFiles/lub_fiacalib_Dec082025_15.39/lub_fiacalib33
----------------------------------------------------------------------------------------------------------------------------------
KEYWORD    PARAMETERS:
--------   -----------------------------------------------------------------------------------------------------------------------

STDIDENT
           STAND ID= LUBFIA33                                                                                                  

RANNSEED   RANDOM SEED IS:        2025.0

********   FVS03 WARNING:  FOREST CODE INDICATES THE GEOGRAPHIC LOCATION IS OUTSIDE THE RANGE OF THE MODEL.  DEFAULT CODE IS USED.

********   FOREST CODE USED IN THIS PROJECTION IS 118

           HABITAT TYPE WILL BE MAPPED TO 310 FOR THIS PROJECTION.

STDINFO    FOREST-LOCATION CODE=     118; HABITAT TYPE=310; AGE=    0; ASPECT AZIMUTH IN DEGREES= 247.; SLOPE=  39.%
           ELEVATION(100'S FEET)= 56.0; REFERENCE CODE=     

TREELIST   DATE/CYCLE=    0; DATA SET REFERENCE NUMBER =  3.; HEADING SUPPRESSION CODE = 0.
           (0=WITH HEADING, OTHER VALUES=SUPPRESS HEADING).

TREEFMT 
          (I4,I4,F8.3,I1,A3,F5.1,F5.1,2F5.1,F5.1,I1,6I2,2I1,I2,2I3,2I1,F3.0)              
                                                                                          

DESIGN     BASAL AREA FACTOR=   -1.0; INVERSE OF FIXED PLOT AREA=    0.0; BREAK DBH=    0.0
           NUMBER OF PLOTS=     1; NON-STOCKABLE PLOTS=     0; STAND SAMPLING WEIGHT=     1.00000
           PROPORTION OF STAND CONSIDERED STOCKABLE=  1.000
           SEE "OPTIONS SELECTED BY DEFAULT" FOR FINAL DESIGN VALUES.

INVYEAR    INVENTORY YEAR= 2018

CYCLEAT    REQUESTED YEAR FOR A CYCLE =2023

NOTRIPLE

NOAUTOES   TALLIES AND INGROWTH WILL NOT BE ADDED AUTOMATICALLY.
           STOCKADJ IS SET TO ZERO, AND NO SPROUTING WILL BE SIMULATED.

CYCLEAT    REQUESTED YEAR FOR A CYCLE =2023

NOCALIB    CALIBRATION USING GROWTH DATA FROM TREE RECORDS HAS BEEN SUPPRESSED FOR ALL SPECIES

NOHTDREG   CALIBRATION OF HEIGHT-DIAMETER RELATIONSHIP WILL BE SUPPRESSED FOR ALL SPECIES

READCORD   LARGE TREE DIAMETER GROWTH MODELS ARE MODIFIED WITH CORRECTION TERMS PRIOR TO CALIBRATION.
           LARGE TREE DIAMETER GROWTH MODEL CORRECTION TERMS BY SPECIES:
           WP = 1.00; WL = 0.59; DF = 0.36; GF = 1.00; WH = 1.00; RC = 1.00; LP = 0.39; ES = 0.31
           AF = 0.39; PP = 0.43; MH = 1.00; WB = 1.00; LM = 1.00; LL = 1.00; PM = 1.00; RM = 1.00
           PY = 1.00; AS = 1.68; CO = 1.00; MM = 1.00; PB = 1.00; OH = 1.00; OS = 1.00


            

READCORR   SMALL TREE HEIGHT GROWTH MODELS ARE MODIFIED WITH CORRECTION TERMS PRIOR TO CALIBRATION.
           SMALL TREE HEIGHT GROWTH MODEL CORRECTION TERMS BY SPECIES:
           WP = 1.00; WL = 1.00; DF = 0.10; GF = 1.00; WH = 1.00; RC = 1.00; LP = 0.13; ES = 1.00
           AF = 0.22; PP = 1.00; MH = 1.00; WB = 1.00; LM = 1.00; LL = 1.00; PM = 1.00; RM = 1.00
           PY = 1.00; AS = 1.00; CO = 1.00; MM = 1.00; PB = 1.00; OH = 1.00; OS = 1.00


            
            

NUMCYCLE   NUMBER OF CYCLES=  1

PROCESS    PROCESS THE STAND.
----------------------------------------------------------------------------------------------------------------------------------

                                                OPTIONS SELECTED BY DEFAULT

----------------------------------------------------------------------------------------------------------------------------------

DESIGN     BASAL AREA FACTOR=   -1.0; INVERSE OF FIXED PLOT AREA=    0.0; BREAK DBH=    0.0
           NUMBER OF PLOTS=     1; NON-STOCKABLE PLOTS=     0; STAND SAMPLING WEIGHT=     1.00000
           PROPORTION OF STAND CONSIDERED STOCKABLE=  1.000

STDINFO    FOREST-LOCATION CODE=     118; HABITAT TYPE=310; AGE=    0; ASPECT AZIMUTH IN DEGREES= 247.; SLOPE=  39.%
           ELEVATION(100'S FEET)= 56.0;  REFERENCE CODE=     

SPECIES      WP      WL      DF      GF      WH      RC      LP      ES      AF      PP
SDI MAX     669.    669.    669.    669.    669.    669.    669.    669.    669.    669.

SPECIES      MH      WB      LM      LL      PM      RM      PY      AS      CO      MM
SDI MAX     669.    669.    669.    669.    669.    669.    669.    669.    669.    669.

SPECIES      PB      OH      OS
SDI MAX     669.    669.    669.

                                  NATIONAL VOLUME ESTIMATOR LIBRARY EQUATION NUMBERS
SPECIES CUBIC FOOT BOARD FOOT SPECIES CUBIC FOOT BOARD FOOT SPECIES CUBIC FOOT BOARD FOOT SPECIES CUBIC FOOT BOARD FOOT 
------- ---------- ---------- ------- ---------- ---------- ------- ---------- ---------- ------- ---------- ---------- 
  WP    I00FW2W119 I00FW2W119   WL    I00FW2W073 I00FW2W073   DF    I00FW2W202 I00FW2W202   GF    I00FW2W017 I00FW2W017
  WH    I00FW2W260 I00FW2W260   RC    I00FW2W242 I00FW2W242   LP    I00FW2W108 I00FW2W108   ES    I00FW2W093 I00FW2W093
  AF    I00FW2W019 I00FW2W019   PP    I00FW2W122 I00FW2W122   MH    I00FW2W260 I00FW2W260   WB    I00FW2W012 I00FW2W012
  LM    I00FW2W073 I00FW2W073   LL    I00FW2W019 I00FW2W019   PM    102DVEW106 102DVEW106   RM    102DVEW106 102DVEW106
  PY    616BEHW231 616BEHW231   AS    102DVEW746 102DVEW746   CO    102DVEW740 102DVEW740   MM    200DVEW746 200DVEW746
  PB    101DVEW375 101DVEW375   OH    200DVEW746 200DVEW746   OS    I00FW2W260 I00FW2W260

SITECODE   SITE INDEX INFORMATION:
            WP=    0.;  WL=    0.;  DF=    0.;  GF=    0.;  WH=    0.;  RC=    0.;  LP=    0.;  ES=    0.; AF=    0.
            PP=    0.;  MH=    0.;  WB=    0.;  LM=   35.;  LL=    0.;  PM=   12.;  RM=   10.;  PY=   35.; AS=   48.
            CO=   71.;  MM=   48.;  PB=   48.;  OH=   71.;  OS=    0.
           SITE SPECIES=DF CODE=    3

INVENTORY POINT CROSS REFERENCE (FVS SEQUENTIAL POINT NUMBER = POINT NUMBER AS ENTERED IN THE INPUT DATA):
  1=       1
----------------------------------------------------------------------------------------------------------------------------------


                                                     ACTIVITY SCHEDULE

STAND ID= LUBFIA33                      MGMT ID= NONE                                                                            

----------------------------------------------------------------------------------------------------------------------------------

CYCLE  DATE  EXTENSION  KEYWORD   DATE  PARAMETERS:
-----  ----  ---------  --------  ----  ------------------------------------------------------------------------------------------

   1   2018
               BASE     TREELIST  2018       3.0000     0.0000     0.0000

   2   2023
               BASE     TREELIST  2023       3.0000     0.0000     0.0000
----------------------------------------------------------------------------------------------------------------------------------


CALIBRATION STATISTICS:


                                                 DF    PP    LP
                                                ----  ----  ----

NUMBER OF RECORDS PER SPECIES                      6     2     1

NUMBER OF RECORDS CODED AS RECENT MORTALITY        0     0     0

***** NOTE:  SPECIES HAVE BEEN DROPPED.
                                                 DF    PP
                                                ----  ----

NUMBER OF RECORDS WITH MISSING HEIGHTS             0     0

NUMBER OF RECORDS WITH BROKEN OR DEAD TOPS         0     0

NUMBER OF RECORDS WITH MISSING CROWN RATIOS        6     2

NUMBER OF RECORDS AVAILABLE FOR SCALING
THE DIAMETER INCREMENT MODEL                       0     0

RATIO OF STANDARD ERRORS
(INPUT DBH GROWTH DATA : MODEL)                 1.00  1.00

WEIGHT GIVEN TO THE INPUT GROWTH DATA WHEN
DBH GROWTH MODEL SCALE FACTORS WERE COMPUTED    0.00  0.00

INITIAL SCALE FACTORS FOR THE
DBH INCREMENT MODEL                             1.00  1.00

NOTE: FOR TREE    1 DG (21.60) IS GREATER THAN IB DBH (18.38)
      DG RESET TO INSIDE BARK DBH.

NOTE: FOR TREE    2 DG (20.30) IS GREATER THAN IB DBH (17.62)
      DG RESET TO INSIDE BARK DBH.

NOTE: FOR TREE    3 DG ( 7.80) IS GREATER THAN IB DBH ( 6.42)
      DG RESET TO INSIDE BARK DBH.

NOTE: FOR TREE    4 DG ( 9.50) IS GREATER THAN IB DBH ( 7.63)
      DG RESET TO INSIDE BARK DBH.

NOTE: FOR TREE    5 DG (20.70) IS GREATER THAN IB DBH (17.89)
      DG RESET TO INSIDE BARK DBH.

NOTE: FOR TREE    6 DG (12.40) IS GREATER THAN IB DBH (10.58)
      DG RESET TO INSIDE BARK DBH.

NOTE: FOR TREE    7 DG (22.80) IS GREATER THAN IB DBH (19.42)
      DG RESET TO INSIDE BARK DBH.

NOTE: FOR TREE    8 DG (17.60) IS GREATER THAN IB DBH (15.09)
      DG RESET TO INSIDE BARK DBH.

NUMBER OF RECORDS AVAILABLE FOR SCALING
THE SMALL TREE HEIGHT INCREMENT MODEL             0     0

INITIAL SCALE FACTORS FOR THE SMALL TREE
HEIGHT INCREMENT MODEL                          1.00  1.00

NUMBER OF RECORDS WITH MISTLETOE                   0     0


     FOREST VEGETATION SIMULATOR     VERSION FS2025.3 -- INLAND EMPIRE EXPANDED                 RV:20250701    12-08-2025  15:39:17

STAND ID: LUBFIA33                      MGMT ID: NONE     


                                        STAND COMPOSITION (BASED ON STOCKABLE AREA)
--------------------------------------------------------------------------------------------------------------------------
                            PERCENTILE POINTS IN THE
                     DISTRIBUTION OF STAND ATTRIBUTES BY DBH      TOTAL/ACRE
        STAND       -----------------------------------------      OF STAND         DISTRIBUTION OF STAND ATTRIBUTES BY
YEAR  ATTRIBUTES      10     30     50     70     90    100       ATTRIBUTES       SPECIES AND 3 USER-DEFINED SUBCLASSES
----  -----------   ------ ------ ------ ------ ------ ------   --------------  ------------------------------------------
                                 (DBH IN INCHES)



2018  TREES           7.4   12.2   17.4   20.1   22.4    22.4       8. TREES     75.% DF1,  25.% PP1,   0.% ---,   0.% ---
      VOLUME:  
        TOTAL        17.4   19.8   20.1   21.2   22.4    22.4     363. CUFT      63.% DF1,  37.% PP1,   0.% ---,   0.% ---
        MERCH        17.4   19.8   20.1   21.2   22.4    22.4     324. CUFT      63.% DF1,  37.% PP1,   0.% ---,   0.% ---
        MERCH        17.4   19.8   20.1   21.2   22.4    22.4    1740. BDFT      62.% DF1,  38.% PP1,   0.% ---,   0.% ---


      ACCRETION      12.2   19.8   20.1   20.1   22.4    22.4       4. CUFT/YR   52.% PP1,  48.% DF1,   0.% ---,   0.% ---
      MORTALITY      12.2   19.8   19.8   20.1   20.1    22.4       1. CUFT/YR   73.% PP1,  27.% DF1,   0.% ---,   0.% ---



2023  TREES           7.9   12.5   20.3   20.6   22.7    22.7       8. TREES     75.% DF1,  25.% PP1,   0.% ---,   0.% ---
      VOLUME:  
        TOTAL        17.6   20.3   20.6   21.4   22.7    22.7     377. CUFT      63.% DF1,  37.% PP1,   0.% ---,   0.% ---
        MERCH        17.6   20.3   20.6   21.4   22.7    22.7     336. CUFT      63.% DF1,  37.% PP1,   0.% ---,   0.% ---
        MERCH        17.6   20.3   20.6   21.4   22.7    22.7    1789. BDFT      61.% DF1,  39.% PP1,   0.% ---,   0.% ---


      ACCRETION      12.5   20.3   20.6   20.6   22.7    22.7       4. CUFT/YR   53.% PP1,  47.% DF1,   0.% ---,   0.% ---
      MORTALITY      12.5   17.6   20.6   21.4   22.7    22.7       2. CUFT/YR   74.% DF1,  26.% PP1,   0.% ---,   0.% ---



2028  TREES           8.3   12.8   20.6   21.2   22.9    22.9       8. TREES     75.% DF1,  25.% PP1,   0.% ---,   0.% ---
      VOLUME:  
        TOTAL        17.8   20.6   21.2   21.7   22.9    22.9     385. CUFT      62.% DF1,  38.% PP1,   0.% ---,   0.% ---
        MERCH        17.8   20.6   21.2   21.7   22.9    22.9     352. CUFT      61.% DF1,  39.% PP1,   0.% ---,   0.% ---
        MERCH        17.8   20.6   21.2   21.7   22.9    22.9    1914. BDFT      61.% DF1,  39.% PP1,   0.% ---,   0.% ---


     FOREST VEGETATION SIMULATOR     VERSION FS2025.3 -- INLAND EMPIRE EXPANDED                 RV:20250701    12-08-2025  15:39:17

STAND ID: LUBFIA33                      MGMT ID: NONE     


------------------------------------------------------------------------------------------------------------------------------
                     ATTRIBUTES OF SELECTED SAMPLE TREES                 ADDITIONAL STAND ATTRIBUTES (BASED ON STOCKABLE AREA)
      -----------------------------------------------------------------  -----------------------------------------------------
      INITIAL                           LIVE   PAST DBH  BASAL   TREES          QUADRATIC   TREES    BASAL  TOP HEIGHT  CROWN
      TREES/A            DBH    HEIGHT  CROWN   GROWTH   AREA     PER    STAND   MEAN DBH    PER     AREA     LARGEST   COMP
YEAR   %TILE  SPECIES (INCHES)  (FEET)  RATIO  (INCHES)  %TILE    ACRE   AGE     (INCHES)    ACRE   (SQFT/A) 40/A (FT)  FACTOR
----  ------- ------- -------- -------- ------ --------- ------- ------  -----  ---------   ------ --------- --------- -------

2018                                          ( 10 YRS)

        10     DF1       7.40    45.00    43     6.42      2.3    1.00
        30     DF1      12.20    70.00    28    10.58     12.1    1.00
        50     DF1      17.40    82.00    39    15.09     25.0    1.00
        70     PP1      20.10    82.00    55    17.89     59.2    1.00
        90     DF1      22.40    84.00    74    19.42    100.0    1.00
       100     DF1      22.40    84.00    74    19.42    100.0    1.00
                                                                           0      17.1        8.      13.       70.9     10.4

2023                                          (  5 YRS)

        10     DF1       7.86    47.01    43     0.40      2.5    0.96
        30     DF1      12.50    71.42    28     0.26     12.1    0.96
        50     DF1      17.62    82.94    39     0.19     25.2    1.00
        70     PP1      20.57    84.13    55     0.42     59.3    0.98
        90     DF1      22.65    84.97    74     0.22    100.0    1.00
       100     DF1      22.65    84.97    74     0.22    100.0    1.00
                                                                           5      17.4        8.      13.       72.4     10.6

2028                                          (  5 YRS)

        10     DF1       8.31    49.16    43     0.39      2.7    0.93
        30     DF1      12.80    72.86    28     0.27     12.3    0.92
        50     DF1      17.80    83.79    39     0.16     25.0    0.96
        70     PP1      21.20    86.89    55     0.57     59.9    0.96
        90     DF1      22.89    85.90    74     0.21    100.0    0.97
       100     DF1      22.89    85.90    74     0.21    100.0    0.97
                                                                          10      17.8        8.      13.       74.0     10.5


     FOREST VEGETATION SIMULATOR     VERSION FS2025.3 -- INLAND EMPIRE EXPANDED                 RV:20250701    12-08-2025  15:39:17

STAND ID: LUBFIA33                      MGMT ID: NONE    



                                SUMMARY STATISTICS (PER ACRE OR STAND BASED ON TOTAL STAND AREA)
--------------------------------------------------------------------------------------------------------------------------------------
               START OF SIMULATION PERIOD                     REMOVALS             AFTER TREATMENT    GROWTH THIS PERIOD
         --------------------------------------------- ----------------------- ---------------------  ------------------   MAI  ------
         NO OF              TOP      TOTAL MERCH MERCH NO OF TOTAL MERCH MERCH              TOP  RES  PERIOD ACCRE MORT   MERCH FOR SS
YEAR AGE TREES  BA  SDI CCF HT  QMD  CU FT CU FT BD FT TREES CU FT CU FT BD FT  BA  SDI CCF HT   QMD  YEARS   PER  YEAR   CU FT TYP ZT
---- --- ----- --- ---- --- --- ---- ----- ----- ----- ----- ----- ----- ----- --- ---- --- --- ----  ------ ---- -----   ----- ------
2018   0     8  13   19  10  71 17.1   363   324  1740     0     0     0     0  13   19  10  71 17.1       5    4     1     0.0 999 55
2023   5     8  13   19  11  72 17.4   377   336  1789     0     0     0     0  13   19  11  72 17.4       5    4     2     0.0 999 55
2028  10     8  13   19  11  74 17.8   385   352  1914     0     0     0     0  13   19  11  74 17.8       0    0     0     0.0 999 55




                                                     ACTIVITY SUMMARY 

STAND ID= LUBFIA33                      MGMT ID= NONE                                                                            

----------------------------------------------------------------------------------------------------------------------------------

CYCLE  DATE  EXTENSION  KEYWORD   DATE  ACTIVITY DISPOSITION  PARAMETERS:
-----  ----  ---------  --------  ----  --------------------  --------------------------------------------------------------------

   1   2018
               BASE     TREELIST  2018  DONE IN 2022               3.0000     0.0000     0.0000

   2   2023
               BASE     TREELIST  2023  DONE IN 2027               3.0000     0.0000     0.0000
----------------------------------------------------------------------------------------------------------------------------------
