

     FOREST VEGETATION SIMULATOR     VERSION FS2025.3 -- INLAND EMPIRE EXPANDED                 RV:20250701    04-28-2026  16:20:37

----------------------------------------------------------------------------------------------------------------------------------

                                                OPTIONS SELECTED BY INPUT

KEYWORD FILE NAME: fvs_runfiles/fia_uc_Apr282026_1620\file4c7c6338898
----------------------------------------------------------------------------------------------------------------------------------
KEYWORD    PARAMETERS:
--------   -----------------------------------------------------------------------------------------------------------------------

STDIDENT
           STAND ID= FIA_UNCALIB                                                                                               

RANNSEED   RANDOM SEED IS:        2025.0

********   FVS03 WARNING:  FOREST CODE INDICATES THE GEOGRAPHIC LOCATION IS OUTSIDE THE RANGE OF THE MODEL.  DEFAULT CODE IS USED.

********   FOREST CODE USED IN THIS PROJECTION IS 118

           HABITAT TYPE WILL BE MAPPED TO 520 FOR THIS PROJECTION.

STDINFO    FOREST-LOCATION CODE=     118; HABITAT TYPE=520; AGE=   78; ASPECT AZIMUTH IN DEGREES=  67.; SLOPE=  61.%
           ELEVATION(100'S FEET)= 36.0; REFERENCE CODE=     

TREELIST   DATE/CYCLE=    0; DATA SET REFERENCE NUMBER =  3.; HEADING SUPPRESSION CODE = 0.
           (0=WITH HEADING, OTHER VALUES=SUPPRESS HEADING).

TREEFMT 
          (I4,I4,F8.3,I1,A3,F5.1,F5.1,2F5.1,F5.1,I1,6I2,2I1,I2,2I3,2I1,F3.0)              
                                                                                          

DESIGN     BASAL AREA FACTOR=   -1.0; INVERSE OF FIXED PLOT AREA=    0.0; BREAK DBH=    0.0
           NUMBER OF PLOTS=     4; NON-STOCKABLE PLOTS=     0; STAND SAMPLING WEIGHT=     4.00000
           PROPORTION OF STAND CONSIDERED STOCKABLE=  1.000
           SEE "OPTIONS SELECTED BY DEFAULT" FOR FINAL DESIGN VALUES.

INVYEAR    INVENTORY YEAR= 2005

NOTRIPLE

NOAUTOES   TALLIES AND INGROWTH WILL NOT BE ADDED AUTOMATICALLY.
           STOCKADJ IS SET TO ZERO, AND NO SPROUTING WILL BE SIMULATED.

NOCALIB    CALIBRATION USING GROWTH DATA FROM TREE RECORDS HAS BEEN SUPPRESSED FOR ALL SPECIES

NOHTDREG   CALIBRATION OF HEIGHT-DIAMETER RELATIONSHIP WILL BE SUPPRESSED FOR ALL SPECIES


            

NUMCYCLE   NUMBER OF CYCLES=  2

CYCLEAT    REQUESTED YEAR FOR A CYCLE =2015

PROCESS    PROCESS THE STAND.

********   FVS09 WARNING:  PLOT COUNTS DO NOT MATCH DATA ON THE DESIGN RECORD; DESIGN RECORD DATA USED.
                            PLOT COUNT=   2; NONSTOCKABLE COUNT=   0
----------------------------------------------------------------------------------------------------------------------------------

                                                OPTIONS SELECTED BY DEFAULT

----------------------------------------------------------------------------------------------------------------------------------

DESIGN     BASAL AREA FACTOR=   -1.0; INVERSE OF FIXED PLOT AREA=    0.0; BREAK DBH=    0.0
           NUMBER OF PLOTS=     4; NON-STOCKABLE PLOTS=     0; STAND SAMPLING WEIGHT=     4.00000
           PROPORTION OF STAND CONSIDERED STOCKABLE=  1.000

STDINFO    FOREST-LOCATION CODE=     118; HABITAT TYPE=520; AGE=   78; ASPECT AZIMUTH IN DEGREES=  67.; SLOPE=  61.%
           ELEVATION(100'S FEET)= 36.0;  REFERENCE CODE=     

SPECIES      WP      WL      DF      GF      WH      RC      LP      ES      AF      PP
SDI MAX     820.    820.    820.    820.    820.    820.    820.    820.    820.    820.

SPECIES      MH      WB      LM      LL      PM      RM      PY      AS      CO      MM
SDI MAX     820.    820.    820.    820.    820.    820.    820.    820.    820.    820.

SPECIES      PB      OH      OS
SDI MAX     820.    820.    820.

                                  NATIONAL VOLUME ESTIMATOR LIBRARY EQUATION NUMBERS
SPECIES CUBIC FOOT BOARD FOOT SPECIES CUBIC FOOT BOARD FOOT SPECIES CUBIC FOOT BOARD FOOT SPECIES CUBIC FOOT BOARD FOOT 
------- ---------- ---------- ------- ---------- ---------- ------- ---------- ---------- ------- ---------- ---------- 
  WP    I00FW2W119 I00FW2W119   WL    I00FW2W073 I00FW2W073   DF    I00FW2W202 I00FW2W202   GF    I00FW2W017 I00FW2W017
  WH    I00FW2W260 I00FW2W260   RC    I00FW2W242 I00FW2W242   LP    I00FW2W108 I00FW2W108   ES    I00FW2W093 I00FW2W093
  AF    I00FW2W019 I00FW2W019   PP    I00FW2W122 I00FW2W122   MH    I00FW2W260 I00FW2W260   WB    I00FW2W012 I00FW2W012
  LM    I00FW2W073 I00FW2W073   LL    I00FW2W019 I00FW2W019   PM    102DVEW106 102DVEW106   RM    102DVEW106 102DVEW106
  PY    616BEHW231 616BEHW231   AS    102DVEW746 102DVEW746   CO    102DVEW740 102DVEW740   MM    200DVEW746 200DVEW746
  PB    101DVEW375 101DVEW375   OH    200DVEW746 200DVEW746   OS    I00FW2W260 I00FW2W260

SITECODE   SITE INDEX INFORMATION:
            WP=    0.;  WL=    0.;  DF=    0.;  GF=    0.;  WH=    0.;  RC=    0.;  LP=    0.;  ES=    0.; AF=    0.
            PP=    0.;  MH=    0.;  WB=    0.;  LM=   36.;  LL=    0.;  PM=   16.;  RM=   12.;  PY=   36.; AS=   59.
            CO=   95.;  MM=   59.;  PB=   59.;  OH=   95.;  OS=    0.
           SITE SPECIES=DF CODE=    3

INVENTORY POINT CROSS REFERENCE (FVS SEQUENTIAL POINT NUMBER = POINT NUMBER AS ENTERED IN THE INPUT DATA):
  1=       3;   2=       4;   3=       0;   4=       0
----------------------------------------------------------------------------------------------------------------------------------


                                                     ACTIVITY SCHEDULE

STAND ID= FIA_UNCALIB                   MGMT ID= NONE                                                                            

----------------------------------------------------------------------------------------------------------------------------------

CYCLE  DATE  EXTENSION  KEYWORD   DATE  PARAMETERS:
-----  ----  ---------  --------  ----  ------------------------------------------------------------------------------------------

   1   2005
               BASE     TREELIST  2005       3.0000     0.0000     0.0000

   2   2015
               BASE     TREELIST  2015       3.0000     0.0000     0.0000
----------------------------------------------------------------------------------------------------------------------------------


CALIBRATION STATISTICS:


                                                 DF    WL
                                                ----  ----

NUMBER OF RECORDS PER SPECIES                      1     1

NUMBER OF RECORDS WITH MISSING HEIGHTS             0     0

NUMBER OF RECORDS WITH BROKEN OR DEAD TOPS         0     0

NUMBER OF RECORDS WITH MISSING CROWN RATIOS        0     0

NUMBER OF RECORDS AVAILABLE FOR SCALING
THE DIAMETER INCREMENT MODEL                       0     0

RATIO OF STANDARD ERRORS
(INPUT DBH GROWTH DATA : MODEL)                 1.00  1.00

WEIGHT GIVEN TO THE INPUT GROWTH DATA WHEN
DBH GROWTH MODEL SCALE FACTORS WERE COMPUTED    0.00  0.00

INITIAL SCALE FACTORS FOR THE
DBH INCREMENT MODEL                             1.00  1.00

NUMBER OF RECORDS AVAILABLE FOR SCALING
THE SMALL TREE HEIGHT INCREMENT MODEL             0     0

INITIAL SCALE FACTORS FOR THE SMALL TREE
HEIGHT INCREMENT MODEL                          1.00  1.00

NUMBER OF RECORDS WITH MISTLETOE                   0     0


     FOREST VEGETATION SIMULATOR     VERSION FS2025.3 -- INLAND EMPIRE EXPANDED                 RV:20250701    04-28-2026  16:20:37

STAND ID: FIA_UNCALIB                   MGMT ID: NONE     


                                        STAND COMPOSITION (BASED ON STOCKABLE AREA)
--------------------------------------------------------------------------------------------------------------------------
                            PERCENTILE POINTS IN THE
                     DISTRIBUTION OF STAND ATTRIBUTES BY DBH      TOTAL/ACRE
        STAND       -----------------------------------------      OF STAND         DISTRIBUTION OF STAND ATTRIBUTES BY
YEAR  ATTRIBUTES      10     30     50     70     90    100       ATTRIBUTES       SPECIES AND 3 USER-DEFINED SUBCLASSES
----  -----------   ------ ------ ------ ------ ------ ------   --------------  ------------------------------------------
                                 (DBH IN INCHES)



2005  TREES          16.5   16.5   16.5   19.1   19.1    19.1       0. TREES     50.% DF1,  50.% WL1,   0.% ---,   0.% ---
      VOLUME:  
        TOTAL        16.5   16.5   19.1   19.1   19.1    19.1      23. CUFT      55.% DF1,  45.% WL1,   0.% ---,   0.% ---
        MERCH        16.5   16.5   19.1   19.1   19.1    19.1      20. CUFT      55.% DF1,  45.% WL1,   0.% ---,   0.% ---
        MERCH        16.5   16.5   19.1   19.1   19.1    19.1      98. BDFT      54.% DF1,  46.% WL1,   0.% ---,   0.% ---


      ACCRETION      16.5   16.5   19.1   19.1   19.1    19.1       1. CUFT/YR   69.% DF1,  31.% WL1,   0.% ---,   0.% ---
      MORTALITY      16.5   16.5   16.5   16.5   19.1    19.1       0. CUFT/YR   84.% WL1,  16.% DF1,   0.% ---,   0.% ---



2015  TREES          17.5   17.5   21.2   21.2   21.2    21.2       0. TREES     52.% DF1,  48.% WL1,   0.% ---,   0.% ---
      VOLUME:  
        TOTAL        17.5   17.5   21.2   21.2   21.2    21.2      28. CUFT      59.% DF1,  41.% WL1,   0.% ---,   0.% ---
        MERCH        17.5   17.5   21.2   21.2   21.2    21.2      25. CUFT      59.% DF1,  41.% WL1,   0.% ---,   0.% ---
        MERCH        17.5   17.5   21.2   21.2   21.2    21.2     131. BDFT      58.% DF1,  42.% WL1,   0.% ---,   0.% ---


      ACCRETION      17.5   17.5   21.2   21.2   21.2    21.2       1. CUFT/YR   54.% DF1,  46.% WL1,   0.% ---,   0.% ---
      MORTALITY      17.5   17.5   17.5   17.5   21.2    21.2       0. CUFT/YR   82.% WL1,  18.% DF1,   0.% ---,   0.% ---



2025  TREES          19.9   19.9   23.3   23.3   23.3    23.3       0. TREES     54.% DF1,  46.% WL1,   0.% ---,   0.% ---
      VOLUME:  
        TOTAL        19.9   19.9   23.3   23.3   23.3    23.3      35. CUFT      59.% DF1,  41.% WL1,   0.% ---,   0.% ---
        MERCH        19.9   19.9   23.3   23.3   23.3    23.3      32. CUFT      58.% DF1,  42.% WL1,   0.% ---,   0.% ---
        MERCH        19.9   19.9   23.3   23.3   23.3    23.3     175. BDFT      58.% DF1,  42.% WL1,   0.% ---,   0.% ---


     FOREST VEGETATION SIMULATOR     VERSION FS2025.3 -- INLAND EMPIRE EXPANDED                 RV:20250701    04-28-2026  16:20:37

STAND ID: FIA_UNCALIB                   MGMT ID: NONE     


------------------------------------------------------------------------------------------------------------------------------
                     ATTRIBUTES OF SELECTED SAMPLE TREES                 ADDITIONAL STAND ATTRIBUTES (BASED ON STOCKABLE AREA)
      -----------------------------------------------------------------  -----------------------------------------------------
      INITIAL                           LIVE   PAST DBH  BASAL   TREES          QUADRATIC   TREES    BASAL  TOP HEIGHT  CROWN
      TREES/A            DBH    HEIGHT  CROWN   GROWTH   AREA     PER    STAND   MEAN DBH    PER     AREA     LARGEST   COMP
YEAR   %TILE  SPECIES (INCHES)  (FEET)  RATIO  (INCHES)  %TILE    ACRE   AGE     (INCHES)    ACRE   (SQFT/A) 40/A (FT)  FACTOR
----  ------- ------- -------- -------- ------ --------- ------- ------  -----  ---------   ------ --------- --------- -------

2005                                          ( 10 YRS)

        10     WL1      16.50    83.00    65     0.98     42.7    0.25
        30     WL1      16.50    83.00    65     0.98     42.7    0.25
        50     WL1      16.50    83.00    65     0.98     42.7    0.25
        70     DF1      19.10    72.00    85     4.30    100.0    0.25
        90     DF1      19.10    72.00    85     4.30    100.0    0.25
       100     DF1      19.10    72.00    85     4.30    100.0    0.25
                                                                          78      17.8        0.       1.       77.5      0.7

2015                                          ( 10 YRS)

        10     WL1      17.48    89.44    63     0.83     38.5    0.23
        30     WL1      17.48    89.44    63     0.83     38.5    0.23
        50     WL1      17.48    89.44    63     0.83     38.5    0.23
        70     DF1      21.24    79.70    82     1.86    100.0    0.25
        90     DF1      21.24    79.70    82     1.86    100.0    0.25
       100     DF1      21.24    79.70    82     1.86    100.0    0.25
                                                                          88      19.5        0.       1.       84.4      0.8

2025                                          ( 10 YRS)

        10     WL1      19.86    98.38    62     2.03     38.4    0.21
        30     WL1      19.86    98.38    62     2.03     38.4    0.21
        50     WL1      19.86    98.38    62     2.03     38.4    0.21
        70     DF1      23.26    86.62    80     1.75    100.0    0.24
        90     DF1      23.26    86.62    80     1.75    100.0    0.24
       100     DF1      23.26    86.62    80     1.75    100.0    0.24
                                                                          98      21.8        0.       1.       92.0      0.9


     FOREST VEGETATION SIMULATOR     VERSION FS2025.3 -- INLAND EMPIRE EXPANDED                 RV:20250701    04-28-2026  16:20:37

STAND ID: FIA_UNCALIB                   MGMT ID: NONE    



                                SUMMARY STATISTICS (PER ACRE OR STAND BASED ON TOTAL STAND AREA)
--------------------------------------------------------------------------------------------------------------------------------------
               START OF SIMULATION PERIOD                     REMOVALS             AFTER TREATMENT    GROWTH THIS PERIOD
         --------------------------------------------- ----------------------- ---------------------  ------------------   MAI  ------
         NO OF              TOP      TOTAL MERCH MERCH NO OF TOTAL MERCH MERCH              TOP  RES  PERIOD ACCRE MORT   MERCH FOR SS
YEAR AGE TREES  BA  SDI CCF HT  QMD  CU FT CU FT BD FT TREES CU FT CU FT BD FT  BA  SDI CCF HT   QMD  YEARS   PER  YEAR   CU FT TYP ZT
---- --- ----- --- ---- --- --- ---- ----- ----- ----- ----- ----- ----- ----- --- ---- --- --- ----  ------ ---- -----   ----- ------
2005  78     1   1    1   1  78 17.8    23    20    98     0     0     0     0   1    1   1  78 17.8      10    1     0     0.3 999 55
2015  88     0   1    1   1  84 19.5    28    25   131     0     0     0     0   1    1   1  84 19.5      10    1     0     0.3 999 55
2025  98     0   1    2   1  92 21.8    35    32   175     0     0     0     0   1    2   1  92 21.8       0    0     0     0.3 999 55




                                                     ACTIVITY SUMMARY 

STAND ID= FIA_UNCALIB                   MGMT ID= NONE                                                                            

----------------------------------------------------------------------------------------------------------------------------------

CYCLE  DATE  EXTENSION  KEYWORD   DATE  ACTIVITY DISPOSITION  PARAMETERS:
-----  ----  ---------  --------  ----  --------------------  --------------------------------------------------------------------

   1   2005
               BASE     TREELIST  2005  DONE IN 2014               3.0000     0.0000     0.0000

   2   2015
               BASE     TREELIST  2015  DONE IN 2024               3.0000     0.0000     0.0000
----------------------------------------------------------------------------------------------------------------------------------
