

     FOREST VEGETATION SIMULATOR     VERSION FS2025.3 -- INLAND EMPIRE EXPANDED                 RV:20250701    04-28-2026  16:20:51

----------------------------------------------------------------------------------------------------------------------------------

                                                OPTIONS SELECTED BY INPUT

KEYWORD FILE NAME: fvs_runfiles/fia_uc_Apr282026_1620\file4c7c6bd82e4f
----------------------------------------------------------------------------------------------------------------------------------
KEYWORD    PARAMETERS:
--------   -----------------------------------------------------------------------------------------------------------------------

STDIDENT
           STAND ID= FIA_UNCALIB                                                                                               

RANNSEED   RANDOM SEED IS:        2025.0

********   FVS03 WARNING:  FOREST CODE INDICATES THE GEOGRAPHIC LOCATION IS OUTSIDE THE RANGE OF THE MODEL.  DEFAULT CODE IS USED.

********   FOREST CODE USED IN THIS PROJECTION IS 118

           HABITAT TYPE WILL BE MAPPED TO 510 FOR THIS PROJECTION.

STDINFO    FOREST-LOCATION CODE=     118; HABITAT TYPE=510; AGE=   89; ASPECT AZIMUTH IN DEGREES=   0.; SLOPE=   2.%
           ELEVATION(100'S FEET)= 44.0; REFERENCE CODE=     

TREELIST   DATE/CYCLE=    0; DATA SET REFERENCE NUMBER =  3.; HEADING SUPPRESSION CODE = 0.
           (0=WITH HEADING, OTHER VALUES=SUPPRESS HEADING).

TREEFMT 
          (I4,I4,F8.3,I1,A3,F5.1,F5.1,2F5.1,F5.1,I1,6I2,2I1,I2,2I3,2I1,F3.0)              
                                                                                          

DESIGN     BASAL AREA FACTOR=   -1.0; INVERSE OF FIXED PLOT AREA=    0.0; BREAK DBH=    0.0
           NUMBER OF PLOTS=     4; NON-STOCKABLE PLOTS=     0; STAND SAMPLING WEIGHT=     4.00000
           PROPORTION OF STAND CONSIDERED STOCKABLE=  1.000
           SEE "OPTIONS SELECTED BY DEFAULT" FOR FINAL DESIGN VALUES.

INVYEAR    INVENTORY YEAR= 2010

NOTRIPLE

NOAUTOES   TALLIES AND INGROWTH WILL NOT BE ADDED AUTOMATICALLY.
           STOCKADJ IS SET TO ZERO, AND NO SPROUTING WILL BE SIMULATED.

NOCALIB    CALIBRATION USING GROWTH DATA FROM TREE RECORDS HAS BEEN SUPPRESSED FOR ALL SPECIES

NOHTDREG   CALIBRATION OF HEIGHT-DIAMETER RELATIONSHIP WILL BE SUPPRESSED FOR ALL SPECIES


            

NUMCYCLE   NUMBER OF CYCLES=  2

CYCLEAT    REQUESTED YEAR FOR A CYCLE =2022

PROCESS    PROCESS THE STAND.
----------------------------------------------------------------------------------------------------------------------------------

                                                OPTIONS SELECTED BY DEFAULT

----------------------------------------------------------------------------------------------------------------------------------

DESIGN     BASAL AREA FACTOR=   -1.0; INVERSE OF FIXED PLOT AREA=    0.0; BREAK DBH=    0.0
           NUMBER OF PLOTS=     4; NON-STOCKABLE PLOTS=     0; STAND SAMPLING WEIGHT=     4.00000
           PROPORTION OF STAND CONSIDERED STOCKABLE=  1.000

STDINFO    FOREST-LOCATION CODE=     118; HABITAT TYPE=510; AGE=   89; ASPECT AZIMUTH IN DEGREES=   0.; SLOPE=   2.%
           ELEVATION(100'S FEET)= 44.0;  REFERENCE CODE=     

SPECIES      WP      WL      DF      GF      WH      RC      LP      ES      AF      PP
SDI MAX     712.    712.    712.    712.    712.    712.    712.    712.    712.    712.

SPECIES      MH      WB      LM      LL      PM      RM      PY      AS      CO      MM
SDI MAX     712.    712.    712.    712.    712.    712.    712.    712.    712.    712.

SPECIES      PB      OH      OS
SDI MAX     712.    712.    712.

                                  NATIONAL VOLUME ESTIMATOR LIBRARY EQUATION NUMBERS
SPECIES CUBIC FOOT BOARD FOOT SPECIES CUBIC FOOT BOARD FOOT SPECIES CUBIC FOOT BOARD FOOT SPECIES CUBIC FOOT BOARD FOOT 
------- ---------- ---------- ------- ---------- ---------- ------- ---------- ---------- ------- ---------- ---------- 
  WP    I00FW2W119 I00FW2W119   WL    I00FW2W073 I00FW2W073   DF    I00FW2W202 I00FW2W202   GF    I00FW2W017 I00FW2W017
  WH    I00FW2W260 I00FW2W260   RC    I00FW2W242 I00FW2W242   LP    I00FW2W108 I00FW2W108   ES    I00FW2W093 I00FW2W093
  AF    I00FW2W019 I00FW2W019   PP    I00FW2W122 I00FW2W122   MH    I00FW2W260 I00FW2W260   WB    I00FW2W012 I00FW2W012
  LM    I00FW2W073 I00FW2W073   LL    I00FW2W019 I00FW2W019   PM    102DVEW106 102DVEW106   RM    102DVEW106 102DVEW106
  PY    616BEHW231 616BEHW231   AS    102DVEW746 102DVEW746   CO    102DVEW740 102DVEW740   MM    200DVEW746 200DVEW746
  PB    101DVEW375 101DVEW375   OH    200DVEW746 200DVEW746   OS    I00FW2W260 I00FW2W260

SITECODE   SITE INDEX INFORMATION:
            WP=    0.;  WL=    0.;  DF=    0.;  GF=    0.;  WH=    0.;  RC=    0.;  LP=    0.;  ES=    0.; AF=    0.
            PP=    0.;  MH=    0.;  WB=    0.;  LM=   32.;  LL=    0.;  PM=   13.;  RM=   11.;  PY=   32.; AS=   52.
            CO=   80.;  MM=   52.;  PB=   52.;  OH=   80.;  OS=    0.
           SITE SPECIES=DF CODE=    3

INVENTORY POINT CROSS REFERENCE (FVS SEQUENTIAL POINT NUMBER = POINT NUMBER AS ENTERED IN THE INPUT DATA):
  1=       1;   2=       2;   3=       3;   4=       4
----------------------------------------------------------------------------------------------------------------------------------


                                                     ACTIVITY SCHEDULE

STAND ID= FIA_UNCALIB                   MGMT ID= NONE                                                                            

----------------------------------------------------------------------------------------------------------------------------------

CYCLE  DATE  EXTENSION  KEYWORD   DATE  PARAMETERS:
-----  ----  ---------  --------  ----  ------------------------------------------------------------------------------------------

   1   2010
               BASE     TREELIST  2010       3.0000     0.0000     0.0000

   2   2020
               BASE     TREELIST  2020       3.0000     0.0000     0.0000

   3   2022
               BASE     TREELIST  2022       3.0000     0.0000     0.0000
----------------------------------------------------------------------------------------------------------------------------------


CALIBRATION STATISTICS:


                                                 WL    DF
                                                ----  ----

NUMBER OF RECORDS PER SPECIES                      8     8

NUMBER OF RECORDS WITH MISSING HEIGHTS             0     0

NUMBER OF RECORDS WITH BROKEN OR DEAD TOPS         0     0

NUMBER OF RECORDS WITH MISSING CROWN RATIOS        0     0

NUMBER OF RECORDS AVAILABLE FOR SCALING
THE DIAMETER INCREMENT MODEL                       0     0

RATIO OF STANDARD ERRORS
(INPUT DBH GROWTH DATA : MODEL)                 1.00  1.00

WEIGHT GIVEN TO THE INPUT GROWTH DATA WHEN
DBH GROWTH MODEL SCALE FACTORS WERE COMPUTED    0.00  0.00

INITIAL SCALE FACTORS FOR THE
DBH INCREMENT MODEL                             1.00  1.00

NUMBER OF RECORDS AVAILABLE FOR SCALING
THE SMALL TREE HEIGHT INCREMENT MODEL             0     0

INITIAL SCALE FACTORS FOR THE SMALL TREE
HEIGHT INCREMENT MODEL                          1.00  1.00

NUMBER OF RECORDS WITH MISTLETOE                   0     0


     FOREST VEGETATION SIMULATOR     VERSION FS2025.3 -- INLAND EMPIRE EXPANDED                 RV:20250701    04-28-2026  16:20:51

STAND ID: FIA_UNCALIB                   MGMT ID: NONE     


                                        STAND COMPOSITION (BASED ON STOCKABLE AREA)
--------------------------------------------------------------------------------------------------------------------------
                            PERCENTILE POINTS IN THE
                     DISTRIBUTION OF STAND ATTRIBUTES BY DBH      TOTAL/ACRE
        STAND       -----------------------------------------      OF STAND         DISTRIBUTION OF STAND ATTRIBUTES BY
YEAR  ATTRIBUTES      10     30     50     70     90    100       ATTRIBUTES       SPECIES AND 3 USER-DEFINED SUBCLASSES
----  -----------   ------ ------ ------ ------ ------ ------   --------------  ------------------------------------------
                                 (DBH IN INCHES)



2010  TREES           5.0    6.6    7.1    7.6   11.7    11.8       4. TREES     50.% DF1,  50.% WL1,   0.% ---,   0.% ---
      VOLUME:  
        TOTAL         6.5    7.2    8.6   11.7   11.8    11.8      31. CUFT      63.% WL1,  37.% DF1,   0.% ---,   0.% ---
        MERCH         7.2    8.6   10.1   11.7   11.8    11.8      20. CUFT      66.% WL1,  34.% DF1,   0.% ---,   0.% ---
        MERCH         7.2    7.6   10.1   11.7   11.8    11.8     112. BDFT      69.% WL1,  31.% DF1,   0.% ---,   0.% ---


      ACCRETION       5.0    6.9    7.2    7.6   11.8    11.8       3. CUFT/YR   60.% DF1,  40.% WL1,   0.% ---,   0.% ---
      MORTALITY       6.6    7.2    8.6   11.7   11.7    11.8       0. CUFT/YR   90.% WL1,  10.% DF1,   0.% ---,   0.% ---



2020  TREES           7.4    8.4    9.4   10.0   12.3    14.6       4. TREES     51.% DF1,  49.% WL1,   0.% ---,   0.% ---
      VOLUME:  
        TOTAL         7.5    9.2    9.9   12.2   14.6    14.6      58. CUFT      51.% WL1,  49.% DF1,   0.% ---,   0.% ---
        MERCH         8.0    9.2    9.9   12.2   14.6    14.6      48. CUFT      51.% DF1,  49.% WL1,   0.% ---,   0.% ---
        MERCH         7.5    9.2    9.9   12.2   14.6    14.6     262. BDFT      51.% DF1,  49.% WL1,   0.% ---,   0.% ---


      ACCRETION       7.5    8.9    9.5   10.0   14.6    14.6       3. CUFT/YR   62.% DF1,  38.% WL1,   0.% ---,   0.% ---
      MORTALITY       8.0    9.2    9.9   12.3   12.3    14.6       0. CUFT/YR   87.% WL1,  13.% DF1,   0.% ---,   0.% ---



2022  TREES           7.8    8.7    9.8   10.5   12.5    15.0       4. TREES     52.% DF1,  48.% WL1,   0.% ---,   0.% ---
      VOLUME:  
        TOTAL         8.1    9.7   10.3   12.5   15.0    15.0      63. CUFT      51.% DF1,  49.% WL1,   0.% ---,   0.% ---
        MERCH         8.2    9.7   10.3   12.5   15.0    15.0      54. CUFT      51.% DF1,  49.% WL1,   0.% ---,   0.% ---
        MERCH         8.2    9.4   10.3   12.5   15.0    15.0     293. BDFT      50.% DF1,  50.% WL1,   0.% ---,   0.% ---


      ACCRETION       7.8    9.3    9.8   10.5   12.5    15.0       3. CUFT/YR   63.% DF1,  37.% WL1,   0.% ---,   0.% ---
      MORTALITY       8.2    9.4   10.1   12.5   12.5    15.0       0. CUFT/YR   83.% WL1,  17.% DF1,   0.% ---,   0.% ---



2030  TREES           9.4   10.3   11.4   12.9   14.1    16.1       4. TREES     53.% DF1,  47.% WL1,   0.% ---,   0.% ---
      VOLUME:  
        TOTAL         9.6   10.5   12.0   13.3   16.1    16.1      87. CUFT      55.% DF1,  45.% WL1,   0.% ---,   0.% ---
        MERCH         9.6   10.5   12.0   13.3   16.1    16.1      77. CUFT      55.% DF1,  45.% WL1,   0.% ---,   0.% ---
        MERCH         9.6   10.5   11.5   13.3   16.1    16.1     413. BDFT      54.% DF1,  46.% WL1,   0.% ---,   0.% ---


     FOREST VEGETATION SIMULATOR     VERSION FS2025.3 -- INLAND EMPIRE EXPANDED                 RV:20250701    04-28-2026  16:20:51

STAND ID: FIA_UNCALIB                   MGMT ID: NONE     


------------------------------------------------------------------------------------------------------------------------------
                     ATTRIBUTES OF SELECTED SAMPLE TREES                 ADDITIONAL STAND ATTRIBUTES (BASED ON STOCKABLE AREA)
      -----------------------------------------------------------------  -----------------------------------------------------
      INITIAL                           LIVE   PAST DBH  BASAL   TREES          QUADRATIC   TREES    BASAL  TOP HEIGHT  CROWN
      TREES/A            DBH    HEIGHT  CROWN   GROWTH   AREA     PER    STAND   MEAN DBH    PER     AREA     LARGEST   COMP
YEAR   %TILE  SPECIES (INCHES)  (FEET)  RATIO  (INCHES)  %TILE    ACRE   AGE     (INCHES)    ACRE   (SQFT/A) 40/A (FT)  FACTOR
----  ------- ------- -------- -------- ------ --------- ------- ------  -----  ---------   ------ --------- --------- -------

2010                                          ( 10 YRS)

        10     DF1       5.00    58.00    25     1.64      5.1    0.25
        30     WL1       6.60    57.00    15     1.47     16.8    0.25
        50     DF1       7.10    56.00    45     2.38     31.7    0.25
        70     DF1       7.60    38.00    45     1.85     53.6    0.25
        90     WL1      11.70    91.00    25     0.84     85.7    0.25
       100     DF1      11.80    61.00    45     1.55    100.0    0.25
                                                                          89       7.8        4.       1.       56.7      1.4

2020                                          ( 10 YRS)

        10     DF1       7.41   102.54    23     2.09      6.1    0.24
        30     WL1       7.96    74.84    14     1.15     13.6    0.23
        50     DF1       9.24    80.55    41     1.86     34.2    0.24
        70     DF1      11.24    57.02    41     3.16     67.0    0.25
        90     WL1      12.28    95.15    25     0.49     85.9    0.23
       100     DF1      14.56    72.24    42     2.39    100.0    0.25
                                                                          99       9.9        4.       2.       75.3      2.1

2022                                          (  2 YRS)

        10     DF1       7.82   106.83    23     0.35      6.2    0.24
        30     WL1       8.22    77.23    14     0.23     14.0    0.23
        50     DF1       9.70    82.90    41     0.39     34.6    0.24
        70     DF1      11.67    58.84    41     0.37     67.9    0.25
        90     WL1      12.46    96.24    25     0.16     76.5    0.22
       100     DF1      15.02    73.96    42     0.40    100.0    0.25
                                                                         101      10.2        4.       2.       77.7      2.2

2030                                          (  8 YRS)

        10     DF1       9.83   122.46    25     1.74     15.1    0.24
        30     WL1       9.39    88.42    13     0.99      6.1    0.21
        50     DF1      11.53    91.76    44     1.59     47.0    0.24
        70     DF1      13.72    67.28    41     1.78     78.3    0.25
        90     WL1      13.32   101.12    24     0.73     69.2    0.20
       100     DF1      16.12    78.84    41     0.95    100.0    0.25
                                                                         109      11.7        4.       3.       86.5      2.7


     FOREST VEGETATION SIMULATOR     VERSION FS2025.3 -- INLAND EMPIRE EXPANDED                 RV:20250701    04-28-2026  16:20:51

STAND ID: FIA_UNCALIB                   MGMT ID: NONE    



                                SUMMARY STATISTICS (PER ACRE OR STAND BASED ON TOTAL STAND AREA)
--------------------------------------------------------------------------------------------------------------------------------------
               START OF SIMULATION PERIOD                     REMOVALS             AFTER TREATMENT    GROWTH THIS PERIOD
         --------------------------------------------- ----------------------- ---------------------  ------------------   MAI  ------
         NO OF              TOP      TOTAL MERCH MERCH NO OF TOTAL MERCH MERCH              TOP  RES  PERIOD ACCRE MORT   MERCH FOR SS
YEAR AGE TREES  BA  SDI CCF HT  QMD  CU FT CU FT BD FT TREES CU FT CU FT BD FT  BA  SDI CCF HT   QMD  YEARS   PER  YEAR   CU FT TYP ZT
---- --- ----- --- ---- --- --- ---- ----- ----- ----- ----- ----- ----- ----- --- ---- --- --- ----  ------ ---- -----   ----- ------
2010  89     4   1    3   1  57  7.8    31    20   113     0     0     0     0   1    3   1  57  7.8      10    3     0     0.2 999 55
2020  99     4   2    4   2  75  9.9    58    48   262     0     0     0     0   2    4   2  75  9.9       2    3     0     0.5 999 55
2022 101     4   2    4   2  78 10.2    63    54   293     0     0     0     0   2    4   2  78 10.2       8    3     0     0.5 999 55
2030 109     4   3    5   3  87 11.7    87    77   413     0     0     0     0   3    5   3  87 11.7       0    0     0     0.7 999 55




                                                     ACTIVITY SUMMARY 

STAND ID= FIA_UNCALIB                   MGMT ID= NONE                                                                            

----------------------------------------------------------------------------------------------------------------------------------

CYCLE  DATE  EXTENSION  KEYWORD   DATE  ACTIVITY DISPOSITION  PARAMETERS:
-----  ----  ---------  --------  ----  --------------------  --------------------------------------------------------------------

   1   2010
               BASE     TREELIST  2010  DONE IN 2019               3.0000     0.0000     0.0000

   2   2020
               BASE     TREELIST  2020  DONE IN 2021               3.0000     0.0000     0.0000

   3   2022
               BASE     TREELIST  2022  DONE IN 2029               3.0000     0.0000     0.0000
----------------------------------------------------------------------------------------------------------------------------------
