

     FOREST VEGETATION SIMULATOR     VERSION FS2025.3 -- INLAND EMPIRE EXPANDED                 RV:20250701    04-28-2026  16:20:50

----------------------------------------------------------------------------------------------------------------------------------

                                                OPTIONS SELECTED BY INPUT

KEYWORD FILE NAME: fvs_runfiles/fia_uc_Apr282026_1620\file5d907fdc1d33
----------------------------------------------------------------------------------------------------------------------------------
KEYWORD    PARAMETERS:
--------   -----------------------------------------------------------------------------------------------------------------------

STDIDENT
           STAND ID= FIA_UNCALIB                                                                                               

RANNSEED   RANDOM SEED IS:        2025.0

********   FVS03 WARNING:  FOREST CODE INDICATES THE GEOGRAPHIC LOCATION IS OUTSIDE THE RANGE OF THE MODEL.  DEFAULT CODE IS USED.

********   FOREST CODE USED IN THIS PROJECTION IS 118

           HABITAT TYPE WILL BE MAPPED TO 670 FOR THIS PROJECTION.

STDINFO    FOREST-LOCATION CODE=     118; HABITAT TYPE=670; AGE=  101; ASPECT AZIMUTH IN DEGREES= 325.; SLOPE=  20.%
           ELEVATION(100'S FEET)= 50.0; REFERENCE CODE=     

TREELIST   DATE/CYCLE=    0; DATA SET REFERENCE NUMBER =  3.; HEADING SUPPRESSION CODE = 0.
           (0=WITH HEADING, OTHER VALUES=SUPPRESS HEADING).

TREEFMT 
          (I4,I4,F8.3,I1,A3,F5.1,F5.1,2F5.1,F5.1,I1,6I2,2I1,I2,2I3,2I1,F3.0)              
                                                                                          

DESIGN     BASAL AREA FACTOR=   -1.0; INVERSE OF FIXED PLOT AREA=    0.0; BREAK DBH=    0.0
           NUMBER OF PLOTS=     4; NON-STOCKABLE PLOTS=     0; STAND SAMPLING WEIGHT=     4.00000
           PROPORTION OF STAND CONSIDERED STOCKABLE=  1.000
           SEE "OPTIONS SELECTED BY DEFAULT" FOR FINAL DESIGN VALUES.

INVYEAR    INVENTORY YEAR= 2004

NOTRIPLE

NOAUTOES   TALLIES AND INGROWTH WILL NOT BE ADDED AUTOMATICALLY.
           STOCKADJ IS SET TO ZERO, AND NO SPROUTING WILL BE SIMULATED.

NOCALIB    CALIBRATION USING GROWTH DATA FROM TREE RECORDS HAS BEEN SUPPRESSED FOR ALL SPECIES

NOHTDREG   CALIBRATION OF HEIGHT-DIAMETER RELATIONSHIP WILL BE SUPPRESSED FOR ALL SPECIES


            

NUMCYCLE   NUMBER OF CYCLES=  2

CYCLEAT    REQUESTED YEAR FOR A CYCLE =2013

PROCESS    PROCESS THE STAND.
----------------------------------------------------------------------------------------------------------------------------------

                                                OPTIONS SELECTED BY DEFAULT

----------------------------------------------------------------------------------------------------------------------------------

DESIGN     BASAL AREA FACTOR=   -1.0; INVERSE OF FIXED PLOT AREA=    0.0; BREAK DBH=    0.0
           NUMBER OF PLOTS=     4; NON-STOCKABLE PLOTS=     0; STAND SAMPLING WEIGHT=     4.00000
           PROPORTION OF STAND CONSIDERED STOCKABLE=  1.000

STDINFO    FOREST-LOCATION CODE=     118; HABITAT TYPE=670; AGE=  101; ASPECT AZIMUTH IN DEGREES= 325.; SLOPE=  20.%
           ELEVATION(100'S FEET)= 50.0;  REFERENCE CODE=     

SPECIES      WP      WL      DF      GF      WH      RC      LP      ES      AF      PP
SDI MAX     863.    863.    863.    863.    863.    863.    863.    863.    863.    863.

SPECIES      MH      WB      LM      LL      PM      RM      PY      AS      CO      MM
SDI MAX     863.    863.    863.    863.    863.    863.    863.    863.    863.    863.

SPECIES      PB      OH      OS
SDI MAX     863.    863.    863.

                                  NATIONAL VOLUME ESTIMATOR LIBRARY EQUATION NUMBERS
SPECIES CUBIC FOOT BOARD FOOT SPECIES CUBIC FOOT BOARD FOOT SPECIES CUBIC FOOT BOARD FOOT SPECIES CUBIC FOOT BOARD FOOT 
------- ---------- ---------- ------- ---------- ---------- ------- ---------- ---------- ------- ---------- ---------- 
  WP    I00FW2W119 I00FW2W119   WL    I00FW2W073 I00FW2W073   DF    I00FW2W202 I00FW2W202   GF    I00FW2W017 I00FW2W017
  WH    I00FW2W260 I00FW2W260   RC    I00FW2W242 I00FW2W242   LP    I00FW2W108 I00FW2W108   ES    I00FW2W093 I00FW2W093
  AF    I00FW2W019 I00FW2W019   PP    I00FW2W122 I00FW2W122   MH    I00FW2W260 I00FW2W260   WB    I00FW2W012 I00FW2W012
  LM    I00FW2W073 I00FW2W073   LL    I00FW2W019 I00FW2W019   PM    102DVEW106 102DVEW106   RM    102DVEW106 102DVEW106
  PY    616BEHW231 616BEHW231   AS    102DVEW746 102DVEW746   CO    102DVEW740 102DVEW740   MM    200DVEW746 200DVEW746
  PB    101DVEW375 101DVEW375   OH    200DVEW746 200DVEW746   OS    I00FW2W260 I00FW2W260

SITECODE   SITE INDEX INFORMATION:
            WP=    0.;  WL=    0.;  DF=    0.;  GF=    0.;  WH=    0.;  RC=    0.;  LP=    0.;  ES=    0.; AF=    0.
            PP=    0.;  MH=    0.;  WB=    0.;  LM=   34.;  LL=    0.;  PM=   13.;  RM=   10.;  PY=   34.; AS=   52.
            CO=   80.;  MM=   52.;  PB=   52.;  OH=   80.;  OS=    0.
           SITE SPECIES=DF CODE=    3

INVENTORY POINT CROSS REFERENCE (FVS SEQUENTIAL POINT NUMBER = POINT NUMBER AS ENTERED IN THE INPUT DATA):
  1=       1;   2=       2;   3=       3;   4=       4
----------------------------------------------------------------------------------------------------------------------------------


                                                     ACTIVITY SCHEDULE

STAND ID= FIA_UNCALIB                   MGMT ID= NONE                                                                            

----------------------------------------------------------------------------------------------------------------------------------

CYCLE  DATE  EXTENSION  KEYWORD   DATE  PARAMETERS:
-----  ----  ---------  --------  ----  ------------------------------------------------------------------------------------------

   1   2004
               BASE     TREELIST  2004       3.0000     0.0000     0.0000

   2   2013
               BASE     TREELIST  2013       3.0000     0.0000     0.0000

   3   2014
               BASE     TREELIST  2014       3.0000     0.0000     0.0000
----------------------------------------------------------------------------------------------------------------------------------


CALIBRATION STATISTICS:


                                                 WL    DF
                                                ----  ----

NUMBER OF RECORDS PER SPECIES                     10    12

NUMBER OF RECORDS WITH MISSING HEIGHTS             0     0

NUMBER OF RECORDS WITH BROKEN OR DEAD TOPS         0     0

NUMBER OF RECORDS WITH MISSING CROWN RATIOS        0     0

NUMBER OF RECORDS AVAILABLE FOR SCALING
THE DIAMETER INCREMENT MODEL                       0     0

RATIO OF STANDARD ERRORS
(INPUT DBH GROWTH DATA : MODEL)                 1.00  1.00

WEIGHT GIVEN TO THE INPUT GROWTH DATA WHEN
DBH GROWTH MODEL SCALE FACTORS WERE COMPUTED    0.00  0.00

INITIAL SCALE FACTORS FOR THE
DBH INCREMENT MODEL                             1.00  1.00

NUMBER OF RECORDS AVAILABLE FOR SCALING
THE SMALL TREE HEIGHT INCREMENT MODEL             0     0

INITIAL SCALE FACTORS FOR THE SMALL TREE
HEIGHT INCREMENT MODEL                          1.00  1.00

NUMBER OF RECORDS WITH MISTLETOE                   0     0


     FOREST VEGETATION SIMULATOR     VERSION FS2025.3 -- INLAND EMPIRE EXPANDED                 RV:20250701    04-28-2026  16:20:50

STAND ID: FIA_UNCALIB                   MGMT ID: NONE     


                                        STAND COMPOSITION (BASED ON STOCKABLE AREA)
--------------------------------------------------------------------------------------------------------------------------
                            PERCENTILE POINTS IN THE
                     DISTRIBUTION OF STAND ATTRIBUTES BY DBH      TOTAL/ACRE
        STAND       -----------------------------------------      OF STAND         DISTRIBUTION OF STAND ATTRIBUTES BY
YEAR  ATTRIBUTES      10     30     50     70     90    100       ATTRIBUTES       SPECIES AND 3 USER-DEFINED SUBCLASSES
----  -----------   ------ ------ ------ ------ ------ ------   --------------  ------------------------------------------
                                 (DBH IN INCHES)



2004  TREES           5.6    6.9   10.7   13.8   28.4    30.8       6. TREES     55.% DF1,  45.% WL1,   0.% ---,   0.% ---
      VOLUME:  
        TOTAL        10.7   14.5   28.4   28.6   30.8    30.8     230. CUFT      83.% WL1,  17.% DF1,   0.% ---,   0.% ---
        MERCH        12.1   23.4   28.4   28.6   30.8    30.8     206. CUFT      85.% WL1,  15.% DF1,   0.% ---,   0.% ---
        MERCH        12.1   23.4   28.4   28.6   30.8    30.8    1218. BDFT      88.% WL1,  12.% DF1,   0.% ---,   0.% ---


      ACCRETION       6.7   10.2   12.1   14.5   28.6    30.8       5. CUFT/YR   53.% DF1,  47.% WL1,   0.% ---,   0.% ---
      MORTALITY      14.1   23.4   28.4   28.6   30.8    30.8       1. CUFT/YR   95.% WL1,   5.% DF1,   0.% ---,   0.% ---



2013  TREES           7.5    9.2   12.6   14.8   29.3    31.5       5. TREES     55.% DF1,  45.% WL1,   0.% ---,   0.% ---
      VOLUME:  
        TOTAL        11.7   15.2   29.3   29.3   31.5    31.5     265. CUFT      76.% WL1,  24.% DF1,   0.% ---,   0.% ---
        MERCH        11.7   15.2   29.3   29.3   31.5    31.5     243. CUFT      77.% WL1,  23.% DF1,   0.% ---,   0.% ---
        MERCH        11.7   15.2   29.3   29.3   31.5    31.5    1436. BDFT      79.% WL1,  21.% DF1,   0.% ---,   0.% ---


      ACCRETION       8.3   11.7   13.5   15.9   29.3    31.5       5. CUFT/YR   56.% DF1,  44.% WL1,   0.% ---,   0.% ---
      MORTALITY      13.5   15.9   29.3   29.3   31.5    31.5       1. CUFT/YR   94.% WL1,   6.% DF1,   0.% ---,   0.% ---



2014  TREES           7.8    9.4   12.8   14.9   29.4    31.6       5. TREES     55.% DF1,  45.% WL1,   0.% ---,   0.% ---
      VOLUME:  
        TOTAL        11.8   15.3   29.4   29.4   31.6    31.6     269. CUFT      76.% WL1,  24.% DF1,   0.% ---,   0.% ---
        MERCH        11.8   15.3   29.4   29.4   31.6    31.6     246. CUFT      77.% WL1,  23.% DF1,   0.% ---,   0.% ---
        MERCH        11.8   15.3   29.4   29.4   31.6    31.6    1450. BDFT      79.% WL1,  21.% DF1,   0.% ---,   0.% ---


      ACCRETION       7.8    9.5   13.3   15.3   29.4    31.6       4. CUFT/YR   57.% DF1,  43.% WL1,   0.% ---,   0.% ---
      MORTALITY      13.7   24.1   29.4   29.4   31.6    31.6       1. CUFT/YR   94.% WL1,   6.% DF1,   0.% ---,   0.% ---



2024  TREES           9.5   11.2   14.3   15.9   30.0    31.9       5. TREES     57.% DF1,  43.% WL1,   0.% ---,   0.% ---
      VOLUME:  
        TOTAL        11.2   15.4   25.3   30.0   31.9    31.9     302. CUFT      70.% WL1,  30.% DF1,   0.% ---,   0.% ---
        MERCH        11.4   15.4   25.3   30.0   31.9    31.9     278. CUFT      71.% WL1,  29.% DF1,   0.% ---,   0.% ---
        MERCH        11.4   15.9   25.3   30.0   31.9    31.9    1633. BDFT      74.% WL1,  26.% DF1,   0.% ---,   0.% ---


     FOREST VEGETATION SIMULATOR     VERSION FS2025.3 -- INLAND EMPIRE EXPANDED                 RV:20250701    04-28-2026  16:20:50

STAND ID: FIA_UNCALIB                   MGMT ID: NONE     


------------------------------------------------------------------------------------------------------------------------------
                     ATTRIBUTES OF SELECTED SAMPLE TREES                 ADDITIONAL STAND ATTRIBUTES (BASED ON STOCKABLE AREA)
      -----------------------------------------------------------------  -----------------------------------------------------
      INITIAL                           LIVE   PAST DBH  BASAL   TREES          QUADRATIC   TREES    BASAL  TOP HEIGHT  CROWN
      TREES/A            DBH    HEIGHT  CROWN   GROWTH   AREA     PER    STAND   MEAN DBH    PER     AREA     LARGEST   COMP
YEAR   %TILE  SPECIES (INCHES)  (FEET)  RATIO  (INCHES)  %TILE    ACRE   AGE     (INCHES)    ACRE   (SQFT/A) 40/A (FT)  FACTOR
----  ------- ------- -------- -------- ------ --------- ------- ------  -----  ---------   ------ --------- --------- -------

2004                                          ( 10 YRS)

        10     WL1       5.60    51.00    15     2.16      1.4    0.25
        30     DF1       6.90    53.00    45     2.72      5.2    0.25
        50     WL1      10.70    84.00    35     1.31     12.2    0.25
        70     DF1      13.80    89.00    45     1.21     27.3    0.25
        90     WL1      28.40   136.00    55     0.47     63.6    0.25
       100     WL1      30.80   125.00    65     1.09    100.0    0.25
                                                                         101      14.9        6.       7.       79.3      5.6

2013                                          (  9 YRS)

        10     WL1       7.25    71.36    14     1.40      1.6    0.24
        30     DF1       8.90    67.69    44     1.73      6.5    0.25
        50     WL1      11.70    90.09    35     0.85     13.7    0.24
        70     DF1      15.88    97.10    48     1.80     41.8    0.25
        90     WL1      29.33   139.49    57     0.79     82.4    0.24
       100     WL1      31.50   127.96    65     0.60    100.0    0.24
                                                                         110      15.9        5.       7.       89.0      6.2

2014                                          (  1 YRS)

        10     WL1       7.38    72.68    14     0.11      1.6    0.24
        30     DF1       9.11    68.89    44     0.18      6.8    0.25
        50     WL1      11.81    90.71    35     0.09     14.1    0.24
        70     DF1      16.05    97.76    48     0.15     42.5    0.25
        90     WL1      29.40   139.78    57     0.06     82.6    0.24
       100     WL1      31.57   128.25    65     0.06    100.0    0.24
                                                                         111      16.0        5.       8.       89.9      6.3

2024                                          ( 10 YRS)

        10     WL1       8.49    82.62    15     0.94      2.3    0.23
        30     DF1      11.70    81.93    48     2.24     15.7    0.25
        50     WL1      12.48    95.29    36     0.57     18.0    0.22
        70     DF1      17.16   102.72    49     0.96     47.9    0.25
        90     WL1      30.01   142.45    57     0.52     84.6    0.23
       100     WL1      31.87   130.05    65     0.25    100.0    0.23
                                                                         121      17.0        5.       8.       97.6      6.9


     FOREST VEGETATION SIMULATOR     VERSION FS2025.3 -- INLAND EMPIRE EXPANDED                 RV:20250701    04-28-2026  16:20:50

STAND ID: FIA_UNCALIB                   MGMT ID: NONE    



                                SUMMARY STATISTICS (PER ACRE OR STAND BASED ON TOTAL STAND AREA)
--------------------------------------------------------------------------------------------------------------------------------------
               START OF SIMULATION PERIOD                     REMOVALS             AFTER TREATMENT    GROWTH THIS PERIOD
         --------------------------------------------- ----------------------- ---------------------  ------------------   MAI  ------
         NO OF              TOP      TOTAL MERCH MERCH NO OF TOTAL MERCH MERCH              TOP  RES  PERIOD ACCRE MORT   MERCH FOR SS
YEAR AGE TREES  BA  SDI CCF HT  QMD  CU FT CU FT BD FT TREES CU FT CU FT BD FT  BA  SDI CCF HT   QMD  YEARS   PER  YEAR   CU FT TYP ZT
---- --- ----- --- ---- --- --- ---- ----- ----- ----- ----- ----- ----- ----- --- ---- --- --- ----  ------ ---- -----   ----- ------
2004 101     6   7   10   6  79 14.9   230   206  1218     0     0     0     0   7   10   6  79 14.9       9    5     1     2.0 999 55
2013 110     5   7   11   6  89 15.9   265   243  1436     0     0     0     0   7   11   6  89 15.9       1    5     1     2.2 999 55
2014 111     5   8   11   6  90 16.0   269   246  1450     0     0     0     0   8   11   6  90 16.0      10    4     1     2.2 999 55
2024 121     5   8   12   7  98 17.0   302   278  1633     0     0     0     0   8   12   7  98 17.0       0    0     0     2.3 999 55




                                                     ACTIVITY SUMMARY 

STAND ID= FIA_UNCALIB                   MGMT ID= NONE                                                                            

----------------------------------------------------------------------------------------------------------------------------------

CYCLE  DATE  EXTENSION  KEYWORD   DATE  ACTIVITY DISPOSITION  PARAMETERS:
-----  ----  ---------  --------  ----  --------------------  --------------------------------------------------------------------

   1   2004
               BASE     TREELIST  2004  DONE IN 2012               3.0000     0.0000     0.0000

   2   2013
               BASE     TREELIST  2013  DONE IN 2013               3.0000     0.0000     0.0000

   3   2014
               BASE     TREELIST  2014  DONE IN 2023               3.0000     0.0000     0.0000
----------------------------------------------------------------------------------------------------------------------------------
