

     FOREST VEGETATION SIMULATOR     VERSION FS2025.3 -- INLAND EMPIRE EXPANDED                 RV:20250701    04-28-2026  16:20:25

----------------------------------------------------------------------------------------------------------------------------------

                                                OPTIONS SELECTED BY INPUT

KEYWORD FILE NAME: fvs_runfiles/fia_uc_Apr282026_1620\file4c906092186f
----------------------------------------------------------------------------------------------------------------------------------
KEYWORD    PARAMETERS:
--------   -----------------------------------------------------------------------------------------------------------------------

STDIDENT
           STAND ID= FIA_UNCALIB                                                                                               

RANNSEED   RANDOM SEED IS:        2025.0

********   FVS03 WARNING:  FOREST CODE INDICATES THE GEOGRAPHIC LOCATION IS OUTSIDE THE RANGE OF THE MODEL.  DEFAULT CODE IS USED.

********   FOREST CODE USED IN THIS PROJECTION IS 118

           HABITAT TYPE WILL BE MAPPED TO 530 FOR THIS PROJECTION.

STDINFO    FOREST-LOCATION CODE=     118; HABITAT TYPE=530; AGE=   79; ASPECT AZIMUTH IN DEGREES=  13.; SLOPE=  64.%
           ELEVATION(100'S FEET)= 46.0; REFERENCE CODE=     

TREELIST   DATE/CYCLE=    0; DATA SET REFERENCE NUMBER =  3.; HEADING SUPPRESSION CODE = 0.
           (0=WITH HEADING, OTHER VALUES=SUPPRESS HEADING).

TREEFMT 
          (I4,I4,F8.3,I1,A3,F5.1,F5.1,2F5.1,F5.1,I1,6I2,2I1,I2,2I3,2I1,F3.0)              
                                                                                          

DESIGN     BASAL AREA FACTOR=   -1.0; INVERSE OF FIXED PLOT AREA=    0.0; BREAK DBH=    0.0
           NUMBER OF PLOTS=     4; NON-STOCKABLE PLOTS=     0; STAND SAMPLING WEIGHT=     4.00000
           PROPORTION OF STAND CONSIDERED STOCKABLE=  1.000
           SEE "OPTIONS SELECTED BY DEFAULT" FOR FINAL DESIGN VALUES.

INVYEAR    INVENTORY YEAR= 2005

NOTRIPLE

NOAUTOES   TALLIES AND INGROWTH WILL NOT BE ADDED AUTOMATICALLY.
           STOCKADJ IS SET TO ZERO, AND NO SPROUTING WILL BE SIMULATED.

NOCALIB    CALIBRATION USING GROWTH DATA FROM TREE RECORDS HAS BEEN SUPPRESSED FOR ALL SPECIES

NOHTDREG   CALIBRATION OF HEIGHT-DIAMETER RELATIONSHIP WILL BE SUPPRESSED FOR ALL SPECIES


            

NUMCYCLE   NUMBER OF CYCLES=  2

CYCLEAT    REQUESTED YEAR FOR A CYCLE =2016

PROCESS    PROCESS THE STAND.
----------------------------------------------------------------------------------------------------------------------------------

                                                OPTIONS SELECTED BY DEFAULT

----------------------------------------------------------------------------------------------------------------------------------

DESIGN     BASAL AREA FACTOR=   -1.0; INVERSE OF FIXED PLOT AREA=    0.0; BREAK DBH=    0.0
           NUMBER OF PLOTS=     4; NON-STOCKABLE PLOTS=     0; STAND SAMPLING WEIGHT=     4.00000
           PROPORTION OF STAND CONSIDERED STOCKABLE=  1.000

STDINFO    FOREST-LOCATION CODE=     118; HABITAT TYPE=530; AGE=   79; ASPECT AZIMUTH IN DEGREES=  13.; SLOPE=  64.%
           ELEVATION(100'S FEET)= 46.0;  REFERENCE CODE=     

SPECIES      WP      WL      DF      GF      WH      RC      LP      ES      AF      PP
SDI MAX     949.    949.    949.    949.    949.    949.    949.    949.    949.    949.

SPECIES      MH      WB      LM      LL      PM      RM      PY      AS      CO      MM
SDI MAX     949.    949.    949.    949.    949.    949.    949.    949.    949.    949.

SPECIES      PB      OH      OS
SDI MAX     949.    949.    949.

                                  NATIONAL VOLUME ESTIMATOR LIBRARY EQUATION NUMBERS
SPECIES CUBIC FOOT BOARD FOOT SPECIES CUBIC FOOT BOARD FOOT SPECIES CUBIC FOOT BOARD FOOT SPECIES CUBIC FOOT BOARD FOOT 
------- ---------- ---------- ------- ---------- ---------- ------- ---------- ---------- ------- ---------- ---------- 
  WP    I00FW2W119 I00FW2W119   WL    I00FW2W073 I00FW2W073   DF    I00FW2W202 I00FW2W202   GF    I00FW2W017 I00FW2W017
  WH    I00FW2W260 I00FW2W260   RC    I00FW2W242 I00FW2W242   LP    I00FW2W108 I00FW2W108   ES    I00FW2W093 I00FW2W093
  AF    I00FW2W019 I00FW2W019   PP    I00FW2W122 I00FW2W122   MH    I00FW2W260 I00FW2W260   WB    I00FW2W012 I00FW2W012
  LM    I00FW2W073 I00FW2W073   LL    I00FW2W019 I00FW2W019   PM    102DVEW106 102DVEW106   RM    102DVEW106 102DVEW106
  PY    616BEHW231 616BEHW231   AS    102DVEW746 102DVEW746   CO    102DVEW740 102DVEW740   MM    200DVEW746 200DVEW746
  PB    101DVEW375 101DVEW375   OH    200DVEW746 200DVEW746   OS    I00FW2W260 I00FW2W260

SITECODE   SITE INDEX INFORMATION:
            WP=    0.;  WL=    0.;  DF=    0.;  GF=    0.;  WH=    0.;  RC=    0.;  LP=    0.;  ES=    0.; AF=    0.
            PP=    0.;  MH=    0.;  WB=    0.;  LM=   41.;  LL=    0.;  PM=   15.;  RM=   12.;  PY=   41.; AS=   58.
            CO=   93.;  MM=   58.;  PB=   58.;  OH=   93.;  OS=    0.
           SITE SPECIES=DF CODE=    3

INVENTORY POINT CROSS REFERENCE (FVS SEQUENTIAL POINT NUMBER = POINT NUMBER AS ENTERED IN THE INPUT DATA):
  1=       4;   2=       1;   3=       2;   4=       3
----------------------------------------------------------------------------------------------------------------------------------


                                                     ACTIVITY SCHEDULE

STAND ID= FIA_UNCALIB                   MGMT ID= NONE                                                                            

----------------------------------------------------------------------------------------------------------------------------------

CYCLE  DATE  EXTENSION  KEYWORD   DATE  PARAMETERS:
-----  ----  ---------  --------  ----  ------------------------------------------------------------------------------------------

   1   2005
               BASE     TREELIST  2005       3.0000     0.0000     0.0000

   2   2015
               BASE     TREELIST  2015       3.0000     0.0000     0.0000

   3   2016
               BASE     TREELIST  2016       3.0000     0.0000     0.0000
----------------------------------------------------------------------------------------------------------------------------------


CALIBRATION STATISTICS:


                                                 WL    DF
                                                ----  ----

NUMBER OF RECORDS PER SPECIES                      7     9

NUMBER OF RECORDS WITH MISSING HEIGHTS             0     0

NUMBER OF RECORDS WITH BROKEN OR DEAD TOPS         0     0

NUMBER OF RECORDS WITH MISSING CROWN RATIOS        0     0

NUMBER OF RECORDS AVAILABLE FOR SCALING
THE DIAMETER INCREMENT MODEL                       0     0

RATIO OF STANDARD ERRORS
(INPUT DBH GROWTH DATA : MODEL)                 1.00  1.00

WEIGHT GIVEN TO THE INPUT GROWTH DATA WHEN
DBH GROWTH MODEL SCALE FACTORS WERE COMPUTED    0.00  0.00

INITIAL SCALE FACTORS FOR THE
DBH INCREMENT MODEL                             1.00  1.00

NUMBER OF RECORDS AVAILABLE FOR SCALING
THE SMALL TREE HEIGHT INCREMENT MODEL             0     0

INITIAL SCALE FACTORS FOR THE SMALL TREE
HEIGHT INCREMENT MODEL                          1.00  1.00

NUMBER OF RECORDS WITH MISTLETOE                   0     0


     FOREST VEGETATION SIMULATOR     VERSION FS2025.3 -- INLAND EMPIRE EXPANDED                 RV:20250701    04-28-2026  16:20:25

STAND ID: FIA_UNCALIB                   MGMT ID: NONE     


                                        STAND COMPOSITION (BASED ON STOCKABLE AREA)
--------------------------------------------------------------------------------------------------------------------------
                            PERCENTILE POINTS IN THE
                     DISTRIBUTION OF STAND ATTRIBUTES BY DBH      TOTAL/ACRE
        STAND       -----------------------------------------      OF STAND         DISTRIBUTION OF STAND ATTRIBUTES BY
YEAR  ATTRIBUTES      10     30     50     70     90    100       ATTRIBUTES       SPECIES AND 3 USER-DEFINED SUBCLASSES
----  -----------   ------ ------ ------ ------ ------ ------   --------------  ------------------------------------------
                                 (DBH IN INCHES)



2005  TREES           8.6   10.8   14.7   16.6   19.2    22.6       4. TREES     56.% DF1,  44.% WL1,   0.% ---,   0.% ---
      VOLUME:  
        TOTAL        10.8   15.3   16.6   19.2   22.6    22.6     166. CUFT      59.% DF1,  41.% WL1,   0.% ---,   0.% ---
        MERCH        14.1   15.3   16.6   19.2   22.6    22.6     153. CUFT      58.% DF1,  42.% WL1,   0.% ---,   0.% ---
        MERCH        14.1   15.3   16.6   19.2   22.6    22.6     850. BDFT      58.% DF1,  42.% WL1,   0.% ---,   0.% ---


      ACCRETION       9.4   14.6   15.4   17.1   22.6    22.6       4. CUFT/YR   72.% DF1,  28.% WL1,   0.% ---,   0.% ---
      MORTALITY      10.7   15.3   17.1   19.2   19.2    22.6       1. CUFT/YR   73.% WL1,  27.% DF1,   0.% ---,   0.% ---



2015  TREES          10.9   13.7   16.5   18.0   19.9    24.4       4. TREES     59.% DF1,  41.% WL1,   0.% ---,   0.% ---
      VOLUME:  
        TOTAL        13.7   16.5   18.0   19.4   24.4    24.4     198. CUFT      64.% DF1,  36.% WL1,   0.% ---,   0.% ---
        MERCH        13.7   16.5   18.0   19.4   24.4    24.4     181. CUFT      64.% DF1,  36.% WL1,   0.% ---,   0.% ---
        MERCH        13.7   16.5   18.0   19.9   24.4    24.4    1006. BDFT      63.% DF1,  37.% WL1,   0.% ---,   0.% ---


      ACCRETION      11.3   16.0   17.5   18.2   19.9    24.4       4. CUFT/YR   71.% DF1,  29.% WL1,   0.% ---,   0.% ---
      MORTALITY      11.2   16.1   18.0   19.4   19.9    24.4       1. CUFT/YR   71.% WL1,  29.% DF1,   0.% ---,   0.% ---



2016  TREES          11.0   13.9   16.6   18.1   19.9    24.5       4. TREES     59.% DF1,  41.% WL1,   0.% ---,   0.% ---
      VOLUME:  
        TOTAL        13.9   16.6   18.1   19.5   24.5    24.5     200. CUFT      64.% DF1,  36.% WL1,   0.% ---,   0.% ---
        MERCH        13.9   16.6   18.1   19.5   24.5    24.5     185. CUFT      64.% DF1,  36.% WL1,   0.% ---,   0.% ---
        MERCH        13.9   16.6   18.1   19.5   24.5    24.5    1033. BDFT      64.% DF1,  36.% WL1,   0.% ---,   0.% ---


      ACCRETION      11.5   16.1   17.9   18.4   24.5    24.5       4. CUFT/YR   74.% DF1,  26.% WL1,   0.% ---,   0.% ---
      MORTALITY      11.3   16.3   18.1   19.9   24.5    24.5       1. CUFT/YR   66.% WL1,  34.% DF1,   0.% ---,   0.% ---



2025  TREES          11.9   16.1   17.7   20.4   20.8    25.7       3. TREES     61.% DF1,  39.% WL1,   0.% ---,   0.% ---
      VOLUME:  
        TOTAL        16.1   17.7   20.4   20.8   25.7    25.7     227. CUFT      67.% DF1,  33.% WL1,   0.% ---,   0.% ---
        MERCH        16.1   17.7   20.4   20.8   25.7    25.7     210. CUFT      67.% DF1,  33.% WL1,   0.% ---,   0.% ---
        MERCH        16.1   17.7   20.4   20.8   25.7    25.7    1183. BDFT      68.% DF1,  32.% WL1,   0.% ---,   0.% ---


     FOREST VEGETATION SIMULATOR     VERSION FS2025.3 -- INLAND EMPIRE EXPANDED                 RV:20250701    04-28-2026  16:20:25

STAND ID: FIA_UNCALIB                   MGMT ID: NONE     


------------------------------------------------------------------------------------------------------------------------------
                     ATTRIBUTES OF SELECTED SAMPLE TREES                 ADDITIONAL STAND ATTRIBUTES (BASED ON STOCKABLE AREA)
      -----------------------------------------------------------------  -----------------------------------------------------
      INITIAL                           LIVE   PAST DBH  BASAL   TREES          QUADRATIC   TREES    BASAL  TOP HEIGHT  CROWN
      TREES/A            DBH    HEIGHT  CROWN   GROWTH   AREA     PER    STAND   MEAN DBH    PER     AREA     LARGEST   COMP
YEAR   %TILE  SPECIES (INCHES)  (FEET)  RATIO  (INCHES)  %TILE    ACRE   AGE     (INCHES)    ACRE   (SQFT/A) 40/A (FT)  FACTOR
----  ------- ------- -------- -------- ------ --------- ------- ------  -----  ---------   ------ --------- --------- -------

2005                                          ( 10 YRS)

        10     DF1       8.60    47.00    45     1.82      3.7    0.25
        30     DF1      10.80    74.00    65     2.99     12.7    0.25
        50     WL1      14.70    95.00    35     0.39     30.4    0.25
        70     DF1      16.60    96.00    55     1.87     58.5    0.25
        90     WL1      19.20   125.00    25     0.75     85.6    0.25
       100     DF1      22.60   123.00    35     0.84    100.0    0.25
                                                                          79      14.9        4.       5.       88.8      4.3

2015                                          ( 10 YRS)

        10     DF1      11.31    63.27    49     2.35     10.0    0.25
        30     DF1      13.67    83.62    66     2.48     14.5    0.25
        50     WL1      15.97   101.65    34     1.08     26.2    0.23
        70     DF1      18.24   102.18    56     1.42     68.2    0.24
        90     WL1      19.88   129.39    25     0.58     85.7    0.22
       100     DF1      24.38   128.44    35     1.54    100.0    0.24
                                                                          89      16.5        4.       6.       96.1      4.7

2016                                          (  1 YRS)

        10     DF1      11.54    64.09    49     0.20     10.0    0.25
        30     DF1      13.94    84.45    66     0.24     14.7    0.25
        50     WL1      16.06   102.20    34     0.08     26.3    0.23
        70     DF1      18.44   102.81    56     0.17     68.4    0.24
        90     WL1      19.95   129.82    25     0.06     85.8    0.21
       100     DF1      24.49   128.86    35     0.09    100.0    0.24
                                                                          90      16.6        4.       6.       96.7      4.8

2025                                          (  9 YRS)

        10     DF1      13.49    71.36    49     1.69     10.6    0.24
        30     DF1      16.06    91.53    67     1.84     16.2    0.24
        50     WL1      16.89   107.19    32     0.71     21.3    0.20
        70     DF1      20.48   108.93    56     1.77     70.1    0.23
        90     WL1      20.85   134.41    25     0.77     86.4    0.19
       100     DF1      25.68   132.96    35     1.04    100.0    0.23
                                                                          99      18.0        3.       6.      102.3      5.1


     FOREST VEGETATION SIMULATOR     VERSION FS2025.3 -- INLAND EMPIRE EXPANDED                 RV:20250701    04-28-2026  16:20:25

STAND ID: FIA_UNCALIB                   MGMT ID: NONE    



                                SUMMARY STATISTICS (PER ACRE OR STAND BASED ON TOTAL STAND AREA)
--------------------------------------------------------------------------------------------------------------------------------------
               START OF SIMULATION PERIOD                     REMOVALS             AFTER TREATMENT    GROWTH THIS PERIOD
         --------------------------------------------- ----------------------- ---------------------  ------------------   MAI  ------
         NO OF              TOP      TOTAL MERCH MERCH NO OF TOTAL MERCH MERCH              TOP  RES  PERIOD ACCRE MORT   MERCH FOR SS
YEAR AGE TREES  BA  SDI CCF HT  QMD  CU FT CU FT BD FT TREES CU FT CU FT BD FT  BA  SDI CCF HT   QMD  YEARS   PER  YEAR   CU FT TYP ZT
---- --- ----- --- ---- --- --- ---- ----- ----- ----- ----- ----- ----- ----- --- ---- --- --- ----  ------ ---- -----   ----- ------
2005  79     4   5    8   4  89 14.9   166   153   850     0     0     0     0   5    8   4  89 14.9      10    4     1     1.9 999 55
2015  89     4   6    8   5  96 16.5   198   181  1006     0     0     0     0   6    8   5  96 16.5       1    4     1     2.0 999 55
2016  90     4   6    8   5  97 16.6   200   185  1033     0     0     0     0   6    8   5  97 16.6       9    4     1     2.1 999 55
2025  99     3   6    9   5 102 18.0   227   210  1183     0     0     0     0   6    9   5 102 18.0       0    0     0     2.1 999 55




                                                     ACTIVITY SUMMARY 

STAND ID= FIA_UNCALIB                   MGMT ID= NONE                                                                            

----------------------------------------------------------------------------------------------------------------------------------

CYCLE  DATE  EXTENSION  KEYWORD   DATE  ACTIVITY DISPOSITION  PARAMETERS:
-----  ----  ---------  --------  ----  --------------------  --------------------------------------------------------------------

   1   2005
               BASE     TREELIST  2005  DONE IN 2014               3.0000     0.0000     0.0000

   2   2015
               BASE     TREELIST  2015  DONE IN 2015               3.0000     0.0000     0.0000

   3   2016
               BASE     TREELIST  2016  DONE IN 2024               3.0000     0.0000     0.0000
----------------------------------------------------------------------------------------------------------------------------------
