

     FOREST VEGETATION SIMULATOR     VERSION FS2025.3 -- INLAND EMPIRE EXPANDED                 RV:20250701    04-28-2026  16:20:33

----------------------------------------------------------------------------------------------------------------------------------

                                                OPTIONS SELECTED BY INPUT

KEYWORD FILE NAME: fvs_runfiles/fia_uc_Apr282026_1620\file4c9049961778
----------------------------------------------------------------------------------------------------------------------------------
KEYWORD    PARAMETERS:
--------   -----------------------------------------------------------------------------------------------------------------------

STDIDENT
           STAND ID= FIA_UNCALIB                                                                                               

RANNSEED   RANDOM SEED IS:        2025.0

********   FVS03 WARNING:  FOREST CODE INDICATES THE GEOGRAPHIC LOCATION IS OUTSIDE THE RANGE OF THE MODEL.  DEFAULT CODE IS USED.

********   FOREST CODE USED IN THIS PROJECTION IS 118

           HABITAT TYPE WILL BE MAPPED TO 510 FOR THIS PROJECTION.

STDINFO    FOREST-LOCATION CODE=     118; HABITAT TYPE=510; AGE=   42; ASPECT AZIMUTH IN DEGREES= 219.; SLOPE=  30.%
           ELEVATION(100'S FEET)= 28.0; REFERENCE CODE=     

TREELIST   DATE/CYCLE=    0; DATA SET REFERENCE NUMBER =  3.; HEADING SUPPRESSION CODE = 0.
           (0=WITH HEADING, OTHER VALUES=SUPPRESS HEADING).

TREEFMT 
          (I4,I4,F8.3,I1,A3,F5.1,F5.1,2F5.1,F5.1,I1,6I2,2I1,I2,2I3,2I1,F3.0)              
                                                                                          

DESIGN     BASAL AREA FACTOR=   -1.0; INVERSE OF FIXED PLOT AREA=    0.0; BREAK DBH=    0.0
           NUMBER OF PLOTS=     4; NON-STOCKABLE PLOTS=     0; STAND SAMPLING WEIGHT=     4.00000
           PROPORTION OF STAND CONSIDERED STOCKABLE=  1.000
           SEE "OPTIONS SELECTED BY DEFAULT" FOR FINAL DESIGN VALUES.

INVYEAR    INVENTORY YEAR= 2011

NOTRIPLE

NOAUTOES   TALLIES AND INGROWTH WILL NOT BE ADDED AUTOMATICALLY.
           STOCKADJ IS SET TO ZERO, AND NO SPROUTING WILL BE SIMULATED.

NOCALIB    CALIBRATION USING GROWTH DATA FROM TREE RECORDS HAS BEEN SUPPRESSED FOR ALL SPECIES

NOHTDREG   CALIBRATION OF HEIGHT-DIAMETER RELATIONSHIP WILL BE SUPPRESSED FOR ALL SPECIES


            

NUMCYCLE   NUMBER OF CYCLES=  2

CYCLEAT    REQUESTED YEAR FOR A CYCLE =2021

PROCESS    PROCESS THE STAND.
----------------------------------------------------------------------------------------------------------------------------------

                                                OPTIONS SELECTED BY DEFAULT

----------------------------------------------------------------------------------------------------------------------------------

DESIGN     BASAL AREA FACTOR=   -1.0; INVERSE OF FIXED PLOT AREA=    0.0; BREAK DBH=    0.0
           NUMBER OF PLOTS=     4; NON-STOCKABLE PLOTS=     0; STAND SAMPLING WEIGHT=     4.00000
           PROPORTION OF STAND CONSIDERED STOCKABLE=  1.000

STDINFO    FOREST-LOCATION CODE=     118; HABITAT TYPE=510; AGE=   42; ASPECT AZIMUTH IN DEGREES= 219.; SLOPE=  30.%
           ELEVATION(100'S FEET)= 28.0;  REFERENCE CODE=     

SPECIES      WP      WL      DF      GF      WH      RC      LP      ES      AF      PP
SDI MAX     712.    712.    712.    712.    712.    712.    712.    712.    712.    712.

SPECIES      MH      WB      LM      LL      PM      RM      PY      AS      CO      MM
SDI MAX     712.    712.    712.    712.    712.    712.    712.    712.    712.    712.

SPECIES      PB      OH      OS
SDI MAX     712.    712.    712.

                                  NATIONAL VOLUME ESTIMATOR LIBRARY EQUATION NUMBERS
SPECIES CUBIC FOOT BOARD FOOT SPECIES CUBIC FOOT BOARD FOOT SPECIES CUBIC FOOT BOARD FOOT SPECIES CUBIC FOOT BOARD FOOT 
------- ---------- ---------- ------- ---------- ---------- ------- ---------- ---------- ------- ---------- ---------- 
  WP    I00FW2W119 I00FW2W119   WL    I00FW2W073 I00FW2W073   DF    I00FW2W202 I00FW2W202   GF    I00FW2W017 I00FW2W017
  WH    I00FW2W260 I00FW2W260   RC    I00FW2W242 I00FW2W242   LP    I00FW2W108 I00FW2W108   ES    I00FW2W093 I00FW2W093
  AF    I00FW2W019 I00FW2W019   PP    I00FW2W122 I00FW2W122   MH    I00FW2W260 I00FW2W260   WB    I00FW2W012 I00FW2W012
  LM    I00FW2W073 I00FW2W073   LL    I00FW2W019 I00FW2W019   PM    102DVEW106 102DVEW106   RM    102DVEW106 102DVEW106
  PY    616BEHW231 616BEHW231   AS    102DVEW746 102DVEW746   CO    102DVEW740 102DVEW740   MM    200DVEW746 200DVEW746
  PB    101DVEW375 101DVEW375   OH    200DVEW746 200DVEW746   OS    I00FW2W260 I00FW2W260

SITECODE   SITE INDEX INFORMATION:
            WP=    0.;  WL=    0.;  DF=    0.;  GF=    0.;  WH=    0.;  RC=    0.;  LP=    0.;  ES=    0.; AF=    0.
            PP=    0.;  MH=    0.;  WB=    0.;  LM=   32.;  LL=    0.;  PM=   13.;  RM=   11.;  PY=   32.; AS=   52.
            CO=   80.;  MM=   52.;  PB=   52.;  OH=   80.;  OS=    0.
           SITE SPECIES=DF CODE=    3

INVENTORY POINT CROSS REFERENCE (FVS SEQUENTIAL POINT NUMBER = POINT NUMBER AS ENTERED IN THE INPUT DATA):
  1=       1;   2=       2;   3=       3;   4=       4
----------------------------------------------------------------------------------------------------------------------------------


                                                     ACTIVITY SCHEDULE

STAND ID= FIA_UNCALIB                   MGMT ID= NONE                                                                            

----------------------------------------------------------------------------------------------------------------------------------

CYCLE  DATE  EXTENSION  KEYWORD   DATE  PARAMETERS:
-----  ----  ---------  --------  ----  ------------------------------------------------------------------------------------------

   1   2011
               BASE     TREELIST  2011       3.0000     0.0000     0.0000

   2   2021
               BASE     TREELIST  2021       3.0000     0.0000     0.0000
----------------------------------------------------------------------------------------------------------------------------------


CALIBRATION STATISTICS:


                                                 DF
                                                ----

NUMBER OF RECORDS PER SPECIES                     14

NUMBER OF RECORDS WITH MISSING HEIGHTS             0

NUMBER OF RECORDS WITH BROKEN OR DEAD TOPS         0

NUMBER OF RECORDS WITH MISSING CROWN RATIOS        0

NUMBER OF RECORDS AVAILABLE FOR SCALING
THE DIAMETER INCREMENT MODEL                       0

RATIO OF STANDARD ERRORS
(INPUT DBH GROWTH DATA : MODEL)                 1.00

WEIGHT GIVEN TO THE INPUT GROWTH DATA WHEN
DBH GROWTH MODEL SCALE FACTORS WERE COMPUTED    0.00

INITIAL SCALE FACTORS FOR THE
DBH INCREMENT MODEL                             1.00

NUMBER OF RECORDS AVAILABLE FOR SCALING
THE SMALL TREE HEIGHT INCREMENT MODEL             0

INITIAL SCALE FACTORS FOR THE SMALL TREE
HEIGHT INCREMENT MODEL                          1.00

NUMBER OF RECORDS WITH MISTLETOE                   0


     FOREST VEGETATION SIMULATOR     VERSION FS2025.3 -- INLAND EMPIRE EXPANDED                 RV:20250701    04-28-2026  16:20:33

STAND ID: FIA_UNCALIB                   MGMT ID: NONE     


                                        STAND COMPOSITION (BASED ON STOCKABLE AREA)
--------------------------------------------------------------------------------------------------------------------------
                            PERCENTILE POINTS IN THE
                     DISTRIBUTION OF STAND ATTRIBUTES BY DBH      TOTAL/ACRE
        STAND       -----------------------------------------      OF STAND         DISTRIBUTION OF STAND ATTRIBUTES BY
YEAR  ATTRIBUTES      10     30     50     70     90    100       ATTRIBUTES       SPECIES AND 3 USER-DEFINED SUBCLASSES
----  -----------   ------ ------ ------ ------ ------ ------   --------------  ------------------------------------------
                                 (DBH IN INCHES)



2011  TREES           5.1    7.1    8.3    8.9   12.0    17.3       4. TREES    100.% DF1,   0.% ---,   0.% ---,   0.% ---
      VOLUME:  
        TOTAL         7.1    8.8    9.9   17.3   17.3    17.3      32. CUFT     100.% DF1,   0.% ---,   0.% ---,   0.% ---
        MERCH         7.7    8.9   12.0   17.3   17.3    17.3      25. CUFT     100.% DF1,   0.% ---,   0.% ---,   0.% ---
        MERCH         7.7    8.9   12.0   17.3   17.3    17.3     122. BDFT     100.% DF1,   0.% ---,   0.% ---,   0.% ---


      ACCRETION       5.1    7.7    8.8    9.8   17.3    17.3       4. CUFT/YR  100.% DF1,   0.% ---,   0.% ---,   0.% ---
      MORTALITY       7.1    8.8   12.0   17.3   17.3    17.3       0. CUFT/YR  100.% DF1,   0.% ---,   0.% ---,   0.% ---



2021  TREES           9.0   10.6   12.4   13.4   15.2    19.7       3. TREES    100.% DF1,   0.% ---,   0.% ---,   0.% ---
      VOLUME:  
        TOTAL         9.7   12.3   13.4   15.2   19.7    19.7      75. CUFT     100.% DF1,   0.% ---,   0.% ---,   0.% ---
        MERCH         9.7   12.3   13.4   15.2   19.7    19.7      66. CUFT     100.% DF1,   0.% ---,   0.% ---,   0.% ---
        MERCH         9.7   12.3   13.4   15.2   19.7    19.7     328. BDFT     100.% DF1,   0.% ---,   0.% ---,   0.% ---


      ACCRETION       9.7   11.3   12.4   13.8   15.2    19.7       6. CUFT/YR  100.% DF1,   0.% ---,   0.% ---,   0.% ---
      MORTALITY       9.0   10.6   13.4   19.7   19.7    19.7       0. CUFT/YR  100.% DF1,   0.% ---,   0.% ---,   0.% ---



2031  TREES          11.8   13.9   15.9   16.5   18.0    22.0       3. TREES    100.% DF1,   0.% ---,   0.% ---,   0.% ---
      VOLUME:  
        TOTAL        12.7   15.3   16.0   16.8   22.0    22.0     130. CUFT     100.% DF1,   0.% ---,   0.% ---,   0.% ---
        MERCH        12.7   15.3   16.0   16.8   22.0    22.0     117. CUFT     100.% DF1,   0.% ---,   0.% ---,   0.% ---
        MERCH        12.7   15.3   16.0   16.8   22.0    22.0     599. BDFT     100.% DF1,   0.% ---,   0.% ---,   0.% ---


     FOREST VEGETATION SIMULATOR     VERSION FS2025.3 -- INLAND EMPIRE EXPANDED                 RV:20250701    04-28-2026  16:20:33

STAND ID: FIA_UNCALIB                   MGMT ID: NONE     


------------------------------------------------------------------------------------------------------------------------------
                     ATTRIBUTES OF SELECTED SAMPLE TREES                 ADDITIONAL STAND ATTRIBUTES (BASED ON STOCKABLE AREA)
      -----------------------------------------------------------------  -----------------------------------------------------
      INITIAL                           LIVE   PAST DBH  BASAL   TREES          QUADRATIC   TREES    BASAL  TOP HEIGHT  CROWN
      TREES/A            DBH    HEIGHT  CROWN   GROWTH   AREA     PER    STAND   MEAN DBH    PER     AREA     LARGEST   COMP
YEAR   %TILE  SPECIES (INCHES)  (FEET)  RATIO  (INCHES)  %TILE    ACRE   AGE     (INCHES)    ACRE   (SQFT/A) 40/A (FT)  FACTOR
----  ------- ------- -------- -------- ------ --------- ------- ------  -----  ---------   ------ --------- --------- -------

2011                                          ( 10 YRS)

        10     DF1       5.10    31.00    65     3.86      4.3    0.25
        30     DF1       7.10    47.00    75     2.32     16.0    0.25
        50     DF1       8.30    38.00    85     4.47     26.8    0.25
        70     DF1       8.90    45.00    85     2.01     46.4    0.25
        90     DF1      12.00    58.00    75     2.81     74.8    0.25
       100     DF1      17.30    73.00    65     1.04    100.0    0.25
                                                                          42       9.2        4.       2.       46.4      1.9

2021                                          ( 10 YRS)

        10     DF1       9.02    58.09    59     3.40      3.6    0.25
        30     DF1       9.04    72.36    68     1.69      7.2    0.24
        50     DF1      12.29    55.32    81     3.46     33.2    0.25
        70     DF1      12.69    62.05    80     3.28     47.3    0.25
        90     DF1      15.15    70.26    73     2.73     82.7    0.25
       100     DF1      19.75    81.72    63     2.12    100.0    0.25
                                                                          52      12.7        3.       3.       65.7      3.2

2031                                          ( 10 YRS)

        10     DF1      11.77    76.11    62     2.38      7.9    0.25
        30     DF1      11.59    85.61    63     2.21      3.8    0.24
        50     DF1      15.86    68.56    81     3.10     44.4    0.25
        70     DF1      15.98    74.44    79     2.86     51.9    0.25
        90     DF1      18.03    80.65    72     2.50     86.0    0.25
       100     DF1      21.97    89.34    62     1.93    100.0    0.25
                                                                          62      15.6        3.       5.       78.2      4.3


     FOREST VEGETATION SIMULATOR     VERSION FS2025.3 -- INLAND EMPIRE EXPANDED                 RV:20250701    04-28-2026  16:20:33

STAND ID: FIA_UNCALIB                   MGMT ID: NONE    



                                SUMMARY STATISTICS (PER ACRE OR STAND BASED ON TOTAL STAND AREA)
--------------------------------------------------------------------------------------------------------------------------------------
               START OF SIMULATION PERIOD                     REMOVALS             AFTER TREATMENT    GROWTH THIS PERIOD
         --------------------------------------------- ----------------------- ---------------------  ------------------   MAI  ------
         NO OF              TOP      TOTAL MERCH MERCH NO OF TOTAL MERCH MERCH              TOP  RES  PERIOD ACCRE MORT   MERCH FOR SS
YEAR AGE TREES  BA  SDI CCF HT  QMD  CU FT CU FT BD FT TREES CU FT CU FT BD FT  BA  SDI CCF HT   QMD  YEARS   PER  YEAR   CU FT TYP ZT
---- --- ----- --- ---- --- --- ---- ----- ----- ----- ----- ----- ----- ----- --- ---- --- --- ----  ------ ---- -----   ----- ------
2011  42     4   2    3   2  46  9.2    32    25   123     0     0     0     0   2    3   2  46  9.2      10    4     0     0.6 999 55
2021  52     3   3    5   3  66 12.7    75    66   328     0     0     0     0   3    5   3  66 12.7      10    6     0     1.3 999 55
2031  62     3   5    7   4  78 15.6   130   117   599     0     0     0     0   5    7   4  78 15.6       0    0     0     1.9 999 55




                                                     ACTIVITY SUMMARY 

STAND ID= FIA_UNCALIB                   MGMT ID= NONE                                                                            

----------------------------------------------------------------------------------------------------------------------------------

CYCLE  DATE  EXTENSION  KEYWORD   DATE  ACTIVITY DISPOSITION  PARAMETERS:
-----  ----  ---------  --------  ----  --------------------  --------------------------------------------------------------------

   1   2011
               BASE     TREELIST  2011  DONE IN 2020               3.0000     0.0000     0.0000

   2   2021
               BASE     TREELIST  2021  DONE IN 2030               3.0000     0.0000     0.0000
----------------------------------------------------------------------------------------------------------------------------------
